2026-04-16 18:00:02,247 [INFO] pipeline: ======================================================================
2026-04-16 18:00:02,248 [INFO] pipeline: MODO BATCH — 5 empresa(s): BBDC4, BBAS3, ITUB4, SANB11, BPAC11
2026-04-16 18:00:02,248 [INFO] pipeline: ======================================================================
2026-04-16 18:00:02,248 [INFO] pipeline: 
──────────────────────────────────────────────────────────────────────
2026-04-16 18:00:02,248 [INFO] pipeline: Processando: BBDC4 (Bradesco)
2026-04-16 18:00:02,248 [INFO] pipeline: ──────────────────────────────────────────────────────────────────────
2026-04-16 18:00:02,248 [INFO] pipeline: ======================================================================
2026-04-16 18:00:02,248 [INFO] pipeline: PIPELINE DE VALUATION BANCÁRIO — BBDC4 — Bradesco
2026-04-16 18:00:02,249 [INFO] pipeline: Início: 2026-04-16 18:00:02
2026-04-16 18:00:02,249 [INFO] pipeline: ======================================================================
2026-04-16 18:00:02,250 [INFO] pipeline:   Banco cadastrado: Bradesco | tipo: ON_PN
2026-04-16 18:00:02,250 [INFO] pipeline: 
[1/6] Coletando dados de mercado...
2026-04-16 18:00:02,793 [INFO] pipeline:   Buscando cotação via yfinance...
2026-04-16 18:00:02,793 [INFO] pipeline.mercado: Buscando cotação atual: BBDC4.SA
2026-04-16 18:00:03,908 [INFO] pipeline.mercado: Buscando cotação atual: BBDC3.SA
2026-04-16 18:00:04,723 [INFO] pipeline:   Cotação ON: R$ 18.12  |  Cotação PN: R$ 20.85
2026-04-16 18:00:04,723 [INFO] pipeline:   Ações (fonte: bancos.py): ON=5,294,000 mil | PN=5,270,000 mil
2026-04-16 18:00:04,723 [INFO] pipeline.mercado: Calculando beta: BBDC4 (252 dias úteis)
2026-04-16 18:00:04,725 [INFO] pipeline.mercado: Baixando preços: BBDC4.SA (2019-01-01 → 2026-04-16)
2026-04-16 18:00:05,710 [INFO] pipeline.mercado:   1813 dias de preços carregados
2026-04-16 18:00:05,710 [INFO] pipeline.mercado: Baixando preços: ^BVSP (2019-01-01 → 2026-04-16)
2026-04-16 18:00:06,478 [INFO] pipeline.mercado:   1813 dias de preços carregados
2026-04-16 18:00:06,500 [INFO] pipeline.mercado:   Beta estatístico: 1.3142 | R²: 0.539 | n=251
2026-04-16 18:00:06,502 [INFO] pipeline:   Beta estatístico: 1.314 | Beta utilizado: 0.850
2026-04-16 18:00:06,502 [INFO] pipeline: 
[2/6] Coletando dados macroeconômicos (BCB)...
2026-04-16 18:00:06,817 [WARNING] pipeline.macro: Não foi possível obter Focus Selic: 400 Client Error: Bad Request for url: https://olinda.bcb.gov.br/olinda/servico/Expectativas/versao/v1/odata/ExpectativasMercadoAnuais?%24filter=Indicador%20eq%20'Selic'&%24top=100&%24format=json&%24select=Indicador,Data,Ano,Mediana
2026-04-16 18:00:07,112 [WARNING] pipeline.macro: Não foi possível obter Focus IPCA: 400 Client Error: Bad Request for url: https://olinda.bcb.gov.br/olinda/servico/Expectativas/versao/v1/odata/ExpectativasMercadoAnuais?%24filter=Indicador%20eq%20'IPCA'&%24top=100&%24format=json&%24select=Indicador,Data,Ano,Mediana
2026-04-16 18:00:07,113 [INFO] pipeline.macro: 
=== Coletando dados macroeconômicos ===
2026-04-16 18:00:07,113 [INFO] pipeline.macro: Baixando série BCB 432...
2026-04-16 18:00:07,462 [ERROR] pipeline.macro: Erro ao baixar série BCB 432: 406 Client Error: Not Acceptable for url: https://api.bcb.gov.br/dados/serie/bcdata.sgs.432/dados?formato=json&dataInicial=01%2F01%2F2010&dataFinal=16%2F04%2F2026
2026-04-16 18:00:07,463 [WARNING] pipeline.macro: Série Selic meta sem DatetimeIndex — usando fallback histórico
2026-04-16 18:00:07,466 [INFO] pipeline.macro: Baixando série BCB 12...
2026-04-16 18:00:07,604 [ERROR] pipeline.macro: Erro ao baixar série BCB 12: 406 Client Error: Not Acceptable for url: https://api.bcb.gov.br/dados/serie/bcdata.sgs.12/dados?formato=json&dataInicial=01%2F01%2F2010&dataFinal=16%2F04%2F2026
2026-04-16 18:00:07,606 [WARNING] pipeline.macro: Série DI sem DatetimeIndex — usando fallback histórico
2026-04-16 18:00:07,608 [INFO] pipeline.macro: Baixando série BCB 13522...
2026-04-16 18:00:08,300 [INFO] pipeline.macro:   Série 13522: 195 observações (2010-01-01 → 2026-03-01)
2026-04-16 18:00:08,301 [WARNING] pipeline.macro: IPCA calculado fora do intervalo plausível (55.3%) para 2019 — usando fallback
2026-04-16 18:00:08,301 [WARNING] pipeline.macro: IPCA calculado fora do intervalo plausível (46.1%) para 2020 — usando fallback
2026-04-16 18:00:08,302 [WARNING] pipeline.macro: IPCA calculado fora do intervalo plausível (159.3%) para 2021 — usando fallback
2026-04-16 18:00:08,303 [WARNING] pipeline.macro: IPCA calculado fora do intervalo plausível (191.2%) para 2022 — usando fallback
2026-04-16 18:00:08,303 [WARNING] pipeline.macro: IPCA calculado fora do intervalo plausível (71.5%) para 2023 — usando fallback
2026-04-16 18:00:08,304 [WARNING] pipeline.macro: IPCA calculado fora do intervalo plausível (67.0%) para 2024 — usando fallback
2026-04-16 18:00:08,304 [INFO] pipeline.macro: Baixando série BCB 258...
2026-04-16 18:00:08,408 [ERROR] pipeline.macro: Erro ao baixar série BCB 258: 406 Client Error: Not Acceptable for url: https://api.bcb.gov.br/dados/serie/bcdata.sgs.258/dados?formato=json&dataInicial=01%2F01%2F2010&dataFinal=16%2F04%2F2026
2026-04-16 18:00:08,409 [WARNING] pipeline.macro: Série TJLP sem DatetimeIndex — usando fallback histórico
2026-04-16 18:00:08,411 [INFO] pipeline.macro: Baixando série BCB 29039...
