2026-04-16 02:14:53,572 [INFO] pipeline: ======================================================================
2026-04-16 02:14:53,573 [INFO] pipeline: PIPELINE DE VALUATION BANCÁRIO — ITUB4 — Bradesco
2026-04-16 02:14:53,573 [INFO] pipeline: Início: 2026-04-16 02:14:53
2026-04-16 02:14:53,573 [INFO] pipeline: ======================================================================
2026-04-16 02:14:53,574 [INFO] pipeline:   Banco cadastrado: Itaú Unibanco | tipo: ON_PN
2026-04-16 02:14:53,574 [INFO] pipeline: 
[1/6] Coletando dados de mercado...
2026-04-16 02:14:54,145 [INFO] pipeline:   Buscando cotação via yfinance...
2026-04-16 02:14:54,147 [INFO] pipeline.mercado: Buscando cotação atual: ITUB4.SA
2026-04-16 02:14:55,231 [INFO] pipeline.mercado: Buscando cotação atual: ITUB3.SA
2026-04-16 02:14:55,815 [INFO] pipeline:   Cotação ON: R$ 46.75  |  Cotação PN: R$ 47.04
2026-04-16 02:14:55,815 [INFO] pipeline:   Ações (fonte: bancos.py): ON=5,510,000 mil | PN=5,490,000 mil
2026-04-16 02:14:55,816 [INFO] pipeline.mercado: Calculando beta: ITUB4 (252 dias úteis)
2026-04-16 02:14:55,929 [INFO] pipeline.mercado:   Beta estatístico: 1.1640 | R²: 0.679 | n=251
2026-04-16 02:14:55,933 [INFO] pipeline:   Beta estatístico: 1.164 | Beta utilizado: 0.850
2026-04-16 02:14:55,933 [INFO] pipeline: 
[2/6] Coletando dados macroeconômicos (BCB)...
2026-04-16 02:14:56,315 [WARNING] pipeline.macro: Não foi possível obter Focus Selic: 400 Client Error: Bad Request for url: https://olinda.bcb.gov.br/olinda/servico/Expectativas/versao/v1/odata/ExpectativasMercadoAnuais?%24filter=Indicador%20eq%20'Selic'&%24top=100&%24format=json&%24select=Indicador,Data,Ano,Mediana
2026-04-16 02:14:56,640 [WARNING] pipeline.macro: Não foi possível obter Focus IPCA: 400 Client Error: Bad Request for url: https://olinda.bcb.gov.br/olinda/servico/Expectativas/versao/v1/odata/ExpectativasMercadoAnuais?%24filter=Indicador%20eq%20'IPCA'&%24top=100&%24format=json&%24select=Indicador,Data,Ano,Mediana
2026-04-16 02:14:56,641 [INFO] pipeline.macro: 
=== Coletando dados macroeconômicos ===
2026-04-16 02:14:56,641 [INFO] pipeline.macro: Baixando série BCB 432...
2026-04-16 02:14:56,958 [ERROR] pipeline.macro: Erro ao baixar série BCB 432: 406 Client Error: Not Acceptable for url: https://api.bcb.gov.br/dados/serie/bcdata.sgs.432/dados?formato=json&dataInicial=01%2F01%2F2010&dataFinal=16%2F04%2F2026
2026-04-16 02:14:56,958 [WARNING] pipeline.macro: Série Selic meta sem DatetimeIndex — usando fallback histórico
2026-04-16 02:14:56,959 [INFO] pipeline.macro: Baixando série BCB 12...
2026-04-16 02:14:57,056 [ERROR] pipeline.macro: Erro ao baixar série BCB 12: 406 Client Error: Not Acceptable for url: https://api.bcb.gov.br/dados/serie/bcdata.sgs.12/dados?formato=json&dataInicial=01%2F01%2F2010&dataFinal=16%2F04%2F2026
2026-04-16 02:14:57,056 [WARNING] pipeline.macro: Série DI sem DatetimeIndex — usando fallback histórico
2026-04-16 02:14:57,060 [WARNING] pipeline.macro: IPCA calculado fora do intervalo plausível (55.3%) para 2019 — usando fallback
2026-04-16 02:14:57,060 [WARNING] pipeline.macro: IPCA calculado fora do intervalo plausível (46.1%) para 2020 — usando fallback
2026-04-16 02:14:57,061 [WARNING] pipeline.macro: IPCA calculado fora do intervalo plausível (159.3%) para 2021 — usando fallback
2026-04-16 02:14:57,061 [WARNING] pipeline.macro: IPCA calculado fora do intervalo plausível (191.2%) para 2022 — usando fallback
2026-04-16 02:14:57,061 [WARNING] pipeline.macro: IPCA calculado fora do intervalo plausível (71.5%) para 2023 — usando fallback
2026-04-16 02:14:57,062 [WARNING] pipeline.macro: IPCA calculado fora do intervalo plausível (67.0%) para 2024 — usando fallback
2026-04-16 02:14:57,063 [INFO] pipeline.macro: Baixando série BCB 258...
2026-04-16 02:14:57,177 [ERROR] pipeline.macro: Erro ao baixar série BCB 258: 406 Client Error: Not Acceptable for url: https://api.bcb.gov.br/dados/serie/bcdata.sgs.258/dados?formato=json&dataInicial=01%2F01%2F2010&dataFinal=16%2F04%2F2026
2026-04-16 02:14:57,178 [WARNING] pipeline.macro: Série TJLP sem DatetimeIndex — usando fallback histórico
2026-04-16 02:14:57,186 [WARNING] pipeline.macro: IPCA calculado fora do intervalo plausível (55.3%) para 2019 — usando fallback
2026-04-16 02:14:57,186 [WARNING] pipeline.macro: IPCA calculado fora do intervalo plausível (46.1%) para 2020 — usando fallback
2026-04-16 02:14:57,186 [WARNING] pipeline.macro: IPCA calculado fora do intervalo plausível (159.3%) para 2021 — usando fallback
2026-04-16 02:14:57,187 [WARNING] pipeline.macro: IPCA calculado fora do intervalo plausível (191.2%) para 2022 — usando fallback
2026-04-16 02:14:57,188 [WARNING] pipeline.macro: IPCA calculado fora do intervalo plausível (71.5%) para 2023 — usando fallback
2026-04-16 02:14:57,188 [WARNING] pipeline.macro: IPCA calculado fora do intervalo plausível (67.0%) para 2024 — usando fallback
2026-04-16 02:14:57,188 [INFO] pipeline.macro: 
RESUMO MACRO HISTÓRICO:
2026-04-16 02:14:57,188 [INFO] pipeline.macro:   selic_meta     : 2020: 2.00% | 2021: 9.25% | 2022: 13.75% | 2023: 11.75% | 2024: 11.75%
2026-04-16 02:14:57,188 [INFO] pipeline.macro:   selic_efet     : 2020: 2.28% | 2021: 4.48% | 2022: 12.33% | 2023: 13.15% | 2024: 10.73%
2026-04-16 02:14:57,189 [INFO] pipeline.macro:   ipca           : 2020: 4.52% | 2021: 10.06% | 2022: 5.62% | 2023: 4.62% | 2024: 4.83%
2026-04-16 02:14:57,189 [INFO] pipeline.macro:   tjlp           : 2020: 5.25% | 2021: 5.25% | 2022: 6.25% | 2023: 7.00% | 2024: 7.00%
2026-04-16 02:14:57,189 [INFO] pipeline.macro:   cds            : 2020: 0.44% | 2021: 0.73% | 2022: 1.26% | 2023: 0.84% | 2024: 0.81%
2026-04-16 02:14:57,189 [INFO] pipeline.macro:   inflacao_impl  : 2020: 4.52% | 2021: 10.06% | 2022: 5.62% | 2023: 4.62% | 2024: 4.83%
2026-04-16 02:14:57,189 [INFO] pipeline: 
[3/6] Baixando demonstrações financeiras (CVM)...
2026-04-16 02:14:57,190 [INFO] pipeline.cvm: 
==================================================
2026-04-16 02:14:57,190 [INFO] pipeline.cvm: Baixando DFP 2019...
2026-04-16 02:14:57,393 [INFO] pipeline.cvm:   DFP dre 2019: 84 linhas
2026-04-16 02:14:57,714 [INFO] pipeline.cvm:   DFP bpa 2019: 74 linhas
2026-04-16 02:14:58,253 [INFO] pipeline.cvm:   DFP bpp 2019: 104 linhas
2026-04-16 02:14:58,542 [INFO] pipeline.cvm:   DFP dfc_mi 2019: 132 linhas
2026-04-16 02:14:58,567 [WARNING] pipeline.cvm:   Empresa 19348 não encontrada em dfc_md 2019
2026-04-16 02:14:58,567 [INFO] pipeline.cvm: 
==================================================
2026-04-16 02:14:58,569 [INFO] pipeline.cvm: Baixando DFP 2020...
2026-04-16 02:14:58,778 [INFO] pipeline.cvm:   DFP dre 2020: 84 linhas
2026-04-16 02:14:59,149 [INFO] pipeline.cvm:   DFP bpa 2020: 76 linhas
2026-04-16 02:14:59,787 [INFO] pipeline.cvm:   DFP bpp 2020: 106 linhas
2026-04-16 02:15:00,123 [INFO] pipeline.cvm:   DFP dfc_mi 2020: 132 linhas
2026-04-16 02:15:00,154 [WARNING] pipeline.cvm:   Empresa 19348 não encontrada em dfc_md 2020
2026-04-16 02:15:00,154 [INFO] pipeline.cvm: 
==================================================
2026-04-16 02:15:00,154 [INFO] pipeline.cvm: Baixando DFP 2021...
2026-04-16 02:15:00,385 [INFO] pipeline.cvm:   DFP dre 2021: 84 linhas
2026-04-16 02:15:00,786 [INFO] pipeline.cvm:   DFP bpa 2021: 80 linhas
2026-04-16 02:15:01,468 [INFO] pipeline.cvm:   DFP bpp 2021: 106 linhas
2026-04-16 02:15:01,824 [INFO] pipeline.cvm:   DFP dfc_mi 2021: 134 linhas
2026-04-16 02:15:01,857 [WARNING] pipeline.cvm:   Empresa 19348 não encontrada em dfc_md 2021
2026-04-16 02:15:01,858 [INFO] pipeline.cvm: 
==================================================
2026-04-16 02:15:01,858 [INFO] pipeline.cvm: Baixando DFP 2022...
2026-04-16 02:15:02,099 [INFO] pipeline.cvm:   DFP dre 2022: 82 linhas
2026-04-16 02:15:02,624 [INFO] pipeline.cvm:   DFP bpa 2022: 80 linhas
2026-04-16 02:15:03,390 [INFO] pipeline.cvm:   DFP bpp 2022: 106 linhas
2026-04-16 02:15:03,805 [INFO] pipeline.cvm:   DFP dfc_mi 2022: 144 linhas
2026-04-16 02:15:03,846 [WARNING] pipeline.cvm:   Empresa 19348 não encontrada em dfc_md 2022
2026-04-16 02:15:03,847 [INFO] pipeline.cvm: 
==================================================
2026-04-16 02:15:03,847 [INFO] pipeline.cvm: Baixando DFP 2023...
2026-04-16 02:15:04,099 [INFO] pipeline.cvm:   DFP dre 2023: 82 linhas
2026-04-16 02:15:04,554 [INFO] pipeline.cvm:   DFP bpa 2023: 82 linhas
2026-04-16 02:15:05,458 [INFO] pipeline.cvm:   DFP bpp 2023: 106 linhas
2026-04-16 02:15:05,875 [INFO] pipeline.cvm:   DFP dfc_mi 2023: 146 linhas
2026-04-16 02:15:05,911 [WARNING] pipeline.cvm:   Empresa 19348 não encontrada em dfc_md 2023
2026-04-16 02:15:05,912 [INFO] pipeline.cvm: 
==================================================
2026-04-16 02:15:05,912 [INFO] pipeline.cvm: Baixando DFP 2024...
2026-04-16 02:15:06,148 [INFO] pipeline.cvm:   DFP dre 2024: 82 linhas
2026-04-16 02:15:06,566 [INFO] pipeline.cvm:   DFP bpa 2024: 82 linhas
2026-04-16 02:15:07,295 [INFO] pipeline.cvm:   DFP bpp 2024: 106 linhas
2026-04-16 02:15:07,697 [INFO] pipeline.cvm:   DFP dfc_mi 2024: 146 linhas
2026-04-16 02:15:07,729 [WARNING] pipeline.cvm:   Empresa 19348 não encontrada em dfc_md 2024
2026-04-16 02:15:07,730 [INFO] pipeline: 
[4/6] Normalizando dados...
2026-04-16 02:15:08,579 [INFO] pipeline:   DRE normalizada:
2026-04-16 02:15:08,579 [INFO] pipeline:     margem_financeira_bruta: 2019: 117,079 | 2020: 100,199 | 2021: 126,374 | 2022: 115,570 | 2023: 124,526 | 2024: 135,739
2026-04-16 02:15:08,579 [INFO] pipeline:     lucro_liquido: 2019: 27,113 | 2020: 18,896 | 2021: 26,760 | 2022: 29,702 | 2023: 33,105 | 2024: 41,085
2026-04-16 02:15:08,579 [INFO] pipeline: 
[5/6] Calculando projeções...
2026-04-16 02:15:08,580 [INFO] pipeline:   Premissas por banco aplicadas: NIM=6.5% | Payout=50% | g=5.5%
2026-04-16 02:15:08,581 [INFO] pipeline.projecoes: 
=== Rodando projeções ===
2026-04-16 02:15:08,582 [INFO] pipeline.projecoes:   NIM ~ Selic: slope=-0.1091, intercept=0.0585
2026-04-16 02:15:08,587 [INFO] pipeline.projecoes:   Margem op./MFB histórica (median 5a): 32.48%
2026-04-16 02:15:08,589 [INFO] pipeline.projecoes: Projeções concluídas. Resumo:
2026-04-16 02:15:08,589 [INFO] pipeline.projecoes:    Ano     Carteira        MFB      Lucro       FCFE
2026-04-16 02:15:08,589 [INFO] pipeline.projecoes:   2025    1,107,532    165,186     45,778     22,889
2026-04-16 02:15:08,589 [INFO] pipeline.projecoes:   2026    1,196,135    190,107     52,684     26,342
2026-04-16 02:15:08,589 [INFO] pipeline.projecoes:   2027    1,279,864    212,483     58,885     29,443
2026-04-16 02:15:08,589 [INFO] pipeline.projecoes:   2028    1,369,455    237,059     65,696     32,848
2026-04-16 02:15:08,589 [INFO] pipeline.projecoes:   2029    1,465,317    263,504     73,025     36,512
2026-04-16 02:15:08,590 [INFO] pipeline: 
[6/6] Calculando valuation...
2026-04-16 02:15:08,591 [INFO] pipeline.valuation: 
==================================================
2026-04-16 02:15:08,591 [INFO] pipeline.valuation: VALUATION COMPLETO — BBDC4
2026-04-16 02:15:08,591 [INFO] pipeline.valuation:   VP FCFE (10a):     R$      208,575 MM
2026-04-16 02:15:08,591 [INFO] pipeline.valuation:   Valor Perp. (VP):  R$      538,206 MM
2026-04-16 02:15:08,591 [INFO] pipeline.valuation:   VALOR DO EQUITY:   R$      746,781 MM
2026-04-16 02:15:08,591 [INFO] pipeline.valuation:   Preço Justo ON:    R$    71.12
2026-04-16 02:15:08,591 [INFO] pipeline.valuation:   Preço Justo PN:    R$    78.23
2026-04-16 02:15:08,592 [INFO] pipeline.valuation:   Cotação ON:        R$    46.75
2026-04-16 02:15:08,592 [INFO] pipeline.valuation:   Upside ON:               52.1%
2026-04-16 02:15:08,592 [INFO] pipeline.valuation:   TIR (ON):                11.7%
2026-04-16 02:15:08,592 [INFO] pipeline.valuation:   Preço Teto ON:     R$    71.12
2026-04-16 02:15:08,825 [INFO] pipeline.excel: 
============================================================
2026-04-16 02:15:08,825 [INFO] pipeline.excel: Escrevendo template: Valuation_ITUB4_Bradesco_20260416.xlsx
2026-04-16 02:15:08,919 [INFO] pipeline.excel:   → Dashboard
2026-04-16 02:15:08,919 [INFO] pipeline.excel:   → Ke
2026-04-16 02:15:08,927 [INFO] pipeline.excel:   → Balanço Patrimonial
2026-04-16 02:15:08,945 [INFO] pipeline.excel:   → DRE Recorrente
2026-04-16 02:15:08,980 [INFO] pipeline.excel:   → DRE + DCF
2026-04-16 02:15:08,991 [INFO] pipeline.excel:   → Projeções NIM
2026-04-16 02:15:09,011 [INFO] pipeline.excel:   → Painel de Índices
2026-04-16 02:15:09,114 [INFO] pipeline.excel: 
Arquivo salvo: C:\Users\55819\Downloads\pipeline_banco_completo\pipeline_banco\outputs\Valuation_ITUB4_Bradesco_20260416.xlsx
2026-04-16 02:15:09,114 [INFO] pipeline: 
======================================================================
2026-04-16 02:15:09,114 [INFO] pipeline: RESUMO DO VALUATION
2026-04-16 02:15:09,116 [INFO] pipeline: ======================================================================
2026-04-16 02:15:09,116 [INFO] pipeline:   Empresa:           Bradesco (ITUB4)
2026-04-16 02:15:09,116 [INFO] pipeline:   Cotação ON:        R$ 46.75
2026-04-16 02:15:09,116 [INFO] pipeline:   Preço Justo ON:    R$ 71.12
2026-04-16 02:15:09,116 [INFO] pipeline:   Upside ON:            52.1%
2026-04-16 02:15:09,116 [INFO] pipeline:   TIR:                  11.7%
2026-04-16 02:15:09,116 [INFO] pipeline:   Preço Teto ON:     R$ 71.12
2026-04-16 02:15:09,116 [INFO] pipeline: 
  Arquivo gerado:    C:\Users\55819\Downloads\pipeline_banco_completo\pipeline_banco\outputs\Valuation_ITUB4_Bradesco_20260416.xlsx
2026-04-16 02:15:09,116 [INFO] pipeline: ======================================================================
