2026-05-04 10:34:00,886 [INFO] pipeline: ======================================================================
2026-05-04 10:34:00,886 [INFO] pipeline: AUDITORIA CVM/B3 — 1 ticker(s): WEGE3
2026-05-04 10:34:00,886 [INFO] pipeline: ======================================================================
2026-05-04 10:34:00,887 [INFO] pipeline: 
Auditorando WEGE3...
2026-05-04 10:34:01,261 [INFO] pipeline.cvm:   DFP dre 2020: 64 linhas
2026-05-04 10:34:01,805 [INFO] pipeline.cvm:   DFP bpa 2020: 130 linhas
2026-05-04 10:34:02,901 [INFO] pipeline.cvm:   DFP bpp 2020: 238 linhas
2026-05-04 10:34:03,442 [INFO] pipeline.cvm:   DFP dfc_mi 2020: 94 linhas
2026-05-04 10:34:03,487 [WARNING] pipeline.cvm:   Empresa 5410 não encontrada em dfc_md 2020
2026-05-04 10:34:03,980 [INFO] pipeline.cvm:   DFP dre 2020: 60 linhas
2026-05-04 10:34:04,748 [INFO] pipeline.cvm:   DFP bpa 2020: 126 linhas
2026-05-04 10:34:05,892 [INFO] pipeline.cvm:   DFP bpp 2020: 220 linhas
2026-05-04 10:34:06,502 [INFO] pipeline.cvm:   DFP dfc_mi 2020: 60 linhas
2026-05-04 10:34:06,658 [WARNING] pipeline.cvm:   Empresa 5410 não encontrada em dfc_md 2020
2026-05-04 10:34:07,250 [INFO] pipeline.cvm:   DFP dre 2021: 64 linhas
2026-05-04 10:34:07,839 [INFO] pipeline.cvm:   DFP bpa 2021: 130 linhas
2026-05-04 10:34:08,623 [INFO] pipeline.cvm:   DFP bpp 2021: 238 linhas
2026-05-04 10:34:08,979 [INFO] pipeline.cvm:   DFP dfc_mi 2021: 96 linhas
2026-05-04 10:34:09,014 [WARNING] pipeline.cvm:   Empresa 5410 não encontrada em dfc_md 2021
2026-05-04 10:34:09,366 [INFO] pipeline.cvm:   DFP dre 2021: 60 linhas
2026-05-04 10:34:10,256 [INFO] pipeline.cvm:   DFP bpa 2021: 126 linhas
2026-05-04 10:34:11,375 [INFO] pipeline.cvm:   DFP bpp 2021: 220 linhas
2026-05-04 10:34:11,906 [INFO] pipeline.cvm:   DFP dfc_mi 2021: 60 linhas
2026-05-04 10:34:11,948 [WARNING] pipeline.cvm:   Empresa 5410 não encontrada em dfc_md 2021
2026-05-04 10:34:12,207 [INFO] pipeline.cvm:   DFP dre 2022: 68 linhas
2026-05-04 10:34:12,647 [INFO] pipeline.cvm:   DFP bpa 2022: 136 linhas
2026-05-04 10:34:13,378 [INFO] pipeline.cvm:   DFP bpp 2022: 238 linhas
2026-05-04 10:34:13,789 [INFO] pipeline.cvm:   DFP dfc_mi 2022: 98 linhas
2026-05-04 10:34:13,820 [WARNING] pipeline.cvm:   Empresa 5410 não encontrada em dfc_md 2022
2026-05-04 10:34:14,199 [INFO] pipeline.cvm:   DFP dre 2022: 60 linhas
2026-05-04 10:34:14,918 [INFO] pipeline.cvm:   DFP bpa 2022: 128 linhas
2026-05-04 10:34:16,163 [INFO] pipeline.cvm:   DFP bpp 2022: 220 linhas
2026-05-04 10:34:16,739 [INFO] pipeline.cvm:   DFP dfc_mi 2022: 60 linhas
2026-05-04 10:34:16,798 [WARNING] pipeline.cvm:   Empresa 5410 não encontrada em dfc_md 2022
2026-05-04 10:34:17,085 [INFO] pipeline.cvm:   DFP dre 2023: 68 linhas
2026-05-04 10:34:17,592 [INFO] pipeline.cvm:   DFP bpa 2023: 136 linhas
2026-05-04 10:34:18,384 [INFO] pipeline.cvm:   DFP bpp 2023: 236 linhas
2026-05-04 10:34:18,838 [INFO] pipeline.cvm:   DFP dfc_mi 2023: 112 linhas
2026-05-04 10:34:18,875 [WARNING] pipeline.cvm:   Empresa 5410 não encontrada em dfc_md 2023
2026-05-04 10:34:19,276 [INFO] pipeline.cvm:   DFP dre 2023: 60 linhas
2026-05-04 10:34:20,051 [INFO] pipeline.cvm:   DFP bpa 2023: 128 linhas
2026-05-04 10:34:21,212 [INFO] pipeline.cvm:   DFP bpp 2023: 220 linhas
2026-05-04 10:34:21,754 [INFO] pipeline.cvm:   DFP dfc_mi 2023: 78 linhas
2026-05-04 10:34:21,825 [WARNING] pipeline.cvm:   Empresa 5410 não encontrada em dfc_md 2023
2026-05-04 10:34:22,069 [INFO] pipeline.cvm:   DFP dre 2024: 68 linhas
2026-05-04 10:34:22,484 [INFO] pipeline.cvm:   DFP bpa 2024: 136 linhas
2026-05-04 10:34:23,289 [INFO] pipeline.cvm:   DFP bpp 2024: 236 linhas
2026-05-04 10:34:23,670 [INFO] pipeline.cvm:   DFP dfc_mi 2024: 112 linhas
2026-05-04 10:34:23,700 [WARNING] pipeline.cvm:   Empresa 5410 não encontrada em dfc_md 2024
2026-05-04 10:34:24,005 [INFO] pipeline.cvm:   DFP dre 2024: 60 linhas
2026-05-04 10:34:24,706 [INFO] pipeline.cvm:   DFP bpa 2024: 128 linhas
2026-05-04 10:34:25,799 [INFO] pipeline.cvm:   DFP bpp 2024: 220 linhas
2026-05-04 10:34:26,353 [INFO] pipeline.cvm:   DFP dfc_mi 2024: 78 linhas
2026-05-04 10:34:26,402 [WARNING] pipeline.cvm:   Empresa 5410 não encontrada em dfc_md 2024
2026-05-04 10:34:26,627 [INFO] pipeline.cvm:   DFP dre 2025: 68 linhas
2026-05-04 10:34:27,098 [INFO] pipeline.cvm:   DFP bpa 2025: 136 linhas
2026-05-04 10:34:27,826 [INFO] pipeline.cvm:   DFP bpp 2025: 238 linhas
2026-05-04 10:34:28,202 [INFO] pipeline.cvm:   DFP dfc_mi 2025: 112 linhas
2026-05-04 10:34:28,229 [WARNING] pipeline.cvm:   Empresa 5410 não encontrada em dfc_md 2025
2026-05-04 10:34:28,517 [INFO] pipeline.cvm:   DFP dre 2025: 60 linhas
2026-05-04 10:34:29,081 [INFO] pipeline.cvm:   DFP bpa 2025: 128 linhas
2026-05-04 10:34:30,107 [INFO] pipeline.cvm:   DFP bpp 2025: 224 linhas
2026-05-04 10:34:30,629 [INFO] pipeline.cvm:   DFP dfc_mi 2025: 78 linhas
2026-05-04 10:34:30,670 [WARNING] pipeline.cvm:   Empresa 5410 não encontrada em dfc_md 2025
