2026-04-16 11:57:06,609 [INFO] pipeline: ======================================================================
2026-04-16 11:57:06,609 [INFO] pipeline: PIPELINE DE VALUATION BANCÁRIO — SANB11 — Santander
2026-04-16 11:57:06,609 [INFO] pipeline: Início: 2026-04-16 11:57:06
2026-04-16 11:57:06,609 [INFO] pipeline: ======================================================================
2026-04-16 11:57:06,611 [INFO] pipeline:   Banco cadastrado: Santander Brasil | tipo: UNITS
2026-04-16 11:57:06,611 [INFO] pipeline: 
[1/6] Coletando dados de mercado...
2026-04-16 11:57:07,371 [INFO] pipeline:   Buscando cotação via yfinance...
2026-04-16 11:57:07,372 [INFO] pipeline.mercado: Buscando cotação atual: SANB11.SA
2026-04-16 11:57:08,470 [INFO] pipeline:   Cotação ON: R$ 31.18  |  Cotação PN: R$ 0.00
2026-04-16 11:57:08,470 [INFO] pipeline:   Ações (fonte: bancos.py): ON=3,750,000 mil | PN=0 mil
2026-04-16 11:57:08,470 [INFO] pipeline.mercado: Calculando beta: SANB11 (252 dias úteis)
2026-04-16 11:57:08,598 [INFO] pipeline.mercado:   Beta estatístico: 1.2578 | R²: 0.530 | n=251
2026-04-16 11:57:08,600 [INFO] pipeline:   Beta estatístico: 1.258 | Beta utilizado: 0.850
2026-04-16 11:57:08,600 [INFO] pipeline: 
[2/6] Coletando dados macroeconômicos (BCB)...
2026-04-16 11:57:08,932 [WARNING] pipeline.macro: Não foi possível obter Focus Selic: 400 Client Error: Bad Request for url: https://olinda.bcb.gov.br/olinda/servico/Expectativas/versao/v1/odata/ExpectativasMercadoAnuais?%24filter=Indicador%20eq%20'Selic'&%24top=100&%24format=json&%24select=Indicador,Data,Ano,Mediana
2026-04-16 11:57:09,333 [WARNING] pipeline.macro: Não foi possível obter Focus IPCA: 400 Client Error: Bad Request for url: https://olinda.bcb.gov.br/olinda/servico/Expectativas/versao/v1/odata/ExpectativasMercadoAnuais?%24filter=Indicador%20eq%20'IPCA'&%24top=100&%24format=json&%24select=Indicador,Data,Ano,Mediana
2026-04-16 11:57:09,334 [INFO] pipeline.macro: 
=== Coletando dados macroeconômicos ===
2026-04-16 11:57:09,335 [INFO] pipeline.macro: Baixando série BCB 432...
2026-04-16 11:57:09,650 [ERROR] pipeline.macro: Erro ao baixar série BCB 432: 406 Client Error: Not Acceptable for url: https://api.bcb.gov.br/dados/serie/bcdata.sgs.432/dados?formato=json&dataInicial=01%2F01%2F2010&dataFinal=16%2F04%2F2026
2026-04-16 11:57:09,651 [WARNING] pipeline.macro: Série Selic meta sem DatetimeIndex — usando fallback histórico
2026-04-16 11:57:09,651 [INFO] pipeline.macro: Baixando série BCB 12...
2026-04-16 11:57:09,769 [ERROR] pipeline.macro: Erro ao baixar série BCB 12: 406 Client Error: Not Acceptable for url: https://api.bcb.gov.br/dados/serie/bcdata.sgs.12/dados?formato=json&dataInicial=01%2F01%2F2010&dataFinal=16%2F04%2F2026
2026-04-16 11:57:09,769 [WARNING] pipeline.macro: Série DI sem DatetimeIndex — usando fallback histórico
2026-04-16 11:57:09,773 [WARNING] pipeline.macro: IPCA calculado fora do intervalo plausível (55.3%) para 2019 — usando fallback
2026-04-16 11:57:09,773 [WARNING] pipeline.macro: IPCA calculado fora do intervalo plausível (46.1%) para 2020 — usando fallback
2026-04-16 11:57:09,773 [WARNING] pipeline.macro: IPCA calculado fora do intervalo plausível (159.3%) para 2021 — usando fallback
2026-04-16 11:57:09,774 [WARNING] pipeline.macro: IPCA calculado fora do intervalo plausível (191.2%) para 2022 — usando fallback
2026-04-16 11:57:09,774 [WARNING] pipeline.macro: IPCA calculado fora do intervalo plausível (71.5%) para 2023 — usando fallback
2026-04-16 11:57:09,774 [WARNING] pipeline.macro: IPCA calculado fora do intervalo plausível (67.0%) para 2024 — usando fallback
2026-04-16 11:57:09,774 [INFO] pipeline.macro: Baixando série BCB 258...
2026-04-16 11:57:09,877 [ERROR] pipeline.macro: Erro ao baixar série BCB 258: 406 Client Error: Not Acceptable for url: https://api.bcb.gov.br/dados/serie/bcdata.sgs.258/dados?formato=json&dataInicial=01%2F01%2F2010&dataFinal=16%2F04%2F2026
2026-04-16 11:57:09,877 [WARNING] pipeline.macro: Série TJLP sem DatetimeIndex — usando fallback histórico
2026-04-16 11:57:09,887 [WARNING] pipeline.macro: IPCA calculado fora do intervalo plausível (55.3%) para 2019 — usando fallback
2026-04-16 11:57:09,887 [WARNING] pipeline.macro: IPCA calculado fora do intervalo plausível (46.1%) para 2020 — usando fallback
2026-04-16 11:57:09,888 [WARNING] pipeline.macro: IPCA calculado fora do intervalo plausível (159.3%) para 2021 — usando fallback
2026-04-16 11:57:09,888 [WARNING] pipeline.macro: IPCA calculado fora do intervalo plausível (191.2%) para 2022 — usando fallback
2026-04-16 11:57:09,888 [WARNING] pipeline.macro: IPCA calculado fora do intervalo plausível (71.5%) para 2023 — usando fallback
2026-04-16 11:57:09,889 [WARNING] pipeline.macro: IPCA calculado fora do intervalo plausível (67.0%) para 2024 — usando fallback
2026-04-16 11:57:09,889 [INFO] pipeline.macro: 
RESUMO MACRO HISTÓRICO:
2026-04-16 11:57:09,889 [INFO] pipeline.macro:   selic_meta     : 2020: 2.00% | 2021: 9.25% | 2022: 13.75% | 2023: 11.75% | 2024: 11.75%
2026-04-16 11:57:09,889 [INFO] pipeline.macro:   selic_efet     : 2020: 2.28% | 2021: 4.48% | 2022: 12.33% | 2023: 13.15% | 2024: 10.73%
2026-04-16 11:57:09,889 [INFO] pipeline.macro:   ipca           : 2020: 4.52% | 2021: 10.06% | 2022: 5.62% | 2023: 4.62% | 2024: 4.83%
2026-04-16 11:57:09,889 [INFO] pipeline.macro:   tjlp           : 2020: 5.25% | 2021: 5.25% | 2022: 6.25% | 2023: 7.00% | 2024: 7.00%
2026-04-16 11:57:09,889 [INFO] pipeline.macro:   cds            : 2020: 0.44% | 2021: 0.73% | 2022: 1.26% | 2023: 0.84% | 2024: 0.81%
2026-04-16 11:57:09,889 [INFO] pipeline.macro:   inflacao_impl  : 2020: 4.52% | 2021: 10.06% | 2022: 5.62% | 2023: 4.62% | 2024: 4.83%
2026-04-16 11:57:09,889 [INFO] pipeline: 
[3/6] Baixando demonstrações financeiras (CVM)...
2026-04-16 11:57:09,890 [INFO] pipeline.cvm: 
==================================================
2026-04-16 11:57:09,890 [INFO] pipeline.cvm: Baixando DFP 2019...
2026-04-16 11:57:10,121 [INFO] pipeline.cvm:   DFP dre 2019: 78 linhas
2026-04-16 11:57:10,518 [INFO] pipeline.cvm:   DFP bpa 2019: 52 linhas
2026-04-16 11:57:11,214 [INFO] pipeline.cvm:   DFP bpp 2019: 68 linhas
2026-04-16 11:57:11,627 [INFO] pipeline.cvm:   DFP dfc_mi 2019: 122 linhas
2026-04-16 11:57:11,666 [WARNING] pipeline.cvm:   Empresa 20532 não encontrada em dfc_md 2019
2026-04-16 11:57:11,667 [INFO] pipeline.cvm: 
==================================================
2026-04-16 11:57:11,667 [INFO] pipeline.cvm: Baixando DFP 2020...
2026-04-16 11:57:12,022 [INFO] pipeline.cvm:   DFP dre 2020: 92 linhas
2026-04-16 11:57:12,595 [INFO] pipeline.cvm:   DFP bpa 2020: 86 linhas
2026-04-16 11:57:13,502 [INFO] pipeline.cvm:   DFP bpp 2020: 76 linhas
2026-04-16 11:57:13,920 [INFO] pipeline.cvm:   DFP dfc_mi 2020: 100 linhas
2026-04-16 11:57:14,017 [WARNING] pipeline.cvm:   Empresa 20532 não encontrada em dfc_md 2020
2026-04-16 11:57:14,017 [INFO] pipeline.cvm: 
==================================================
2026-04-16 11:57:14,017 [INFO] pipeline.cvm: Baixando DFP 2021...
2026-04-16 11:57:14,317 [INFO] pipeline.cvm:   DFP dre 2021: 78 linhas
2026-04-16 11:57:14,812 [INFO] pipeline.cvm:   DFP bpa 2021: 82 linhas
2026-04-16 11:57:15,645 [INFO] pipeline.cvm:   DFP bpp 2021: 76 linhas
2026-04-16 11:57:16,057 [INFO] pipeline.cvm:   DFP dfc_mi 2021: 24 linhas
2026-04-16 11:57:16,097 [WARNING] pipeline.cvm:   Empresa 20532 não encontrada em dfc_md 2021
2026-04-16 11:57:16,097 [INFO] pipeline.cvm: 
==================================================
2026-04-16 11:57:16,097 [INFO] pipeline.cvm: Baixando DFP 2022...
2026-04-16 11:57:16,361 [INFO] pipeline.cvm:   DFP dre 2022: 80 linhas
2026-04-16 11:57:16,852 [INFO] pipeline.cvm:   DFP bpa 2022: 82 linhas
2026-04-16 11:57:17,683 [INFO] pipeline.cvm:   DFP bpp 2022: 76 linhas
2026-04-16 11:57:18,129 [WARNING] pipeline.cvm:   Empresa 20532 não encontrada em dfc_mi 2022
2026-04-16 11:57:18,174 [INFO] pipeline.cvm:   DFP dfc_md 2022: 20 linhas
2026-04-16 11:57:18,175 [INFO] pipeline.cvm: 
==================================================
2026-04-16 11:57:18,175 [INFO] pipeline.cvm: Baixando DFP 2023...
2026-04-16 11:57:18,436 [INFO] pipeline.cvm:   DFP dre 2023: 80 linhas
2026-04-16 11:57:18,931 [INFO] pipeline.cvm:   DFP bpa 2023: 82 linhas
2026-04-16 11:57:19,835 [INFO] pipeline.cvm:   DFP bpp 2023: 76 linhas
2026-04-16 11:57:20,302 [WARNING] pipeline.cvm:   Empresa 20532 não encontrada em dfc_mi 2023
2026-04-16 11:57:20,345 [INFO] pipeline.cvm:   DFP dfc_md 2023: 20 linhas
2026-04-16 11:57:20,345 [INFO] pipeline.cvm: 
==================================================
2026-04-16 11:57:20,346 [INFO] pipeline.cvm: Baixando DFP 2024...
2026-04-16 11:57:20,607 [INFO] pipeline.cvm:   DFP dre 2024: 80 linhas
2026-04-16 11:57:21,074 [INFO] pipeline.cvm:   DFP bpa 2024: 82 linhas
2026-04-16 11:57:21,945 [INFO] pipeline.cvm:   DFP bpp 2024: 76 linhas
2026-04-16 11:57:22,363 [WARNING] pipeline.cvm:   Empresa 20532 não encontrada em dfc_mi 2024
2026-04-16 11:57:22,398 [INFO] pipeline.cvm:   DFP dfc_md 2024: 20 linhas
2026-04-16 11:57:22,398 [INFO] pipeline: 
[4/6] Normalizando dados...
2026-04-16 11:57:23,233 [INFO] pipeline:   DRE normalizada:
2026-04-16 11:57:23,233 [INFO] pipeline:     margem_financeira_bruta: 2019: 44,321 | 2020: 44,443 | 2021: 51,318 | 2022: 47,503 | 2023: 46,884 | 2024: 56,679
2026-04-16 11:57:23,234 [INFO] pipeline:     lucro_liquido: 2019: 16,407 | 2020: 26,837 | 2021: 15,528 | 2022: 14,287 | 2023: 9,449 | 2024: 13,366
2026-04-16 11:57:23,234 [INFO] pipeline: 
[5/6] Calculando projeções...
2026-04-16 11:57:23,235 [INFO] pipeline:   Premissas por banco aplicadas: NIM=6.0% | Payout=80% | g=5.0%
2026-04-16 11:57:23,235 [INFO] pipeline.projecoes: 
=== Rodando projeções ===
2026-04-16 11:57:23,238 [INFO] pipeline.projecoes:   NIM ~ Selic: slope=-0.5674, intercept=0.1254
2026-04-16 11:57:23,250 [INFO] pipeline.projecoes:   Margem op./MFB histórica (median 5a): 33.86%
2026-04-16 11:57:23,255 [INFO] pipeline.projecoes: Projeções concluídas. Resumo:
2026-04-16 11:57:23,255 [INFO] pipeline.projecoes:    Ano     Carteira        MFB      Lucro       FCFE
2026-04-16 11:57:23,255 [INFO] pipeline.projecoes:   2025      636,410     72,862     17,658     14,126
2026-04-16 11:57:23,255 [INFO] pipeline.projecoes:   2026      680,959     89,223     21,623     17,298
2026-04-16 11:57:23,256 [INFO] pipeline.projecoes:   2027      721,817     99,328     24,072     19,257
2026-04-16 11:57:23,256 [INFO] pipeline.projecoes:   2028      765,126    110,323     26,736     21,389
2026-04-16 11:57:23,256 [INFO] pipeline.projecoes:   2029      811,033    121,198     29,372     23,497
2026-04-16 11:57:23,257 [INFO] pipeline: 
[6/6] Calculando valuation...
2026-04-16 11:57:23,258 [INFO] pipeline.valuation: 
==================================================
2026-04-16 11:57:23,258 [INFO] pipeline.valuation: VALUATION COMPLETO — BBDC4
2026-04-16 11:57:23,259 [INFO] pipeline.valuation:   VP FCFE (10a):     R$      124,846 MM
2026-04-16 11:57:23,259 [INFO] pipeline.valuation:   Valor Perp. (VP):  R$      200,629 MM
2026-04-16 11:57:23,259 [INFO] pipeline.valuation:   VALOR DO EQUITY:   R$      325,475 MM
2026-04-16 11:57:23,259 [INFO] pipeline.valuation:   Preço Justo ON:    R$    86.79
2026-04-16 11:57:23,259 [INFO] pipeline.valuation:   Preço Justo PN:    R$    86.79
2026-04-16 11:57:23,259 [INFO] pipeline.valuation:   Cotação ON:        R$    31.18
2026-04-16 11:57:23,260 [INFO] pipeline.valuation:   Upside ON:              178.4%
2026-04-16 11:57:23,260 [INFO] pipeline.valuation:   TIR (ON):                20.9%
2026-04-16 11:57:23,260 [INFO] pipeline.valuation:   Preço Teto ON:     R$    86.79
2026-04-16 11:57:23,525 [INFO] pipeline.excel: 
============================================================
2026-04-16 11:57:23,525 [INFO] pipeline.excel: Escrevendo template: Valuation_SANB11_Santander_20260416.xlsx
2026-04-16 11:57:23,630 [INFO] pipeline.excel:   → Dashboard
2026-04-16 11:57:23,631 [INFO] pipeline.excel:   → Ke
2026-04-16 11:57:23,637 [INFO] pipeline.excel:   → Balanço Patrimonial
2026-04-16 11:57:23,654 [INFO] pipeline.excel:   → DRE Recorrente
2026-04-16 11:57:23,689 [INFO] pipeline.excel:   → DRE + DCF
2026-04-16 11:57:23,700 [INFO] pipeline.excel:   → Projeções NIM
2026-04-16 11:57:23,720 [INFO] pipeline.excel:   → Painel de Índices
2026-04-16 11:57:23,827 [INFO] pipeline.excel: 
Arquivo salvo: C:\Users\55819\Downloads\pipeline_banco_completo\pipeline_banco\outputs\Valuation_SANB11_Santander_20260416.xlsx
2026-04-16 11:57:23,827 [INFO] pipeline: 
======================================================================
2026-04-16 11:57:23,827 [INFO] pipeline: RESUMO DO VALUATION
2026-04-16 11:57:23,827 [INFO] pipeline: ======================================================================
2026-04-16 11:57:23,827 [INFO] pipeline:   Empresa:           Santander (SANB11)
2026-04-16 11:57:23,827 [INFO] pipeline:   Cotação ON:        R$ 31.18
2026-04-16 11:57:23,827 [INFO] pipeline:   Preço Justo ON:    R$ 86.79
2026-04-16 11:57:23,827 [INFO] pipeline:   Upside ON:            178.4%
2026-04-16 11:57:23,827 [INFO] pipeline:   TIR:                  20.9%
2026-04-16 11:57:23,828 [INFO] pipeline:   Preço Teto ON:     R$ 86.79
2026-04-16 11:57:23,828 [INFO] pipeline: 
  Arquivo gerado:    C:\Users\55819\Downloads\pipeline_banco_completo\pipeline_banco\outputs\Valuation_SANB11_Santander_20260416.xlsx
2026-04-16 11:57:23,828 [INFO] pipeline: ======================================================================
