2026-05-03 13:12:08,252 [INFO] pipeline: ======================================================================
2026-05-03 13:12:08,252 [INFO] pipeline: PIPELINE DE VALUATION [BANCÁRIO] — BBDC4 — Bradesco
2026-05-03 13:12:08,252 [INFO] pipeline: Início: 2026-05-03 13:12:08
2026-05-03 13:12:08,252 [INFO] pipeline:   Setor: bancos | Motor: KE
2026-05-03 13:12:08,252 [INFO] pipeline: ======================================================================
2026-05-03 13:12:08,252 [INFO] pipeline:   Banco cadastrado: Bradesco | tipo: ON_PN
2026-05-03 13:12:08,253 [INFO] pipeline: 
[1/6] Coletando dados de mercado...
2026-05-03 13:12:10,013 [INFO] pipeline:   Buscando cotação via yfinance...
2026-05-03 13:12:10,013 [INFO] pipeline.mercado: Buscando cotação atual: BBDC4.SA
2026-05-03 13:12:11,187 [INFO] pipeline.mercado: Buscando cotação atual: BBDC3.SA
2026-05-03 13:12:11,826 [INFO] pipeline:   Cotação ON: R$ 16.72  |  Cotação PN: R$ 19.32
2026-05-03 13:12:11,826 [INFO] pipeline:   Ações (fonte: bancos.py): ON=5,294,000 mil | PN=5,270,000 mil
2026-05-03 13:12:11,826 [INFO] pipeline.mercado: Calculando beta: BBDC4 (252 dias úteis)
2026-05-03 13:12:11,827 [INFO] pipeline.mercado: Baixando preços: BBDC4.SA (2019-01-01 → 2026-05-03)
2026-05-03 13:12:15,722 [INFO] pipeline.mercado:   1823 dias de preços carregados
2026-05-03 13:12:15,723 [INFO] pipeline.mercado: Baixando preços: ^BVSP (2019-01-01 → 2026-05-03)
2026-05-03 13:12:16,233 [INFO] pipeline.mercado:   1823 dias de preços carregados
2026-05-03 13:12:16,252 [INFO] pipeline.mercado:   Beta estatístico: 1.3197 | R²: 0.544 | n=251
2026-05-03 13:12:16,255 [INFO] pipeline:   Beta estatístico: 1.320 | Beta utilizado: 0.850
2026-05-03 13:12:16,255 [INFO] pipeline: 
[2/6] Coletando dados macroeconômicos (BCB)...
2026-05-03 13:12:16,592 [WARNING] pipeline.macro: Não foi possível obter Focus Selic: 400 Client Error: Bad Request for url: https://olinda.bcb.gov.br/olinda/servico/Expectativas/versao/v1/odata/ExpectativasMercadoAnuais?%24filter=Indicador%20eq%20'Selic'&%24top=100&%24format=json&%24select=Indicador,Data,Ano,Mediana
2026-05-03 13:12:16,867 [WARNING] pipeline.macro: Não foi possível obter Focus IPCA: 400 Client Error: Bad Request for url: https://olinda.bcb.gov.br/olinda/servico/Expectativas/versao/v1/odata/ExpectativasMercadoAnuais?%24filter=Indicador%20eq%20'IPCA'&%24top=100&%24format=json&%24select=Indicador,Data,Ano,Mediana
2026-05-03 13:12:16,868 [INFO] pipeline.macro: 
=== Coletando dados macroeconômicos ===
2026-05-03 13:12:16,868 [INFO] pipeline.macro: Baixando série BCB 432...
2026-05-03 13:12:17,254 [ERROR] pipeline.macro: Erro ao baixar série BCB 432: 406 Client Error: Not Acceptable for url: https://api.bcb.gov.br/dados/serie/bcdata.sgs.432/dados?formato=json&dataInicial=01%2F01%2F2010&dataFinal=03%2F05%2F2026
2026-05-03 13:12:17,254 [WARNING] pipeline.macro: Série Selic meta sem DatetimeIndex — usando fallback histórico
2026-05-03 13:12:17,254 [INFO] pipeline.macro: Baixando série BCB 12...
2026-05-03 13:12:17,354 [ERROR] pipeline.macro: Erro ao baixar série BCB 12: 406 Client Error: Not Acceptable for url: https://api.bcb.gov.br/dados/serie/bcdata.sgs.12/dados?formato=json&dataInicial=01%2F01%2F2010&dataFinal=03%2F05%2F2026
2026-05-03 13:12:17,355 [WARNING] pipeline.macro: Série DI sem DatetimeIndex — usando fallback histórico
2026-05-03 13:12:17,355 [INFO] pipeline.macro: Baixando série BCB 13522...
2026-05-03 13:12:18,066 [INFO] pipeline.macro:   Série 13522: 195 observações (2010-01-01 → 2026-03-01)
2026-05-03 13:12:18,067 [WARNING] pipeline.macro: IPCA calculado fora do intervalo plausível (46.1%) para 2020 — usando fallback
2026-05-03 13:12:18,067 [WARNING] pipeline.macro: IPCA calculado fora do intervalo plausível (159.3%) para 2021 — usando fallback
2026-05-03 13:12:18,068 [WARNING] pipeline.macro: IPCA calculado fora do intervalo plausível (191.2%) para 2022 — usando fallback
2026-05-03 13:12:18,068 [WARNING] pipeline.macro: IPCA calculado fora do intervalo plausível (71.5%) para 2023 — usando fallback
2026-05-03 13:12:18,068 [WARNING] pipeline.macro: IPCA calculado fora do intervalo plausível (67.0%) para 2024 — usando fallback
2026-05-03 13:12:18,068 [WARNING] pipeline.macro: IPCA calculado fora do intervalo plausível (80.0%) para 2025 — usando fallback
2026-05-03 13:12:18,069 [INFO] pipeline.macro: Baixando série BCB 258...
2026-05-03 13:12:18,171 [ERROR] pipeline.macro: Erro ao baixar série BCB 258: 406 Client Error: Not Acceptable for url: https://api.bcb.gov.br/dados/serie/bcdata.sgs.258/dados?formato=json&dataInicial=01%2F01%2F2010&dataFinal=03%2F05%2F2026
2026-05-03 13:12:18,172 [WARNING] pipeline.macro: Série TJLP sem DatetimeIndex — usando fallback histórico
2026-05-03 13:12:18,172 [INFO] pipeline.macro: Baixando série BCB 29039...
2026-05-03 13:12:18,872 [INFO] pipeline.macro:   Série 29039: 195 observações (2010-01-01 → 2026-03-01)
2026-05-03 13:12:25,102 [WARNING] pipeline.macro: IPCA calculado fora do intervalo plausível (46.1%) para 2020 — usando fallback
2026-05-03 13:12:25,102 [WARNING] pipeline.macro: IPCA calculado fora do intervalo plausível (159.3%) para 2021 — usando fallback
2026-05-03 13:12:25,103 [WARNING] pipeline.macro: IPCA calculado fora do intervalo plausível (191.2%) para 2022 — usando fallback
2026-05-03 13:12:25,103 [WARNING] pipeline.macro: IPCA calculado fora do intervalo plausível (71.5%) para 2023 — usando fallback
2026-05-03 13:12:25,103 [WARNING] pipeline.macro: IPCA calculado fora do intervalo plausível (67.0%) para 2024 — usando fallback
2026-05-03 13:12:25,104 [WARNING] pipeline.macro: IPCA calculado fora do intervalo plausível (80.0%) para 2025 — usando fallback
2026-05-03 13:12:25,104 [INFO] pipeline.macro: 
RESUMO MACRO HISTÓRICO:
2026-05-03 13:12:25,104 [INFO] pipeline.macro:   selic_meta     : 2021: 9.25% | 2022: 13.75% | 2023: 11.75% | 2024: 11.75% | 2025: 10.00%
2026-05-03 13:12:25,104 [INFO] pipeline.macro:   selic_efet     : 2021: 4.48% | 2022: 12.33% | 2023: 13.15% | 2024: 10.73% | 2025: 10.50%
2026-05-03 13:12:25,104 [INFO] pipeline.macro:   ipca           : 2021: 10.06% | 2022: 5.62% | 2023: 4.62% | 2024: 4.83% | 2025: 4.50%
2026-05-03 13:12:25,104 [INFO] pipeline.macro:   tjlp           : 2021: 5.25% | 2022: 6.25% | 2023: 7.00% | 2024: 7.00% | 2025: 6.50%
2026-05-03 13:12:25,104 [INFO] pipeline.macro:   cds            : 2021: 0.73% | 2022: 1.26% | 2023: 0.84% | 2024: 0.81% | 2025: 0.76%
2026-05-03 13:12:25,104 [INFO] pipeline.macro:   inflacao_impl  : 2021: 10.06% | 2022: 5.62% | 2023: 4.62% | 2024: 4.83% | 2025: 4.50%
2026-05-03 13:12:25,104 [INFO] pipeline: 
[3/6] Download CVM pulado (--sem-cvm)
2026-05-03 13:12:25,107 [INFO] pipeline:   Qualidade dos dados: score=90/100 | warnings=2 | critical=0
2026-05-03 13:12:25,107 [WARNING] pipeline:   [quality] DRE histórica vazia (modo sem histórico habilitado).
2026-05-03 13:12:25,108 [WARNING] pipeline:   [quality] Balanço histórico vazio (modo sem histórico habilitado).
2026-05-03 13:12:25,108 [INFO] pipeline: 
[5/6] Calculando projeções...
2026-05-03 13:12:25,111 [INFO] pipeline:   Premissas banco: NIM=5.0% | Payout=45% | g=5.5%
2026-05-03 13:12:25,111 [INFO] pipeline.projecoes: 
=== Rodando projeções ===
2026-05-03 13:12:25,115 [INFO] pipeline.projecoes:   Margem op./MFB histórica (median 5a): 22.00%
2026-05-03 13:12:25,116 [INFO] pipeline.projecoes: Projeções concluídas. Resumo:
2026-05-03 13:12:25,116 [INFO] pipeline.projecoes:    Ano     Carteira        MFB      Lucro       FCFE
2026-05-03 13:12:25,116 [INFO] pipeline.projecoes:   2026            0          0          0          0
2026-05-03 13:12:25,116 [INFO] pipeline.projecoes:   2027            0          0          0          0
2026-05-03 13:12:25,116 [INFO] pipeline.projecoes:   2028            0          0          0          0
2026-05-03 13:12:25,116 [INFO] pipeline.projecoes:   2029            0          0          0          0
2026-05-03 13:12:25,116 [INFO] pipeline.projecoes:   2030            0          0          0          0
2026-05-03 13:12:25,117 [INFO] pipeline: 
[6/6] Calculando valuation (FCFE / Ke)...
2026-05-03 13:12:25,117 [WARNING] pipeline.valuation: TIR < g (5.5%) — cotação acima do valor intrínseco (DCF)
2026-05-03 13:12:25,117 [WARNING] pipeline.valuation: TIR < g (5.5%) — cotação acima do valor intrínseco (DCF)
2026-05-03 13:12:25,117 [INFO] pipeline.valuation: 
==================================================
2026-05-03 13:12:25,117 [INFO] pipeline.valuation: VALUATION COMPLETO — BBDC4
2026-05-03 13:12:25,117 [INFO] pipeline.valuation:   VP FCFE (10a):     R$            0 MM
2026-05-03 13:12:25,117 [INFO] pipeline.valuation:   Valor Perp. (VP):  R$            0 MM
2026-05-03 13:12:25,117 [INFO] pipeline.valuation:   VALOR DO EQUITY:   R$            0 MM
2026-05-03 13:12:25,117 [INFO] pipeline.valuation:   Preço Justo ON:    R$     0.00
2026-05-03 13:12:25,117 [INFO] pipeline.valuation:   Preço Justo PN:    R$     0.00
2026-05-03 13:12:25,117 [INFO] pipeline.valuation:   Cotação ON:        R$    16.72
2026-05-03 13:12:25,117 [INFO] pipeline.valuation:   Upside ON:             -100.0%
2026-05-03 13:12:25,118 [INFO] pipeline.valuation:   TIR (ON):                 6.0%
2026-05-03 13:12:25,118 [INFO] pipeline.valuation:   Preço Teto ON:     R$     0.00
2026-05-03 13:12:25,118 [WARNING] pipeline: 
[!] AVISOS DE VALIDACAO:
2026-05-03 13:12:25,118 [WARNING] pipeline:   - DRE histórica vazia — planilha terá apenas projeções
2026-05-03 13:12:25,118 [WARNING] pipeline:   - FCFE projetado é zero em todos os anos — verificar dados históricos
2026-05-03 13:12:25,118 [WARNING] pipeline:   - Valor do Equity negativo ou zero: R$ 0 MM
2026-05-03 13:12:25,118 [WARNING] pipeline:   - Preço Justo ON inválido (≤ 0)
2026-05-03 13:12:25,119 [INFO] pipeline.intelligence: [intelligence] BBDC4 → AVOID | score=5 | risco=ALTO | confiança=BAIXA
2026-05-03 13:12:25,483 [INFO] pipeline.excel: 
============================================================
2026-05-03 13:12:25,484 [INFO] pipeline.excel: Escrevendo template: Valuation_BBDC4_Bradesco_20260503.xlsx
2026-05-03 13:12:25,549 [INFO] pipeline.excel:   → Dashboard
2026-05-03 13:12:25,549 [INFO] pipeline.excel:   → Ke
2026-05-03 13:12:25,556 [INFO] pipeline.excel:   → Balanço Patrimonial
2026-05-03 13:12:25,559 [INFO] pipeline.excel:   → DRE Recorrente
2026-05-03 13:12:25,575 [INFO] pipeline.excel:   → DRE + DCF
2026-05-03 13:12:25,582 [INFO] pipeline.excel:   → Projeções NIM
2026-05-03 13:12:25,601 [INFO] pipeline.excel:   → Painel de Índices
2026-05-03 13:12:25,669 [INFO] pipeline.excel: 
Arquivo salvo: C:\Users\55819\OneDrive - EPEJUD\DIEGO\OBSIDIAN\Analista de Investimentos\12_PYTHON\pipeline banco completo\outputs\Valuation_BBDC4_Bradesco_20260503.xlsx
2026-05-03 13:12:25,672 [INFO] pipeline:   Run summary:       C:\Users\55819\OneDrive - EPEJUD\DIEGO\OBSIDIAN\Analista de Investimentos\12_PYTHON\pipeline banco completo\outputs\run_summaries\run_summary_BBDC4_20260503_131225.json
2026-05-03 13:12:25,692 [INFO] pipeline.database: [database] BBDC4 salvo — id=1 | score=5 | rec=AVOID
2026-05-03 13:12:25,696 [INFO] pipeline.report_writer: [report_writer] BBDC4 — relatório gerado: Tese_BBDC4_Bradesco_20260503_131225.md
2026-05-03 13:12:25,697 [INFO] pipeline: 
======================================================================
2026-05-03 13:12:25,697 [INFO] pipeline: RESUMO DO VALUATION (FCFE/Ke)
2026-05-03 13:12:25,697 [INFO] pipeline: ======================================================================
2026-05-03 13:12:25,697 [INFO] pipeline:   Empresa:           Bradesco (BBDC4)
2026-05-03 13:12:25,697 [INFO] pipeline:   Cotação ON:        R$ 16.72
2026-05-03 13:12:25,697 [INFO] pipeline:   Preço Justo ON:    R$ 0.00
2026-05-03 13:12:25,697 [INFO] pipeline:   Upside ON:            -100.0%
2026-05-03 13:12:25,697 [INFO] pipeline:   TIR:                  6.0%
2026-05-03 13:12:25,697 [INFO] pipeline:   Preço Teto ON:     R$ 0.00
2026-05-03 13:12:25,697 [INFO] pipeline: 
  ── Intelligence ──────────────────────────────────────
2026-05-03 13:12:25,697 [INFO] pipeline:   Recomendação:      AVOID
2026-05-03 13:12:25,697 [INFO] pipeline:   Score:             5/100
2026-05-03 13:12:25,697 [INFO] pipeline:   Risco:             ALTO
2026-05-03 13:12:25,697 [INFO] pipeline:   Confiança:         BAIXA (dados críticos ausentes ou CVM não consultada)
2026-05-03 13:12:25,697 [INFO] pipeline:   Tese:              Bradesco (BBDC4) apresenta potencial limitado ou risco elevado no nível atual. Upside de -100.0% e TIR de 6.0%. Riscos: 2 aviso(s) de qualidade dos dados; 4 aviso(s) no valuation. Score: 5/100 | Risco: ALTO | Confiança: BAIXA.
2026-05-03 13:12:25,697 [INFO] pipeline: 
  [!] 4 aviso(s) de validacao — verifique os logs
2026-05-03 13:12:25,698 [INFO] pipeline: 
  Arquivo gerado:    C:\Users\55819\OneDrive - EPEJUD\DIEGO\OBSIDIAN\Analista de Investimentos\12_PYTHON\pipeline banco completo\outputs\Valuation_BBDC4_Bradesco_20260503.xlsx
2026-05-03 13:12:25,698 [INFO] pipeline:   Tese Markdown:     C:\Users\55819\OneDrive - EPEJUD\DIEGO\OBSIDIAN\Analista de Investimentos\12_PYTHON\pipeline banco completo\outputs\reports\Tese_BBDC4_Bradesco_20260503_131225.md
2026-05-03 13:12:25,698 [INFO] pipeline: ======================================================================
