2026-05-03 15:55:07,381 [INFO] pipeline: ======================================================================
2026-05-03 15:55:07,381 [INFO] pipeline: AUDITORIA CVM/B3 — 1 ticker(s): BBDC4
2026-05-03 15:55:07,383 [INFO] pipeline: ======================================================================
2026-05-03 15:55:07,383 [INFO] pipeline: 
Auditorando BBDC4...
2026-05-03 15:55:07,827 [INFO] pipeline.cvm:   DFP dre 2020: 82 linhas
2026-05-03 15:55:08,309 [INFO] pipeline.cvm:   DFP bpa 2020: 82 linhas
2026-05-03 15:55:09,135 [INFO] pipeline.cvm:   DFP bpp 2020: 96 linhas
2026-05-03 15:55:09,528 [INFO] pipeline.cvm:   DFP dfc_mi 2020: 94 linhas
2026-05-03 15:55:09,560 [WARNING] pipeline.cvm:   Empresa 906 não encontrada em dfc_md 2020
2026-05-03 15:55:10,068 [INFO] pipeline.cvm:   DFP dre 2020: 80 linhas
2026-05-03 15:55:10,946 [INFO] pipeline.cvm:   DFP bpa 2020: 84 linhas
2026-05-03 15:55:12,079 [INFO] pipeline.cvm:   DFP bpp 2020: 90 linhas
2026-05-03 15:55:12,597 [INFO] pipeline.cvm:   DFP dfc_mi 2020: 86 linhas
2026-05-03 15:55:12,646 [WARNING] pipeline.cvm:   Empresa 906 não encontrada em dfc_md 2020
2026-05-03 15:55:12,879 [INFO] pipeline.cvm:   DFP dre 2021: 82 linhas
2026-05-03 15:55:13,399 [INFO] pipeline.cvm:   DFP bpa 2021: 82 linhas
2026-05-03 15:55:14,282 [INFO] pipeline.cvm:   DFP bpp 2021: 86 linhas
2026-05-03 15:55:14,682 [WARNING] pipeline.cvm:   Empresa 906 não encontrada em dfc_mi 2021
2026-05-03 15:55:14,723 [INFO] pipeline.cvm:   DFP dfc_md 2021: 64 linhas
2026-05-03 15:55:15,127 [INFO] pipeline.cvm:   DFP dre 2021: 80 linhas
2026-05-03 15:55:15,785 [INFO] pipeline.cvm:   DFP bpa 2021: 84 linhas
2026-05-03 15:55:16,975 [INFO] pipeline.cvm:   DFP bpp 2021: 90 linhas
2026-05-03 15:55:17,530 [INFO] pipeline.cvm:   DFP dfc_mi 2021: 88 linhas
2026-05-03 15:55:17,589 [WARNING] pipeline.cvm:   Empresa 906 não encontrada em dfc_md 2021
2026-05-03 15:55:17,839 [INFO] pipeline.cvm:   DFP dre 2022: 82 linhas
2026-05-03 15:55:18,317 [INFO] pipeline.cvm:   DFP bpa 2022: 82 linhas
2026-05-03 15:55:19,074 [INFO] pipeline.cvm:   DFP bpp 2022: 86 linhas
2026-05-03 15:55:19,457 [INFO] pipeline.cvm:   DFP dfc_mi 2022: 96 linhas
2026-05-03 15:55:19,493 [WARNING] pipeline.cvm:   Empresa 906 não encontrada em dfc_md 2022
2026-05-03 15:55:19,913 [INFO] pipeline.cvm:   DFP dre 2022: 82 linhas
2026-05-03 15:55:20,607 [INFO] pipeline.cvm:   DFP bpa 2022: 84 linhas
2026-05-03 15:55:21,782 [INFO] pipeline.cvm:   DFP bpp 2022: 90 linhas
2026-05-03 15:55:22,319 [INFO] pipeline.cvm:   DFP dfc_mi 2022: 88 linhas
2026-05-03 15:55:22,376 [WARNING] pipeline.cvm:   Empresa 906 não encontrada em dfc_md 2022
2026-05-03 15:55:22,611 [INFO] pipeline.cvm:   DFP dre 2023: 82 linhas
2026-05-03 15:55:23,118 [INFO] pipeline.cvm:   DFP bpa 2023: 82 linhas
2026-05-03 15:55:23,902 [INFO] pipeline.cvm:   DFP bpp 2023: 86 linhas
2026-05-03 15:55:24,296 [INFO] pipeline.cvm:   DFP dfc_mi 2023: 96 linhas
2026-05-03 15:55:24,330 [WARNING] pipeline.cvm:   Empresa 906 não encontrada em dfc_md 2023
2026-05-03 15:55:24,658 [INFO] pipeline.cvm:   DFP dre 2023: 82 linhas
2026-05-03 15:55:25,339 [INFO] pipeline.cvm:   DFP bpa 2023: 84 linhas
2026-05-03 15:55:26,556 [INFO] pipeline.cvm:   DFP bpp 2023: 90 linhas
2026-05-03 15:55:27,146 [INFO] pipeline.cvm:   DFP dfc_mi 2023: 88 linhas
2026-05-03 15:55:27,198 [WARNING] pipeline.cvm:   Empresa 906 não encontrada em dfc_md 2023
2026-05-03 15:55:27,432 [INFO] pipeline.cvm:   DFP dre 2024: 82 linhas
2026-05-03 15:55:27,849 [INFO] pipeline.cvm:   DFP bpa 2024: 82 linhas
2026-05-03 15:55:28,665 [INFO] pipeline.cvm:   DFP bpp 2024: 86 linhas
2026-05-03 15:55:29,066 [INFO] pipeline.cvm:   DFP dfc_mi 2024: 96 linhas
2026-05-03 15:55:29,098 [WARNING] pipeline.cvm:   Empresa 906 não encontrada em dfc_md 2024
2026-05-03 15:55:29,424 [INFO] pipeline.cvm:   DFP dre 2024: 82 linhas
2026-05-03 15:55:30,067 [INFO] pipeline.cvm:   DFP bpa 2024: 84 linhas
2026-05-03 15:55:31,173 [INFO] pipeline.cvm:   DFP bpp 2024: 90 linhas
2026-05-03 15:55:31,749 [INFO] pipeline.cvm:   DFP dfc_mi 2024: 88 linhas
2026-05-03 15:55:31,803 [WARNING] pipeline.cvm:   Empresa 906 não encontrada em dfc_md 2024
2026-05-03 15:55:32,049 [INFO] pipeline.cvm:   DFP dre 2025: 82 linhas
2026-05-03 15:55:32,429 [INFO] pipeline.cvm:   DFP bpa 2025: 82 linhas
2026-05-03 15:55:33,193 [INFO] pipeline.cvm:   DFP bpp 2025: 86 linhas
2026-05-03 15:55:33,607 [INFO] pipeline.cvm:   DFP dfc_mi 2025: 96 linhas
2026-05-03 15:55:33,639 [WARNING] pipeline.cvm:   Empresa 906 não encontrada em dfc_md 2025
2026-05-03 15:55:33,954 [INFO] pipeline.cvm:   DFP dre 2025: 80 linhas
2026-05-03 15:55:34,539 [INFO] pipeline.cvm:   DFP bpa 2025: 86 linhas
2026-05-03 15:55:35,638 [INFO] pipeline.cvm:   DFP bpp 2025: 90 linhas
2026-05-03 15:55:36,162 [INFO] pipeline.cvm:   DFP dfc_mi 2025: 90 linhas
2026-05-03 15:55:36,205 [WARNING] pipeline.cvm:   Empresa 906 não encontrada em dfc_md 2025
2026-05-03 15:55:56,540 [INFO] pipeline:   BBDC4: score=82/100 | critical=1 | warnings=0
2026-05-03 15:55:56,540 [INFO] pipeline:   Relatorio: C:\Users\55819\OneDrive - EPEJUD\DIEGO\OBSIDIAN\Analista de Investimentos\12_PYTHON\pipeline banco completo\outputs\data_quality\audit_BBDC4_20260503.md
2026-05-03 15:55:56,559 [INFO] pipeline: 
======================================================================
2026-05-03 15:55:56,559 [INFO] pipeline: RESUMO DA AUDITORIA
2026-05-03 15:55:56,559 [INFO] pipeline: ======================================================================
2026-05-03 15:55:56,559 [INFO] pipeline:   Auditados: 1
2026-05-03 15:55:56,560 [INFO] pipeline:   Erros:     0
2026-05-03 15:55:56,560 [INFO] pipeline:   CSV:       C:\Users\55819\OneDrive - EPEJUD\DIEGO\OBSIDIAN\Analista de Investimentos\12_PYTHON\pipeline banco completo\outputs\data_quality\audit_all_20260503.csv
