2026-05-03 15:27:30,515 [INFO] pipeline: ======================================================================
2026-05-03 15:27:30,515 [INFO] pipeline: AUDITORIA CVM/B3 — 1 ticker(s): PETR4
2026-05-03 15:27:30,515 [INFO] pipeline: ======================================================================
2026-05-03 15:27:30,515 [INFO] pipeline: 
Auditorando PETR4...
2026-05-03 15:27:30,813 [INFO] pipeline.cvm:   DFP dre 2020: 86 linhas
2026-05-03 15:27:31,242 [INFO] pipeline.cvm:   DFP bpa 2020: 130 linhas
2026-05-03 15:27:31,948 [INFO] pipeline.cvm:   DFP bpp 2020: 218 linhas
2026-05-03 15:27:32,287 [INFO] pipeline.cvm:   DFP dfc_mi 2020: 124 linhas
2026-05-03 15:27:32,318 [WARNING] pipeline.cvm:   Empresa 9512 não encontrada em dfc_md 2020
2026-05-03 15:27:32,658 [INFO] pipeline.cvm:   DFP dre 2020: 82 linhas
2026-05-03 15:27:33,347 [INFO] pipeline.cvm:   DFP bpa 2020: 132 linhas
2026-05-03 15:27:34,896 [INFO] pipeline.cvm:   DFP bpp 2020: 220 linhas
2026-05-03 15:27:35,431 [INFO] pipeline.cvm:   DFP dfc_mi 2020: 122 linhas
2026-05-03 15:27:35,473 [WARNING] pipeline.cvm:   Empresa 9512 não encontrada em dfc_md 2020
2026-05-03 15:27:36,774 [INFO] pipeline.cvm:   ITR dre 2020 Ttodos: 430 linhas
2026-05-03 15:27:37,959 [INFO] pipeline.cvm:   ITR bpa 2020 Ttodos: 390 linhas
2026-05-03 15:27:40,011 [INFO] pipeline.cvm:   ITR bpp 2020 Ttodos: 652 linhas
2026-05-03 15:27:40,961 [INFO] pipeline.cvm:   ITR dfc_mi 2020 Ttodos: 360 linhas
2026-05-03 15:27:42,774 [INFO] pipeline.cvm:   ITR dre 2020 Ttodos: 410 linhas
2026-05-03 15:27:44,831 [INFO] pipeline.cvm:   ITR bpa 2020 Ttodos: 396 linhas
2026-05-03 15:27:48,290 [INFO] pipeline.cvm:   ITR bpp 2020 Ttodos: 658 linhas
2026-05-03 15:27:49,680 [INFO] pipeline.cvm:   ITR dfc_mi 2020 Ttodos: 358 linhas
2026-05-03 15:27:50,076 [INFO] pipeline.cvm:   DFP dre 2021: 86 linhas
2026-05-03 15:27:50,552 [INFO] pipeline.cvm:   DFP bpa 2021: 130 linhas
2026-05-03 15:27:51,343 [INFO] pipeline.cvm:   DFP bpp 2021: 218 linhas
2026-05-03 15:27:51,749 [INFO] pipeline.cvm:   DFP dfc_mi 2021: 126 linhas
2026-05-03 15:27:51,781 [WARNING] pipeline.cvm:   Empresa 9512 não encontrada em dfc_md 2021
2026-05-03 15:27:52,160 [INFO] pipeline.cvm:   DFP dre 2021: 82 linhas
2026-05-03 15:27:52,902 [INFO] pipeline.cvm:   DFP bpa 2021: 132 linhas
2026-05-03 15:27:54,062 [INFO] pipeline.cvm:   DFP bpp 2021: 220 linhas
2026-05-03 15:27:54,629 [INFO] pipeline.cvm:   DFP dfc_mi 2021: 124 linhas
2026-05-03 15:27:54,674 [WARNING] pipeline.cvm:   Empresa 9512 não encontrada em dfc_md 2021
2026-05-03 15:27:55,807 [INFO] pipeline.cvm:   ITR dre 2021 Ttodos: 430 linhas
2026-05-03 15:27:57,382 [INFO] pipeline.cvm:   ITR bpa 2021 Ttodos: 390 linhas
2026-05-03 15:27:59,919 [INFO] pipeline.cvm:   ITR bpp 2021 Ttodos: 654 linhas
2026-05-03 15:28:01,265 [INFO] pipeline.cvm:   ITR dfc_mi 2021 Ttodos: 374 linhas
2026-05-03 15:28:03,351 [INFO] pipeline.cvm:   ITR dre 2021 Ttodos: 410 linhas
2026-05-03 15:28:06,171 [INFO] pipeline.cvm:   ITR bpa 2021 Ttodos: 396 linhas
2026-05-03 15:28:10,034 [INFO] pipeline.cvm:   ITR bpp 2021 Ttodos: 660 linhas
2026-05-03 15:28:11,566 [INFO] pipeline.cvm:   ITR dfc_mi 2021 Ttodos: 368 linhas
2026-05-03 15:28:11,945 [INFO] pipeline.cvm:   DFP dre 2022: 86 linhas
2026-05-03 15:28:12,355 [INFO] pipeline.cvm:   DFP bpa 2022: 130 linhas
2026-05-03 15:28:13,222 [INFO] pipeline.cvm:   DFP bpp 2022: 218 linhas
2026-05-03 15:28:13,692 [INFO] pipeline.cvm:   DFP dfc_mi 2022: 128 linhas
2026-05-03 15:28:13,728 [WARNING] pipeline.cvm:   Empresa 9512 não encontrada em dfc_md 2022
2026-05-03 15:28:14,096 [INFO] pipeline.cvm:   DFP dre 2022: 82 linhas
2026-05-03 15:28:14,724 [INFO] pipeline.cvm:   DFP bpa 2022: 132 linhas
2026-05-03 15:28:15,827 [INFO] pipeline.cvm:   DFP bpp 2022: 220 linhas
2026-05-03 15:28:16,351 [INFO] pipeline.cvm:   DFP dfc_mi 2022: 128 linhas
2026-05-03 15:28:16,400 [WARNING] pipeline.cvm:   Empresa 9512 não encontrada em dfc_md 2022
2026-05-03 15:28:17,541 [INFO] pipeline.cvm:   ITR dre 2022 Ttodos: 430 linhas
2026-05-03 15:28:18,862 [INFO] pipeline.cvm:   ITR bpa 2022 Ttodos: 390 linhas
2026-05-03 15:28:21,010 [INFO] pipeline.cvm:   ITR bpp 2022 Ttodos: 654 linhas
2026-05-03 15:28:22,099 [INFO] pipeline.cvm:   ITR dfc_mi 2022 Ttodos: 378 linhas
2026-05-03 15:28:23,906 [INFO] pipeline.cvm:   ITR dre 2022 Ttodos: 410 linhas
2026-05-03 15:28:25,954 [INFO] pipeline.cvm:   ITR bpa 2022 Ttodos: 396 linhas
2026-05-03 15:28:29,617 [INFO] pipeline.cvm:   ITR bpp 2022 Ttodos: 660 linhas
2026-05-03 15:28:30,990 [INFO] pipeline.cvm:   ITR dfc_mi 2022 Ttodos: 372 linhas
2026-05-03 15:28:31,333 [INFO] pipeline.cvm:   DFP dre 2023: 86 linhas
2026-05-03 15:28:31,733 [INFO] pipeline.cvm:   DFP bpa 2023: 130 linhas
2026-05-03 15:28:32,407 [INFO] pipeline.cvm:   DFP bpp 2023: 220 linhas
2026-05-03 15:28:32,797 [INFO] pipeline.cvm:   DFP dfc_mi 2023: 130 linhas
2026-05-03 15:28:32,825 [WARNING] pipeline.cvm:   Empresa 9512 não encontrada em dfc_md 2023
2026-05-03 15:28:33,141 [INFO] pipeline.cvm:   DFP dre 2023: 82 linhas
2026-05-03 15:28:33,878 [INFO] pipeline.cvm:   DFP bpa 2023: 132 linhas
2026-05-03 15:28:35,083 [INFO] pipeline.cvm:   DFP bpp 2023: 222 linhas
2026-05-03 15:28:35,598 [INFO] pipeline.cvm:   DFP dfc_mi 2023: 130 linhas
2026-05-03 15:28:35,652 [WARNING] pipeline.cvm:   Empresa 9512 não encontrada em dfc_md 2023
2026-05-03 15:28:36,756 [INFO] pipeline.cvm:   ITR dre 2023 Ttodos: 430 linhas
2026-05-03 15:28:37,982 [INFO] pipeline.cvm:   ITR bpa 2023 Ttodos: 390 linhas
2026-05-03 15:28:40,194 [INFO] pipeline.cvm:   ITR bpp 2023 Ttodos: 654 linhas
2026-05-03 15:28:41,302 [INFO] pipeline.cvm:   ITR dfc_mi 2023 Ttodos: 386 linhas
2026-05-03 15:28:43,136 [INFO] pipeline.cvm:   ITR dre 2023 Ttodos: 410 linhas
2026-05-03 15:28:45,088 [INFO] pipeline.cvm:   ITR bpa 2023 Ttodos: 396 linhas
2026-05-03 15:28:48,398 [INFO] pipeline.cvm:   ITR bpp 2023 Ttodos: 660 linhas
2026-05-03 15:28:49,840 [INFO] pipeline.cvm:   ITR dfc_mi 2023 Ttodos: 382 linhas
2026-05-03 15:28:50,188 [INFO] pipeline.cvm:   DFP dre 2024: 86 linhas
2026-05-03 15:28:50,581 [INFO] pipeline.cvm:   DFP bpa 2024: 130 linhas
2026-05-03 15:28:51,268 [INFO] pipeline.cvm:   DFP bpp 2024: 220 linhas
2026-05-03 15:28:51,652 [INFO] pipeline.cvm:   DFP dfc_mi 2024: 130 linhas
2026-05-03 15:28:51,678 [WARNING] pipeline.cvm:   Empresa 9512 não encontrada em dfc_md 2024
2026-05-03 15:28:51,991 [INFO] pipeline.cvm:   DFP dre 2024: 82 linhas
2026-05-03 15:28:52,586 [INFO] pipeline.cvm:   DFP bpa 2024: 132 linhas
2026-05-03 15:28:53,728 [INFO] pipeline.cvm:   DFP bpp 2024: 222 linhas
2026-05-03 15:28:54,273 [INFO] pipeline.cvm:   DFP dfc_mi 2024: 130 linhas
2026-05-03 15:28:54,315 [WARNING] pipeline.cvm:   Empresa 9512 não encontrada em dfc_md 2024
2026-05-03 15:28:55,435 [INFO] pipeline.cvm:   ITR dre 2024 Ttodos: 430 linhas
2026-05-03 15:28:56,752 [INFO] pipeline.cvm:   ITR bpa 2024 Ttodos: 390 linhas
2026-05-03 15:28:58,871 [INFO] pipeline.cvm:   ITR bpp 2024 Ttodos: 660 linhas
2026-05-03 15:28:59,958 [INFO] pipeline.cvm:   ITR dfc_mi 2024 Ttodos: 390 linhas
2026-05-03 15:29:01,664 [INFO] pipeline.cvm:   ITR dre 2024 Ttodos: 410 linhas
2026-05-03 15:29:03,782 [INFO] pipeline.cvm:   ITR bpa 2024 Ttodos: 396 linhas
2026-05-03 15:29:07,651 [INFO] pipeline.cvm:   ITR bpp 2024 Ttodos: 666 linhas
2026-05-03 15:29:09,370 [INFO] pipeline.cvm:   ITR dfc_mi 2024 Ttodos: 388 linhas
2026-05-03 15:29:09,782 [INFO] pipeline.cvm:   DFP dre 2025: 86 linhas
2026-05-03 15:29:10,196 [INFO] pipeline.cvm:   DFP bpa 2025: 136 linhas
2026-05-03 15:29:10,927 [INFO] pipeline.cvm:   DFP bpp 2025: 220 linhas
2026-05-03 15:29:11,297 [INFO] pipeline.cvm:   DFP dfc_mi 2025: 130 linhas
2026-05-03 15:29:11,323 [WARNING] pipeline.cvm:   Empresa 9512 não encontrada em dfc_md 2025
2026-05-03 15:29:11,632 [INFO] pipeline.cvm:   DFP dre 2025: 82 linhas
2026-05-03 15:29:12,220 [INFO] pipeline.cvm:   DFP bpa 2025: 136 linhas
2026-05-03 15:29:13,326 [INFO] pipeline.cvm:   DFP bpp 2025: 222 linhas
2026-05-03 15:29:13,843 [INFO] pipeline.cvm:   DFP dfc_mi 2025: 130 linhas
2026-05-03 15:29:13,872 [WARNING] pipeline.cvm:   Empresa 9512 não encontrada em dfc_md 2025
2026-05-03 15:29:14,953 [INFO] pipeline.cvm:   ITR dre 2025 Ttodos: 430 linhas
2026-05-03 15:29:16,297 [INFO] pipeline.cvm:   ITR bpa 2025 Ttodos: 390 linhas
2026-05-03 15:29:18,598 [INFO] pipeline.cvm:   ITR bpp 2025 Ttodos: 660 linhas
2026-05-03 15:29:19,785 [INFO] pipeline.cvm:   ITR dfc_mi 2025 Ttodos: 390 linhas
2026-05-03 15:29:21,761 [INFO] pipeline.cvm:   ITR dre 2025 Ttodos: 410 linhas
2026-05-03 15:29:23,807 [INFO] pipeline.cvm:   ITR bpa 2025 Ttodos: 396 linhas
2026-05-03 15:29:27,435 [INFO] pipeline.cvm:   ITR bpp 2025 Ttodos: 666 linhas
2026-05-03 15:29:29,079 [INFO] pipeline.cvm:   ITR dfc_mi 2025 Ttodos: 388 linhas
2026-05-03 15:29:54,918 [INFO] pipeline:   PETR4: score=77/100 | critical=1 | warnings=1
2026-05-03 15:29:54,918 [INFO] pipeline:   Relatorio: C:\Users\55819\OneDrive - EPEJUD\DIEGO\OBSIDIAN\Analista de Investimentos\12_PYTHON\pipeline banco completo\outputs\data_quality\audit_PETR4_20260503.md
2026-05-03 15:29:54,928 [INFO] pipeline: 
======================================================================
2026-05-03 15:29:54,928 [INFO] pipeline: RESUMO DA AUDITORIA
2026-05-03 15:29:54,928 [INFO] pipeline: ======================================================================
2026-05-03 15:29:54,929 [INFO] pipeline:   Auditados: 1
2026-05-03 15:29:54,929 [INFO] pipeline:   Erros:     0
2026-05-03 15:29:54,929 [INFO] pipeline:   CSV:       C:\Users\55819\OneDrive - EPEJUD\DIEGO\OBSIDIAN\Analista de Investimentos\12_PYTHON\pipeline banco completo\outputs\data_quality\audit_all_20260503.csv
