2026-04-27 08:35:36,694 [INFO] pipeline: ======================================================================
2026-04-27 08:35:36,694 [INFO] pipeline: PIPELINE DE VALUATION [INDUSTRIAL] — WEGE3 — WEG
2026-04-27 08:35:36,694 [INFO] pipeline: Início: 2026-04-27 08:35:36
2026-04-27 08:35:36,694 [INFO] pipeline:   Setor: industrial | Motor: WACC
2026-04-27 08:35:36,694 [INFO] pipeline: ======================================================================
2026-04-27 08:35:36,694 [INFO] pipeline: 
[1/6] Coletando dados de mercado...
2026-04-27 08:35:36,910 [INFO] pipeline:   Buscando cotação via yfinance...
2026-04-27 08:35:36,910 [INFO] pipeline.mercado: Buscando cotação atual: WEGE3.SA
2026-04-27 08:35:41,283 [INFO] pipeline:   Cotação ON: R$ 47.80  |  Cotação PN: R$ 0.00
2026-04-27 08:35:41,979 [INFO] pipeline.mercado: Calculando beta: WEGE3 (252 dias úteis)
2026-04-27 08:35:42,076 [INFO] pipeline.mercado:   Beta estatístico: 0.7070 | R²: 0.135 | n=251
2026-04-27 08:35:42,078 [INFO] pipeline:   Beta estatístico: 0.707 | Beta utilizado: 0.850
2026-04-27 08:35:42,078 [INFO] pipeline: 
[2/6] Coletando dados macroeconômicos (BCB)...
2026-04-27 08:36:12,878 [WARNING] pipeline.macro: Não foi possível obter Focus Selic: 400 Client Error: Bad Request for url: https://olinda.bcb.gov.br/olinda/servico/Expectativas/versao/v1/odata/ExpectativasMercadoAnuais?%24filter=Indicador%20eq%20'Selic'&%24top=100&%24format=json&%24select=Indicador,Data,Ano,Mediana
2026-04-27 08:36:44,055 [WARNING] pipeline.macro: Não foi possível obter Focus IPCA: 400 Client Error: Bad Request for url: https://olinda.bcb.gov.br/olinda/servico/Expectativas/versao/v1/odata/ExpectativasMercadoAnuais?%24filter=Indicador%20eq%20'IPCA'&%24top=100&%24format=json&%24select=Indicador,Data,Ano,Mediana
2026-04-27 08:36:44,055 [INFO] pipeline.macro: 
=== Coletando dados macroeconômicos ===
2026-04-27 08:36:44,056 [INFO] pipeline.macro: Baixando série BCB 432...
2026-04-27 08:37:15,208 [ERROR] pipeline.macro: Erro ao baixar série BCB 432: 406 Client Error: Not Acceptable for url: https://api.bcb.gov.br/dados/serie/bcdata.sgs.432/dados?formato=json&dataInicial=01%2F01%2F2010&dataFinal=27%2F04%2F2026
2026-04-27 08:37:15,212 [WARNING] pipeline.macro: Série Selic meta sem DatetimeIndex — usando fallback histórico
2026-04-27 08:37:15,212 [INFO] pipeline.macro: Baixando série BCB 12...
2026-04-27 08:37:15,381 [ERROR] pipeline.macro: Erro ao baixar série BCB 12: 406 Client Error: Not Acceptable for url: https://api.bcb.gov.br/dados/serie/bcdata.sgs.12/dados?formato=json&dataInicial=01%2F01%2F2010&dataFinal=27%2F04%2F2026
2026-04-27 08:37:15,381 [WARNING] pipeline.macro: Série DI sem DatetimeIndex — usando fallback histórico
2026-04-27 08:37:15,389 [WARNING] pipeline.macro: IPCA calculado fora do intervalo plausível (55.3%) para 2019 — usando fallback
2026-04-27 08:37:15,389 [WARNING] pipeline.macro: IPCA calculado fora do intervalo plausível (46.1%) para 2020 — usando fallback
2026-04-27 08:37:15,389 [WARNING] pipeline.macro: IPCA calculado fora do intervalo plausível (159.3%) para 2021 — usando fallback
2026-04-27 08:37:15,389 [WARNING] pipeline.macro: IPCA calculado fora do intervalo plausível (191.2%) para 2022 — usando fallback
2026-04-27 08:37:15,389 [WARNING] pipeline.macro: IPCA calculado fora do intervalo plausível (71.5%) para 2023 — usando fallback
2026-04-27 08:37:15,390 [WARNING] pipeline.macro: IPCA calculado fora do intervalo plausível (67.0%) para 2024 — usando fallback
2026-04-27 08:37:15,390 [INFO] pipeline.macro: Baixando série BCB 258...
2026-04-27 08:37:15,567 [ERROR] pipeline.macro: Erro ao baixar série BCB 258: 406 Client Error: Not Acceptable for url: https://api.bcb.gov.br/dados/serie/bcdata.sgs.258/dados?formato=json&dataInicial=01%2F01%2F2010&dataFinal=27%2F04%2F2026
2026-04-27 08:37:15,567 [WARNING] pipeline.macro: Série TJLP sem DatetimeIndex — usando fallback histórico
2026-04-27 08:37:15,576 [WARNING] pipeline.macro: IPCA calculado fora do intervalo plausível (55.3%) para 2019 — usando fallback
2026-04-27 08:37:15,576 [WARNING] pipeline.macro: IPCA calculado fora do intervalo plausível (46.1%) para 2020 — usando fallback
2026-04-27 08:37:15,576 [WARNING] pipeline.macro: IPCA calculado fora do intervalo plausível (159.3%) para 2021 — usando fallback
2026-04-27 08:37:15,576 [WARNING] pipeline.macro: IPCA calculado fora do intervalo plausível (191.2%) para 2022 — usando fallback
2026-04-27 08:37:15,577 [WARNING] pipeline.macro: IPCA calculado fora do intervalo plausível (71.5%) para 2023 — usando fallback
2026-04-27 08:37:15,577 [WARNING] pipeline.macro: IPCA calculado fora do intervalo plausível (67.0%) para 2024 — usando fallback
2026-04-27 08:37:15,577 [INFO] pipeline.macro: 
RESUMO MACRO HISTÓRICO:
2026-04-27 08:37:15,577 [INFO] pipeline.macro:   selic_meta     : 2020: 2.00% | 2021: 9.25% | 2022: 13.75% | 2023: 11.75% | 2024: 11.75%
2026-04-27 08:37:15,577 [INFO] pipeline.macro:   selic_efet     : 2020: 2.28% | 2021: 4.48% | 2022: 12.33% | 2023: 13.15% | 2024: 10.73%
2026-04-27 08:37:15,577 [INFO] pipeline.macro:   ipca           : 2020: 4.52% | 2021: 10.06% | 2022: 5.62% | 2023: 4.62% | 2024: 4.83%
2026-04-27 08:37:15,577 [INFO] pipeline.macro:   tjlp           : 2020: 5.25% | 2021: 5.25% | 2022: 6.25% | 2023: 7.00% | 2024: 7.00%
2026-04-27 08:37:15,577 [INFO] pipeline.macro:   cds            : 2020: 0.44% | 2021: 0.73% | 2022: 1.26% | 2023: 0.84% | 2024: 0.81%
2026-04-27 08:37:15,577 [INFO] pipeline.macro:   inflacao_impl  : 2020: 4.52% | 2021: 10.06% | 2022: 5.62% | 2023: 4.62% | 2024: 4.83%
2026-04-27 08:37:15,577 [INFO] pipeline: 
[3/6] Baixando demonstrações financeiras (CVM)...
2026-04-27 08:37:15,579 [INFO] pipeline.cvm: 
==================================================
2026-04-27 08:37:15,579 [INFO] pipeline.cvm: Baixando DFP 2019...
2026-04-27 08:37:15,665 [INFO] pipeline.cvm:   DFP dre 2019: 64 linhas
2026-04-27 08:37:15,796 [INFO] pipeline.cvm:   DFP bpa 2019: 130 linhas
2026-04-27 08:37:16,018 [INFO] pipeline.cvm:   DFP bpp 2019: 238 linhas
2026-04-27 08:37:16,124 [INFO] pipeline.cvm:   DFP dfc_mi 2019: 94 linhas
2026-04-27 08:37:16,134 [WARNING] pipeline.cvm:   Empresa 5410 não encontrada em dfc_md 2019
2026-04-27 08:37:16,134 [INFO] pipeline.cvm: 
==================================================
2026-04-27 08:37:16,134 [INFO] pipeline.cvm: Baixando DFP 2020...
2026-04-27 08:37:16,203 [INFO] pipeline.cvm:   DFP dre 2020: 64 linhas
2026-04-27 08:37:16,336 [INFO] pipeline.cvm:   DFP bpa 2020: 130 linhas
2026-04-27 08:37:16,584 [INFO] pipeline.cvm:   DFP bpp 2020: 238 linhas
2026-04-27 08:37:16,711 [INFO] pipeline.cvm:   DFP dfc_mi 2020: 94 linhas
2026-04-27 08:37:16,723 [WARNING] pipeline.cvm:   Empresa 5410 não encontrada em dfc_md 2020
2026-04-27 08:37:16,723 [INFO] pipeline.cvm: 
==================================================
2026-04-27 08:37:16,723 [INFO] pipeline.cvm: Baixando DFP 2021...
2026-04-27 08:37:16,798 [INFO] pipeline.cvm:   DFP dre 2021: 64 linhas
2026-04-27 08:37:16,941 [INFO] pipeline.cvm:   DFP bpa 2021: 130 linhas
2026-04-27 08:37:17,197 [INFO] pipeline.cvm:   DFP bpp 2021: 238 linhas
2026-04-27 08:37:17,329 [INFO] pipeline.cvm:   DFP dfc_mi 2021: 96 linhas
2026-04-27 08:37:17,341 [WARNING] pipeline.cvm:   Empresa 5410 não encontrada em dfc_md 2021
2026-04-27 08:37:17,341 [INFO] pipeline.cvm: 
==================================================
2026-04-27 08:37:17,341 [INFO] pipeline.cvm: Baixando DFP 2022...
2026-04-27 08:37:17,417 [INFO] pipeline.cvm:   DFP dre 2022: 68 linhas
2026-04-27 08:37:17,565 [INFO] pipeline.cvm:   DFP bpa 2022: 136 linhas
2026-04-27 08:37:17,840 [INFO] pipeline.cvm:   DFP bpp 2022: 238 linhas
2026-04-27 08:37:17,975 [INFO] pipeline.cvm:   DFP dfc_mi 2022: 98 linhas
2026-04-27 08:37:17,989 [WARNING] pipeline.cvm:   Empresa 5410 não encontrada em dfc_md 2022
2026-04-27 08:37:17,989 [INFO] pipeline.cvm: 
==================================================
2026-04-27 08:37:17,989 [INFO] pipeline.cvm: Baixando DFP 2023...
2026-04-27 08:37:18,068 [INFO] pipeline.cvm:   DFP dre 2023: 68 linhas
2026-04-27 08:37:18,222 [INFO] pipeline.cvm:   DFP bpa 2023: 136 linhas
2026-04-27 08:37:18,503 [INFO] pipeline.cvm:   DFP bpp 2023: 236 linhas
2026-04-27 08:37:18,648 [INFO] pipeline.cvm:   DFP dfc_mi 2023: 112 linhas
2026-04-27 08:37:18,661 [WARNING] pipeline.cvm:   Empresa 5410 não encontrada em dfc_md 2023
2026-04-27 08:37:18,661 [INFO] pipeline.cvm: 
==================================================
2026-04-27 08:37:18,661 [INFO] pipeline.cvm: Baixando DFP 2024...
2026-04-27 08:37:18,738 [INFO] pipeline.cvm:   DFP dre 2024: 68 linhas
2026-04-27 08:37:18,886 [INFO] pipeline.cvm:   DFP bpa 2024: 136 linhas
2026-04-27 08:37:19,201 [INFO] pipeline.cvm:   DFP bpp 2024: 236 linhas
2026-04-27 08:37:19,354 [INFO] pipeline.cvm:   DFP dfc_mi 2024: 112 linhas
2026-04-27 08:37:19,367 [WARNING] pipeline.cvm:   Empresa 5410 não encontrada em dfc_md 2024
2026-04-27 08:37:19,367 [INFO] pipeline: 
[4/6] Normalizando dados...
2026-04-27 08:37:19,648 [INFO] pipeline:   DFC normalizada: 11 linhas
2026-04-27 08:37:19,649 [INFO] pipeline:   DRE normalizada:
2026-04-27 08:37:19,649 [INFO] pipeline:     receita_liquida: 2019: 13,347 | 2020: 17,470 | 2021: 23,563 | 2022: 29,905 | 2023: 32,504 | 2024: 37,987
2026-04-27 08:37:19,649 [INFO] pipeline:     ebit: 2019: 1,848 | 2020: 2,816 | 2021: 4,158 | 2022: 5,052 | 2023: 6,462 | 2024: 7,691
2026-04-27 08:37:19,649 [INFO] pipeline:     lucro_liquido: 2019: 1,615 | 2020: 2,341 | 2021: 3,586 | 2022: 4,208 | 2023: 5,732 | 2024: 6,043
2026-04-27 08:37:19,649 [INFO] pipeline: 
[5/6] Calculando projeções...
2026-04-27 08:37:19,651 [INFO] pipeline.projecoes: 
=== Projeções (não-financeira / FCFF) ===
2026-04-27 08:37:19,651 [INFO] pipeline.projecoes:   Margem EBITDA: 22.4% → 23.0% (conv 6a)
2026-04-27 08:37:19,652 [INFO] pipeline.projecoes:   D&A/Receita: 2.3%
2026-04-27 08:37:19,652 [INFO] pipeline.projecoes:   CAPEX/Receita: 4.1% → 5.0%
2026-04-27 08:37:19,652 [INFO] pipeline.projecoes:   NCG/Receita: 35.5% → 15.0%
2026-04-27 08:37:19,652 [INFO] pipeline.projecoes:   Alíquota efetiva: 15.5%
2026-04-27 08:37:19,652 [INFO] pipeline.projecoes: Projeções concluídas (FCFF). Resumo:
2026-04-27 08:37:19,652 [INFO] pipeline.projecoes:    Ano      Receita     EBITDA    Mg%      NOPAT       FCFF
2026-04-27 08:37:19,652 [INFO] pipeline.projecoes:   2025       40,899      9,201  22.5%      6,974      6,843
2026-04-27 08:37:19,652 [INFO] pipeline.projecoes:   2026       43,899      9,920  22.6%      7,523      7,437
2026-04-27 08:37:19,653 [INFO] pipeline.projecoes:   2027       46,971     10,662  22.7%      8,089      8,082
2026-04-27 08:37:19,653 [INFO] pipeline.projecoes:   2028       50,103     11,423  22.8%      8,671      8,742
2026-04-27 08:37:19,653 [INFO] pipeline.projecoes:   2029       53,276     12,200  22.9%      9,265      9,411
2026-04-27 08:37:19,653 [INFO] pipeline.valuation:   Estrutura de capital: E=95% | D=5%
2026-04-27 08:37:19,653 [INFO] pipeline: 
[6/6] Calculando valuation (FCFF / WACC)...
2026-04-27 08:37:19,653 [INFO] pipeline.valuation: 
==================================================
2026-04-27 08:37:19,653 [INFO] pipeline.valuation: VALUATION FCFF/WACC — BBDC4
2026-04-27 08:37:19,653 [INFO] pipeline.valuation:   VP FCFF (10a):     R$       48,387 MM
2026-04-27 08:37:19,653 [INFO] pipeline.valuation:   Valor Perp. (VP):  R$      107,192 MM
2026-04-27 08:37:19,653 [INFO] pipeline.valuation:   ENTERPRISE VALUE:  R$      155,579 MM
2026-04-27 08:37:19,653 [INFO] pipeline.valuation:   (-) Dívida Líq.:   R$       -4,401 MM
2026-04-27 08:37:19,653 [INFO] pipeline.valuation:   VALOR DO EQUITY:   R$      159,980 MM
2026-04-27 08:37:19,653 [INFO] pipeline.valuation:   Preço Justo ON:    R$    38.13
2026-04-27 08:37:19,653 [INFO] pipeline.valuation:   Preço Justo PN:    R$    38.13
2026-04-27 08:37:19,653 [INFO] pipeline.valuation:   Cotação ON:        R$    47.80
2026-04-27 08:37:19,653 [INFO] pipeline.valuation:   Upside ON:              -20.2%
2026-04-27 08:37:19,653 [INFO] pipeline.valuation:   TIR (ON):                 8.6%
2026-04-27 08:37:19,653 [INFO] pipeline.valuation:   WACC último ano:          9.6%
2026-04-27 08:37:34,816 [INFO] pipeline:   Template encontrado (empresa): Valuation WEG (DCF) 1T24 - VAROS.xlsx
2026-04-27 08:37:38,410 [INFO] pipeline.excel_geral: 
============================================================
2026-04-27 08:37:38,410 [INFO] pipeline.excel_geral: Escrevendo template (não-financeira): Valuation_WEGE3_WEG_20260427.xlsx
2026-04-27 08:38:11,066 [INFO] pipeline.excel_geral:   → Dashboard
2026-04-27 08:38:11,067 [INFO] pipeline.excel_geral:   → Ke / WACC
2026-04-27 08:38:11,068 [INFO] pipeline.excel_geral:   → DRE
2026-04-27 08:38:11,068 [INFO] pipeline.excel_geral:   → Balanço Patrimonial
2026-04-27 08:38:11,069 [INFO] pipeline.excel_geral:   → DCF / Valuation
2026-04-27 08:38:11,069 [INFO] pipeline.excel_geral:   → Indicadores
2026-04-27 08:38:11,070 [WARNING] pipeline.excel_geral:   Aba 'Indicadores' não encontrada no template
2026-04-27 08:38:11,070 [WARNING] pipeline.excel_geral:   Aba 'KPIs' não encontrada no template
2026-04-27 08:38:11,070 [WARNING] pipeline.excel_geral:   Aba 'Ratios' não encontrada no template
2026-04-27 08:38:23,304 [INFO] pipeline.excel_geral: 
Arquivo salvo: /Users/diegocarvalho/Library/CloudStorage/OneDrive-EPEJUD/DIEGO/OBSIDIAN/Analista de Investimentos/12_PYTHON/pipeline banco completo/outputs/Valuation_WEGE3_WEG_20260427.xlsx
2026-04-27 08:38:23,306 [INFO] pipeline: 
======================================================================
2026-04-27 08:38:23,306 [INFO] pipeline: RESUMO DO VALUATION (FCFF/WACC)
2026-04-27 08:38:23,306 [INFO] pipeline: ======================================================================
2026-04-27 08:38:23,306 [INFO] pipeline:   Empresa:           WEG (WEGE3)
2026-04-27 08:38:23,306 [INFO] pipeline:   Enterprise Value:  R$      155,579 MM
2026-04-27 08:38:23,306 [INFO] pipeline:   Cotação ON:        R$ 47.80
2026-04-27 08:38:23,306 [INFO] pipeline:   Preço Justo ON:    R$ 38.13
2026-04-27 08:38:23,306 [INFO] pipeline:   Upside ON:            -20.2%
2026-04-27 08:38:23,306 [INFO] pipeline:   TIR:                  8.6%
2026-04-27 08:38:23,306 [INFO] pipeline:   Preço Teto ON:     R$ 38.13
2026-04-27 08:38:23,306 [INFO] pipeline: 
  Arquivo gerado:    /Users/diegocarvalho/Library/CloudStorage/OneDrive-EPEJUD/DIEGO/OBSIDIAN/Analista de Investimentos/12_PYTHON/pipeline banco completo/outputs/Valuation_WEGE3_WEG_20260427.xlsx
2026-04-27 08:38:23,306 [INFO] pipeline: ======================================================================
