2026-05-03 15:58:43,453 [INFO] pipeline: ======================================================================
2026-05-03 15:58:43,454 [INFO] pipeline: AUDITORIA CVM/B3 — 1 ticker(s): BBDC4
2026-05-03 15:58:43,454 [INFO] pipeline: ======================================================================
2026-05-03 15:58:43,454 [INFO] pipeline: 
Auditorando BBDC4...
2026-05-03 15:58:43,766 [INFO] pipeline.cvm:   DFP dre 2020: 82 linhas
2026-05-03 15:58:44,199 [INFO] pipeline.cvm:   DFP bpa 2020: 82 linhas
2026-05-03 15:58:44,894 [INFO] pipeline.cvm:   DFP bpp 2020: 96 linhas
2026-05-03 15:58:45,255 [INFO] pipeline.cvm:   DFP dfc_mi 2020: 94 linhas
2026-05-03 15:58:45,288 [WARNING] pipeline.cvm:   Empresa 906 não encontrada em dfc_md 2020
2026-05-03 15:58:45,654 [INFO] pipeline.cvm:   DFP dre 2020: 80 linhas
2026-05-03 15:58:46,303 [INFO] pipeline.cvm:   DFP bpa 2020: 84 linhas
2026-05-03 15:58:47,473 [INFO] pipeline.cvm:   DFP bpp 2020: 90 linhas
2026-05-03 15:58:48,004 [INFO] pipeline.cvm:   DFP dfc_mi 2020: 86 linhas
2026-05-03 15:58:48,050 [WARNING] pipeline.cvm:   Empresa 906 não encontrada em dfc_md 2020
2026-05-03 15:58:48,293 [INFO] pipeline.cvm:   DFP dre 2021: 82 linhas
2026-05-03 15:58:48,800 [INFO] pipeline.cvm:   DFP bpa 2021: 82 linhas
2026-05-03 15:58:49,595 [INFO] pipeline.cvm:   DFP bpp 2021: 86 linhas
2026-05-03 15:58:49,954 [WARNING] pipeline.cvm:   Empresa 906 não encontrada em dfc_mi 2021
2026-05-03 15:58:49,990 [INFO] pipeline.cvm:   DFP dfc_md 2021: 64 linhas
2026-05-03 15:58:50,314 [INFO] pipeline.cvm:   DFP dre 2021: 80 linhas
2026-05-03 15:58:50,978 [INFO] pipeline.cvm:   DFP bpa 2021: 84 linhas
2026-05-03 15:58:52,232 [INFO] pipeline.cvm:   DFP bpp 2021: 90 linhas
2026-05-03 15:58:52,748 [INFO] pipeline.cvm:   DFP dfc_mi 2021: 88 linhas
2026-05-03 15:58:52,801 [WARNING] pipeline.cvm:   Empresa 906 não encontrada em dfc_md 2021
2026-05-03 15:58:53,028 [INFO] pipeline.cvm:   DFP dre 2022: 82 linhas
2026-05-03 15:58:53,466 [INFO] pipeline.cvm:   DFP bpa 2022: 82 linhas
2026-05-03 15:58:54,204 [INFO] pipeline.cvm:   DFP bpp 2022: 86 linhas
2026-05-03 15:58:54,579 [INFO] pipeline.cvm:   DFP dfc_mi 2022: 96 linhas
2026-05-03 15:58:54,614 [WARNING] pipeline.cvm:   Empresa 906 não encontrada em dfc_md 2022
2026-05-03 15:58:54,954 [INFO] pipeline.cvm:   DFP dre 2022: 82 linhas
2026-05-03 15:58:55,630 [INFO] pipeline.cvm:   DFP bpa 2022: 84 linhas
2026-05-03 15:58:56,733 [INFO] pipeline.cvm:   DFP bpp 2022: 90 linhas
2026-05-03 15:58:57,257 [INFO] pipeline.cvm:   DFP dfc_mi 2022: 88 linhas
2026-05-03 15:58:57,309 [WARNING] pipeline.cvm:   Empresa 906 não encontrada em dfc_md 2022
2026-05-03 15:58:57,549 [INFO] pipeline.cvm:   DFP dre 2023: 82 linhas
2026-05-03 15:58:58,024 [INFO] pipeline.cvm:   DFP bpa 2023: 82 linhas
2026-05-03 15:58:58,761 [INFO] pipeline.cvm:   DFP bpp 2023: 86 linhas
2026-05-03 15:58:59,167 [INFO] pipeline.cvm:   DFP dfc_mi 2023: 96 linhas
2026-05-03 15:58:59,201 [WARNING] pipeline.cvm:   Empresa 906 não encontrada em dfc_md 2023
2026-05-03 15:58:59,540 [INFO] pipeline.cvm:   DFP dre 2023: 82 linhas
2026-05-03 15:59:00,227 [INFO] pipeline.cvm:   DFP bpa 2023: 84 linhas
2026-05-03 15:59:01,396 [INFO] pipeline.cvm:   DFP bpp 2023: 90 linhas
2026-05-03 15:59:01,959 [INFO] pipeline.cvm:   DFP dfc_mi 2023: 88 linhas
2026-05-03 15:59:02,009 [WARNING] pipeline.cvm:   Empresa 906 não encontrada em dfc_md 2023
2026-05-03 15:59:02,250 [INFO] pipeline.cvm:   DFP dre 2024: 82 linhas
2026-05-03 15:59:02,793 [INFO] pipeline.cvm:   DFP bpa 2024: 82 linhas
2026-05-03 15:59:03,556 [INFO] pipeline.cvm:   DFP bpp 2024: 86 linhas
2026-05-03 15:59:04,006 [INFO] pipeline.cvm:   DFP dfc_mi 2024: 96 linhas
2026-05-03 15:59:04,033 [WARNING] pipeline.cvm:   Empresa 906 não encontrada em dfc_md 2024
2026-05-03 15:59:04,362 [INFO] pipeline.cvm:   DFP dre 2024: 82 linhas
2026-05-03 15:59:04,992 [INFO] pipeline.cvm:   DFP bpa 2024: 84 linhas
2026-05-03 15:59:06,263 [INFO] pipeline.cvm:   DFP bpp 2024: 90 linhas
2026-05-03 15:59:06,838 [INFO] pipeline.cvm:   DFP dfc_mi 2024: 88 linhas
2026-05-03 15:59:06,896 [WARNING] pipeline.cvm:   Empresa 906 não encontrada em dfc_md 2024
2026-05-03 15:59:07,107 [INFO] pipeline.cvm:   DFP dre 2025: 82 linhas
2026-05-03 15:59:07,533 [INFO] pipeline.cvm:   DFP bpa 2025: 82 linhas
2026-05-03 15:59:08,290 [INFO] pipeline.cvm:   DFP bpp 2025: 86 linhas
2026-05-03 15:59:08,660 [INFO] pipeline.cvm:   DFP dfc_mi 2025: 96 linhas
2026-05-03 15:59:08,689 [WARNING] pipeline.cvm:   Empresa 906 não encontrada em dfc_md 2025
2026-05-03 15:59:08,984 [INFO] pipeline.cvm:   DFP dre 2025: 80 linhas
2026-05-03 15:59:09,631 [INFO] pipeline.cvm:   DFP bpa 2025: 86 linhas
2026-05-03 15:59:10,798 [INFO] pipeline.cvm:   DFP bpp 2025: 90 linhas
2026-05-03 15:59:11,305 [INFO] pipeline.cvm:   DFP dfc_mi 2025: 90 linhas
2026-05-03 15:59:11,343 [WARNING] pipeline.cvm:   Empresa 906 não encontrada em dfc_md 2025
2026-05-03 15:59:33,713 [INFO] pipeline:   BBDC4: score=82/100 | critical=1 | warnings=0
2026-05-03 15:59:33,713 [INFO] pipeline:   Relatorio: C:\Users\55819\OneDrive - EPEJUD\DIEGO\OBSIDIAN\Analista de Investimentos\12_PYTHON\pipeline banco completo\outputs\data_quality\audit_BBDC4_20260503.md
2026-05-03 15:59:33,731 [INFO] pipeline: 
======================================================================
2026-05-03 15:59:33,731 [INFO] pipeline: RESUMO DA AUDITORIA
2026-05-03 15:59:33,731 [INFO] pipeline: ======================================================================
2026-05-03 15:59:33,731 [INFO] pipeline:   Auditados: 1
2026-05-03 15:59:33,731 [INFO] pipeline:   Erros:     0
2026-05-03 15:59:33,731 [INFO] pipeline:   CSV:       C:\Users\55819\OneDrive - EPEJUD\DIEGO\OBSIDIAN\Analista de Investimentos\12_PYTHON\pipeline banco completo\outputs\data_quality\audit_all_20260503.csv
