2026-04-16 02:16:20,832 [INFO] pipeline: ======================================================================
2026-04-16 02:16:20,833 [INFO] pipeline: MODO BATCH — 5 empresa(s): BBDC4, BBAS3, ITUB4, SANB11, BPAC11
2026-04-16 02:16:20,833 [INFO] pipeline: ======================================================================
2026-04-16 02:16:20,833 [INFO] pipeline: 
──────────────────────────────────────────────────────────────────────
2026-04-16 02:16:20,833 [INFO] pipeline: Processando: BBDC4 (Bradesco)
2026-04-16 02:16:20,833 [INFO] pipeline: ──────────────────────────────────────────────────────────────────────
2026-04-16 02:16:20,833 [INFO] pipeline: ======================================================================
2026-04-16 02:16:20,833 [INFO] pipeline: PIPELINE DE VALUATION BANCÁRIO — BBDC4 — Bradesco
2026-04-16 02:16:20,833 [INFO] pipeline: Início: 2026-04-16 02:16:20
2026-04-16 02:16:20,833 [INFO] pipeline: ======================================================================
2026-04-16 02:16:20,834 [INFO] pipeline:   Banco cadastrado: Bradesco | tipo: ON_PN
2026-04-16 02:16:20,834 [INFO] pipeline: 
[1/6] Coletando dados de mercado...
2026-04-16 02:16:21,293 [INFO] pipeline:   Buscando cotação via yfinance...
2026-04-16 02:16:21,293 [INFO] pipeline.mercado: Buscando cotação atual: BBDC4.SA
2026-04-16 02:16:22,380 [INFO] pipeline.mercado: Buscando cotação atual: BBDC3.SA
2026-04-16 02:16:22,955 [INFO] pipeline:   Cotação ON: R$ 17.99  |  Cotação PN: R$ 20.80
2026-04-16 02:16:22,955 [INFO] pipeline:   Ações (fonte: bancos.py): ON=5,294,000 mil | PN=5,270,000 mil
2026-04-16 02:16:22,955 [INFO] pipeline.mercado: Calculando beta: BBDC4 (252 dias úteis)
2026-04-16 02:16:23,063 [INFO] pipeline.mercado:   Beta estatístico: 1.3142 | R²: 0.539 | n=251
2026-04-16 02:16:23,065 [INFO] pipeline:   Beta estatístico: 1.314 | Beta utilizado: 0.850
2026-04-16 02:16:23,065 [INFO] pipeline: 
[2/6] Coletando dados macroeconômicos (BCB)...
2026-04-16 02:16:23,358 [WARNING] pipeline.macro: Não foi possível obter Focus Selic: 400 Client Error: Bad Request for url: https://olinda.bcb.gov.br/olinda/servico/Expectativas/versao/v1/odata/ExpectativasMercadoAnuais?%24filter=Indicador%20eq%20'Selic'&%24top=100&%24format=json&%24select=Indicador,Data,Ano,Mediana
2026-04-16 02:16:23,669 [WARNING] pipeline.macro: Não foi possível obter Focus IPCA: 400 Client Error: Bad Request for url: https://olinda.bcb.gov.br/olinda/servico/Expectativas/versao/v1/odata/ExpectativasMercadoAnuais?%24filter=Indicador%20eq%20'IPCA'&%24top=100&%24format=json&%24select=Indicador,Data,Ano,Mediana
2026-04-16 02:16:23,671 [INFO] pipeline.macro: 
=== Coletando dados macroeconômicos ===
2026-04-16 02:16:23,671 [INFO] pipeline.macro: Baixando série BCB 432...
2026-04-16 02:16:23,964 [ERROR] pipeline.macro: Erro ao baixar série BCB 432: 406 Client Error: Not Acceptable for url: https://api.bcb.gov.br/dados/serie/bcdata.sgs.432/dados?formato=json&dataInicial=01%2F01%2F2010&dataFinal=16%2F04%2F2026
2026-04-16 02:16:23,965 [WARNING] pipeline.macro: Série Selic meta sem DatetimeIndex — usando fallback histórico
2026-04-16 02:16:23,966 [INFO] pipeline.macro: Baixando série BCB 12...
2026-04-16 02:16:24,062 [ERROR] pipeline.macro: Erro ao baixar série BCB 12: 406 Client Error: Not Acceptable for url: https://api.bcb.gov.br/dados/serie/bcdata.sgs.12/dados?formato=json&dataInicial=01%2F01%2F2010&dataFinal=16%2F04%2F2026
2026-04-16 02:16:24,063 [WARNING] pipeline.macro: Série DI sem DatetimeIndex — usando fallback histórico
2026-04-16 02:16:24,068 [WARNING] pipeline.macro: IPCA calculado fora do intervalo plausível (55.3%) para 2019 — usando fallback
2026-04-16 02:16:24,069 [WARNING] pipeline.macro: IPCA calculado fora do intervalo plausível (46.1%) para 2020 — usando fallback
2026-04-16 02:16:24,070 [WARNING] pipeline.macro: IPCA calculado fora do intervalo plausível (159.3%) para 2021 — usando fallback
2026-04-16 02:16:24,071 [WARNING] pipeline.macro: IPCA calculado fora do intervalo plausível (191.2%) para 2022 — usando fallback
2026-04-16 02:16:24,072 [WARNING] pipeline.macro: IPCA calculado fora do intervalo plausível (71.5%) para 2023 — usando fallback
2026-04-16 02:16:24,072 [WARNING] pipeline.macro: IPCA calculado fora do intervalo plausível (67.0%) para 2024 — usando fallback
2026-04-16 02:16:24,073 [INFO] pipeline.macro: Baixando série BCB 258...
2026-04-16 02:16:24,169 [ERROR] pipeline.macro: Erro ao baixar série BCB 258: 406 Client Error: Not Acceptable for url: https://api.bcb.gov.br/dados/serie/bcdata.sgs.258/dados?formato=json&dataInicial=01%2F01%2F2010&dataFinal=16%2F04%2F2026
2026-04-16 02:16:24,170 [WARNING] pipeline.macro: Série TJLP sem DatetimeIndex — usando fallback histórico
2026-04-16 02:16:24,181 [WARNING] pipeline.macro: IPCA calculado fora do intervalo plausível (55.3%) para 2019 — usando fallback
2026-04-16 02:16:24,182 [WARNING] pipeline.macro: IPCA calculado fora do intervalo plausível (46.1%) para 2020 — usando fallback
2026-04-16 02:16:24,183 [WARNING] pipeline.macro: IPCA calculado fora do intervalo plausível (159.3%) para 2021 — usando fallback
2026-04-16 02:16:24,183 [WARNING] pipeline.macro: IPCA calculado fora do intervalo plausível (191.2%) para 2022 — usando fallback
2026-04-16 02:16:24,183 [WARNING] pipeline.macro: IPCA calculado fora do intervalo plausível (71.5%) para 2023 — usando fallback
2026-04-16 02:16:24,184 [WARNING] pipeline.macro: IPCA calculado fora do intervalo plausível (67.0%) para 2024 — usando fallback
2026-04-16 02:16:24,184 [INFO] pipeline.macro: 
RESUMO MACRO HISTÓRICO:
2026-04-16 02:16:24,184 [INFO] pipeline.macro:   selic_meta     : 2020: 2.00% | 2021: 9.25% | 2022: 13.75% | 2023: 11.75% | 2024: 11.75%
2026-04-16 02:16:24,184 [INFO] pipeline.macro:   selic_efet     : 2020: 2.28% | 2021: 4.48% | 2022: 12.33% | 2023: 13.15% | 2024: 10.73%
2026-04-16 02:16:24,185 [INFO] pipeline.macro:   ipca           : 2020: 4.52% | 2021: 10.06% | 2022: 5.62% | 2023: 4.62% | 2024: 4.83%
2026-04-16 02:16:24,185 [INFO] pipeline.macro:   tjlp           : 2020: 5.25% | 2021: 5.25% | 2022: 6.25% | 2023: 7.00% | 2024: 7.00%
2026-04-16 02:16:24,185 [INFO] pipeline.macro:   cds            : 2020: 0.44% | 2021: 0.73% | 2022: 1.26% | 2023: 0.84% | 2024: 0.81%
2026-04-16 02:16:24,185 [INFO] pipeline.macro:   inflacao_impl  : 2020: 4.52% | 2021: 10.06% | 2022: 5.62% | 2023: 4.62% | 2024: 4.83%
2026-04-16 02:16:24,185 [INFO] pipeline: 
[3/6] Baixando demonstrações financeiras (CVM)...
2026-04-16 02:16:24,187 [INFO] pipeline.cvm: 
==================================================
2026-04-16 02:16:24,188 [INFO] pipeline.cvm: Baixando DFP 2019...
2026-04-16 02:16:24,415 [INFO] pipeline.cvm:   DFP dre 2019: 88 linhas
2026-04-16 02:16:24,745 [INFO] pipeline.cvm:   DFP bpa 2019: 68 linhas
2026-04-16 02:16:25,326 [INFO] pipeline.cvm:   DFP bpp 2019: 100 linhas
2026-04-16 02:16:25,626 [INFO] pipeline.cvm:   DFP dfc_mi 2019: 146 linhas
2026-04-16 02:16:25,651 [WARNING] pipeline.cvm:   Empresa 906 não encontrada em dfc_md 2019
2026-04-16 02:16:25,651 [INFO] pipeline.cvm: 
==================================================
2026-04-16 02:16:25,652 [INFO] pipeline.cvm: Baixando DFP 2020...
2026-04-16 02:16:25,869 [INFO] pipeline.cvm:   DFP dre 2020: 82 linhas
2026-04-16 02:16:26,250 [INFO] pipeline.cvm:   DFP bpa 2020: 82 linhas
2026-04-16 02:16:26,896 [INFO] pipeline.cvm:   DFP bpp 2020: 96 linhas
2026-04-16 02:16:27,244 [INFO] pipeline.cvm:   DFP dfc_mi 2020: 94 linhas
2026-04-16 02:16:27,270 [WARNING] pipeline.cvm:   Empresa 906 não encontrada em dfc_md 2020
2026-04-16 02:16:27,270 [INFO] pipeline.cvm: 
==================================================
2026-04-16 02:16:27,270 [INFO] pipeline.cvm: Baixando DFP 2021...
2026-04-16 02:16:27,496 [INFO] pipeline.cvm:   DFP dre 2021: 82 linhas
2026-04-16 02:16:27,902 [INFO] pipeline.cvm:   DFP bpa 2021: 82 linhas
2026-04-16 02:16:28,591 [INFO] pipeline.cvm:   DFP bpp 2021: 86 linhas
2026-04-16 02:16:28,945 [WARNING] pipeline.cvm:   Empresa 906 não encontrada em dfc_mi 2021
2026-04-16 02:16:28,979 [INFO] pipeline.cvm:   DFP dfc_md 2021: 64 linhas
2026-04-16 02:16:28,980 [INFO] pipeline.cvm: 
==================================================
2026-04-16 02:16:28,980 [INFO] pipeline.cvm: Baixando DFP 2022...
2026-04-16 02:16:29,214 [INFO] pipeline.cvm:   DFP dre 2022: 82 linhas
2026-04-16 02:16:29,629 [INFO] pipeline.cvm:   DFP bpa 2022: 82 linhas
2026-04-16 02:16:30,373 [INFO] pipeline.cvm:   DFP bpp 2022: 86 linhas
2026-04-16 02:16:30,744 [INFO] pipeline.cvm:   DFP dfc_mi 2022: 96 linhas
2026-04-16 02:16:30,781 [WARNING] pipeline.cvm:   Empresa 906 não encontrada em dfc_md 2022
2026-04-16 02:16:30,782 [INFO] pipeline.cvm: 
==================================================
2026-04-16 02:16:30,782 [INFO] pipeline.cvm: Baixando DFP 2023...
2026-04-16 02:16:31,017 [INFO] pipeline.cvm:   DFP dre 2023: 82 linhas
2026-04-16 02:16:31,436 [INFO] pipeline.cvm:   DFP bpa 2023: 82 linhas
2026-04-16 02:16:32,168 [INFO] pipeline.cvm:   DFP bpp 2023: 86 linhas
2026-04-16 02:16:32,563 [INFO] pipeline.cvm:   DFP dfc_mi 2023: 96 linhas
2026-04-16 02:16:32,599 [WARNING] pipeline.cvm:   Empresa 906 não encontrada em dfc_md 2023
2026-04-16 02:16:32,600 [INFO] pipeline.cvm: 
==================================================
2026-04-16 02:16:32,600 [INFO] pipeline.cvm: Baixando DFP 2024...
2026-04-16 02:16:32,824 [INFO] pipeline.cvm:   DFP dre 2024: 82 linhas
2026-04-16 02:16:33,226 [INFO] pipeline.cvm:   DFP bpa 2024: 82 linhas
2026-04-16 02:16:33,931 [INFO] pipeline.cvm:   DFP bpp 2024: 86 linhas
2026-04-16 02:16:34,317 [INFO] pipeline.cvm:   DFP dfc_mi 2024: 96 linhas
2026-04-16 02:16:34,350 [WARNING] pipeline.cvm:   Empresa 906 não encontrada em dfc_md 2024
2026-04-16 02:16:34,350 [INFO] pipeline: 
[4/6] Normalizando dados...
2026-04-16 02:16:35,102 [INFO] pipeline:   DRE normalizada:
2026-04-16 02:16:35,102 [INFO] pipeline:     margem_financeira_bruta: 2019: 65,688 | 2020: 49,853 | 2021: 70,322 | 2022: 74,602 | 2023: 68,082 | 2024: 68,941
2026-04-16 02:16:35,103 [INFO] pipeline:     lucro_liquido: 2019: 21,023 | 2020: 15,837 | 2021: 23,172 | 2022: 20,984 | 2023: 14,251 | 2024: 17,253
2026-04-16 02:16:35,103 [INFO] pipeline: 
[5/6] Calculando projeções...
2026-04-16 02:16:35,104 [INFO] pipeline:   Premissas por banco aplicadas: NIM=5.0% | Payout=45% | g=5.5%
2026-04-16 02:16:35,105 [INFO] pipeline.projecoes: 
=== Rodando projeções ===
2026-04-16 02:16:35,107 [INFO] pipeline.projecoes:   NIM ~ Selic: slope=-0.3019, intercept=0.0703
2026-04-16 02:16:35,110 [INFO] pipeline.projecoes:   Margem op./MFB histórica (median 5a): 24.51%
2026-04-16 02:16:35,112 [INFO] pipeline.projecoes: Projeções concluídas. Resumo:
2026-04-16 02:16:35,113 [INFO] pipeline.projecoes:    Ano     Carteira        MFB      Lucro       FCFE
2026-04-16 02:16:35,113 [INFO] pipeline.projecoes:   2025      771,124     82,695     14,428      6,492
2026-04-16 02:16:35,113 [INFO] pipeline.projecoes:   2026      832,814    102,601     17,901      8,055
2026-04-16 02:16:35,113 [INFO] pipeline.projecoes:   2027      891,111    117,178     20,444      9,200
2026-04-16 02:16:35,113 [INFO] pipeline.projecoes:   2028      953,489    133,325     23,261     10,467
2026-04-16 02:16:35,113 [INFO] pipeline.projecoes:   2029    1,020,233    150,130     26,193     11,787
2026-04-16 02:16:35,114 [INFO] pipeline: 
[6/6] Calculando valuation...
2026-04-16 02:16:35,114 [INFO] pipeline.valuation: 
==================================================
2026-04-16 02:16:35,114 [INFO] pipeline.valuation: VALUATION COMPLETO — BBDC4
2026-04-16 02:16:35,114 [INFO] pipeline.valuation:   VP FCFE (10a):     R$       65,387 MM
2026-04-16 02:16:35,114 [INFO] pipeline.valuation:   Valor Perp. (VP):  R$      158,702 MM
2026-04-16 02:16:35,114 [INFO] pipeline.valuation:   VALOR DO EQUITY:   R$      224,089 MM
2026-04-16 02:16:35,114 [INFO] pipeline.valuation:   Preço Justo ON:    R$    22.22
2026-04-16 02:16:35,114 [INFO] pipeline.valuation:   Preço Justo PN:    R$    24.44
2026-04-16 02:16:35,114 [INFO] pipeline.valuation:   Cotação ON:        R$    17.99
2026-04-16 02:16:35,114 [INFO] pipeline.valuation:   Upside ON:               23.5%
2026-04-16 02:16:35,115 [INFO] pipeline.valuation:   TIR (ON):                11.0%
2026-04-16 02:16:35,115 [INFO] pipeline.valuation:   Preço Teto ON:     R$    22.22
2026-04-16 02:16:35,362 [INFO] pipeline.excel: 
============================================================
2026-04-16 02:16:35,362 [INFO] pipeline.excel: Escrevendo template: Valuation_BBDC4_Bradesco_20260416.xlsx
2026-04-16 02:16:35,449 [INFO] pipeline.excel:   → Dashboard
2026-04-16 02:16:35,450 [INFO] pipeline.excel:   → Ke
2026-04-16 02:16:35,457 [INFO] pipeline.excel:   → Balanço Patrimonial
2026-04-16 02:16:35,474 [INFO] pipeline.excel:   → DRE Recorrente
2026-04-16 02:16:35,507 [INFO] pipeline.excel:   → DRE + DCF
2026-04-16 02:16:35,516 [INFO] pipeline.excel:   → Projeções NIM
2026-04-16 02:16:35,538 [INFO] pipeline.excel:   → Painel de Índices
2026-04-16 02:16:35,640 [INFO] pipeline.excel: 
Arquivo salvo: C:\Users\55819\Downloads\pipeline_banco_completo\pipeline_banco\outputs\Valuation_BBDC4_Bradesco_20260416.xlsx
2026-04-16 02:16:35,640 [INFO] pipeline: 
======================================================================
2026-04-16 02:16:35,640 [INFO] pipeline: RESUMO DO VALUATION
2026-04-16 02:16:35,640 [INFO] pipeline: ======================================================================
2026-04-16 02:16:35,640 [INFO] pipeline:   Empresa:           Bradesco (BBDC4)
2026-04-16 02:16:35,640 [INFO] pipeline:   Cotação ON:        R$ 17.99
2026-04-16 02:16:35,641 [INFO] pipeline:   Preço Justo ON:    R$ 22.22
2026-04-16 02:16:35,641 [INFO] pipeline:   Upside ON:            23.5%
2026-04-16 02:16:35,641 [INFO] pipeline:   TIR:                  11.0%
2026-04-16 02:16:35,641 [INFO] pipeline:   Preço Teto ON:     R$ 22.22
2026-04-16 02:16:35,641 [INFO] pipeline: 
  Arquivo gerado:    C:\Users\55819\Downloads\pipeline_banco_completo\pipeline_banco\outputs\Valuation_BBDC4_Bradesco_20260416.xlsx
2026-04-16 02:16:35,641 [INFO] pipeline: ======================================================================
2026-04-16 02:16:35,643 [INFO] pipeline: ✓ BBDC4: arquivo gerado → C:\Users\55819\Downloads\pipeline_banco_completo\pipeline_banco\outputs\Valuation_BBDC4_Bradesco_20260416.xlsx
2026-04-16 02:16:35,643 [INFO] pipeline: 
──────────────────────────────────────────────────────────────────────
2026-04-16 02:16:35,643 [INFO] pipeline: Processando: BBAS3 (Banco do Brasil)
2026-04-16 02:16:35,643 [INFO] pipeline: ──────────────────────────────────────────────────────────────────────
2026-04-16 02:16:35,643 [INFO] pipeline: ======================================================================
2026-04-16 02:16:35,643 [INFO] pipeline: PIPELINE DE VALUATION BANCÁRIO — BBAS3 — Banco do Brasil
2026-04-16 02:16:35,643 [INFO] pipeline: Início: 2026-04-16 02:16:35
2026-04-16 02:16:35,644 [INFO] pipeline: ======================================================================
2026-04-16 02:16:35,644 [INFO] pipeline:   Banco cadastrado: Banco do Brasil | tipo: ON_ONLY
2026-04-16 02:16:35,644 [INFO] pipeline: 
[1/6] Coletando dados de mercado...
2026-04-16 02:16:35,644 [INFO] pipeline:   Buscando cotação via yfinance...
2026-04-16 02:16:35,644 [INFO] pipeline.mercado: Buscando cotação atual: BBAS3.SA
2026-04-16 02:16:36,222 [INFO] pipeline:   Cotação ON: R$ 24.40  |  Cotação PN: R$ 0.00
2026-04-16 02:16:36,222 [INFO] pipeline:   Ações (fonte: bancos.py): ON=5,730,000 mil | PN=0 mil
2026-04-16 02:16:36,222 [INFO] pipeline.mercado: Calculando beta: BBAS3 (252 dias úteis)
2026-04-16 02:16:36,231 [INFO] pipeline.mercado:   Beta estatístico: 1.1623 | R²: 0.367 | n=251
2026-04-16 02:16:36,233 [INFO] pipeline:   Beta estatístico: 1.162 | Beta utilizado: 0.850
2026-04-16 02:16:36,233 [INFO] pipeline: 
[2/6] Coletando dados macroeconômicos (BCB)...
2026-04-16 02:16:36,571 [WARNING] pipeline.macro: Não foi possível obter Focus Selic: 400 Client Error: Bad Request for url: https://olinda.bcb.gov.br/olinda/servico/Expectativas/versao/v1/odata/ExpectativasMercadoAnuais?%24filter=Indicador%20eq%20'Selic'&%24top=100&%24format=json&%24select=Indicador,Data,Ano,Mediana
2026-04-16 02:16:36,854 [WARNING] pipeline.macro: Não foi possível obter Focus IPCA: 400 Client Error: Bad Request for url: https://olinda.bcb.gov.br/olinda/servico/Expectativas/versao/v1/odata/ExpectativasMercadoAnuais?%24filter=Indicador%20eq%20'IPCA'&%24top=100&%24format=json&%24select=Indicador,Data,Ano,Mediana
2026-04-16 02:16:36,857 [INFO] pipeline.macro: 
=== Coletando dados macroeconômicos ===
2026-04-16 02:16:36,857 [INFO] pipeline.macro: Baixando série BCB 432...
2026-04-16 02:16:37,195 [ERROR] pipeline.macro: Erro ao baixar série BCB 432: 406 Client Error: Not Acceptable for url: https://api.bcb.gov.br/dados/serie/bcdata.sgs.432/dados?formato=json&dataInicial=01%2F01%2F2010&dataFinal=16%2F04%2F2026
2026-04-16 02:16:37,196 [WARNING] pipeline.macro: Série Selic meta sem DatetimeIndex — usando fallback histórico
2026-04-16 02:16:37,196 [INFO] pipeline.macro: Baixando série BCB 12...
2026-04-16 02:16:37,310 [ERROR] pipeline.macro: Erro ao baixar série BCB 12: 406 Client Error: Not Acceptable for url: https://api.bcb.gov.br/dados/serie/bcdata.sgs.12/dados?formato=json&dataInicial=01%2F01%2F2010&dataFinal=16%2F04%2F2026
2026-04-16 02:16:37,310 [WARNING] pipeline.macro: Série DI sem DatetimeIndex — usando fallback histórico
2026-04-16 02:16:37,314 [WARNING] pipeline.macro: IPCA calculado fora do intervalo plausível (55.3%) para 2019 — usando fallback
2026-04-16 02:16:37,315 [WARNING] pipeline.macro: IPCA calculado fora do intervalo plausível (46.1%) para 2020 — usando fallback
2026-04-16 02:16:37,315 [WARNING] pipeline.macro: IPCA calculado fora do intervalo plausível (159.3%) para 2021 — usando fallback
2026-04-16 02:16:37,315 [WARNING] pipeline.macro: IPCA calculado fora do intervalo plausível (191.2%) para 2022 — usando fallback
2026-04-16 02:16:37,316 [WARNING] pipeline.macro: IPCA calculado fora do intervalo plausível (71.5%) para 2023 — usando fallback
2026-04-16 02:16:37,316 [WARNING] pipeline.macro: IPCA calculado fora do intervalo plausível (67.0%) para 2024 — usando fallback
2026-04-16 02:16:37,316 [INFO] pipeline.macro: Baixando série BCB 258...
2026-04-16 02:16:37,437 [ERROR] pipeline.macro: Erro ao baixar série BCB 258: 406 Client Error: Not Acceptable for url: https://api.bcb.gov.br/dados/serie/bcdata.sgs.258/dados?formato=json&dataInicial=01%2F01%2F2010&dataFinal=16%2F04%2F2026
2026-04-16 02:16:37,437 [WARNING] pipeline.macro: Série TJLP sem DatetimeIndex — usando fallback histórico
2026-04-16 02:16:37,454 [WARNING] pipeline.macro: IPCA calculado fora do intervalo plausível (55.3%) para 2019 — usando fallback
2026-04-16 02:16:37,456 [WARNING] pipeline.macro: IPCA calculado fora do intervalo plausível (46.1%) para 2020 — usando fallback
2026-04-16 02:16:37,456 [WARNING] pipeline.macro: IPCA calculado fora do intervalo plausível (159.3%) para 2021 — usando fallback
2026-04-16 02:16:37,457 [WARNING] pipeline.macro: IPCA calculado fora do intervalo plausível (191.2%) para 2022 — usando fallback
2026-04-16 02:16:37,459 [WARNING] pipeline.macro: IPCA calculado fora do intervalo plausível (71.5%) para 2023 — usando fallback
2026-04-16 02:16:37,460 [WARNING] pipeline.macro: IPCA calculado fora do intervalo plausível (67.0%) para 2024 — usando fallback
2026-04-16 02:16:37,460 [INFO] pipeline.macro: 
RESUMO MACRO HISTÓRICO:
2026-04-16 02:16:37,460 [INFO] pipeline.macro:   selic_meta     : 2020: 2.00% | 2021: 9.25% | 2022: 13.75% | 2023: 11.75% | 2024: 11.75%
2026-04-16 02:16:37,461 [INFO] pipeline.macro:   selic_efet     : 2020: 2.28% | 2021: 4.48% | 2022: 12.33% | 2023: 13.15% | 2024: 10.73%
2026-04-16 02:16:37,461 [INFO] pipeline.macro:   ipca           : 2020: 4.52% | 2021: 10.06% | 2022: 5.62% | 2023: 4.62% | 2024: 4.83%
2026-04-16 02:16:37,461 [INFO] pipeline.macro:   tjlp           : 2020: 5.25% | 2021: 5.25% | 2022: 6.25% | 2023: 7.00% | 2024: 7.00%
2026-04-16 02:16:37,461 [INFO] pipeline.macro:   cds            : 2020: 0.44% | 2021: 0.73% | 2022: 1.26% | 2023: 0.84% | 2024: 0.81%
2026-04-16 02:16:37,461 [INFO] pipeline.macro:   inflacao_impl  : 2020: 4.52% | 2021: 10.06% | 2022: 5.62% | 2023: 4.62% | 2024: 4.83%
2026-04-16 02:16:37,461 [INFO] pipeline: 
[3/6] Baixando demonstrações financeiras (CVM)...
2026-04-16 02:16:37,462 [INFO] pipeline.cvm: 
==================================================
2026-04-16 02:16:37,463 [INFO] pipeline.cvm: Baixando DFP 2019...
2026-04-16 02:16:37,774 [INFO] pipeline.cvm:   DFP dre 2019: 86 linhas
2026-04-16 02:16:38,354 [INFO] pipeline.cvm:   DFP bpa 2019: 72 linhas
2026-04-16 02:16:39,208 [INFO] pipeline.cvm:   DFP bpp 2019: 88 linhas
2026-04-16 02:16:39,530 [INFO] pipeline.cvm:   DFP dfc_mi 2019: 152 linhas
2026-04-16 02:16:39,551 [WARNING] pipeline.cvm:   Empresa 1023 não encontrada em dfc_md 2019
2026-04-16 02:16:39,551 [INFO] pipeline.cvm: 
==================================================
2026-04-16 02:16:39,551 [INFO] pipeline.cvm: Baixando DFP 2020...
2026-04-16 02:16:39,787 [INFO] pipeline.cvm:   DFP dre 2020: 74 linhas
2026-04-16 02:16:40,182 [INFO] pipeline.cvm:   DFP bpa 2020: 82 linhas
2026-04-16 02:16:40,880 [INFO] pipeline.cvm:   DFP bpp 2020: 84 linhas
2026-04-16 02:16:41,324 [INFO] pipeline.cvm:   DFP dfc_mi 2020: 106 linhas
2026-04-16 02:16:41,393 [WARNING] pipeline.cvm:   Empresa 1023 não encontrada em dfc_md 2020
2026-04-16 02:16:41,393 [INFO] pipeline.cvm: 
==================================================
2026-04-16 02:16:41,393 [INFO] pipeline.cvm: Baixando DFP 2021...
2026-04-16 02:16:41,735 [INFO] pipeline.cvm:   DFP dre 2021: 74 linhas
2026-04-16 02:16:42,232 [INFO] pipeline.cvm:   DFP bpa 2021: 82 linhas
2026-04-16 02:16:43,195 [INFO] pipeline.cvm:   DFP bpp 2021: 84 linhas
2026-04-16 02:16:43,573 [INFO] pipeline.cvm:   DFP dfc_mi 2021: 106 linhas
2026-04-16 02:16:43,606 [WARNING] pipeline.cvm:   Empresa 1023 não encontrada em dfc_md 2021
2026-04-16 02:16:43,607 [INFO] pipeline.cvm: 
==================================================
2026-04-16 02:16:43,607 [INFO] pipeline.cvm: Baixando DFP 2022...
2026-04-16 02:16:43,835 [INFO] pipeline.cvm:   DFP dre 2022: 74 linhas
2026-04-16 02:16:44,245 [INFO] pipeline.cvm:   DFP bpa 2022: 82 linhas
2026-04-16 02:16:45,217 [INFO] pipeline.cvm:   DFP bpp 2022: 84 linhas
2026-04-16 02:16:45,888 [INFO] pipeline.cvm:   DFP dfc_mi 2022: 108 linhas
2026-04-16 02:16:45,928 [WARNING] pipeline.cvm:   Empresa 1023 não encontrada em dfc_md 2022
2026-04-16 02:16:45,929 [INFO] pipeline.cvm: 
==================================================
2026-04-16 02:16:45,929 [INFO] pipeline.cvm: Baixando DFP 2023...
2026-04-16 02:16:46,182 [INFO] pipeline.cvm:   DFP dre 2023: 74 linhas
2026-04-16 02:16:46,593 [INFO] pipeline.cvm:   DFP bpa 2023: 82 linhas
2026-04-16 02:16:47,635 [INFO] pipeline.cvm:   DFP bpp 2023: 84 linhas
2026-04-16 02:16:48,126 [INFO] pipeline.cvm:   DFP dfc_mi 2023: 108 linhas
2026-04-16 02:16:48,161 [WARNING] pipeline.cvm:   Empresa 1023 não encontrada em dfc_md 2023
2026-04-16 02:16:48,162 [INFO] pipeline.cvm: 
==================================================
2026-04-16 02:16:48,162 [INFO] pipeline.cvm: Baixando DFP 2024...
2026-04-16 02:16:48,417 [INFO] pipeline.cvm:   DFP dre 2024: 74 linhas
2026-04-16 02:16:48,891 [INFO] pipeline.cvm:   DFP bpa 2024: 82 linhas
2026-04-16 02:16:49,840 [INFO] pipeline.cvm:   DFP bpp 2024: 82 linhas
2026-04-16 02:16:50,370 [INFO] pipeline.cvm:   DFP dfc_mi 2024: 108 linhas
2026-04-16 02:16:50,416 [WARNING] pipeline.cvm:   Empresa 1023 não encontrada em dfc_md 2024
2026-04-16 02:16:50,417 [INFO] pipeline: 
[4/6] Normalizando dados...
2026-04-16 02:16:51,467 [INFO] pipeline:   DRE normalizada:
2026-04-16 02:16:51,467 [INFO] pipeline:     margem_financeira_bruta: 2019: 33,851 | 2020: 55,428 | 2021: 59,674 | 2022: 74,347 | 2023: 88,749 | 2024: 104,514
2026-04-16 02:16:51,467 [INFO] pipeline:     lucro_liquido: 2019: 16,397 | 2020: 11,852 | 2021: 18,344 | 2022: 27,630 | 2023: 29,861 | 2024: 26,359
2026-04-16 02:16:51,467 [INFO] pipeline: 
[5/6] Calculando projeções...
2026-04-16 02:16:51,467 [INFO] pipeline:   Premissas por banco aplicadas: NIM=6.0% | Payout=40% | g=5.5%
2026-04-16 02:16:51,468 [INFO] pipeline.projecoes: 
=== Rodando projeções ===
2026-04-16 02:16:51,470 [INFO] pipeline.projecoes:   NIM ~ Selic: slope=0.1452, intercept=0.0263
2026-04-16 02:16:51,474 [INFO] pipeline.projecoes:   Margem op./MFB histórica (median 5a): 40.20%
2026-04-16 02:16:51,476 [INFO] pipeline.projecoes: Projeções concluídas. Resumo:
2026-04-16 02:16:51,476 [INFO] pipeline.projecoes:    Ano     Carteira        MFB      Lucro       FCFE
2026-04-16 02:16:51,476 [INFO] pipeline.projecoes:   2025    1,102,196    115,994     38,337     15,335
2026-04-16 02:16:51,476 [INFO] pipeline.projecoes:   2026    1,190,372    123,767     40,906     16,362
2026-04-16 02:16:51,476 [INFO] pipeline.projecoes:   2027    1,273,698    133,848     44,238     17,695
2026-04-16 02:16:51,476 [INFO] pipeline.projecoes:   2028    1,362,857    144,733     47,836     19,134
2026-04-16 02:16:51,476 [INFO] pipeline.projecoes:   2029    1,458,257    156,932     51,868     20,747
2026-04-16 02:16:51,476 [INFO] pipeline: 
[6/6] Calculando valuation...
2026-04-16 02:16:51,476 [INFO] pipeline.valuation: 
==================================================
2026-04-16 02:16:51,477 [INFO] pipeline.valuation: VALUATION COMPLETO — BBDC4
2026-04-16 02:16:51,477 [INFO] pipeline.valuation:   VP FCFE (10a):     R$      117,297 MM
2026-04-16 02:16:51,477 [INFO] pipeline.valuation:   Valor Perp. (VP):  R$      238,172 MM
2026-04-16 02:16:51,477 [INFO] pipeline.valuation:   VALOR DO EQUITY:   R$      355,468 MM
2026-04-16 02:16:51,477 [INFO] pipeline.valuation:   Preço Justo ON:    R$    62.04
2026-04-16 02:16:51,477 [INFO] pipeline.valuation:   Preço Justo PN:    R$    62.04
2026-04-16 02:16:51,477 [INFO] pipeline.valuation:   Cotação ON:        R$    24.40
2026-04-16 02:16:51,477 [INFO] pipeline.valuation:   Upside ON:              154.3%
2026-04-16 02:16:51,477 [INFO] pipeline.valuation:   TIR (ON):                17.5%
2026-04-16 02:16:51,477 [INFO] pipeline.valuation:   Preço Teto ON:     R$    62.04
2026-04-16 02:16:51,478 [INFO] pipeline.excel: 
============================================================
2026-04-16 02:16:51,478 [INFO] pipeline.excel: Escrevendo template: Valuation_BBAS3_Banco do Brasil_20260416.xlsx
2026-04-16 02:16:51,552 [INFO] pipeline.excel:   → Dashboard
2026-04-16 02:16:51,552 [INFO] pipeline.excel:   → Ke
2026-04-16 02:16:51,558 [INFO] pipeline.excel:   → Balanço Patrimonial
2026-04-16 02:16:51,578 [INFO] pipeline.excel:   → DRE Recorrente
2026-04-16 02:16:51,615 [INFO] pipeline.excel:   → DRE + DCF
2026-04-16 02:16:51,626 [INFO] pipeline.excel:   → Projeções NIM
2026-04-16 02:16:51,648 [INFO] pipeline.excel:   → Painel de Índices
2026-04-16 02:16:51,757 [INFO] pipeline.excel: 
Arquivo salvo: C:\Users\55819\Downloads\pipeline_banco_completo\pipeline_banco\outputs\Valuation_BBAS3_Banco do Brasil_20260416.xlsx
2026-04-16 02:16:51,757 [INFO] pipeline: 
======================================================================
2026-04-16 02:16:51,757 [INFO] pipeline: RESUMO DO VALUATION
2026-04-16 02:16:51,757 [INFO] pipeline: ======================================================================
2026-04-16 02:16:51,757 [INFO] pipeline:   Empresa:           Banco do Brasil (BBAS3)
2026-04-16 02:16:51,757 [INFO] pipeline:   Cotação ON:        R$ 24.40
2026-04-16 02:16:51,758 [INFO] pipeline:   Preço Justo ON:    R$ 62.04
2026-04-16 02:16:51,758 [INFO] pipeline:   Upside ON:            154.3%
2026-04-16 02:16:51,758 [INFO] pipeline:   TIR:                  17.5%
2026-04-16 02:16:51,758 [INFO] pipeline:   Preço Teto ON:     R$ 62.04
2026-04-16 02:16:51,758 [INFO] pipeline: 
  Arquivo gerado:    C:\Users\55819\Downloads\pipeline_banco_completo\pipeline_banco\outputs\Valuation_BBAS3_Banco do Brasil_20260416.xlsx
2026-04-16 02:16:51,758 [INFO] pipeline: ======================================================================
2026-04-16 02:16:51,760 [INFO] pipeline: ✓ BBAS3: arquivo gerado → C:\Users\55819\Downloads\pipeline_banco_completo\pipeline_banco\outputs\Valuation_BBAS3_Banco do Brasil_20260416.xlsx
2026-04-16 02:16:51,761 [INFO] pipeline: 
──────────────────────────────────────────────────────────────────────
2026-04-16 02:16:51,761 [INFO] pipeline: Processando: ITUB4 (Itaú Unibanco)
2026-04-16 02:16:51,761 [INFO] pipeline: ──────────────────────────────────────────────────────────────────────
2026-04-16 02:16:51,761 [INFO] pipeline: ======================================================================
2026-04-16 02:16:51,761 [INFO] pipeline: PIPELINE DE VALUATION BANCÁRIO — ITUB4 — Itaú Unibanco
2026-04-16 02:16:51,761 [INFO] pipeline: Início: 2026-04-16 02:16:51
2026-04-16 02:16:51,761 [INFO] pipeline: ======================================================================
2026-04-16 02:16:51,761 [INFO] pipeline:   Banco cadastrado: Itaú Unibanco | tipo: ON_PN
2026-04-16 02:16:51,761 [INFO] pipeline: 
[1/6] Coletando dados de mercado...
2026-04-16 02:16:51,762 [INFO] pipeline:   Buscando cotação via yfinance...
2026-04-16 02:16:51,762 [INFO] pipeline.mercado: Buscando cotação atual: ITUB4.SA
2026-04-16 02:16:52,356 [INFO] pipeline.mercado: Buscando cotação atual: ITUB3.SA
2026-04-16 02:16:52,950 [INFO] pipeline:   Cotação ON: R$ 46.75  |  Cotação PN: R$ 47.04
2026-04-16 02:16:52,950 [INFO] pipeline:   Ações (fonte: bancos.py): ON=5,510,000 mil | PN=5,490,000 mil
2026-04-16 02:16:52,951 [INFO] pipeline.mercado: Calculando beta: ITUB4 (252 dias úteis)
2026-04-16 02:16:52,960 [INFO] pipeline.mercado:   Beta estatístico: 1.1640 | R²: 0.679 | n=251
2026-04-16 02:16:52,962 [INFO] pipeline:   Beta estatístico: 1.164 | Beta utilizado: 0.850
2026-04-16 02:16:52,962 [INFO] pipeline: 
[2/6] Coletando dados macroeconômicos (BCB)...
2026-04-16 02:16:53,293 [WARNING] pipeline.macro: Não foi possível obter Focus Selic: 400 Client Error: Bad Request for url: https://olinda.bcb.gov.br/olinda/servico/Expectativas/versao/v1/odata/ExpectativasMercadoAnuais?%24filter=Indicador%20eq%20'Selic'&%24top=100&%24format=json&%24select=Indicador,Data,Ano,Mediana
2026-04-16 02:16:53,573 [WARNING] pipeline.macro: Não foi possível obter Focus IPCA: 400 Client Error: Bad Request for url: https://olinda.bcb.gov.br/olinda/servico/Expectativas/versao/v1/odata/ExpectativasMercadoAnuais?%24filter=Indicador%20eq%20'IPCA'&%24top=100&%24format=json&%24select=Indicador,Data,Ano,Mediana
2026-04-16 02:16:53,574 [INFO] pipeline.macro: 
=== Coletando dados macroeconômicos ===
2026-04-16 02:16:53,575 [INFO] pipeline.macro: Baixando série BCB 432...
2026-04-16 02:16:53,864 [ERROR] pipeline.macro: Erro ao baixar série BCB 432: 406 Client Error: Not Acceptable for url: https://api.bcb.gov.br/dados/serie/bcdata.sgs.432/dados?formato=json&dataInicial=01%2F01%2F2010&dataFinal=16%2F04%2F2026
2026-04-16 02:16:53,865 [WARNING] pipeline.macro: Série Selic meta sem DatetimeIndex — usando fallback histórico
2026-04-16 02:16:53,865 [INFO] pipeline.macro: Baixando série BCB 12...
2026-04-16 02:16:53,961 [ERROR] pipeline.macro: Erro ao baixar série BCB 12: 406 Client Error: Not Acceptable for url: https://api.bcb.gov.br/dados/serie/bcdata.sgs.12/dados?formato=json&dataInicial=01%2F01%2F2010&dataFinal=16%2F04%2F2026
2026-04-16 02:16:53,961 [WARNING] pipeline.macro: Série DI sem DatetimeIndex — usando fallback histórico
2026-04-16 02:16:53,965 [WARNING] pipeline.macro: IPCA calculado fora do intervalo plausível (55.3%) para 2019 — usando fallback
2026-04-16 02:16:53,966 [WARNING] pipeline.macro: IPCA calculado fora do intervalo plausível (46.1%) para 2020 — usando fallback
2026-04-16 02:16:53,966 [WARNING] pipeline.macro: IPCA calculado fora do intervalo plausível (159.3%) para 2021 — usando fallback
2026-04-16 02:16:53,966 [WARNING] pipeline.macro: IPCA calculado fora do intervalo plausível (191.2%) para 2022 — usando fallback
2026-04-16 02:16:53,966 [WARNING] pipeline.macro: IPCA calculado fora do intervalo plausível (71.5%) para 2023 — usando fallback
2026-04-16 02:16:53,967 [WARNING] pipeline.macro: IPCA calculado fora do intervalo plausível (67.0%) para 2024 — usando fallback
2026-04-16 02:16:53,967 [INFO] pipeline.macro: Baixando série BCB 258...
2026-04-16 02:16:54,066 [ERROR] pipeline.macro: Erro ao baixar série BCB 258: 406 Client Error: Not Acceptable for url: https://api.bcb.gov.br/dados/serie/bcdata.sgs.258/dados?formato=json&dataInicial=01%2F01%2F2010&dataFinal=16%2F04%2F2026
2026-04-16 02:16:54,066 [WARNING] pipeline.macro: Série TJLP sem DatetimeIndex — usando fallback histórico
2026-04-16 02:16:54,073 [WARNING] pipeline.macro: IPCA calculado fora do intervalo plausível (55.3%) para 2019 — usando fallback
2026-04-16 02:16:54,074 [WARNING] pipeline.macro: IPCA calculado fora do intervalo plausível (46.1%) para 2020 — usando fallback
2026-04-16 02:16:54,074 [WARNING] pipeline.macro: IPCA calculado fora do intervalo plausível (159.3%) para 2021 — usando fallback
2026-04-16 02:16:54,074 [WARNING] pipeline.macro: IPCA calculado fora do intervalo plausível (191.2%) para 2022 — usando fallback
2026-04-16 02:16:54,074 [WARNING] pipeline.macro: IPCA calculado fora do intervalo plausível (71.5%) para 2023 — usando fallback
2026-04-16 02:16:54,075 [WARNING] pipeline.macro: IPCA calculado fora do intervalo plausível (67.0%) para 2024 — usando fallback
2026-04-16 02:16:54,075 [INFO] pipeline.macro: 
RESUMO MACRO HISTÓRICO:
2026-04-16 02:16:54,075 [INFO] pipeline.macro:   selic_meta     : 2020: 2.00% | 2021: 9.25% | 2022: 13.75% | 2023: 11.75% | 2024: 11.75%
2026-04-16 02:16:54,075 [INFO] pipeline.macro:   selic_efet     : 2020: 2.28% | 2021: 4.48% | 2022: 12.33% | 2023: 13.15% | 2024: 10.73%
2026-04-16 02:16:54,075 [INFO] pipeline.macro:   ipca           : 2020: 4.52% | 2021: 10.06% | 2022: 5.62% | 2023: 4.62% | 2024: 4.83%
2026-04-16 02:16:54,075 [INFO] pipeline.macro:   tjlp           : 2020: 5.25% | 2021: 5.25% | 2022: 6.25% | 2023: 7.00% | 2024: 7.00%
2026-04-16 02:16:54,076 [INFO] pipeline.macro:   cds            : 2020: 0.44% | 2021: 0.73% | 2022: 1.26% | 2023: 0.84% | 2024: 0.81%
2026-04-16 02:16:54,076 [INFO] pipeline.macro:   inflacao_impl  : 2020: 4.52% | 2021: 10.06% | 2022: 5.62% | 2023: 4.62% | 2024: 4.83%
2026-04-16 02:16:54,076 [INFO] pipeline: 
[3/6] Baixando demonstrações financeiras (CVM)...
2026-04-16 02:16:54,076 [INFO] pipeline.cvm: 
==================================================
2026-04-16 02:16:54,076 [INFO] pipeline.cvm: Baixando DFP 2019...
2026-04-16 02:16:54,275 [INFO] pipeline.cvm:   DFP dre 2019: 84 linhas
2026-04-16 02:16:54,621 [INFO] pipeline.cvm:   DFP bpa 2019: 74 linhas
2026-04-16 02:16:55,217 [INFO] pipeline.cvm:   DFP bpp 2019: 104 linhas
2026-04-16 02:16:55,537 [INFO] pipeline.cvm:   DFP dfc_mi 2019: 132 linhas
2026-04-16 02:16:55,557 [WARNING] pipeline.cvm:   Empresa 19348 não encontrada em dfc_md 2019
2026-04-16 02:16:55,557 [INFO] pipeline.cvm: 
==================================================
2026-04-16 02:16:55,557 [INFO] pipeline.cvm: Baixando DFP 2020...
2026-04-16 02:16:55,803 [INFO] pipeline.cvm:   DFP dre 2020: 84 linhas
2026-04-16 02:16:56,235 [INFO] pipeline.cvm:   DFP bpa 2020: 76 linhas
2026-04-16 02:16:56,913 [INFO] pipeline.cvm:   DFP bpp 2020: 106 linhas
2026-04-16 02:16:57,253 [INFO] pipeline.cvm:   DFP dfc_mi 2020: 132 linhas
2026-04-16 02:16:57,278 [WARNING] pipeline.cvm:   Empresa 19348 não encontrada em dfc_md 2020
2026-04-16 02:16:57,279 [INFO] pipeline.cvm: 
==================================================
2026-04-16 02:16:57,279 [INFO] pipeline.cvm: Baixando DFP 2021...
2026-04-16 02:16:57,515 [INFO] pipeline.cvm:   DFP dre 2021: 84 linhas
2026-04-16 02:16:57,911 [INFO] pipeline.cvm:   DFP bpa 2021: 80 linhas
2026-04-16 02:16:58,618 [INFO] pipeline.cvm:   DFP bpp 2021: 106 linhas
2026-04-16 02:16:58,977 [INFO] pipeline.cvm:   DFP dfc_mi 2021: 134 linhas
2026-04-16 02:16:59,011 [WARNING] pipeline.cvm:   Empresa 19348 não encontrada em dfc_md 2021
2026-04-16 02:16:59,012 [INFO] pipeline.cvm: 
==================================================
2026-04-16 02:16:59,012 [INFO] pipeline.cvm: Baixando DFP 2022...
2026-04-16 02:16:59,244 [INFO] pipeline.cvm:   DFP dre 2022: 82 linhas
2026-04-16 02:16:59,691 [INFO] pipeline.cvm:   DFP bpa 2022: 80 linhas
2026-04-16 02:17:00,468 [INFO] pipeline.cvm:   DFP bpp 2022: 106 linhas
2026-04-16 02:17:00,880 [INFO] pipeline.cvm:   DFP dfc_mi 2022: 144 linhas
2026-04-16 02:17:00,915 [WARNING] pipeline.cvm:   Empresa 19348 não encontrada em dfc_md 2022
2026-04-16 02:17:00,917 [INFO] pipeline.cvm: 
==================================================
2026-04-16 02:17:00,917 [INFO] pipeline.cvm: Baixando DFP 2023...
2026-04-16 02:17:01,154 [INFO] pipeline.cvm:   DFP dre 2023: 82 linhas
2026-04-16 02:17:01,567 [INFO] pipeline.cvm:   DFP bpa 2023: 82 linhas
2026-04-16 02:17:02,407 [INFO] pipeline.cvm:   DFP bpp 2023: 106 linhas
2026-04-16 02:17:02,990 [INFO] pipeline.cvm:   DFP dfc_mi 2023: 146 linhas
2026-04-16 02:17:03,030 [WARNING] pipeline.cvm:   Empresa 19348 não encontrada em dfc_md 2023
2026-04-16 02:17:03,030 [INFO] pipeline.cvm: 
==================================================
2026-04-16 02:17:03,030 [INFO] pipeline.cvm: Baixando DFP 2024...
2026-04-16 02:17:03,290 [INFO] pipeline.cvm:   DFP dre 2024: 82 linhas
2026-04-16 02:17:03,748 [INFO] pipeline.cvm:   DFP bpa 2024: 82 linhas
2026-04-16 02:17:04,626 [INFO] pipeline.cvm:   DFP bpp 2024: 106 linhas
2026-04-16 02:17:05,117 [INFO] pipeline.cvm:   DFP dfc_mi 2024: 146 linhas
2026-04-16 02:17:05,150 [WARNING] pipeline.cvm:   Empresa 19348 não encontrada em dfc_md 2024
2026-04-16 02:17:05,150 [INFO] pipeline: 
[4/6] Normalizando dados...
2026-04-16 02:17:06,023 [INFO] pipeline:   DRE normalizada:
2026-04-16 02:17:06,023 [INFO] pipeline:     margem_financeira_bruta: 2019: 117,079 | 2020: 100,199 | 2021: 126,374 | 2022: 115,570 | 2023: 124,526 | 2024: 135,739
2026-04-16 02:17:06,024 [INFO] pipeline:     lucro_liquido: 2019: 27,113 | 2020: 18,896 | 2021: 26,760 | 2022: 29,702 | 2023: 33,105 | 2024: 41,085
2026-04-16 02:17:06,024 [INFO] pipeline: 
[5/6] Calculando projeções...
2026-04-16 02:17:06,024 [INFO] pipeline:   Premissas por banco aplicadas: NIM=6.5% | Payout=50% | g=5.5%
2026-04-16 02:17:06,024 [INFO] pipeline.projecoes: 
=== Rodando projeções ===
2026-04-16 02:17:06,026 [INFO] pipeline.projecoes:   NIM ~ Selic: slope=-0.1091, intercept=0.0585
2026-04-16 02:17:06,032 [INFO] pipeline.projecoes:   Margem op./MFB histórica (median 5a): 32.48%
2026-04-16 02:17:06,035 [INFO] pipeline.projecoes: Projeções concluídas. Resumo:
2026-04-16 02:17:06,035 [INFO] pipeline.projecoes:    Ano     Carteira        MFB      Lucro       FCFE
2026-04-16 02:17:06,035 [INFO] pipeline.projecoes:   2025    1,107,532    165,186     45,778     22,889
2026-04-16 02:17:06,035 [INFO] pipeline.projecoes:   2026    1,196,135    190,107     52,684     26,342
2026-04-16 02:17:06,035 [INFO] pipeline.projecoes:   2027    1,279,864    212,483     58,885     29,443
2026-04-16 02:17:06,036 [INFO] pipeline.projecoes:   2028    1,369,455    237,059     65,696     32,848
2026-04-16 02:17:06,036 [INFO] pipeline.projecoes:   2029    1,465,317    263,504     73,025     36,512
2026-04-16 02:17:06,036 [INFO] pipeline: 
[6/6] Calculando valuation...
2026-04-16 02:17:06,036 [INFO] pipeline.valuation: 
==================================================
2026-04-16 02:17:06,036 [INFO] pipeline.valuation: VALUATION COMPLETO — BBDC4
2026-04-16 02:17:06,036 [INFO] pipeline.valuation:   VP FCFE (10a):     R$      208,575 MM
2026-04-16 02:17:06,036 [INFO] pipeline.valuation:   Valor Perp. (VP):  R$      538,206 MM
2026-04-16 02:17:06,036 [INFO] pipeline.valuation:   VALOR DO EQUITY:   R$      746,781 MM
2026-04-16 02:17:06,036 [INFO] pipeline.valuation:   Preço Justo ON:    R$    71.12
2026-04-16 02:17:06,036 [INFO] pipeline.valuation:   Preço Justo PN:    R$    78.23
2026-04-16 02:17:06,037 [INFO] pipeline.valuation:   Cotação ON:        R$    46.75
2026-04-16 02:17:06,037 [INFO] pipeline.valuation:   Upside ON:               52.1%
2026-04-16 02:17:06,037 [INFO] pipeline.valuation:   TIR (ON):                11.7%
2026-04-16 02:17:06,037 [INFO] pipeline.valuation:   Preço Teto ON:     R$    71.12
2026-04-16 02:17:06,037 [INFO] pipeline.excel: 
============================================================
2026-04-16 02:17:06,038 [INFO] pipeline.excel: Escrevendo template: Valuation_ITUB4_Itaú Unibanco_20260416.xlsx
2026-04-16 02:17:06,104 [INFO] pipeline.excel:   → Dashboard
2026-04-16 02:17:06,104 [INFO] pipeline.excel:   → Ke
2026-04-16 02:17:06,111 [INFO] pipeline.excel:   → Balanço Patrimonial
2026-04-16 02:17:06,128 [INFO] pipeline.excel:   → DRE Recorrente
2026-04-16 02:17:06,167 [INFO] pipeline.excel:   → DRE + DCF
2026-04-16 02:17:06,177 [INFO] pipeline.excel:   → Projeções NIM
2026-04-16 02:17:06,198 [INFO] pipeline.excel:   → Painel de Índices
2026-04-16 02:17:06,347 [INFO] pipeline.excel: 
Arquivo salvo: C:\Users\55819\Downloads\pipeline_banco_completo\pipeline_banco\outputs\Valuation_ITUB4_Itaú Unibanco_20260416.xlsx
2026-04-16 02:17:06,347 [INFO] pipeline: 
======================================================================
2026-04-16 02:17:06,347 [INFO] pipeline: RESUMO DO VALUATION
2026-04-16 02:17:06,347 [INFO] pipeline: ======================================================================
2026-04-16 02:17:06,347 [INFO] pipeline:   Empresa:           Itaú Unibanco (ITUB4)
2026-04-16 02:17:06,347 [INFO] pipeline:   Cotação ON:        R$ 46.75
2026-04-16 02:17:06,347 [INFO] pipeline:   Preço Justo ON:    R$ 71.12
2026-04-16 02:17:06,347 [INFO] pipeline:   Upside ON:            52.1%
2026-04-16 02:17:06,349 [INFO] pipeline:   TIR:                  11.7%
2026-04-16 02:17:06,349 [INFO] pipeline:   Preço Teto ON:     R$ 71.12
2026-04-16 02:17:06,349 [INFO] pipeline: 
  Arquivo gerado:    C:\Users\55819\Downloads\pipeline_banco_completo\pipeline_banco\outputs\Valuation_ITUB4_Itaú Unibanco_20260416.xlsx
2026-04-16 02:17:06,349 [INFO] pipeline: ======================================================================
2026-04-16 02:17:06,350 [INFO] pipeline: ✓ ITUB4: arquivo gerado → C:\Users\55819\Downloads\pipeline_banco_completo\pipeline_banco\outputs\Valuation_ITUB4_Itaú Unibanco_20260416.xlsx
2026-04-16 02:17:06,350 [INFO] pipeline: 
──────────────────────────────────────────────────────────────────────
2026-04-16 02:17:06,351 [INFO] pipeline: Processando: SANB11 (Santander)
2026-04-16 02:17:06,351 [INFO] pipeline: ──────────────────────────────────────────────────────────────────────
2026-04-16 02:17:06,351 [INFO] pipeline: ======================================================================
2026-04-16 02:17:06,351 [INFO] pipeline: PIPELINE DE VALUATION BANCÁRIO — SANB11 — Santander
2026-04-16 02:17:06,351 [INFO] pipeline: Início: 2026-04-16 02:17:06
2026-04-16 02:17:06,351 [INFO] pipeline: ======================================================================
2026-04-16 02:17:06,351 [INFO] pipeline:   Banco cadastrado: Santander Brasil | tipo: UNITS
2026-04-16 02:17:06,351 [INFO] pipeline: 
[1/6] Coletando dados de mercado...
2026-04-16 02:17:06,351 [INFO] pipeline:   Buscando cotação via yfinance...
2026-04-16 02:17:06,351 [INFO] pipeline.mercado: Buscando cotação atual: SANB11.SA
2026-04-16 02:17:06,933 [INFO] pipeline:   Cotação ON: R$ 31.68  |  Cotação PN: R$ 0.00
2026-04-16 02:17:06,933 [INFO] pipeline:   Ações (fonte: bancos.py): ON=3,750,000 mil | PN=0 mil
2026-04-16 02:17:06,933 [INFO] pipeline.mercado: Calculando beta: SANB11 (252 dias úteis)
2026-04-16 02:17:06,942 [INFO] pipeline.mercado:   Beta estatístico: 1.2578 | R²: 0.530 | n=251
2026-04-16 02:17:06,945 [INFO] pipeline:   Beta estatístico: 1.258 | Beta utilizado: 0.850
2026-04-16 02:17:06,945 [INFO] pipeline: 
[2/6] Coletando dados macroeconômicos (BCB)...
2026-04-16 02:17:07,285 [WARNING] pipeline.macro: Não foi possível obter Focus Selic: 400 Client Error: Bad Request for url: https://olinda.bcb.gov.br/olinda/servico/Expectativas/versao/v1/odata/ExpectativasMercadoAnuais?%24filter=Indicador%20eq%20'Selic'&%24top=100&%24format=json&%24select=Indicador,Data,Ano,Mediana
2026-04-16 02:17:07,552 [WARNING] pipeline.macro: Não foi possível obter Focus IPCA: 400 Client Error: Bad Request for url: https://olinda.bcb.gov.br/olinda/servico/Expectativas/versao/v1/odata/ExpectativasMercadoAnuais?%24filter=Indicador%20eq%20'IPCA'&%24top=100&%24format=json&%24select=Indicador,Data,Ano,Mediana
2026-04-16 02:17:07,553 [INFO] pipeline.macro: 
=== Coletando dados macroeconômicos ===
2026-04-16 02:17:07,553 [INFO] pipeline.macro: Baixando série BCB 432...
2026-04-16 02:17:07,842 [ERROR] pipeline.macro: Erro ao baixar série BCB 432: 406 Client Error: Not Acceptable for url: https://api.bcb.gov.br/dados/serie/bcdata.sgs.432/dados?formato=json&dataInicial=01%2F01%2F2010&dataFinal=16%2F04%2F2026
2026-04-16 02:17:07,842 [WARNING] pipeline.macro: Série Selic meta sem DatetimeIndex — usando fallback histórico
2026-04-16 02:17:07,842 [INFO] pipeline.macro: Baixando série BCB 12...
2026-04-16 02:17:07,945 [ERROR] pipeline.macro: Erro ao baixar série BCB 12: 406 Client Error: Not Acceptable for url: https://api.bcb.gov.br/dados/serie/bcdata.sgs.12/dados?formato=json&dataInicial=01%2F01%2F2010&dataFinal=16%2F04%2F2026
2026-04-16 02:17:07,945 [WARNING] pipeline.macro: Série DI sem DatetimeIndex — usando fallback histórico
2026-04-16 02:17:07,948 [WARNING] pipeline.macro: IPCA calculado fora do intervalo plausível (55.3%) para 2019 — usando fallback
2026-04-16 02:17:07,948 [WARNING] pipeline.macro: IPCA calculado fora do intervalo plausível (46.1%) para 2020 — usando fallback
2026-04-16 02:17:07,949 [WARNING] pipeline.macro: IPCA calculado fora do intervalo plausível (159.3%) para 2021 — usando fallback
2026-04-16 02:17:07,949 [WARNING] pipeline.macro: IPCA calculado fora do intervalo plausível (191.2%) para 2022 — usando fallback
2026-04-16 02:17:07,949 [WARNING] pipeline.macro: IPCA calculado fora do intervalo plausível (71.5%) para 2023 — usando fallback
2026-04-16 02:17:07,950 [WARNING] pipeline.macro: IPCA calculado fora do intervalo plausível (67.0%) para 2024 — usando fallback
2026-04-16 02:17:07,950 [INFO] pipeline.macro: Baixando série BCB 258...
2026-04-16 02:17:08,051 [ERROR] pipeline.macro: Erro ao baixar série BCB 258: 406 Client Error: Not Acceptable for url: https://api.bcb.gov.br/dados/serie/bcdata.sgs.258/dados?formato=json&dataInicial=01%2F01%2F2010&dataFinal=16%2F04%2F2026
2026-04-16 02:17:08,052 [WARNING] pipeline.macro: Série TJLP sem DatetimeIndex — usando fallback histórico
2026-04-16 02:17:08,060 [WARNING] pipeline.macro: IPCA calculado fora do intervalo plausível (55.3%) para 2019 — usando fallback
2026-04-16 02:17:08,061 [WARNING] pipeline.macro: IPCA calculado fora do intervalo plausível (46.1%) para 2020 — usando fallback
2026-04-16 02:17:08,062 [WARNING] pipeline.macro: IPCA calculado fora do intervalo plausível (159.3%) para 2021 — usando fallback
2026-04-16 02:17:08,062 [WARNING] pipeline.macro: IPCA calculado fora do intervalo plausível (191.2%) para 2022 — usando fallback
2026-04-16 02:17:08,063 [WARNING] pipeline.macro: IPCA calculado fora do intervalo plausível (71.5%) para 2023 — usando fallback
2026-04-16 02:17:08,064 [WARNING] pipeline.macro: IPCA calculado fora do intervalo plausível (67.0%) para 2024 — usando fallback
2026-04-16 02:17:08,064 [INFO] pipeline.macro: 
RESUMO MACRO HISTÓRICO:
2026-04-16 02:17:08,064 [INFO] pipeline.macro:   selic_meta     : 2020: 2.00% | 2021: 9.25% | 2022: 13.75% | 2023: 11.75% | 2024: 11.75%
2026-04-16 02:17:08,064 [INFO] pipeline.macro:   selic_efet     : 2020: 2.28% | 2021: 4.48% | 2022: 12.33% | 2023: 13.15% | 2024: 10.73%
2026-04-16 02:17:08,064 [INFO] pipeline.macro:   ipca           : 2020: 4.52% | 2021: 10.06% | 2022: 5.62% | 2023: 4.62% | 2024: 4.83%
2026-04-16 02:17:08,064 [INFO] pipeline.macro:   tjlp           : 2020: 5.25% | 2021: 5.25% | 2022: 6.25% | 2023: 7.00% | 2024: 7.00%
2026-04-16 02:17:08,064 [INFO] pipeline.macro:   cds            : 2020: 0.44% | 2021: 0.73% | 2022: 1.26% | 2023: 0.84% | 2024: 0.81%
2026-04-16 02:17:08,064 [INFO] pipeline.macro:   inflacao_impl  : 2020: 4.52% | 2021: 10.06% | 2022: 5.62% | 2023: 4.62% | 2024: 4.83%
2026-04-16 02:17:08,064 [INFO] pipeline: 
[3/6] Baixando demonstrações financeiras (CVM)...
2026-04-16 02:17:08,065 [INFO] pipeline.cvm: 
==================================================
2026-04-16 02:17:08,065 [INFO] pipeline.cvm: Baixando DFP 2019...
2026-04-16 02:17:08,270 [INFO] pipeline.cvm:   DFP dre 2019: 78 linhas
2026-04-16 02:17:08,608 [INFO] pipeline.cvm:   DFP bpa 2019: 52 linhas
2026-04-16 02:17:09,205 [INFO] pipeline.cvm:   DFP bpp 2019: 68 linhas
2026-04-16 02:17:09,516 [INFO] pipeline.cvm:   DFP dfc_mi 2019: 122 linhas
2026-04-16 02:17:09,535 [WARNING] pipeline.cvm:   Empresa 20532 não encontrada em dfc_md 2019
2026-04-16 02:17:09,535 [INFO] pipeline.cvm: 
==================================================
2026-04-16 02:17:09,536 [INFO] pipeline.cvm: Baixando DFP 2020...
2026-04-16 02:17:09,777 [INFO] pipeline.cvm:   DFP dre 2020: 92 linhas
2026-04-16 02:17:10,176 [INFO] pipeline.cvm:   DFP bpa 2020: 86 linhas
2026-04-16 02:17:10,941 [INFO] pipeline.cvm:   DFP bpp 2020: 76 linhas
2026-04-16 02:17:11,311 [INFO] pipeline.cvm:   DFP dfc_mi 2020: 100 linhas
2026-04-16 02:17:11,334 [WARNING] pipeline.cvm:   Empresa 20532 não encontrada em dfc_md 2020
2026-04-16 02:17:11,335 [INFO] pipeline.cvm: 
==================================================
2026-04-16 02:17:11,335 [INFO] pipeline.cvm: Baixando DFP 2021...
2026-04-16 02:17:11,579 [INFO] pipeline.cvm:   DFP dre 2021: 78 linhas
2026-04-16 02:17:12,006 [INFO] pipeline.cvm:   DFP bpa 2021: 82 linhas
2026-04-16 02:17:12,732 [INFO] pipeline.cvm:   DFP bpp 2021: 76 linhas
2026-04-16 02:17:13,111 [INFO] pipeline.cvm:   DFP dfc_mi 2021: 24 linhas
2026-04-16 02:17:13,142 [WARNING] pipeline.cvm:   Empresa 20532 não encontrada em dfc_md 2021
2026-04-16 02:17:13,142 [INFO] pipeline.cvm: 
==================================================
2026-04-16 02:17:13,142 [INFO] pipeline.cvm: Baixando DFP 2022...
2026-04-16 02:17:13,387 [INFO] pipeline.cvm:   DFP dre 2022: 80 linhas
2026-04-16 02:17:13,831 [INFO] pipeline.cvm:   DFP bpa 2022: 82 linhas
2026-04-16 02:17:14,689 [INFO] pipeline.cvm:   DFP bpp 2022: 76 linhas
2026-04-16 02:17:15,114 [WARNING] pipeline.cvm:   Empresa 20532 não encontrada em dfc_mi 2022
2026-04-16 02:17:15,149 [INFO] pipeline.cvm:   DFP dfc_md 2022: 20 linhas
2026-04-16 02:17:15,149 [INFO] pipeline.cvm: 
==================================================
2026-04-16 02:17:15,149 [INFO] pipeline.cvm: Baixando DFP 2023...
2026-04-16 02:17:15,480 [INFO] pipeline.cvm:   DFP dre 2023: 80 linhas
2026-04-16 02:17:16,183 [INFO] pipeline.cvm:   DFP bpa 2023: 82 linhas
2026-04-16 02:17:17,358 [INFO] pipeline.cvm:   DFP bpp 2023: 76 linhas
2026-04-16 02:17:18,091 [WARNING] pipeline.cvm:   Empresa 20532 não encontrada em dfc_mi 2023
2026-04-16 02:17:18,166 [INFO] pipeline.cvm:   DFP dfc_md 2023: 20 linhas
2026-04-16 02:17:18,167 [INFO] pipeline.cvm: 
==================================================
2026-04-16 02:17:18,168 [INFO] pipeline.cvm: Baixando DFP 2024...
2026-04-16 02:17:18,494 [INFO] pipeline.cvm:   DFP dre 2024: 80 linhas
2026-04-16 02:17:19,036 [INFO] pipeline.cvm:   DFP bpa 2024: 82 linhas
2026-04-16 02:17:19,929 [INFO] pipeline.cvm:   DFP bpp 2024: 76 linhas
2026-04-16 02:17:20,429 [WARNING] pipeline.cvm:   Empresa 20532 não encontrada em dfc_mi 2024
2026-04-16 02:17:20,464 [INFO] pipeline.cvm:   DFP dfc_md 2024: 20 linhas
2026-04-16 02:17:20,465 [INFO] pipeline: 
[4/6] Normalizando dados...
2026-04-16 02:17:21,425 [INFO] pipeline:   DRE normalizada:
2026-04-16 02:17:21,425 [INFO] pipeline:     margem_financeira_bruta: 2019: 44,321 | 2020: 44,443 | 2021: 51,318 | 2022: 47,503 | 2023: 46,884 | 2024: 56,679
2026-04-16 02:17:21,425 [INFO] pipeline:     lucro_liquido: 2019: 16,407 | 2020: 26,837 | 2021: 15,528 | 2022: 14,287 | 2023: 9,449 | 2024: 13,366
2026-04-16 02:17:21,425 [INFO] pipeline: 
[5/6] Calculando projeções...
2026-04-16 02:17:21,425 [INFO] pipeline:   Premissas por banco aplicadas: NIM=6.0% | Payout=80% | g=5.0%
2026-04-16 02:17:21,426 [INFO] pipeline.projecoes: 
=== Rodando projeções ===
2026-04-16 02:17:21,427 [INFO] pipeline.projecoes:   NIM ~ Selic: slope=-0.5674, intercept=0.1254
2026-04-16 02:17:21,433 [INFO] pipeline.projecoes:   Margem op./MFB histórica (median 5a): 33.86%
2026-04-16 02:17:21,436 [INFO] pipeline.projecoes: Projeções concluídas. Resumo:
2026-04-16 02:17:21,436 [INFO] pipeline.projecoes:    Ano     Carteira        MFB      Lucro       FCFE
2026-04-16 02:17:21,436 [INFO] pipeline.projecoes:   2025      642,358     73,543     17,823     14,258
2026-04-16 02:17:21,436 [INFO] pipeline.projecoes:   2026      693,747     90,899     22,029     17,623
2026-04-16 02:17:21,436 [INFO] pipeline.projecoes:   2027      742,309    102,147     24,755     19,804
2026-04-16 02:17:21,436 [INFO] pipeline.projecoes:   2028      794,271    114,525     27,755     22,204
2026-04-16 02:17:21,437 [INFO] pipeline.projecoes:   2029      849,870    127,001     30,778     24,623
2026-04-16 02:17:21,437 [INFO] pipeline: 
[6/6] Calculando valuation...
2026-04-16 02:17:21,438 [INFO] pipeline.valuation: 
==================================================
2026-04-16 02:17:21,438 [INFO] pipeline.valuation: VALUATION COMPLETO — BBDC4
2026-04-16 02:17:21,438 [INFO] pipeline.valuation:   VP FCFE (10a):     R$      131,295 MM
2026-04-16 02:17:21,438 [INFO] pipeline.valuation:   Valor Perp. (VP):  R$      220,420 MM
2026-04-16 02:17:21,438 [INFO] pipeline.valuation:   VALOR DO EQUITY:   R$      351,715 MM
2026-04-16 02:17:21,438 [INFO] pipeline.valuation:   Preço Justo ON:    R$    93.79
2026-04-16 02:17:21,438 [INFO] pipeline.valuation:   Preço Justo PN:    R$    93.79
2026-04-16 02:17:21,438 [INFO] pipeline.valuation:   Cotação ON:        R$    31.68
2026-04-16 02:17:21,439 [INFO] pipeline.valuation:   Upside ON:              196.1%
2026-04-16 02:17:21,439 [INFO] pipeline.valuation:   TIR (ON):                21.5%
2026-04-16 02:17:21,439 [INFO] pipeline.valuation:   Preço Teto ON:     R$    93.79
2026-04-16 02:17:21,440 [INFO] pipeline.excel: 
============================================================
2026-04-16 02:17:21,440 [INFO] pipeline.excel: Escrevendo template: Valuation_SANB11_Santander_20260416.xlsx
2026-04-16 02:17:21,516 [INFO] pipeline.excel:   → Dashboard
2026-04-16 02:17:21,516 [INFO] pipeline.excel:   → Ke
2026-04-16 02:17:21,524 [INFO] pipeline.excel:   → Balanço Patrimonial
2026-04-16 02:17:21,543 [INFO] pipeline.excel:   → DRE Recorrente
2026-04-16 02:17:21,580 [INFO] pipeline.excel:   → DRE + DCF
2026-04-16 02:17:21,593 [INFO] pipeline.excel:   → Projeções NIM
2026-04-16 02:17:21,623 [INFO] pipeline.excel:   → Painel de Índices
2026-04-16 02:17:21,739 [INFO] pipeline.excel: 
Arquivo salvo: C:\Users\55819\Downloads\pipeline_banco_completo\pipeline_banco\outputs\Valuation_SANB11_Santander_20260416.xlsx
2026-04-16 02:17:21,739 [INFO] pipeline: 
======================================================================
2026-04-16 02:17:21,739 [INFO] pipeline: RESUMO DO VALUATION
2026-04-16 02:17:21,739 [INFO] pipeline: ======================================================================
2026-04-16 02:17:21,739 [INFO] pipeline:   Empresa:           Santander (SANB11)
2026-04-16 02:17:21,739 [INFO] pipeline:   Cotação ON:        R$ 31.68
2026-04-16 02:17:21,739 [INFO] pipeline:   Preço Justo ON:    R$ 93.79
2026-04-16 02:17:21,739 [INFO] pipeline:   Upside ON:            196.0%
2026-04-16 02:17:21,739 [INFO] pipeline:   TIR:                  21.5%
2026-04-16 02:17:21,739 [INFO] pipeline:   Preço Teto ON:     R$ 93.79
2026-04-16 02:17:21,739 [INFO] pipeline: 
  Arquivo gerado:    C:\Users\55819\Downloads\pipeline_banco_completo\pipeline_banco\outputs\Valuation_SANB11_Santander_20260416.xlsx
2026-04-16 02:17:21,740 [INFO] pipeline: ======================================================================
2026-04-16 02:17:21,742 [INFO] pipeline: ✓ SANB11: arquivo gerado → C:\Users\55819\Downloads\pipeline_banco_completo\pipeline_banco\outputs\Valuation_SANB11_Santander_20260416.xlsx
2026-04-16 02:17:21,742 [INFO] pipeline: 
──────────────────────────────────────────────────────────────────────
2026-04-16 02:17:21,743 [INFO] pipeline: Processando: BPAC11 (BTG Pactual)
2026-04-16 02:17:21,743 [INFO] pipeline: ──────────────────────────────────────────────────────────────────────
2026-04-16 02:17:21,743 [INFO] pipeline: ======================================================================
2026-04-16 02:17:21,743 [INFO] pipeline: PIPELINE DE VALUATION BANCÁRIO — BPAC11 — BTG Pactual
2026-04-16 02:17:21,743 [INFO] pipeline: Início: 2026-04-16 02:17:21
2026-04-16 02:17:21,743 [INFO] pipeline: ======================================================================
2026-04-16 02:17:21,743 [INFO] pipeline:   Banco cadastrado: BTG Pactual | tipo: UNITS
2026-04-16 02:17:21,743 [INFO] pipeline: 
[1/6] Coletando dados de mercado...
2026-04-16 02:17:21,744 [INFO] pipeline:   Buscando cotação via yfinance...
2026-04-16 02:17:21,744 [INFO] pipeline.mercado: Buscando cotação atual: BPAC11.SA
2026-04-16 02:17:22,326 [INFO] pipeline:   Cotação ON: R$ 64.33  |  Cotação PN: R$ 0.00
2026-04-16 02:17:22,326 [INFO] pipeline:   Ações (fonte: bancos.py): ON=3,890,000 mil | PN=0 mil
2026-04-16 02:17:22,326 [INFO] pipeline.mercado: Calculando beta: BPAC11 (252 dias úteis)
2026-04-16 02:17:22,337 [INFO] pipeline.mercado:   Beta estatístico: 1.5516 | R²: 0.587 | n=251
2026-04-16 02:17:22,341 [INFO] pipeline:   Beta estatístico: 1.552 | Beta utilizado: 0.850
2026-04-16 02:17:22,341 [INFO] pipeline: 
[2/6] Coletando dados macroeconômicos (BCB)...
2026-04-16 02:17:22,654 [WARNING] pipeline.macro: Não foi possível obter Focus Selic: 400 Client Error: Bad Request for url: https://olinda.bcb.gov.br/olinda/servico/Expectativas/versao/v1/odata/ExpectativasMercadoAnuais?%24filter=Indicador%20eq%20'Selic'&%24top=100&%24format=json&%24select=Indicador,Data,Ano,Mediana
2026-04-16 02:17:22,933 [WARNING] pipeline.macro: Não foi possível obter Focus IPCA: 400 Client Error: Bad Request for url: https://olinda.bcb.gov.br/olinda/servico/Expectativas/versao/v1/odata/ExpectativasMercadoAnuais?%24filter=Indicador%20eq%20'IPCA'&%24top=100&%24format=json&%24select=Indicador,Data,Ano,Mediana
2026-04-16 02:17:22,934 [INFO] pipeline.macro: 
=== Coletando dados macroeconômicos ===
2026-04-16 02:17:22,934 [INFO] pipeline.macro: Baixando série BCB 432...
2026-04-16 02:17:23,251 [ERROR] pipeline.macro: Erro ao baixar série BCB 432: 406 Client Error: Not Acceptable for url: https://api.bcb.gov.br/dados/serie/bcdata.sgs.432/dados?formato=json&dataInicial=01%2F01%2F2010&dataFinal=16%2F04%2F2026
2026-04-16 02:17:23,251 [WARNING] pipeline.macro: Série Selic meta sem DatetimeIndex — usando fallback histórico
2026-04-16 02:17:23,251 [INFO] pipeline.macro: Baixando série BCB 12...
2026-04-16 02:17:23,385 [ERROR] pipeline.macro: Erro ao baixar série BCB 12: 406 Client Error: Not Acceptable for url: https://api.bcb.gov.br/dados/serie/bcdata.sgs.12/dados?formato=json&dataInicial=01%2F01%2F2010&dataFinal=16%2F04%2F2026
2026-04-16 02:17:23,385 [WARNING] pipeline.macro: Série DI sem DatetimeIndex — usando fallback histórico
2026-04-16 02:17:23,389 [WARNING] pipeline.macro: IPCA calculado fora do intervalo plausível (55.3%) para 2019 — usando fallback
2026-04-16 02:17:23,389 [WARNING] pipeline.macro: IPCA calculado fora do intervalo plausível (46.1%) para 2020 — usando fallback
2026-04-16 02:17:23,390 [WARNING] pipeline.macro: IPCA calculado fora do intervalo plausível (159.3%) para 2021 — usando fallback
2026-04-16 02:17:23,390 [WARNING] pipeline.macro: IPCA calculado fora do intervalo plausível (191.2%) para 2022 — usando fallback
2026-04-16 02:17:23,390 [WARNING] pipeline.macro: IPCA calculado fora do intervalo plausível (71.5%) para 2023 — usando fallback
2026-04-16 02:17:23,391 [WARNING] pipeline.macro: IPCA calculado fora do intervalo plausível (67.0%) para 2024 — usando fallback
2026-04-16 02:17:23,391 [INFO] pipeline.macro: Baixando série BCB 258...
2026-04-16 02:17:23,493 [ERROR] pipeline.macro: Erro ao baixar série BCB 258: 406 Client Error: Not Acceptable for url: https://api.bcb.gov.br/dados/serie/bcdata.sgs.258/dados?formato=json&dataInicial=01%2F01%2F2010&dataFinal=16%2F04%2F2026
2026-04-16 02:17:23,493 [WARNING] pipeline.macro: Série TJLP sem DatetimeIndex — usando fallback histórico
2026-04-16 02:17:23,502 [WARNING] pipeline.macro: IPCA calculado fora do intervalo plausível (55.3%) para 2019 — usando fallback
2026-04-16 02:17:23,502 [WARNING] pipeline.macro: IPCA calculado fora do intervalo plausível (46.1%) para 2020 — usando fallback
2026-04-16 02:17:23,502 [WARNING] pipeline.macro: IPCA calculado fora do intervalo plausível (159.3%) para 2021 — usando fallback
2026-04-16 02:17:23,503 [WARNING] pipeline.macro: IPCA calculado fora do intervalo plausível (191.2%) para 2022 — usando fallback
2026-04-16 02:17:23,503 [WARNING] pipeline.macro: IPCA calculado fora do intervalo plausível (71.5%) para 2023 — usando fallback
2026-04-16 02:17:23,503 [WARNING] pipeline.macro: IPCA calculado fora do intervalo plausível (67.0%) para 2024 — usando fallback
2026-04-16 02:17:23,503 [INFO] pipeline.macro: 
RESUMO MACRO HISTÓRICO:
2026-04-16 02:17:23,504 [INFO] pipeline.macro:   selic_meta     : 2020: 2.00% | 2021: 9.25% | 2022: 13.75% | 2023: 11.75% | 2024: 11.75%
2026-04-16 02:17:23,504 [INFO] pipeline.macro:   selic_efet     : 2020: 2.28% | 2021: 4.48% | 2022: 12.33% | 2023: 13.15% | 2024: 10.73%
2026-04-16 02:17:23,504 [INFO] pipeline.macro:   ipca           : 2020: 4.52% | 2021: 10.06% | 2022: 5.62% | 2023: 4.62% | 2024: 4.83%
2026-04-16 02:17:23,504 [INFO] pipeline.macro:   tjlp           : 2020: 5.25% | 2021: 5.25% | 2022: 6.25% | 2023: 7.00% | 2024: 7.00%
2026-04-16 02:17:23,504 [INFO] pipeline.macro:   cds            : 2020: 0.44% | 2021: 0.73% | 2022: 1.26% | 2023: 0.84% | 2024: 0.81%
2026-04-16 02:17:23,504 [INFO] pipeline.macro:   inflacao_impl  : 2020: 4.52% | 2021: 10.06% | 2022: 5.62% | 2023: 4.62% | 2024: 4.83%
2026-04-16 02:17:23,504 [INFO] pipeline: 
[3/6] Baixando demonstrações financeiras (CVM)...
2026-04-16 02:17:23,505 [INFO] pipeline.cvm: 
==================================================
2026-04-16 02:17:23,505 [INFO] pipeline.cvm: Baixando DFP 2019...
2026-04-16 02:17:23,762 [INFO] pipeline.cvm:   DFP dre 2019: 88 linhas
2026-04-16 02:17:24,196 [INFO] pipeline.cvm:   DFP bpa 2019: 128 linhas
2026-04-16 02:17:25,004 [INFO] pipeline.cvm:   DFP bpp 2019: 220 linhas
2026-04-16 02:17:25,542 [INFO] pipeline.cvm:   DFP dfc_mi 2019: 108 linhas
2026-04-16 02:17:25,568 [WARNING] pipeline.cvm:   Empresa 21610 não encontrada em dfc_md 2019
2026-04-16 02:17:25,569 [INFO] pipeline.cvm: 
==================================================
2026-04-16 02:17:25,569 [INFO] pipeline.cvm: Baixando DFP 2020...
2026-04-16 02:17:25,927 [INFO] pipeline.cvm:   DFP dre 2020: 90 linhas
2026-04-16 02:17:26,387 [INFO] pipeline.cvm:   DFP bpa 2020: 128 linhas
2026-04-16 02:17:27,174 [INFO] pipeline.cvm:   DFP bpp 2020: 220 linhas
2026-04-16 02:17:27,668 [INFO] pipeline.cvm:   DFP dfc_mi 2020: 112 linhas
2026-04-16 02:17:27,699 [WARNING] pipeline.cvm:   Empresa 21610 não encontrada em dfc_md 2020
2026-04-16 02:17:27,700 [INFO] pipeline.cvm: 
==================================================
2026-04-16 02:17:27,701 [INFO] pipeline.cvm: Baixando DFP 2021...
2026-04-16 02:17:28,041 [INFO] pipeline.cvm:   DFP dre 2021: 90 linhas
2026-04-16 02:17:28,674 [INFO] pipeline.cvm:   DFP bpa 2021: 128 linhas
2026-04-16 02:17:29,669 [INFO] pipeline.cvm:   DFP bpp 2021: 222 linhas
2026-04-16 02:17:30,071 [INFO] pipeline.cvm:   DFP dfc_mi 2021: 106 linhas
2026-04-16 02:17:30,107 [WARNING] pipeline.cvm:   Empresa 21610 não encontrada em dfc_md 2021
2026-04-16 02:17:30,107 [INFO] pipeline.cvm: 
==================================================
2026-04-16 02:17:30,107 [INFO] pipeline.cvm: Baixando DFP 2022...
2026-04-16 02:17:30,379 [INFO] pipeline.cvm:   DFP dre 2022: 90 linhas
2026-04-16 02:17:30,902 [INFO] pipeline.cvm:   DFP bpa 2022: 128 linhas
2026-04-16 02:17:32,133 [INFO] pipeline.cvm:   DFP bpp 2022: 222 linhas
2026-04-16 02:17:32,822 [INFO] pipeline.cvm:   DFP dfc_mi 2022: 104 linhas
2026-04-16 02:17:32,878 [WARNING] pipeline.cvm:   Empresa 21610 não encontrada em dfc_md 2022
2026-04-16 02:17:32,879 [INFO] pipeline.cvm: 
==================================================
2026-04-16 02:17:32,879 [INFO] pipeline.cvm: Baixando DFP 2023...
2026-04-16 02:17:33,406 [INFO] pipeline.cvm:   DFP dre 2023: 90 linhas
2026-04-16 02:17:34,193 [INFO] pipeline.cvm:   DFP bpa 2023: 128 linhas
2026-04-16 02:17:35,692 [INFO] pipeline.cvm:   DFP bpp 2023: 222 linhas
2026-04-16 02:17:36,679 [INFO] pipeline.cvm:   DFP dfc_mi 2023: 108 linhas
2026-04-16 02:17:36,731 [WARNING] pipeline.cvm:   Empresa 21610 não encontrada em dfc_md 2023
2026-04-16 02:17:36,732 [INFO] pipeline.cvm: 
==================================================
2026-04-16 02:17:36,732 [INFO] pipeline.cvm: Baixando DFP 2024...
2026-04-16 02:17:37,133 [INFO] pipeline.cvm:   DFP dre 2024: 90 linhas
2026-04-16 02:17:37,972 [INFO] pipeline.cvm:   DFP bpa 2024: 128 linhas
2026-04-16 02:17:39,518 [INFO] pipeline.cvm:   DFP bpp 2024: 222 linhas
2026-04-16 02:17:40,631 [INFO] pipeline.cvm:   DFP dfc_mi 2024: 114 linhas
2026-04-16 02:17:40,690 [WARNING] pipeline.cvm:   Empresa 21610 não encontrada em dfc_md 2024
2026-04-16 02:17:40,691 [INFO] pipeline: 
[4/6] Normalizando dados...
2026-04-16 02:17:42,861 [INFO] pipeline:   DRE normalizada:
2026-04-16 02:17:42,862 [INFO] pipeline:     margem_financeira_bruta: 2019: 5,908 | 2020: 8,383 | 2021: 9,248 | 2022: 9,092 | 2023: 8,930 | 2024: 9,513
2026-04-16 02:17:42,862 [INFO] pipeline:     lucro_liquido: 2019: 2,714 | 2020: 4,152 | 2021: 4,717 | 2022: 4,226 | 2023: 4,132 | 2024: 4,577
2026-04-16 02:17:42,862 [INFO] pipeline: 
[5/6] Calculando projeções...
2026-04-16 02:17:42,862 [INFO] pipeline:   Premissas por banco aplicadas: NIM=3.0% | Payout=30% | g=6.0%
2026-04-16 02:17:42,863 [INFO] pipeline.projecoes: 
=== Rodando projeções ===
2026-04-16 02:17:42,864 [INFO] pipeline.projecoes:   NIM ~ Selic: slope=0.0131, intercept=0.1414
2026-04-16 02:17:42,870 [INFO] pipeline.projecoes:   Margem op./MFB histórica (median 5a): 45.00%
2026-04-16 02:17:42,872 [INFO] pipeline.projecoes: Projeções concluídas. Resumo:
2026-04-16 02:17:42,872 [INFO] pipeline.projecoes:    Ano     Carteira        MFB      Lucro       FCFE
2026-04-16 02:17:42,872 [INFO] pipeline.projecoes:   2025            0          0          0          0
2026-04-16 02:17:42,872 [INFO] pipeline.projecoes:   2026            0          0          0          0
2026-04-16 02:17:42,872 [INFO] pipeline.projecoes:   2027            0          0          0          0
2026-04-16 02:17:42,872 [INFO] pipeline.projecoes:   2028            0          0          0          0
2026-04-16 02:17:42,872 [INFO] pipeline.projecoes:   2029            0          0          0          0
2026-04-16 02:17:42,872 [INFO] pipeline: 
[6/6] Calculando valuation...
2026-04-16 02:17:42,872 [WARNING] pipeline.valuation: TIR < g (6.0%) — cotação acima do valor intrínseco (DCF)
2026-04-16 02:17:42,873 [WARNING] pipeline.valuation: TIR < g (6.0%) — cotação acima do valor intrínseco (DCF)
2026-04-16 02:17:42,873 [INFO] pipeline.valuation: 
==================================================
2026-04-16 02:17:42,873 [INFO] pipeline.valuation: VALUATION COMPLETO — BBDC4
2026-04-16 02:17:42,873 [INFO] pipeline.valuation:   VP FCFE (10a):     R$            0 MM
2026-04-16 02:17:42,874 [INFO] pipeline.valuation:   Valor Perp. (VP):  R$            0 MM
2026-04-16 02:17:42,874 [INFO] pipeline.valuation:   VALOR DO EQUITY:   R$            0 MM
2026-04-16 02:17:42,874 [INFO] pipeline.valuation:   Preço Justo ON:    R$     0.00
2026-04-16 02:17:42,874 [INFO] pipeline.valuation:   Preço Justo PN:    R$     0.00
2026-04-16 02:17:42,874 [INFO] pipeline.valuation:   Cotação ON:        R$    64.33
2026-04-16 02:17:42,874 [INFO] pipeline.valuation:   Upside ON:             -100.0%
2026-04-16 02:17:42,874 [INFO] pipeline.valuation:   TIR (ON):                 6.5%
2026-04-16 02:17:42,875 [INFO] pipeline.valuation:   Preço Teto ON:     R$     0.00
2026-04-16 02:17:42,875 [WARNING] pipeline: 
[!] AVISOS DE VALIDACAO:
2026-04-16 02:17:42,875 [WARNING] pipeline:   - FCFE projetado é zero em todos os anos — verificar dados históricos
2026-04-16 02:17:42,875 [WARNING] pipeline:   - Valor do Equity negativo ou zero: R$ 0 MM
2026-04-16 02:17:42,876 [WARNING] pipeline:   - Preço Justo ON inválido (≤ 0)
2026-04-16 02:17:42,877 [INFO] pipeline.excel: 
============================================================
2026-04-16 02:17:42,877 [INFO] pipeline.excel: Escrevendo template: Valuation_BPAC11_BTG Pactual_20260416.xlsx
2026-04-16 02:17:43,025 [INFO] pipeline.excel:   → Dashboard
2026-04-16 02:17:43,025 [INFO] pipeline.excel:   → Ke
2026-04-16 02:17:43,040 [INFO] pipeline.excel:   → Balanço Patrimonial
2026-04-16 02:17:43,064 [INFO] pipeline.excel:   → DRE Recorrente
2026-04-16 02:17:43,120 [INFO] pipeline.excel:   → DRE + DCF
2026-04-16 02:17:43,142 [INFO] pipeline.excel:   → Projeções NIM
2026-04-16 02:17:43,172 [INFO] pipeline.excel:   → Painel de Índices
2026-04-16 02:17:43,315 [INFO] pipeline.excel: 
Arquivo salvo: C:\Users\55819\Downloads\pipeline_banco_completo\pipeline_banco\outputs\Valuation_BPAC11_BTG Pactual_20260416.xlsx
2026-04-16 02:17:43,315 [INFO] pipeline: 
======================================================================
2026-04-16 02:17:43,315 [INFO] pipeline: RESUMO DO VALUATION
2026-04-16 02:17:43,315 [INFO] pipeline: ======================================================================
2026-04-16 02:17:43,315 [INFO] pipeline:   Empresa:           BTG Pactual (BPAC11)
2026-04-16 02:17:43,315 [INFO] pipeline:   Cotação ON:        R$ 64.33
2026-04-16 02:17:43,315 [INFO] pipeline:   Preço Justo ON:    R$ 0.00
2026-04-16 02:17:43,315 [INFO] pipeline:   Upside ON:            -100.0%
2026-04-16 02:17:43,315 [INFO] pipeline:   TIR:                  6.5%
2026-04-16 02:17:43,315 [INFO] pipeline:   Preço Teto ON:     R$ 0.00
2026-04-16 02:17:43,315 [INFO] pipeline: 
  [!] 3 aviso(s) de validacao — verifique os logs
2026-04-16 02:17:43,315 [INFO] pipeline: 
  Arquivo gerado:    C:\Users\55819\Downloads\pipeline_banco_completo\pipeline_banco\outputs\Valuation_BPAC11_BTG Pactual_20260416.xlsx
2026-04-16 02:17:43,316 [INFO] pipeline: ======================================================================
2026-04-16 02:17:43,321 [INFO] pipeline: ✓ BPAC11: arquivo gerado → C:\Users\55819\Downloads\pipeline_banco_completo\pipeline_banco\outputs\Valuation_BPAC11_BTG Pactual_20260416.xlsx
2026-04-16 02:17:43,321 [INFO] pipeline: 
======================================================================
2026-04-16 02:17:43,321 [INFO] pipeline: RESUMO DO BATCH
2026-04-16 02:17:43,321 [INFO] pipeline: ======================================================================
2026-04-16 02:17:43,321 [INFO] pipeline:   Total:     5
2026-04-16 02:17:43,321 [INFO] pipeline:   Sucesso:   5
2026-04-16 02:17:43,321 [INFO] pipeline:   Erros:     0
2026-04-16 02:17:43,321 [INFO] pipeline: 
2026-04-16 02:17:43,321 [INFO] pipeline:   Ticker       Cotação ON  Preço Justo ON   Upside      TIR
2026-04-16 02:17:43,321 [INFO] pipeline:   ────────── ──────────── ─────────────── ──────── ────────
2026-04-16 02:17:43,321 [INFO] pipeline:   BBDC4        R$   17.99     R$   22.22       23.5%      11.0%
2026-04-16 02:17:43,321 [INFO] pipeline:   BBAS3        R$   24.40     R$   62.04      154.3%      17.5%
2026-04-16 02:17:43,321 [INFO] pipeline:   ITUB4        R$   46.75     R$   71.12       52.1%      11.7%
2026-04-16 02:17:43,321 [INFO] pipeline:   SANB11       R$   31.68     R$   93.79      196.0%      21.5%
2026-04-16 02:17:43,322 [INFO] pipeline:   BPAC11       R$   64.33     R$    0.00     -100.0%       6.5%
2026-04-16 02:17:43,322 [INFO] pipeline: ======================================================================
