2026-05-03 14:57:31,713 [INFO] pipeline: ======================================================================
2026-05-03 14:57:31,715 [INFO] pipeline: AUDITORIA CVM/B3 — 1 ticker(s): BBDC4
2026-05-03 14:57:31,715 [INFO] pipeline: ======================================================================
2026-05-03 14:57:31,715 [INFO] pipeline: 
Auditorando BBDC4...
2026-05-03 14:57:32,029 [INFO] pipeline.cvm:   DFP dre 2020: 82 linhas
2026-05-03 14:57:32,498 [INFO] pipeline.cvm:   DFP bpa 2020: 82 linhas
2026-05-03 14:57:33,320 [INFO] pipeline.cvm:   DFP bpp 2020: 96 linhas
2026-05-03 14:57:33,719 [INFO] pipeline.cvm:   DFP dfc_mi 2020: 94 linhas
2026-05-03 14:57:33,758 [WARNING] pipeline.cvm:   Empresa 906 não encontrada em dfc_md 2020
2026-05-03 14:57:33,760 [INFO] pipeline.cvm: Baixando: https://dados.cvm.gov.br/dados/CIA_ABERTA/DOC/DFP/DADOS/dfp_cia_aberta_2020.zip
2026-05-03 14:57:38,076 [INFO] pipeline.cvm:   DFP dre 2020: 80 linhas
2026-05-03 14:57:38,076 [INFO] pipeline.cvm: Baixando: https://dados.cvm.gov.br/dados/CIA_ABERTA/DOC/DFP/DADOS/dfp_cia_aberta_2020.zip
2026-05-03 14:57:43,793 [INFO] pipeline.cvm:   DFP bpa 2020: 84 linhas
2026-05-03 14:57:43,795 [INFO] pipeline.cvm: Baixando: https://dados.cvm.gov.br/dados/CIA_ABERTA/DOC/DFP/DADOS/dfp_cia_aberta_2020.zip
2026-05-03 14:57:51,228 [INFO] pipeline.cvm:   DFP bpp 2020: 90 linhas
2026-05-03 14:57:51,229 [INFO] pipeline.cvm: Baixando: https://dados.cvm.gov.br/dados/CIA_ABERTA/DOC/DFP/DADOS/dfp_cia_aberta_2020.zip
2026-05-03 14:57:55,613 [INFO] pipeline.cvm:   DFP dfc_mi 2020: 86 linhas
2026-05-03 14:57:55,614 [INFO] pipeline.cvm: Baixando: https://dados.cvm.gov.br/dados/CIA_ABERTA/DOC/DFP/DADOS/dfp_cia_aberta_2020.zip
2026-05-03 14:57:57,661 [WARNING] pipeline.cvm:   Empresa 906 não encontrada em dfc_md 2020
2026-05-03 14:57:57,662 [INFO] pipeline.cvm: Baixando: https://dados.cvm.gov.br/dados/CIA_ABERTA/DOC/ITR/DADOS/itr_cia_aberta_2020.zip
2026-05-03 14:58:05,975 [INFO] pipeline.cvm: Baixando: https://dados.cvm.gov.br/dados/CIA_ABERTA/DOC/ITR/DADOS/itr_cia_aberta_2020.zip
2026-05-03 14:58:15,001 [INFO] pipeline.cvm: Baixando: https://dados.cvm.gov.br/dados/CIA_ABERTA/DOC/ITR/DADOS/itr_cia_aberta_2020.zip
2026-05-03 14:58:27,343 [INFO] pipeline.cvm: Baixando: https://dados.cvm.gov.br/dados/CIA_ABERTA/DOC/ITR/DADOS/itr_cia_aberta_2020.zip
2026-05-03 14:58:34,523 [INFO] pipeline.cvm: Baixando: https://dados.cvm.gov.br/dados/CIA_ABERTA/DOC/ITR/DADOS/itr_cia_aberta_2020.zip
2026-05-03 14:58:48,321 [INFO] pipeline.cvm: Baixando: https://dados.cvm.gov.br/dados/CIA_ABERTA/DOC/ITR/DADOS/itr_cia_aberta_2020.zip
2026-05-03 14:59:00,571 [INFO] pipeline.cvm:   ITR dre 2020 Ttodos: 400 linhas
2026-05-03 14:59:00,572 [INFO] pipeline.cvm: Baixando: https://dados.cvm.gov.br/dados/CIA_ABERTA/DOC/ITR/DADOS/itr_cia_aberta_2020.zip
2026-05-03 14:59:16,976 [INFO] pipeline.cvm:   ITR bpa 2020 Ttodos: 460 linhas
2026-05-03 14:59:16,977 [INFO] pipeline.cvm: Baixando: https://dados.cvm.gov.br/dados/CIA_ABERTA/DOC/ITR/DADOS/itr_cia_aberta_2020.zip
2026-05-03 14:59:40,163 [INFO] pipeline.cvm:   ITR bpp 2020 Ttodos: 444 linhas
2026-05-03 14:59:40,164 [INFO] pipeline.cvm: Baixando: https://dados.cvm.gov.br/dados/CIA_ABERTA/DOC/ITR/DADOS/itr_cia_aberta_2020.zip
2026-05-03 14:59:50,866 [INFO] pipeline.cvm:   ITR dfc_mi 2020 Ttodos: 274 linhas
2026-05-03 14:59:50,867 [INFO] pipeline.cvm: Baixando: https://dados.cvm.gov.br/dados/CIA_ABERTA/DOC/ITR/DADOS/itr_cia_aberta_2020.zip
2026-05-03 14:59:57,341 [INFO] pipeline.cvm:   DFP dre 2021: 82 linhas
2026-05-03 14:59:57,748 [INFO] pipeline.cvm:   DFP bpa 2021: 82 linhas
2026-05-03 14:59:58,525 [INFO] pipeline.cvm:   DFP bpp 2021: 86 linhas
2026-05-03 14:59:58,933 [WARNING] pipeline.cvm:   Empresa 906 não encontrada em dfc_mi 2021
2026-05-03 14:59:58,976 [INFO] pipeline.cvm:   DFP dfc_md 2021: 64 linhas
2026-05-03 14:59:58,978 [INFO] pipeline.cvm: Baixando: https://dados.cvm.gov.br/dados/CIA_ABERTA/DOC/DFP/DADOS/dfp_cia_aberta_2021.zip
2026-05-03 15:00:04,656 [INFO] pipeline.cvm:   DFP dre 2021: 80 linhas
2026-05-03 15:00:04,656 [INFO] pipeline.cvm: Baixando: https://dados.cvm.gov.br/dados/CIA_ABERTA/DOC/DFP/DADOS/dfp_cia_aberta_2021.zip
2026-05-03 15:00:14,134 [INFO] pipeline.cvm:   DFP bpa 2021: 84 linhas
2026-05-03 15:00:14,134 [INFO] pipeline.cvm: Baixando: https://dados.cvm.gov.br/dados/CIA_ABERTA/DOC/DFP/DADOS/dfp_cia_aberta_2021.zip
2026-05-03 15:00:24,778 [INFO] pipeline.cvm:   DFP bpp 2021: 90 linhas
2026-05-03 15:00:24,778 [INFO] pipeline.cvm: Baixando: https://dados.cvm.gov.br/dados/CIA_ABERTA/DOC/DFP/DADOS/dfp_cia_aberta_2021.zip
2026-05-03 15:00:32,151 [INFO] pipeline.cvm:   DFP dfc_mi 2021: 88 linhas
2026-05-03 15:00:32,151 [INFO] pipeline.cvm: Baixando: https://dados.cvm.gov.br/dados/CIA_ABERTA/DOC/DFP/DADOS/dfp_cia_aberta_2021.zip
2026-05-03 15:00:40,151 [WARNING] pipeline.cvm:   Empresa 906 não encontrada em dfc_md 2021
2026-05-03 15:00:40,153 [INFO] pipeline.cvm: Baixando: https://dados.cvm.gov.br/dados/CIA_ABERTA/DOC/ITR/DADOS/itr_cia_aberta_2021.zip
2026-05-03 15:00:53,213 [INFO] pipeline.cvm: Baixando: https://dados.cvm.gov.br/dados/CIA_ABERTA/DOC/ITR/DADOS/itr_cia_aberta_2021.zip
2026-05-03 15:01:01,829 [INFO] pipeline.cvm: Baixando: https://dados.cvm.gov.br/dados/CIA_ABERTA/DOC/ITR/DADOS/itr_cia_aberta_2021.zip
2026-05-03 15:01:16,743 [INFO] pipeline.cvm: Baixando: https://dados.cvm.gov.br/dados/CIA_ABERTA/DOC/ITR/DADOS/itr_cia_aberta_2021.zip
2026-05-03 15:01:26,465 [INFO] pipeline.cvm: Baixando: https://dados.cvm.gov.br/dados/CIA_ABERTA/DOC/ITR/DADOS/itr_cia_aberta_2021.zip
2026-05-03 15:01:32,916 [INFO] pipeline.cvm: Baixando: https://dados.cvm.gov.br/dados/CIA_ABERTA/DOC/ITR/DADOS/itr_cia_aberta_2021.zip
2026-05-03 15:01:47,411 [INFO] pipeline.cvm:   ITR dre 2021 Ttodos: 406 linhas
2026-05-03 15:01:47,411 [INFO] pipeline.cvm: Baixando: https://dados.cvm.gov.br/dados/CIA_ABERTA/DOC/ITR/DADOS/itr_cia_aberta_2021.zip
2026-05-03 15:02:01,635 [INFO] pipeline.cvm:   ITR bpa 2021 Ttodos: 252 linhas
2026-05-03 15:02:01,636 [INFO] pipeline.cvm: Baixando: https://dados.cvm.gov.br/dados/CIA_ABERTA/DOC/ITR/DADOS/itr_cia_aberta_2021.zip
2026-05-03 15:02:31,965 [INFO] pipeline.cvm:   ITR bpp 2021 Ttodos: 270 linhas
2026-05-03 15:02:31,965 [INFO] pipeline.cvm: Baixando: https://dados.cvm.gov.br/dados/CIA_ABERTA/DOC/ITR/DADOS/itr_cia_aberta_2021.zip
2026-05-03 15:02:46,323 [INFO] pipeline.cvm:   ITR dfc_mi 2021 Ttodos: 254 linhas
2026-05-03 15:02:46,324 [INFO] pipeline.cvm: Baixando: https://dados.cvm.gov.br/dados/CIA_ABERTA/DOC/ITR/DADOS/itr_cia_aberta_2021.zip
2026-05-03 15:03:01,309 [INFO] pipeline.cvm:   DFP dre 2022: 82 linhas
2026-05-03 15:03:01,744 [INFO] pipeline.cvm:   DFP bpa 2022: 82 linhas
2026-05-03 15:03:02,631 [INFO] pipeline.cvm:   DFP bpp 2022: 86 linhas
2026-05-03 15:03:03,097 [INFO] pipeline.cvm:   DFP dfc_mi 2022: 96 linhas
2026-05-03 15:03:03,158 [WARNING] pipeline.cvm:   Empresa 906 não encontrada em dfc_md 2022
2026-05-03 15:03:03,160 [INFO] pipeline.cvm: Baixando: https://dados.cvm.gov.br/dados/CIA_ABERTA/DOC/DFP/DADOS/dfp_cia_aberta_2022.zip
2026-05-03 15:03:08,100 [INFO] pipeline.cvm:   DFP dre 2022: 82 linhas
2026-05-03 15:03:08,100 [INFO] pipeline.cvm: Baixando: https://dados.cvm.gov.br/dados/CIA_ABERTA/DOC/DFP/DADOS/dfp_cia_aberta_2022.zip
2026-05-03 15:03:14,600 [INFO] pipeline.cvm:   DFP bpa 2022: 84 linhas
2026-05-03 15:03:14,601 [INFO] pipeline.cvm: Baixando: https://dados.cvm.gov.br/dados/CIA_ABERTA/DOC/DFP/DADOS/dfp_cia_aberta_2022.zip
2026-05-03 15:03:23,415 [INFO] pipeline.cvm:   DFP bpp 2022: 90 linhas
2026-05-03 15:03:23,415 [INFO] pipeline.cvm: Baixando: https://dados.cvm.gov.br/dados/CIA_ABERTA/DOC/DFP/DADOS/dfp_cia_aberta_2022.zip
2026-05-03 15:03:28,469 [INFO] pipeline.cvm:   DFP dfc_mi 2022: 88 linhas
2026-05-03 15:03:28,470 [INFO] pipeline.cvm: Baixando: https://dados.cvm.gov.br/dados/CIA_ABERTA/DOC/DFP/DADOS/dfp_cia_aberta_2022.zip
2026-05-03 15:03:32,868 [WARNING] pipeline.cvm:   Empresa 906 não encontrada em dfc_md 2022
2026-05-03 15:03:32,869 [INFO] pipeline.cvm: Baixando: https://dados.cvm.gov.br/dados/CIA_ABERTA/DOC/ITR/DADOS/itr_cia_aberta_2022.zip
2026-05-03 15:03:48,660 [INFO] pipeline.cvm:   ITR dre 2022 Ttodos: 410 linhas
2026-05-03 15:03:48,662 [INFO] pipeline.cvm: Baixando: https://dados.cvm.gov.br/dados/CIA_ABERTA/DOC/ITR/DADOS/itr_cia_aberta_2022.zip
2026-05-03 15:04:02,003 [INFO] pipeline.cvm:   ITR bpa 2022 Ttodos: 246 linhas
2026-05-03 15:04:02,006 [INFO] pipeline.cvm: Baixando: https://dados.cvm.gov.br/dados/CIA_ABERTA/DOC/ITR/DADOS/itr_cia_aberta_2022.zip
2026-05-03 15:04:17,436 [INFO] pipeline.cvm:   ITR bpp 2022 Ttodos: 258 linhas
2026-05-03 15:04:17,438 [INFO] pipeline.cvm: Baixando: https://dados.cvm.gov.br/dados/CIA_ABERTA/DOC/ITR/DADOS/itr_cia_aberta_2022.zip
2026-05-03 15:04:27,822 [INFO] pipeline.cvm:   ITR dfc_mi 2022 Ttodos: 288 linhas
2026-05-03 15:04:27,823 [INFO] pipeline.cvm: Baixando: https://dados.cvm.gov.br/dados/CIA_ABERTA/DOC/ITR/DADOS/itr_cia_aberta_2022.zip
2026-05-03 15:04:34,141 [INFO] pipeline.cvm: Baixando: https://dados.cvm.gov.br/dados/CIA_ABERTA/DOC/ITR/DADOS/itr_cia_aberta_2022.zip
2026-05-03 15:04:48,182 [INFO] pipeline.cvm:   ITR dre 2022 Ttodos: 418 linhas
2026-05-03 15:04:48,185 [INFO] pipeline.cvm: Baixando: https://dados.cvm.gov.br/dados/CIA_ABERTA/DOC/ITR/DADOS/itr_cia_aberta_2022.zip
2026-05-03 15:05:02,275 [INFO] pipeline.cvm:   ITR bpa 2022 Ttodos: 252 linhas
2026-05-03 15:05:02,276 [INFO] pipeline.cvm: Baixando: https://dados.cvm.gov.br/dados/CIA_ABERTA/DOC/ITR/DADOS/itr_cia_aberta_2022.zip
2026-05-03 15:05:28,452 [INFO] pipeline.cvm:   ITR bpp 2022 Ttodos: 270 linhas
2026-05-03 15:05:28,453 [INFO] pipeline.cvm: Baixando: https://dados.cvm.gov.br/dados/CIA_ABERTA/DOC/ITR/DADOS/itr_cia_aberta_2022.zip
2026-05-03 15:05:42,543 [INFO] pipeline.cvm:   ITR dfc_mi 2022 Ttodos: 256 linhas
2026-05-03 15:05:42,543 [INFO] pipeline.cvm: Baixando: https://dados.cvm.gov.br/dados/CIA_ABERTA/DOC/ITR/DADOS/itr_cia_aberta_2022.zip
2026-05-03 15:05:50,726 [INFO] pipeline.cvm:   DFP dre 2023: 82 linhas
2026-05-03 15:05:51,166 [INFO] pipeline.cvm:   DFP bpa 2023: 82 linhas
2026-05-03 15:05:51,980 [INFO] pipeline.cvm:   DFP bpp 2023: 86 linhas
2026-05-03 15:05:52,381 [INFO] pipeline.cvm:   DFP dfc_mi 2023: 96 linhas
2026-05-03 15:05:52,421 [WARNING] pipeline.cvm:   Empresa 906 não encontrada em dfc_md 2023
2026-05-03 15:05:52,422 [INFO] pipeline.cvm: Baixando: https://dados.cvm.gov.br/dados/CIA_ABERTA/DOC/DFP/DADOS/dfp_cia_aberta_2023.zip
2026-05-03 15:05:57,837 [INFO] pipeline.cvm:   DFP dre 2023: 82 linhas
2026-05-03 15:05:57,838 [INFO] pipeline.cvm: Baixando: https://dados.cvm.gov.br/dados/CIA_ABERTA/DOC/DFP/DADOS/dfp_cia_aberta_2023.zip
2026-05-03 15:06:06,833 [INFO] pipeline.cvm:   DFP bpa 2023: 84 linhas
2026-05-03 15:06:06,833 [INFO] pipeline.cvm: Baixando: https://dados.cvm.gov.br/dados/CIA_ABERTA/DOC/DFP/DADOS/dfp_cia_aberta_2023.zip
2026-05-03 15:06:16,257 [INFO] pipeline.cvm:   DFP bpp 2023: 90 linhas
2026-05-03 15:06:16,257 [INFO] pipeline.cvm: Baixando: https://dados.cvm.gov.br/dados/CIA_ABERTA/DOC/DFP/DADOS/dfp_cia_aberta_2023.zip
2026-05-03 15:06:21,674 [INFO] pipeline.cvm:   DFP dfc_mi 2023: 88 linhas
2026-05-03 15:06:21,674 [INFO] pipeline.cvm: Baixando: https://dados.cvm.gov.br/dados/CIA_ABERTA/DOC/DFP/DADOS/dfp_cia_aberta_2023.zip
2026-05-03 15:06:24,059 [WARNING] pipeline.cvm:   Empresa 906 não encontrada em dfc_md 2023
2026-05-03 15:06:24,060 [INFO] pipeline.cvm: Baixando: https://dados.cvm.gov.br/dados/CIA_ABERTA/DOC/ITR/DADOS/itr_cia_aberta_2023.zip
2026-05-03 15:06:37,233 [INFO] pipeline.cvm:   ITR dre 2023 Ttodos: 410 linhas
2026-05-03 15:06:37,235 [INFO] pipeline.cvm: Baixando: https://dados.cvm.gov.br/dados/CIA_ABERTA/DOC/ITR/DADOS/itr_cia_aberta_2023.zip
2026-05-03 15:06:50,070 [INFO] pipeline.cvm:   ITR bpa 2023 Ttodos: 246 linhas
2026-05-03 15:06:50,073 [INFO] pipeline.cvm: Baixando: https://dados.cvm.gov.br/dados/CIA_ABERTA/DOC/ITR/DADOS/itr_cia_aberta_2023.zip
2026-05-03 15:07:05,866 [INFO] pipeline.cvm:   ITR bpp 2023 Ttodos: 258 linhas
2026-05-03 15:07:05,868 [INFO] pipeline.cvm: Baixando: https://dados.cvm.gov.br/dados/CIA_ABERTA/DOC/ITR/DADOS/itr_cia_aberta_2023.zip
2026-05-03 15:07:15,551 [INFO] pipeline.cvm:   ITR dfc_mi 2023 Ttodos: 288 linhas
2026-05-03 15:07:15,551 [INFO] pipeline.cvm: Baixando: https://dados.cvm.gov.br/dados/CIA_ABERTA/DOC/ITR/DADOS/itr_cia_aberta_2023.zip
2026-05-03 15:07:20,892 [INFO] pipeline.cvm: Baixando: https://dados.cvm.gov.br/dados/CIA_ABERTA/DOC/ITR/DADOS/itr_cia_aberta_2023.zip
2026-05-03 15:07:34,620 [INFO] pipeline.cvm:   ITR dre 2023 Ttodos: 424 linhas
2026-05-03 15:07:34,621 [INFO] pipeline.cvm: Baixando: https://dados.cvm.gov.br/dados/CIA_ABERTA/DOC/ITR/DADOS/itr_cia_aberta_2023.zip
2026-05-03 15:07:48,333 [INFO] pipeline.cvm:   ITR bpa 2023 Ttodos: 252 linhas
2026-05-03 15:07:48,333 [INFO] pipeline.cvm: Baixando: https://dados.cvm.gov.br/dados/CIA_ABERTA/DOC/ITR/DADOS/itr_cia_aberta_2023.zip
2026-05-03 15:08:13,356 [INFO] pipeline.cvm:   ITR bpp 2023 Ttodos: 270 linhas
2026-05-03 15:08:13,356 [INFO] pipeline.cvm: Baixando: https://dados.cvm.gov.br/dados/CIA_ABERTA/DOC/ITR/DADOS/itr_cia_aberta_2023.zip
2026-05-03 15:08:28,033 [INFO] pipeline.cvm:   ITR dfc_mi 2023 Ttodos: 256 linhas
2026-05-03 15:08:28,035 [INFO] pipeline.cvm: Baixando: https://dados.cvm.gov.br/dados/CIA_ABERTA/DOC/ITR/DADOS/itr_cia_aberta_2023.zip
2026-05-03 15:08:44,973 [INFO] pipeline.cvm:   DFP dre 2024: 82 linhas
2026-05-03 15:08:45,385 [INFO] pipeline.cvm:   DFP bpa 2024: 82 linhas
2026-05-03 15:08:46,125 [INFO] pipeline.cvm:   DFP bpp 2024: 86 linhas
2026-05-03 15:08:46,504 [INFO] pipeline.cvm:   DFP dfc_mi 2024: 96 linhas
2026-05-03 15:08:46,537 [WARNING] pipeline.cvm:   Empresa 906 não encontrada em dfc_md 2024
2026-05-03 15:08:46,538 [INFO] pipeline.cvm: Baixando: https://dados.cvm.gov.br/dados/CIA_ABERTA/DOC/DFP/DADOS/dfp_cia_aberta_2024.zip
2026-05-03 15:08:51,946 [INFO] pipeline.cvm:   DFP dre 2024: 82 linhas
2026-05-03 15:08:51,946 [INFO] pipeline.cvm: Baixando: https://dados.cvm.gov.br/dados/CIA_ABERTA/DOC/DFP/DADOS/dfp_cia_aberta_2024.zip
2026-05-03 15:08:58,629 [INFO] pipeline.cvm:   DFP bpa 2024: 84 linhas
2026-05-03 15:08:58,630 [INFO] pipeline.cvm: Baixando: https://dados.cvm.gov.br/dados/CIA_ABERTA/DOC/DFP/DADOS/dfp_cia_aberta_2024.zip
2026-05-03 15:09:07,415 [INFO] pipeline.cvm:   DFP bpp 2024: 90 linhas
2026-05-03 15:09:07,415 [INFO] pipeline.cvm: Baixando: https://dados.cvm.gov.br/dados/CIA_ABERTA/DOC/DFP/DADOS/dfp_cia_aberta_2024.zip
2026-05-03 15:09:12,771 [INFO] pipeline.cvm:   DFP dfc_mi 2024: 88 linhas
2026-05-03 15:09:12,771 [INFO] pipeline.cvm: Baixando: https://dados.cvm.gov.br/dados/CIA_ABERTA/DOC/DFP/DADOS/dfp_cia_aberta_2024.zip
2026-05-03 15:09:17,180 [WARNING] pipeline.cvm:   Empresa 906 não encontrada em dfc_md 2024
2026-05-03 15:09:17,182 [INFO] pipeline.cvm: Baixando: https://dados.cvm.gov.br/dados/CIA_ABERTA/DOC/ITR/DADOS/itr_cia_aberta_2024.zip
2026-05-03 15:09:29,493 [INFO] pipeline.cvm:   ITR dre 2024 Ttodos: 410 linhas
2026-05-03 15:09:29,496 [INFO] pipeline.cvm: Baixando: https://dados.cvm.gov.br/dados/CIA_ABERTA/DOC/ITR/DADOS/itr_cia_aberta_2024.zip
2026-05-03 15:09:40,955 [INFO] pipeline.cvm:   ITR bpa 2024 Ttodos: 246 linhas
2026-05-03 15:09:40,956 [INFO] pipeline.cvm: Baixando: https://dados.cvm.gov.br/dados/CIA_ABERTA/DOC/ITR/DADOS/itr_cia_aberta_2024.zip
2026-05-03 15:09:55,650 [INFO] pipeline.cvm:   ITR bpp 2024 Ttodos: 258 linhas
2026-05-03 15:09:55,651 [INFO] pipeline.cvm: Baixando: https://dados.cvm.gov.br/dados/CIA_ABERTA/DOC/ITR/DADOS/itr_cia_aberta_2024.zip
2026-05-03 15:10:05,786 [INFO] pipeline.cvm:   ITR dfc_mi 2024 Ttodos: 288 linhas
2026-05-03 15:10:05,787 [INFO] pipeline.cvm: Baixando: https://dados.cvm.gov.br/dados/CIA_ABERTA/DOC/ITR/DADOS/itr_cia_aberta_2024.zip
2026-05-03 15:10:12,350 [INFO] pipeline.cvm: Baixando: https://dados.cvm.gov.br/dados/CIA_ABERTA/DOC/ITR/DADOS/itr_cia_aberta_2024.zip
2026-05-03 15:10:26,957 [INFO] pipeline.cvm:   ITR dre 2024 Ttodos: 424 linhas
2026-05-03 15:10:26,957 [INFO] pipeline.cvm: Baixando: https://dados.cvm.gov.br/dados/CIA_ABERTA/DOC/ITR/DADOS/itr_cia_aberta_2024.zip
2026-05-03 15:10:43,383 [INFO] pipeline.cvm:   ITR bpa 2024 Ttodos: 252 linhas
2026-05-03 15:10:43,384 [INFO] pipeline.cvm: Baixando: https://dados.cvm.gov.br/dados/CIA_ABERTA/DOC/ITR/DADOS/itr_cia_aberta_2024.zip
2026-05-03 15:11:07,476 [INFO] pipeline.cvm:   ITR bpp 2024 Ttodos: 270 linhas
2026-05-03 15:11:07,476 [INFO] pipeline.cvm: Baixando: https://dados.cvm.gov.br/dados/CIA_ABERTA/DOC/ITR/DADOS/itr_cia_aberta_2024.zip
2026-05-03 15:11:21,352 [INFO] pipeline.cvm:   ITR dfc_mi 2024 Ttodos: 258 linhas
2026-05-03 15:11:21,352 [INFO] pipeline.cvm: Baixando: https://dados.cvm.gov.br/dados/CIA_ABERTA/DOC/ITR/DADOS/itr_cia_aberta_2024.zip
2026-05-03 15:11:36,341 [INFO] pipeline.cvm:   DFP dre 2025: 82 linhas
2026-05-03 15:11:36,745 [INFO] pipeline.cvm:   DFP bpa 2025: 82 linhas
2026-05-03 15:11:37,487 [INFO] pipeline.cvm:   DFP bpp 2025: 86 linhas
2026-05-03 15:11:37,909 [INFO] pipeline.cvm:   DFP dfc_mi 2025: 96 linhas
2026-05-03 15:11:37,943 [WARNING] pipeline.cvm:   Empresa 906 não encontrada em dfc_md 2025
2026-05-03 15:11:37,944 [INFO] pipeline.cvm: Baixando: https://dados.cvm.gov.br/dados/CIA_ABERTA/DOC/DFP/DADOS/dfp_cia_aberta_2025.zip
2026-05-03 15:11:42,728 [INFO] pipeline.cvm:   DFP dre 2025: 80 linhas
2026-05-03 15:11:42,728 [INFO] pipeline.cvm: Baixando: https://dados.cvm.gov.br/dados/CIA_ABERTA/DOC/DFP/DADOS/dfp_cia_aberta_2025.zip
2026-05-03 15:11:48,345 [INFO] pipeline.cvm:   DFP bpa 2025: 86 linhas
2026-05-03 15:11:48,345 [INFO] pipeline.cvm: Baixando: https://dados.cvm.gov.br/dados/CIA_ABERTA/DOC/DFP/DADOS/dfp_cia_aberta_2025.zip
2026-05-03 15:11:55,971 [INFO] pipeline.cvm:   DFP bpp 2025: 90 linhas
2026-05-03 15:11:55,972 [INFO] pipeline.cvm: Baixando: https://dados.cvm.gov.br/dados/CIA_ABERTA/DOC/DFP/DADOS/dfp_cia_aberta_2025.zip
2026-05-03 15:12:00,826 [INFO] pipeline.cvm:   DFP dfc_mi 2025: 90 linhas
2026-05-03 15:12:00,826 [INFO] pipeline.cvm: Baixando: https://dados.cvm.gov.br/dados/CIA_ABERTA/DOC/DFP/DADOS/dfp_cia_aberta_2025.zip
2026-05-03 15:12:03,436 [WARNING] pipeline.cvm:   Empresa 906 não encontrada em dfc_md 2025
2026-05-03 15:12:03,437 [INFO] pipeline.cvm: Baixando: https://dados.cvm.gov.br/dados/CIA_ABERTA/DOC/ITR/DADOS/itr_cia_aberta_2025.zip
2026-05-03 15:12:16,282 [INFO] pipeline.cvm:   ITR dre 2025 Ttodos: 410 linhas
2026-05-03 15:12:16,284 [INFO] pipeline.cvm: Baixando: https://dados.cvm.gov.br/dados/CIA_ABERTA/DOC/ITR/DADOS/itr_cia_aberta_2025.zip
2026-05-03 15:12:28,818 [INFO] pipeline.cvm:   ITR bpa 2025 Ttodos: 248 linhas
2026-05-03 15:12:28,819 [INFO] pipeline.cvm: Baixando: https://dados.cvm.gov.br/dados/CIA_ABERTA/DOC/ITR/DADOS/itr_cia_aberta_2025.zip
2026-05-03 15:12:44,403 [INFO] pipeline.cvm:   ITR bpp 2025 Ttodos: 258 linhas
2026-05-03 15:12:44,405 [INFO] pipeline.cvm: Baixando: https://dados.cvm.gov.br/dados/CIA_ABERTA/DOC/ITR/DADOS/itr_cia_aberta_2025.zip
2026-05-03 15:12:55,271 [INFO] pipeline.cvm:   ITR dfc_mi 2025 Ttodos: 288 linhas
2026-05-03 15:12:55,271 [INFO] pipeline.cvm: Baixando: https://dados.cvm.gov.br/dados/CIA_ABERTA/DOC/ITR/DADOS/itr_cia_aberta_2025.zip
2026-05-03 15:13:01,347 [INFO] pipeline.cvm: Baixando: https://dados.cvm.gov.br/dados/CIA_ABERTA/DOC/ITR/DADOS/itr_cia_aberta_2025.zip
2026-05-03 15:13:15,378 [INFO] pipeline.cvm:   ITR dre 2025 Ttodos: 434 linhas
2026-05-03 15:13:15,379 [INFO] pipeline.cvm: Baixando: https://dados.cvm.gov.br/dados/CIA_ABERTA/DOC/ITR/DADOS/itr_cia_aberta_2025.zip
2026-05-03 15:13:30,477 [INFO] pipeline.cvm:   ITR bpa 2025 Ttodos: 256 linhas
2026-05-03 15:13:30,477 [INFO] pipeline.cvm: Baixando: https://dados.cvm.gov.br/dados/CIA_ABERTA/DOC/ITR/DADOS/itr_cia_aberta_2025.zip
2026-05-03 15:13:51,493 [INFO] pipeline.cvm:   ITR bpp 2025 Ttodos: 270 linhas
2026-05-03 15:13:51,493 [INFO] pipeline.cvm: Baixando: https://dados.cvm.gov.br/dados/CIA_ABERTA/DOC/ITR/DADOS/itr_cia_aberta_2025.zip
2026-05-03 15:14:07,105 [INFO] pipeline.cvm:   ITR dfc_mi 2025 Ttodos: 274 linhas
2026-05-03 15:14:07,105 [INFO] pipeline.cvm: Baixando: https://dados.cvm.gov.br/dados/CIA_ABERTA/DOC/ITR/DADOS/itr_cia_aberta_2025.zip
2026-05-03 15:14:41,191 [INFO] pipeline:   BBDC4: score=46/100 | critical=3 | warnings=0
2026-05-03 15:14:41,191 [INFO] pipeline:   Relatorio: C:\Users\55819\OneDrive - EPEJUD\DIEGO\OBSIDIAN\Analista de Investimentos\12_PYTHON\pipeline banco completo\outputs\data_quality\audit_BBDC4_20260503.md
2026-05-03 15:14:41,200 [INFO] pipeline: 
======================================================================
2026-05-03 15:14:41,200 [INFO] pipeline: RESUMO DA AUDITORIA
2026-05-03 15:14:41,200 [INFO] pipeline: ======================================================================
2026-05-03 15:14:41,200 [INFO] pipeline:   Auditados: 1
2026-05-03 15:14:41,200 [INFO] pipeline:   Erros:     0
2026-05-03 15:14:41,200 [INFO] pipeline:   CSV:       C:\Users\55819\OneDrive - EPEJUD\DIEGO\OBSIDIAN\Analista de Investimentos\12_PYTHON\pipeline banco completo\outputs\data_quality\audit_all_20260503.csv
