2026-05-04 10:27:50,520 [INFO] pipeline: ======================================================================
2026-05-04 10:27:50,521 [INFO] pipeline: AUDITORIA CVM/B3 — 1 ticker(s): LREN3
2026-05-04 10:27:50,521 [INFO] pipeline: ======================================================================
2026-05-04 10:27:50,521 [INFO] pipeline: 
Auditorando LREN3...
2026-05-04 10:27:51,049 [INFO] pipeline.cvm:   DFP dre 2020: 68 linhas
2026-05-04 10:27:51,701 [INFO] pipeline.cvm:   DFP bpa 2020: 132 linhas
2026-05-04 10:27:52,846 [INFO] pipeline.cvm:   DFP bpp 2020: 232 linhas
2026-05-04 10:27:53,384 [INFO] pipeline.cvm:   DFP dfc_mi 2020: 108 linhas
2026-05-04 10:27:53,423 [WARNING] pipeline.cvm:   Empresa 8133 não encontrada em dfc_md 2020
2026-05-04 10:27:53,850 [INFO] pipeline.cvm:   DFP dre 2020: 64 linhas
2026-05-04 10:27:54,633 [INFO] pipeline.cvm:   DFP bpa 2020: 134 linhas
2026-05-04 10:27:55,797 [INFO] pipeline.cvm:   DFP bpp 2020: 234 linhas
2026-05-04 10:27:56,379 [INFO] pipeline.cvm:   DFP dfc_mi 2020: 108 linhas
2026-05-04 10:27:56,426 [WARNING] pipeline.cvm:   Empresa 8133 não encontrada em dfc_md 2020
2026-05-04 10:27:56,657 [INFO] pipeline.cvm:   DFP dre 2021: 68 linhas
2026-05-04 10:27:57,148 [INFO] pipeline.cvm:   DFP bpa 2021: 132 linhas
2026-05-04 10:27:57,953 [INFO] pipeline.cvm:   DFP bpp 2021: 232 linhas
2026-05-04 10:27:58,354 [INFO] pipeline.cvm:   DFP dfc_mi 2021: 108 linhas
2026-05-04 10:27:58,391 [WARNING] pipeline.cvm:   Empresa 8133 não encontrada em dfc_md 2021
2026-05-04 10:27:58,767 [INFO] pipeline.cvm:   DFP dre 2021: 64 linhas
2026-05-04 10:27:59,523 [INFO] pipeline.cvm:   DFP bpa 2021: 134 linhas
2026-05-04 10:28:00,758 [INFO] pipeline.cvm:   DFP bpp 2021: 234 linhas
2026-05-04 10:28:01,347 [INFO] pipeline.cvm:   DFP dfc_mi 2021: 108 linhas
2026-05-04 10:28:01,412 [WARNING] pipeline.cvm:   Empresa 8133 não encontrada em dfc_md 2021
2026-05-04 10:28:01,651 [INFO] pipeline.cvm:   DFP dre 2022: 68 linhas
2026-05-04 10:28:02,129 [INFO] pipeline.cvm:   DFP bpa 2022: 132 linhas
2026-05-04 10:28:02,966 [INFO] pipeline.cvm:   DFP bpp 2022: 236 linhas
2026-05-04 10:28:03,408 [INFO] pipeline.cvm:   DFP dfc_mi 2022: 82 linhas
2026-05-04 10:28:03,444 [WARNING] pipeline.cvm:   Empresa 8133 não encontrada em dfc_md 2022
2026-05-04 10:28:03,779 [INFO] pipeline.cvm:   DFP dre 2022: 64 linhas
2026-05-04 10:28:04,509 [INFO] pipeline.cvm:   DFP bpa 2022: 134 linhas
2026-05-04 10:28:05,760 [INFO] pipeline.cvm:   DFP bpp 2022: 238 linhas
2026-05-04 10:28:06,390 [INFO] pipeline.cvm:   DFP dfc_mi 2022: 86 linhas
2026-05-04 10:28:06,446 [WARNING] pipeline.cvm:   Empresa 8133 não encontrada em dfc_md 2022
2026-05-04 10:28:06,733 [INFO] pipeline.cvm:   DFP dre 2023: 68 linhas
2026-05-04 10:28:07,227 [INFO] pipeline.cvm:   DFP bpa 2023: 132 linhas
2026-05-04 10:28:08,082 [INFO] pipeline.cvm:   DFP bpp 2023: 236 linhas
2026-05-04 10:28:08,533 [INFO] pipeline.cvm:   DFP dfc_mi 2023: 82 linhas
2026-05-04 10:28:08,571 [WARNING] pipeline.cvm:   Empresa 8133 não encontrada em dfc_md 2023
2026-05-04 10:28:08,948 [INFO] pipeline.cvm:   DFP dre 2023: 64 linhas
2026-05-04 10:28:09,682 [INFO] pipeline.cvm:   DFP bpa 2023: 134 linhas
2026-05-04 10:28:10,819 [INFO] pipeline.cvm:   DFP bpp 2023: 238 linhas
2026-05-04 10:28:11,350 [INFO] pipeline.cvm:   DFP dfc_mi 2023: 86 linhas
2026-05-04 10:28:11,405 [WARNING] pipeline.cvm:   Empresa 8133 não encontrada em dfc_md 2023
2026-05-04 10:28:11,626 [INFO] pipeline.cvm:   DFP dre 2024: 68 linhas
2026-05-04 10:28:12,051 [INFO] pipeline.cvm:   DFP bpa 2024: 132 linhas
2026-05-04 10:28:12,818 [INFO] pipeline.cvm:   DFP bpp 2024: 236 linhas
2026-05-04 10:28:13,218 [INFO] pipeline.cvm:   DFP dfc_mi 2024: 76 linhas
2026-05-04 10:28:13,247 [WARNING] pipeline.cvm:   Empresa 8133 não encontrada em dfc_md 2024
2026-05-04 10:28:13,568 [INFO] pipeline.cvm:   DFP dre 2024: 64 linhas
2026-05-04 10:28:14,202 [INFO] pipeline.cvm:   DFP bpa 2024: 134 linhas
2026-05-04 10:28:15,271 [INFO] pipeline.cvm:   DFP bpp 2024: 238 linhas
2026-05-04 10:28:15,815 [INFO] pipeline.cvm:   DFP dfc_mi 2024: 82 linhas
2026-05-04 10:28:15,879 [WARNING] pipeline.cvm:   Empresa 8133 não encontrada em dfc_md 2024
2026-05-04 10:28:16,135 [INFO] pipeline.cvm:   DFP dre 2025: 68 linhas
2026-05-04 10:28:16,568 [INFO] pipeline.cvm:   DFP bpa 2025: 136 linhas
2026-05-04 10:28:17,322 [INFO] pipeline.cvm:   DFP bpp 2025: 236 linhas
2026-05-04 10:28:17,724 [INFO] pipeline.cvm:   DFP dfc_mi 2025: 78 linhas
2026-05-04 10:28:17,754 [WARNING] pipeline.cvm:   Empresa 8133 não encontrada em dfc_md 2025
2026-05-04 10:28:18,056 [INFO] pipeline.cvm:   DFP dre 2025: 64 linhas
2026-05-04 10:28:18,673 [INFO] pipeline.cvm:   DFP bpa 2025: 138 linhas
2026-05-04 10:28:19,793 [INFO] pipeline.cvm:   DFP bpp 2025: 238 linhas
2026-05-04 10:28:20,345 [INFO] pipeline.cvm:   DFP dfc_mi 2025: 82 linhas
2026-05-04 10:28:20,381 [WARNING] pipeline.cvm:   Empresa 8133 não encontrada em dfc_md 2025
2026-05-04 10:28:44,940 [INFO] pipeline:   LREN3: score=77/100 | critical=1 | warnings=1
2026-05-04 10:28:44,940 [INFO] pipeline:   Relatorio: C:\Users\55819\OneDrive - EPEJUD\DIEGO\OBSIDIAN\Analista de Investimentos\12_PYTHON\pipeline banco completo\outputs\data_quality\audit_LREN3_20260504.md
2026-05-04 10:28:44,958 [INFO] pipeline: 
======================================================================
2026-05-04 10:28:44,959 [INFO] pipeline: RESUMO DA AUDITORIA
2026-05-04 10:28:44,959 [INFO] pipeline: ======================================================================
2026-05-04 10:28:44,960 [INFO] pipeline:   Auditados: 1
2026-05-04 10:28:44,960 [INFO] pipeline:   Erros:     0
2026-05-04 10:28:44,960 [INFO] pipeline:   CSV:       C:\Users\55819\OneDrive - EPEJUD\DIEGO\OBSIDIAN\Analista de Investimentos\12_PYTHON\pipeline banco completo\outputs\data_quality\audit_all_20260504.csv
