2026-04-16 11:59:17,896 [INFO] pipeline: ======================================================================
2026-04-16 11:59:17,896 [INFO] pipeline: MODO BATCH — 5 empresa(s): BBDC4, BBAS3, ITUB4, SANB11, BPAC11
2026-04-16 11:59:17,896 [INFO] pipeline: ======================================================================
2026-04-16 11:59:17,897 [INFO] pipeline: 
──────────────────────────────────────────────────────────────────────
2026-04-16 11:59:17,897 [INFO] pipeline: Processando: BBDC4 (Bradesco)
2026-04-16 11:59:17,897 [INFO] pipeline: ──────────────────────────────────────────────────────────────────────
2026-04-16 11:59:17,897 [INFO] pipeline: ======================================================================
2026-04-16 11:59:17,897 [INFO] pipeline: PIPELINE DE VALUATION BANCÁRIO — BBDC4 — Bradesco
2026-04-16 11:59:17,897 [INFO] pipeline: Início: 2026-04-16 11:59:17
2026-04-16 11:59:17,897 [INFO] pipeline: ======================================================================
2026-04-16 11:59:17,898 [INFO] pipeline:   Banco cadastrado: Bradesco | tipo: ON_PN
2026-04-16 11:59:17,898 [INFO] pipeline: 
[1/6] Coletando dados de mercado...
2026-04-16 11:59:18,403 [INFO] pipeline:   Buscando cotação via yfinance...
2026-04-16 11:59:18,404 [INFO] pipeline.mercado: Buscando cotação atual: BBDC4.SA
2026-04-16 11:59:19,482 [INFO] pipeline.mercado: Buscando cotação atual: BBDC3.SA
2026-04-16 11:59:20,098 [INFO] pipeline:   Cotação ON: R$ 18.04  |  Cotação PN: R$ 20.93
2026-04-16 11:59:20,098 [INFO] pipeline:   Ações (fonte: bancos.py): ON=5,294,000 mil | PN=5,270,000 mil
2026-04-16 11:59:20,098 [INFO] pipeline.mercado: Calculando beta: BBDC4 (252 dias úteis)
2026-04-16 11:59:20,207 [INFO] pipeline.mercado:   Beta estatístico: 1.3142 | R²: 0.539 | n=251
2026-04-16 11:59:20,210 [INFO] pipeline:   Beta estatístico: 1.314 | Beta utilizado: 0.850
2026-04-16 11:59:20,210 [INFO] pipeline: 
[2/6] Coletando dados macroeconômicos (BCB)...
2026-04-16 11:59:20,535 [WARNING] pipeline.macro: Não foi possível obter Focus Selic: 400 Client Error: Bad Request for url: https://olinda.bcb.gov.br/olinda/servico/Expectativas/versao/v1/odata/ExpectativasMercadoAnuais?%24filter=Indicador%20eq%20'Selic'&%24top=100&%24format=json&%24select=Indicador,Data,Ano,Mediana
2026-04-16 11:59:20,821 [WARNING] pipeline.macro: Não foi possível obter Focus IPCA: 400 Client Error: Bad Request for url: https://olinda.bcb.gov.br/olinda/servico/Expectativas/versao/v1/odata/ExpectativasMercadoAnuais?%24filter=Indicador%20eq%20'IPCA'&%24top=100&%24format=json&%24select=Indicador,Data,Ano,Mediana
2026-04-16 11:59:20,822 [INFO] pipeline.macro: 
=== Coletando dados macroeconômicos ===
2026-04-16 11:59:20,822 [INFO] pipeline.macro: Baixando série BCB 432...
2026-04-16 11:59:21,103 [ERROR] pipeline.macro: Erro ao baixar série BCB 432: 406 Client Error: Not Acceptable for url: https://api.bcb.gov.br/dados/serie/bcdata.sgs.432/dados?formato=json&dataInicial=01%2F01%2F2010&dataFinal=16%2F04%2F2026
2026-04-16 11:59:21,103 [WARNING] pipeline.macro: Série Selic meta sem DatetimeIndex — usando fallback histórico
2026-04-16 11:59:21,104 [INFO] pipeline.macro: Baixando série BCB 12...
2026-04-16 11:59:21,201 [ERROR] pipeline.macro: Erro ao baixar série BCB 12: 406 Client Error: Not Acceptable for url: https://api.bcb.gov.br/dados/serie/bcdata.sgs.12/dados?formato=json&dataInicial=01%2F01%2F2010&dataFinal=16%2F04%2F2026
2026-04-16 11:59:21,202 [WARNING] pipeline.macro: Série DI sem DatetimeIndex — usando fallback histórico
2026-04-16 11:59:21,205 [WARNING] pipeline.macro: IPCA calculado fora do intervalo plausível (55.3%) para 2019 — usando fallback
2026-04-16 11:59:21,206 [WARNING] pipeline.macro: IPCA calculado fora do intervalo plausível (46.1%) para 2020 — usando fallback
2026-04-16 11:59:21,206 [WARNING] pipeline.macro: IPCA calculado fora do intervalo plausível (159.3%) para 2021 — usando fallback
2026-04-16 11:59:21,207 [WARNING] pipeline.macro: IPCA calculado fora do intervalo plausível (191.2%) para 2022 — usando fallback
2026-04-16 11:59:21,207 [WARNING] pipeline.macro: IPCA calculado fora do intervalo plausível (71.5%) para 2023 — usando fallback
2026-04-16 11:59:21,207 [WARNING] pipeline.macro: IPCA calculado fora do intervalo plausível (67.0%) para 2024 — usando fallback
2026-04-16 11:59:21,207 [INFO] pipeline.macro: Baixando série BCB 258...
2026-04-16 11:59:21,313 [ERROR] pipeline.macro: Erro ao baixar série BCB 258: 406 Client Error: Not Acceptable for url: https://api.bcb.gov.br/dados/serie/bcdata.sgs.258/dados?formato=json&dataInicial=01%2F01%2F2010&dataFinal=16%2F04%2F2026
2026-04-16 11:59:21,313 [WARNING] pipeline.macro: Série TJLP sem DatetimeIndex — usando fallback histórico
2026-04-16 11:59:21,321 [WARNING] pipeline.macro: IPCA calculado fora do intervalo plausível (55.3%) para 2019 — usando fallback
2026-04-16 11:59:21,321 [WARNING] pipeline.macro: IPCA calculado fora do intervalo plausível (46.1%) para 2020 — usando fallback
2026-04-16 11:59:21,322 [WARNING] pipeline.macro: IPCA calculado fora do intervalo plausível (159.3%) para 2021 — usando fallback
2026-04-16 11:59:21,322 [WARNING] pipeline.macro: IPCA calculado fora do intervalo plausível (191.2%) para 2022 — usando fallback
2026-04-16 11:59:21,322 [WARNING] pipeline.macro: IPCA calculado fora do intervalo plausível (71.5%) para 2023 — usando fallback
2026-04-16 11:59:21,323 [WARNING] pipeline.macro: IPCA calculado fora do intervalo plausível (67.0%) para 2024 — usando fallback
2026-04-16 11:59:21,323 [INFO] pipeline.macro: 
RESUMO MACRO HISTÓRICO:
2026-04-16 11:59:21,323 [INFO] pipeline.macro:   selic_meta     : 2020: 2.00% | 2021: 9.25% | 2022: 13.75% | 2023: 11.75% | 2024: 11.75%
2026-04-16 11:59:21,323 [INFO] pipeline.macro:   selic_efet     : 2020: 2.28% | 2021: 4.48% | 2022: 12.33% | 2023: 13.15% | 2024: 10.73%
2026-04-16 11:59:21,323 [INFO] pipeline.macro:   ipca           : 2020: 4.52% | 2021: 10.06% | 2022: 5.62% | 2023: 4.62% | 2024: 4.83%
2026-04-16 11:59:21,323 [INFO] pipeline.macro:   tjlp           : 2020: 5.25% | 2021: 5.25% | 2022: 6.25% | 2023: 7.00% | 2024: 7.00%
2026-04-16 11:59:21,324 [INFO] pipeline.macro:   cds            : 2020: 0.44% | 2021: 0.73% | 2022: 1.26% | 2023: 0.84% | 2024: 0.81%
2026-04-16 11:59:21,324 [INFO] pipeline.macro:   inflacao_impl  : 2020: 4.52% | 2021: 10.06% | 2022: 5.62% | 2023: 4.62% | 2024: 4.83%
2026-04-16 11:59:21,324 [INFO] pipeline: 
[3/6] Baixando demonstrações financeiras (CVM)...
2026-04-16 11:59:21,326 [INFO] pipeline.cvm: 
==================================================
2026-04-16 11:59:21,326 [INFO] pipeline.cvm: Baixando DFP 2019...
2026-04-16 11:59:21,531 [INFO] pipeline.cvm:   DFP dre 2019: 88 linhas
2026-04-16 11:59:21,899 [INFO] pipeline.cvm:   DFP bpa 2019: 68 linhas
2026-04-16 11:59:22,523 [INFO] pipeline.cvm:   DFP bpp 2019: 100 linhas
2026-04-16 11:59:22,852 [INFO] pipeline.cvm:   DFP dfc_mi 2019: 146 linhas
2026-04-16 11:59:22,878 [WARNING] pipeline.cvm:   Empresa 906 não encontrada em dfc_md 2019
2026-04-16 11:59:22,878 [INFO] pipeline.cvm: 
==================================================
2026-04-16 11:59:22,879 [INFO] pipeline.cvm: Baixando DFP 2020...
2026-04-16 11:59:23,110 [INFO] pipeline.cvm:   DFP dre 2020: 82 linhas
2026-04-16 11:59:23,523 [INFO] pipeline.cvm:   DFP bpa 2020: 82 linhas
2026-04-16 11:59:24,227 [INFO] pipeline.cvm:   DFP bpp 2020: 96 linhas
2026-04-16 11:59:24,592 [INFO] pipeline.cvm:   DFP dfc_mi 2020: 94 linhas
2026-04-16 11:59:24,622 [WARNING] pipeline.cvm:   Empresa 906 não encontrada em dfc_md 2020
2026-04-16 11:59:24,622 [INFO] pipeline.cvm: 
==================================================
2026-04-16 11:59:24,622 [INFO] pipeline.cvm: Baixando DFP 2021...
2026-04-16 11:59:24,872 [INFO] pipeline.cvm:   DFP dre 2021: 82 linhas
2026-04-16 11:59:25,310 [INFO] pipeline.cvm:   DFP bpa 2021: 82 linhas
2026-04-16 11:59:26,043 [INFO] pipeline.cvm:   DFP bpp 2021: 86 linhas
2026-04-16 11:59:26,428 [WARNING] pipeline.cvm:   Empresa 906 não encontrada em dfc_mi 2021
2026-04-16 11:59:26,467 [INFO] pipeline.cvm:   DFP dfc_md 2021: 64 linhas
2026-04-16 11:59:26,468 [INFO] pipeline.cvm: 
==================================================
2026-04-16 11:59:26,469 [INFO] pipeline.cvm: Baixando DFP 2022...
2026-04-16 11:59:26,715 [INFO] pipeline.cvm:   DFP dre 2022: 82 linhas
2026-04-16 11:59:27,163 [INFO] pipeline.cvm:   DFP bpa 2022: 82 linhas
2026-04-16 11:59:27,941 [INFO] pipeline.cvm:   DFP bpp 2022: 86 linhas
2026-04-16 11:59:28,355 [INFO] pipeline.cvm:   DFP dfc_mi 2022: 96 linhas
2026-04-16 11:59:28,393 [WARNING] pipeline.cvm:   Empresa 906 não encontrada em dfc_md 2022
2026-04-16 11:59:28,394 [INFO] pipeline.cvm: 
==================================================
2026-04-16 11:59:28,394 [INFO] pipeline.cvm: Baixando DFP 2023...
2026-04-16 11:59:28,648 [INFO] pipeline.cvm:   DFP dre 2023: 82 linhas
2026-04-16 11:59:29,099 [INFO] pipeline.cvm:   DFP bpa 2023: 82 linhas
2026-04-16 11:59:29,890 [INFO] pipeline.cvm:   DFP bpp 2023: 86 linhas
2026-04-16 11:59:30,313 [INFO] pipeline.cvm:   DFP dfc_mi 2023: 96 linhas
2026-04-16 11:59:30,347 [WARNING] pipeline.cvm:   Empresa 906 não encontrada em dfc_md 2023
2026-04-16 11:59:30,348 [INFO] pipeline.cvm: 
==================================================
2026-04-16 11:59:30,348 [INFO] pipeline.cvm: Baixando DFP 2024...
2026-04-16 11:59:30,586 [INFO] pipeline.cvm:   DFP dre 2024: 82 linhas
2026-04-16 11:59:31,014 [INFO] pipeline.cvm:   DFP bpa 2024: 82 linhas
2026-04-16 11:59:31,779 [INFO] pipeline.cvm:   DFP bpp 2024: 86 linhas
2026-04-16 11:59:32,195 [INFO] pipeline.cvm:   DFP dfc_mi 2024: 96 linhas
2026-04-16 11:59:32,230 [WARNING] pipeline.cvm:   Empresa 906 não encontrada em dfc_md 2024
2026-04-16 11:59:32,231 [INFO] pipeline: 
[4/6] Normalizando dados...
2026-04-16 11:59:33,059 [INFO] pipeline:   DRE normalizada:
2026-04-16 11:59:33,060 [INFO] pipeline:     margem_financeira_bruta: 2019: 65,688 | 2020: 49,853 | 2021: 70,322 | 2022: 74,602 | 2023: 68,082 | 2024: 68,941
2026-04-16 11:59:33,060 [INFO] pipeline:     lucro_liquido: 2019: 21,023 | 2020: 15,837 | 2021: 23,172 | 2022: 20,984 | 2023: 14,251 | 2024: 17,253
2026-04-16 11:59:33,060 [INFO] pipeline: 
[5/6] Calculando projeções...
2026-04-16 11:59:33,061 [INFO] pipeline:   Premissas por banco aplicadas: NIM=5.0% | Payout=45% | g=5.5%
2026-04-16 11:59:33,061 [INFO] pipeline.projecoes: 
=== Rodando projeções ===
2026-04-16 11:59:33,063 [INFO] pipeline.projecoes:   NIM ~ Selic: slope=-0.3019, intercept=0.0703
2026-04-16 11:59:33,068 [INFO] pipeline.projecoes:   Margem op./MFB histórica (median 5a): 24.51%
2026-04-16 11:59:33,070 [INFO] pipeline.projecoes: Projeções concluídas. Resumo:
2026-04-16 11:59:33,070 [INFO] pipeline.projecoes:    Ano     Carteira        MFB      Lucro       FCFE
2026-04-16 11:59:33,070 [INFO] pipeline.projecoes:   2025      771,124     82,695     14,428      6,492
2026-04-16 11:59:33,070 [INFO] pipeline.projecoes:   2026      832,814    102,601     17,901      8,055
2026-04-16 11:59:33,070 [INFO] pipeline.projecoes:   2027      891,111    117,178     20,444      9,200
2026-04-16 11:59:33,070 [INFO] pipeline.projecoes:   2028      953,489    133,325     23,261     10,467
2026-04-16 11:59:33,070 [INFO] pipeline.projecoes:   2029    1,020,233    150,130     26,193     11,787
2026-04-16 11:59:33,071 [INFO] pipeline: 
[6/6] Calculando valuation...
2026-04-16 11:59:33,071 [INFO] pipeline.valuation: 
==================================================
2026-04-16 11:59:33,071 [INFO] pipeline.valuation: VALUATION COMPLETO — BBDC4
2026-04-16 11:59:33,072 [INFO] pipeline.valuation:   VP FCFE (10a):     R$       65,387 MM
2026-04-16 11:59:33,072 [INFO] pipeline.valuation:   Valor Perp. (VP):  R$      158,702 MM
2026-04-16 11:59:33,072 [INFO] pipeline.valuation:   VALOR DO EQUITY:   R$      224,089 MM
2026-04-16 11:59:33,072 [INFO] pipeline.valuation:   Preço Justo ON:    R$    22.22
2026-04-16 11:59:33,072 [INFO] pipeline.valuation:   Preço Justo PN:    R$    24.44
2026-04-16 11:59:33,072 [INFO] pipeline.valuation:   Cotação ON:        R$    18.04
2026-04-16 11:59:33,072 [INFO] pipeline.valuation:   Upside ON:               23.2%
2026-04-16 11:59:33,072 [INFO] pipeline.valuation:   TIR (ON):                10.9%
2026-04-16 11:59:33,073 [INFO] pipeline.valuation:   Preço Teto ON:     R$    22.22
2026-04-16 11:59:33,340 [INFO] pipeline.excel: 
============================================================
2026-04-16 11:59:33,341 [INFO] pipeline.excel: Escrevendo template: Valuation_BBDC4_Bradesco_20260416.xlsx
2026-04-16 11:59:33,440 [INFO] pipeline.excel:   → Dashboard
2026-04-16 11:59:33,441 [INFO] pipeline.excel:   → Ke
2026-04-16 11:59:33,448 [INFO] pipeline.excel:   → Balanço Patrimonial
2026-04-16 11:59:33,466 [INFO] pipeline.excel:   → DRE Recorrente
2026-04-16 11:59:33,505 [INFO] pipeline.excel:   → DRE + DCF
2026-04-16 11:59:33,516 [INFO] pipeline.excel:   → Projeções NIM
2026-04-16 11:59:33,541 [INFO] pipeline.excel:   → Painel de Índices
2026-04-16 11:59:33,646 [INFO] pipeline.excel: 
Arquivo salvo: C:\Users\55819\Downloads\pipeline_banco_completo\pipeline_banco\outputs\Valuation_BBDC4_Bradesco_20260416.xlsx
2026-04-16 11:59:33,646 [INFO] pipeline: 
======================================================================
2026-04-16 11:59:33,646 [INFO] pipeline: RESUMO DO VALUATION
2026-04-16 11:59:33,646 [INFO] pipeline: ======================================================================
2026-04-16 11:59:33,646 [INFO] pipeline:   Empresa:           Bradesco (BBDC4)
2026-04-16 11:59:33,646 [INFO] pipeline:   Cotação ON:        R$ 18.04
2026-04-16 11:59:33,646 [INFO] pipeline:   Preço Justo ON:    R$ 22.22
2026-04-16 11:59:33,646 [INFO] pipeline:   Upside ON:            23.2%
2026-04-16 11:59:33,646 [INFO] pipeline:   TIR:                  10.9%
2026-04-16 11:59:33,646 [INFO] pipeline:   Preço Teto ON:     R$ 22.22
2026-04-16 11:59:33,646 [INFO] pipeline: 
  Arquivo gerado:    C:\Users\55819\Downloads\pipeline_banco_completo\pipeline_banco\outputs\Valuation_BBDC4_Bradesco_20260416.xlsx
2026-04-16 11:59:33,646 [INFO] pipeline: ======================================================================
2026-04-16 11:59:33,648 [INFO] pipeline: ✓ BBDC4: arquivo gerado → C:\Users\55819\Downloads\pipeline_banco_completo\pipeline_banco\outputs\Valuation_BBDC4_Bradesco_20260416.xlsx
2026-04-16 11:59:33,648 [INFO] pipeline: 
──────────────────────────────────────────────────────────────────────
2026-04-16 11:59:33,648 [INFO] pipeline: Processando: BBAS3 (Banco do Brasil)
2026-04-16 11:59:33,649 [INFO] pipeline: ──────────────────────────────────────────────────────────────────────
2026-04-16 11:59:33,649 [INFO] pipeline: ======================================================================
2026-04-16 11:59:33,649 [INFO] pipeline: PIPELINE DE VALUATION BANCÁRIO — BBAS3 — Banco do Brasil
2026-04-16 11:59:33,649 [INFO] pipeline: Início: 2026-04-16 11:59:33
2026-04-16 11:59:33,649 [INFO] pipeline: ======================================================================
2026-04-16 11:59:33,649 [INFO] pipeline:   Banco cadastrado: Banco do Brasil | tipo: ON_ONLY
2026-04-16 11:59:33,650 [INFO] pipeline: 
[1/6] Coletando dados de mercado...
2026-04-16 11:59:33,650 [INFO] pipeline:   Buscando cotação via yfinance...
2026-04-16 11:59:33,650 [INFO] pipeline.mercado: Buscando cotação atual: BBAS3.SA
2026-04-16 11:59:34,242 [INFO] pipeline:   Cotação ON: R$ 24.11  |  Cotação PN: R$ 0.00
2026-04-16 11:59:34,242 [INFO] pipeline:   Ações (fonte: bancos.py): ON=5,730,000 mil | PN=0 mil
2026-04-16 11:59:34,242 [INFO] pipeline.mercado: Calculando beta: BBAS3 (252 dias úteis)
2026-04-16 11:59:34,255 [INFO] pipeline.mercado:   Beta estatístico: 1.1623 | R²: 0.367 | n=251
2026-04-16 11:59:34,258 [INFO] pipeline:   Beta estatístico: 1.162 | Beta utilizado: 0.850
2026-04-16 11:59:34,258 [INFO] pipeline: 
[2/6] Coletando dados macroeconômicos (BCB)...
2026-04-16 11:59:34,546 [WARNING] pipeline.macro: Não foi possível obter Focus Selic: 400 Client Error: Bad Request for url: https://olinda.bcb.gov.br/olinda/servico/Expectativas/versao/v1/odata/ExpectativasMercadoAnuais?%24filter=Indicador%20eq%20'Selic'&%24top=100&%24format=json&%24select=Indicador,Data,Ano,Mediana
2026-04-16 11:59:34,849 [WARNING] pipeline.macro: Não foi possível obter Focus IPCA: 400 Client Error: Bad Request for url: https://olinda.bcb.gov.br/olinda/servico/Expectativas/versao/v1/odata/ExpectativasMercadoAnuais?%24filter=Indicador%20eq%20'IPCA'&%24top=100&%24format=json&%24select=Indicador,Data,Ano,Mediana
2026-04-16 11:59:34,850 [INFO] pipeline.macro: 
=== Coletando dados macroeconômicos ===
2026-04-16 11:59:34,850 [INFO] pipeline.macro: Baixando série BCB 432...
2026-04-16 11:59:35,149 [ERROR] pipeline.macro: Erro ao baixar série BCB 432: 406 Client Error: Not Acceptable for url: https://api.bcb.gov.br/dados/serie/bcdata.sgs.432/dados?formato=json&dataInicial=01%2F01%2F2010&dataFinal=16%2F04%2F2026
2026-04-16 11:59:35,150 [WARNING] pipeline.macro: Série Selic meta sem DatetimeIndex — usando fallback histórico
2026-04-16 11:59:35,150 [INFO] pipeline.macro: Baixando série BCB 12...
2026-04-16 11:59:35,260 [ERROR] pipeline.macro: Erro ao baixar série BCB 12: 406 Client Error: Not Acceptable for url: https://api.bcb.gov.br/dados/serie/bcdata.sgs.12/dados?formato=json&dataInicial=01%2F01%2F2010&dataFinal=16%2F04%2F2026
2026-04-16 11:59:35,260 [WARNING] pipeline.macro: Série DI sem DatetimeIndex — usando fallback histórico
2026-04-16 11:59:35,263 [WARNING] pipeline.macro: IPCA calculado fora do intervalo plausível (55.3%) para 2019 — usando fallback
2026-04-16 11:59:35,264 [WARNING] pipeline.macro: IPCA calculado fora do intervalo plausível (46.1%) para 2020 — usando fallback
2026-04-16 11:59:35,264 [WARNING] pipeline.macro: IPCA calculado fora do intervalo plausível (159.3%) para 2021 — usando fallback
2026-04-16 11:59:35,264 [WARNING] pipeline.macro: IPCA calculado fora do intervalo plausível (191.2%) para 2022 — usando fallback
2026-04-16 11:59:35,264 [WARNING] pipeline.macro: IPCA calculado fora do intervalo plausível (71.5%) para 2023 — usando fallback
2026-04-16 11:59:35,265 [WARNING] pipeline.macro: IPCA calculado fora do intervalo plausível (67.0%) para 2024 — usando fallback
2026-04-16 11:59:35,265 [INFO] pipeline.macro: Baixando série BCB 258...
2026-04-16 11:59:35,373 [ERROR] pipeline.macro: Erro ao baixar série BCB 258: 406 Client Error: Not Acceptable for url: https://api.bcb.gov.br/dados/serie/bcdata.sgs.258/dados?formato=json&dataInicial=01%2F01%2F2010&dataFinal=16%2F04%2F2026
2026-04-16 11:59:35,374 [WARNING] pipeline.macro: Série TJLP sem DatetimeIndex — usando fallback histórico
2026-04-16 11:59:35,382 [WARNING] pipeline.macro: IPCA calculado fora do intervalo plausível (55.3%) para 2019 — usando fallback
2026-04-16 11:59:35,382 [WARNING] pipeline.macro: IPCA calculado fora do intervalo plausível (46.1%) para 2020 — usando fallback
2026-04-16 11:59:35,382 [WARNING] pipeline.macro: IPCA calculado fora do intervalo plausível (159.3%) para 2021 — usando fallback
2026-04-16 11:59:35,383 [WARNING] pipeline.macro: IPCA calculado fora do intervalo plausível (191.2%) para 2022 — usando fallback
2026-04-16 11:59:35,383 [WARNING] pipeline.macro: IPCA calculado fora do intervalo plausível (71.5%) para 2023 — usando fallback
2026-04-16 11:59:35,383 [WARNING] pipeline.macro: IPCA calculado fora do intervalo plausível (67.0%) para 2024 — usando fallback
2026-04-16 11:59:35,384 [INFO] pipeline.macro: 
RESUMO MACRO HISTÓRICO:
2026-04-16 11:59:35,384 [INFO] pipeline.macro:   selic_meta     : 2020: 2.00% | 2021: 9.25% | 2022: 13.75% | 2023: 11.75% | 2024: 11.75%
2026-04-16 11:59:35,384 [INFO] pipeline.macro:   selic_efet     : 2020: 2.28% | 2021: 4.48% | 2022: 12.33% | 2023: 13.15% | 2024: 10.73%
2026-04-16 11:59:35,384 [INFO] pipeline.macro:   ipca           : 2020: 4.52% | 2021: 10.06% | 2022: 5.62% | 2023: 4.62% | 2024: 4.83%
2026-04-16 11:59:35,384 [INFO] pipeline.macro:   tjlp           : 2020: 5.25% | 2021: 5.25% | 2022: 6.25% | 2023: 7.00% | 2024: 7.00%
2026-04-16 11:59:35,384 [INFO] pipeline.macro:   cds            : 2020: 0.44% | 2021: 0.73% | 2022: 1.26% | 2023: 0.84% | 2024: 0.81%
2026-04-16 11:59:35,384 [INFO] pipeline.macro:   inflacao_impl  : 2020: 4.52% | 2021: 10.06% | 2022: 5.62% | 2023: 4.62% | 2024: 4.83%
2026-04-16 11:59:35,385 [INFO] pipeline: 
[3/6] Baixando demonstrações financeiras (CVM)...
2026-04-16 11:59:35,385 [INFO] pipeline.cvm: 
==================================================
2026-04-16 11:59:35,386 [INFO] pipeline.cvm: Baixando DFP 2019...
2026-04-16 11:59:35,582 [INFO] pipeline.cvm:   DFP dre 2019: 86 linhas
2026-04-16 11:59:35,918 [INFO] pipeline.cvm:   DFP bpa 2019: 72 linhas
2026-04-16 11:59:36,529 [INFO] pipeline.cvm:   DFP bpp 2019: 88 linhas
2026-04-16 11:59:36,848 [INFO] pipeline.cvm:   DFP dfc_mi 2019: 152 linhas
2026-04-16 11:59:36,870 [WARNING] pipeline.cvm:   Empresa 1023 não encontrada em dfc_md 2019
2026-04-16 11:59:36,871 [INFO] pipeline.cvm: 
==================================================
2026-04-16 11:59:36,871 [INFO] pipeline.cvm: Baixando DFP 2020...
2026-04-16 11:59:37,098 [INFO] pipeline.cvm:   DFP dre 2020: 74 linhas
2026-04-16 11:59:37,524 [INFO] pipeline.cvm:   DFP bpa 2020: 82 linhas
2026-04-16 11:59:38,242 [INFO] pipeline.cvm:   DFP bpp 2020: 84 linhas
2026-04-16 11:59:38,626 [INFO] pipeline.cvm:   DFP dfc_mi 2020: 106 linhas
2026-04-16 11:59:38,654 [WARNING] pipeline.cvm:   Empresa 1023 não encontrada em dfc_md 2020
2026-04-16 11:59:38,654 [INFO] pipeline.cvm: 
==================================================
2026-04-16 11:59:38,655 [INFO] pipeline.cvm: Baixando DFP 2021...
2026-04-16 11:59:38,897 [INFO] pipeline.cvm:   DFP dre 2021: 74 linhas
2026-04-16 11:59:39,318 [INFO] pipeline.cvm:   DFP bpa 2021: 82 linhas
2026-04-16 11:59:40,012 [INFO] pipeline.cvm:   DFP bpp 2021: 84 linhas
2026-04-16 11:59:40,382 [INFO] pipeline.cvm:   DFP dfc_mi 2021: 106 linhas
2026-04-16 11:59:40,415 [WARNING] pipeline.cvm:   Empresa 1023 não encontrada em dfc_md 2021
2026-04-16 11:59:40,415 [INFO] pipeline.cvm: 
==================================================
2026-04-16 11:59:40,415 [INFO] pipeline.cvm: Baixando DFP 2022...
2026-04-16 11:59:40,653 [INFO] pipeline.cvm:   DFP dre 2022: 74 linhas
2026-04-16 11:59:41,067 [INFO] pipeline.cvm:   DFP bpa 2022: 82 linhas
2026-04-16 11:59:41,806 [INFO] pipeline.cvm:   DFP bpp 2022: 84 linhas
2026-04-16 11:59:42,203 [INFO] pipeline.cvm:   DFP dfc_mi 2022: 108 linhas
2026-04-16 11:59:42,253 [WARNING] pipeline.cvm:   Empresa 1023 não encontrada em dfc_md 2022
2026-04-16 11:59:42,253 [INFO] pipeline.cvm: 
==================================================
2026-04-16 11:59:42,254 [INFO] pipeline.cvm: Baixando DFP 2023...
2026-04-16 11:59:42,500 [INFO] pipeline.cvm:   DFP dre 2023: 74 linhas
2026-04-16 11:59:42,928 [INFO] pipeline.cvm:   DFP bpa 2023: 82 linhas
2026-04-16 11:59:43,679 [INFO] pipeline.cvm:   DFP bpp 2023: 84 linhas
2026-04-16 11:59:44,079 [INFO] pipeline.cvm:   DFP dfc_mi 2023: 108 linhas
2026-04-16 11:59:44,114 [WARNING] pipeline.cvm:   Empresa 1023 não encontrada em dfc_md 2023
2026-04-16 11:59:44,115 [INFO] pipeline.cvm: 
==================================================
2026-04-16 11:59:44,115 [INFO] pipeline.cvm: Baixando DFP 2024...
2026-04-16 11:59:44,346 [INFO] pipeline.cvm:   DFP dre 2024: 74 linhas
2026-04-16 11:59:44,751 [INFO] pipeline.cvm:   DFP bpa 2024: 82 linhas
2026-04-16 11:59:45,473 [INFO] pipeline.cvm:   DFP bpp 2024: 82 linhas
2026-04-16 11:59:45,868 [INFO] pipeline.cvm:   DFP dfc_mi 2024: 108 linhas
2026-04-16 11:59:45,901 [WARNING] pipeline.cvm:   Empresa 1023 não encontrada em dfc_md 2024
2026-04-16 11:59:45,901 [INFO] pipeline: 
[4/6] Normalizando dados...
2026-04-16 11:59:46,677 [INFO] pipeline:   DRE normalizada:
2026-04-16 11:59:46,678 [INFO] pipeline:     margem_financeira_bruta: 2019: 33,851 | 2020: 55,428 | 2021: 59,674 | 2022: 74,347 | 2023: 88,749 | 2024: 104,514
2026-04-16 11:59:46,678 [INFO] pipeline:     lucro_liquido: 2019: 16,397 | 2020: 11,852 | 2021: 18,344 | 2022: 27,630 | 2023: 29,861 | 2024: 26,359
2026-04-16 11:59:46,678 [INFO] pipeline: 
[5/6] Calculando projeções...
2026-04-16 11:59:46,678 [INFO] pipeline:   Premissas por banco aplicadas: NIM=6.0% | Payout=40% | g=5.5%
2026-04-16 11:59:46,679 [INFO] pipeline.projecoes: 
=== Rodando projeções ===
2026-04-16 11:59:46,681 [INFO] pipeline.projecoes:   NIM ~ Selic: slope=0.1452, intercept=0.0263
2026-04-16 11:59:46,685 [INFO] pipeline.projecoes:   Margem op./MFB histórica (median 5a): 40.20%
2026-04-16 11:59:46,686 [INFO] pipeline.projecoes: Projeções concluídas. Resumo:
2026-04-16 11:59:46,686 [INFO] pipeline.projecoes:    Ano     Carteira        MFB      Lucro       FCFE
2026-04-16 11:59:46,686 [INFO] pipeline.projecoes:   2025    1,122,607    118,142     39,047     15,619
2026-04-16 11:59:46,686 [INFO] pipeline.projecoes:   2026    1,223,642    127,226     42,049     16,820
2026-04-16 11:59:46,687 [INFO] pipeline.projecoes:   2027    1,321,533    138,874     45,899     18,360
2026-04-16 11:59:46,687 [INFO] pipeline.projecoes:   2028    1,427,256    151,572     50,096     20,038
2026-04-16 11:59:46,687 [INFO] pipeline.projecoes:   2029    1,527,164    164,348     54,319     21,727
2026-04-16 11:59:46,687 [INFO] pipeline: 
[6/6] Calculando valuation...
2026-04-16 11:59:46,687 [INFO] pipeline.valuation: 
==================================================
2026-04-16 11:59:46,687 [INFO] pipeline.valuation: VALUATION COMPLETO — BBDC4
2026-04-16 11:59:46,687 [INFO] pipeline.valuation:   VP FCFE (10a):     R$      122,081 MM
2026-04-16 11:59:46,687 [INFO] pipeline.valuation:   Valor Perp. (VP):  R$      249,426 MM
2026-04-16 11:59:46,687 [INFO] pipeline.valuation:   VALOR DO EQUITY:   R$      371,507 MM
2026-04-16 11:59:46,687 [INFO] pipeline.valuation:   Preço Justo ON:    R$    64.84
2026-04-16 11:59:46,687 [INFO] pipeline.valuation:   Preço Justo PN:    R$    64.84
2026-04-16 11:59:46,688 [INFO] pipeline.valuation:   Cotação ON:        R$    24.11
2026-04-16 11:59:46,688 [INFO] pipeline.valuation:   Upside ON:              168.9%
2026-04-16 11:59:46,688 [INFO] pipeline.valuation:   TIR (ON):                18.1%
2026-04-16 11:59:46,688 [INFO] pipeline.valuation:   Preço Teto ON:     R$    64.84
2026-04-16 11:59:46,688 [INFO] pipeline.excel: 
============================================================
2026-04-16 11:59:46,689 [INFO] pipeline.excel: Escrevendo template: Valuation_BBAS3_Banco do Brasil_20260416.xlsx
2026-04-16 11:59:46,754 [INFO] pipeline.excel:   → Dashboard
2026-04-16 11:59:46,754 [INFO] pipeline.excel:   → Ke
2026-04-16 11:59:46,760 [INFO] pipeline.excel:   → Balanço Patrimonial
2026-04-16 11:59:46,777 [INFO] pipeline.excel:   → DRE Recorrente
2026-04-16 11:59:46,813 [INFO] pipeline.excel:   → DRE + DCF
2026-04-16 11:59:46,823 [INFO] pipeline.excel:   → Projeções NIM
2026-04-16 11:59:46,843 [INFO] pipeline.excel:   → Painel de Índices
2026-04-16 11:59:46,940 [INFO] pipeline.excel: 
Arquivo salvo: C:\Users\55819\Downloads\pipeline_banco_completo\pipeline_banco\outputs\Valuation_BBAS3_Banco do Brasil_20260416.xlsx
2026-04-16 11:59:46,940 [INFO] pipeline: 
======================================================================
2026-04-16 11:59:46,940 [INFO] pipeline: RESUMO DO VALUATION
2026-04-16 11:59:46,940 [INFO] pipeline: ======================================================================
2026-04-16 11:59:46,940 [INFO] pipeline:   Empresa:           Banco do Brasil (BBAS3)
2026-04-16 11:59:46,941 [INFO] pipeline:   Cotação ON:        R$ 24.11
2026-04-16 11:59:46,941 [INFO] pipeline:   Preço Justo ON:    R$ 64.84
2026-04-16 11:59:46,941 [INFO] pipeline:   Upside ON:            168.9%
2026-04-16 11:59:46,941 [INFO] pipeline:   TIR:                  18.1%
2026-04-16 11:59:46,941 [INFO] pipeline:   Preço Teto ON:     R$ 64.84
2026-04-16 11:59:46,941 [INFO] pipeline: 
  Arquivo gerado:    C:\Users\55819\Downloads\pipeline_banco_completo\pipeline_banco\outputs\Valuation_BBAS3_Banco do Brasil_20260416.xlsx
2026-04-16 11:59:46,941 [INFO] pipeline: ======================================================================
2026-04-16 11:59:46,943 [INFO] pipeline: ✓ BBAS3: arquivo gerado → C:\Users\55819\Downloads\pipeline_banco_completo\pipeline_banco\outputs\Valuation_BBAS3_Banco do Brasil_20260416.xlsx
2026-04-16 11:59:46,943 [INFO] pipeline: 
──────────────────────────────────────────────────────────────────────
2026-04-16 11:59:46,943 [INFO] pipeline: Processando: ITUB4 (Itaú Unibanco)
2026-04-16 11:59:46,943 [INFO] pipeline: ──────────────────────────────────────────────────────────────────────
2026-04-16 11:59:46,943 [INFO] pipeline: ======================================================================
2026-04-16 11:59:46,943 [INFO] pipeline: PIPELINE DE VALUATION BANCÁRIO — ITUB4 — Itaú Unibanco
2026-04-16 11:59:46,944 [INFO] pipeline: Início: 2026-04-16 11:59:46
2026-04-16 11:59:46,944 [INFO] pipeline: ======================================================================
2026-04-16 11:59:46,944 [INFO] pipeline:   Banco cadastrado: Itaú Unibanco | tipo: ON_PN
2026-04-16 11:59:46,944 [INFO] pipeline: 
[1/6] Coletando dados de mercado...
2026-04-16 11:59:46,944 [INFO] pipeline:   Buscando cotação via yfinance...
2026-04-16 11:59:46,944 [INFO] pipeline.mercado: Buscando cotação atual: ITUB4.SA
2026-04-16 11:59:47,648 [INFO] pipeline.mercado: Buscando cotação atual: ITUB3.SA
2026-04-16 11:59:48,246 [INFO] pipeline:   Cotação ON: R$ 46.54  |  Cotação PN: R$ 46.61
2026-04-16 11:59:48,247 [INFO] pipeline:   Ações (fonte: bancos.py): ON=5,510,000 mil | PN=5,490,000 mil
2026-04-16 11:59:48,247 [INFO] pipeline.mercado: Calculando beta: ITUB4 (252 dias úteis)
2026-04-16 11:59:48,267 [INFO] pipeline.mercado:   Beta estatístico: 1.1640 | R²: 0.679 | n=251
2026-04-16 11:59:48,271 [INFO] pipeline:   Beta estatístico: 1.164 | Beta utilizado: 0.850
2026-04-16 11:59:48,271 [INFO] pipeline: 
[2/6] Coletando dados macroeconômicos (BCB)...
2026-04-16 11:59:48,599 [WARNING] pipeline.macro: Não foi possível obter Focus Selic: 400 Client Error: Bad Request for url: https://olinda.bcb.gov.br/olinda/servico/Expectativas/versao/v1/odata/ExpectativasMercadoAnuais?%24filter=Indicador%20eq%20'Selic'&%24top=100&%24format=json&%24select=Indicador,Data,Ano,Mediana
2026-04-16 11:59:48,868 [WARNING] pipeline.macro: Não foi possível obter Focus IPCA: 400 Client Error: Bad Request for url: https://olinda.bcb.gov.br/olinda/servico/Expectativas/versao/v1/odata/ExpectativasMercadoAnuais?%24filter=Indicador%20eq%20'IPCA'&%24top=100&%24format=json&%24select=Indicador,Data,Ano,Mediana
2026-04-16 11:59:48,869 [INFO] pipeline.macro: 
=== Coletando dados macroeconômicos ===
2026-04-16 11:59:48,870 [INFO] pipeline.macro: Baixando série BCB 432...
2026-04-16 11:59:49,162 [ERROR] pipeline.macro: Erro ao baixar série BCB 432: 406 Client Error: Not Acceptable for url: https://api.bcb.gov.br/dados/serie/bcdata.sgs.432/dados?formato=json&dataInicial=01%2F01%2F2010&dataFinal=16%2F04%2F2026
2026-04-16 11:59:49,162 [WARNING] pipeline.macro: Série Selic meta sem DatetimeIndex — usando fallback histórico
2026-04-16 11:59:49,163 [INFO] pipeline.macro: Baixando série BCB 12...
2026-04-16 11:59:49,261 [ERROR] pipeline.macro: Erro ao baixar série BCB 12: 406 Client Error: Not Acceptable for url: https://api.bcb.gov.br/dados/serie/bcdata.sgs.12/dados?formato=json&dataInicial=01%2F01%2F2010&dataFinal=16%2F04%2F2026
2026-04-16 11:59:49,261 [WARNING] pipeline.macro: Série DI sem DatetimeIndex — usando fallback histórico
2026-04-16 11:59:49,265 [WARNING] pipeline.macro: IPCA calculado fora do intervalo plausível (55.3%) para 2019 — usando fallback
2026-04-16 11:59:49,265 [WARNING] pipeline.macro: IPCA calculado fora do intervalo plausível (46.1%) para 2020 — usando fallback
2026-04-16 11:59:49,265 [WARNING] pipeline.macro: IPCA calculado fora do intervalo plausível (159.3%) para 2021 — usando fallback
2026-04-16 11:59:49,266 [WARNING] pipeline.macro: IPCA calculado fora do intervalo plausível (191.2%) para 2022 — usando fallback
2026-04-16 11:59:49,266 [WARNING] pipeline.macro: IPCA calculado fora do intervalo plausível (71.5%) para 2023 — usando fallback
2026-04-16 11:59:49,267 [WARNING] pipeline.macro: IPCA calculado fora do intervalo plausível (67.0%) para 2024 — usando fallback
2026-04-16 11:59:49,268 [INFO] pipeline.macro: Baixando série BCB 258...
2026-04-16 11:59:49,368 [ERROR] pipeline.macro: Erro ao baixar série BCB 258: 406 Client Error: Not Acceptable for url: https://api.bcb.gov.br/dados/serie/bcdata.sgs.258/dados?formato=json&dataInicial=01%2F01%2F2010&dataFinal=16%2F04%2F2026
2026-04-16 11:59:49,369 [WARNING] pipeline.macro: Série TJLP sem DatetimeIndex — usando fallback histórico
2026-04-16 11:59:49,376 [WARNING] pipeline.macro: IPCA calculado fora do intervalo plausível (55.3%) para 2019 — usando fallback
2026-04-16 11:59:49,377 [WARNING] pipeline.macro: IPCA calculado fora do intervalo plausível (46.1%) para 2020 — usando fallback
2026-04-16 11:59:49,377 [WARNING] pipeline.macro: IPCA calculado fora do intervalo plausível (159.3%) para 2021 — usando fallback
2026-04-16 11:59:49,378 [WARNING] pipeline.macro: IPCA calculado fora do intervalo plausível (191.2%) para 2022 — usando fallback
2026-04-16 11:59:49,378 [WARNING] pipeline.macro: IPCA calculado fora do intervalo plausível (71.5%) para 2023 — usando fallback
2026-04-16 11:59:49,379 [WARNING] pipeline.macro: IPCA calculado fora do intervalo plausível (67.0%) para 2024 — usando fallback
2026-04-16 11:59:49,379 [INFO] pipeline.macro: 
RESUMO MACRO HISTÓRICO:
2026-04-16 11:59:49,379 [INFO] pipeline.macro:   selic_meta     : 2020: 2.00% | 2021: 9.25% | 2022: 13.75% | 2023: 11.75% | 2024: 11.75%
2026-04-16 11:59:49,379 [INFO] pipeline.macro:   selic_efet     : 2020: 2.28% | 2021: 4.48% | 2022: 12.33% | 2023: 13.15% | 2024: 10.73%
2026-04-16 11:59:49,379 [INFO] pipeline.macro:   ipca           : 2020: 4.52% | 2021: 10.06% | 2022: 5.62% | 2023: 4.62% | 2024: 4.83%
2026-04-16 11:59:49,379 [INFO] pipeline.macro:   tjlp           : 2020: 5.25% | 2021: 5.25% | 2022: 6.25% | 2023: 7.00% | 2024: 7.00%
2026-04-16 11:59:49,379 [INFO] pipeline.macro:   cds            : 2020: 0.44% | 2021: 0.73% | 2022: 1.26% | 2023: 0.84% | 2024: 0.81%
2026-04-16 11:59:49,379 [INFO] pipeline.macro:   inflacao_impl  : 2020: 4.52% | 2021: 10.06% | 2022: 5.62% | 2023: 4.62% | 2024: 4.83%
2026-04-16 11:59:49,379 [INFO] pipeline: 
[3/6] Baixando demonstrações financeiras (CVM)...
2026-04-16 11:59:49,380 [INFO] pipeline.cvm: 
==================================================
2026-04-16 11:59:49,380 [INFO] pipeline.cvm: Baixando DFP 2019...
2026-04-16 11:59:49,569 [INFO] pipeline.cvm:   DFP dre 2019: 84 linhas
2026-04-16 11:59:49,895 [INFO] pipeline.cvm:   DFP bpa 2019: 74 linhas
2026-04-16 11:59:50,470 [INFO] pipeline.cvm:   DFP bpp 2019: 104 linhas
2026-04-16 11:59:50,762 [INFO] pipeline.cvm:   DFP dfc_mi 2019: 132 linhas
2026-04-16 11:59:50,783 [WARNING] pipeline.cvm:   Empresa 19348 não encontrada em dfc_md 2019
2026-04-16 11:59:50,783 [INFO] pipeline.cvm: 
==================================================
2026-04-16 11:59:50,783 [INFO] pipeline.cvm: Baixando DFP 2020...
2026-04-16 11:59:51,005 [INFO] pipeline.cvm:   DFP dre 2020: 84 linhas
2026-04-16 11:59:51,388 [INFO] pipeline.cvm:   DFP bpa 2020: 76 linhas
2026-04-16 11:59:52,054 [INFO] pipeline.cvm:   DFP bpp 2020: 106 linhas
2026-04-16 11:59:52,423 [INFO] pipeline.cvm:   DFP dfc_mi 2020: 132 linhas
2026-04-16 11:59:52,450 [WARNING] pipeline.cvm:   Empresa 19348 não encontrada em dfc_md 2020
2026-04-16 11:59:52,450 [INFO] pipeline.cvm: 
==================================================
2026-04-16 11:59:52,450 [INFO] pipeline.cvm: Baixando DFP 2021...
2026-04-16 11:59:52,691 [INFO] pipeline.cvm:   DFP dre 2021: 84 linhas
2026-04-16 11:59:53,091 [INFO] pipeline.cvm:   DFP bpa 2021: 80 linhas
2026-04-16 11:59:53,802 [INFO] pipeline.cvm:   DFP bpp 2021: 106 linhas
2026-04-16 11:59:54,161 [INFO] pipeline.cvm:   DFP dfc_mi 2021: 134 linhas
2026-04-16 11:59:54,194 [WARNING] pipeline.cvm:   Empresa 19348 não encontrada em dfc_md 2021
2026-04-16 11:59:54,194 [INFO] pipeline.cvm: 
==================================================
2026-04-16 11:59:54,194 [INFO] pipeline.cvm: Baixando DFP 2022...
2026-04-16 11:59:54,432 [INFO] pipeline.cvm:   DFP dre 2022: 82 linhas
2026-04-16 11:59:54,851 [INFO] pipeline.cvm:   DFP bpa 2022: 80 linhas
2026-04-16 11:59:55,588 [INFO] pipeline.cvm:   DFP bpp 2022: 106 linhas
2026-04-16 11:59:55,975 [INFO] pipeline.cvm:   DFP dfc_mi 2022: 144 linhas
2026-04-16 11:59:56,011 [WARNING] pipeline.cvm:   Empresa 19348 não encontrada em dfc_md 2022
2026-04-16 11:59:56,012 [INFO] pipeline.cvm: 
==================================================
2026-04-16 11:59:56,012 [INFO] pipeline.cvm: Baixando DFP 2023...
2026-04-16 11:59:56,255 [INFO] pipeline.cvm:   DFP dre 2023: 82 linhas
2026-04-16 11:59:56,674 [INFO] pipeline.cvm:   DFP bpa 2023: 82 linhas
2026-04-16 11:59:57,471 [INFO] pipeline.cvm:   DFP bpp 2023: 106 linhas
2026-04-16 11:59:57,875 [INFO] pipeline.cvm:   DFP dfc_mi 2023: 146 linhas
2026-04-16 11:59:57,908 [WARNING] pipeline.cvm:   Empresa 19348 não encontrada em dfc_md 2023
2026-04-16 11:59:57,908 [INFO] pipeline.cvm: 
==================================================
2026-04-16 11:59:57,908 [INFO] pipeline.cvm: Baixando DFP 2024...
2026-04-16 11:59:58,134 [INFO] pipeline.cvm:   DFP dre 2024: 82 linhas
2026-04-16 11:59:58,550 [INFO] pipeline.cvm:   DFP bpa 2024: 82 linhas
2026-04-16 11:59:59,280 [INFO] pipeline.cvm:   DFP bpp 2024: 106 linhas
2026-04-16 11:59:59,681 [INFO] pipeline.cvm:   DFP dfc_mi 2024: 146 linhas
2026-04-16 11:59:59,713 [WARNING] pipeline.cvm:   Empresa 19348 não encontrada em dfc_md 2024
2026-04-16 11:59:59,714 [INFO] pipeline: 
[4/6] Normalizando dados...
2026-04-16 12:00:00,579 [INFO] pipeline:   DRE normalizada:
2026-04-16 12:00:00,580 [INFO] pipeline:     margem_financeira_bruta: 2019: 117,079 | 2020: 100,199 | 2021: 126,374 | 2022: 115,570 | 2023: 124,526 | 2024: 135,739
2026-04-16 12:00:00,580 [INFO] pipeline:     lucro_liquido: 2019: 27,113 | 2020: 18,896 | 2021: 26,760 | 2022: 29,702 | 2023: 33,105 | 2024: 41,085
2026-04-16 12:00:00,580 [INFO] pipeline: 
[5/6] Calculando projeções...
2026-04-16 12:00:00,580 [INFO] pipeline:   Premissas por banco aplicadas: NIM=6.5% | Payout=50% | g=5.5%
2026-04-16 12:00:00,581 [INFO] pipeline.projecoes: 
=== Rodando projeções ===
2026-04-16 12:00:00,583 [INFO] pipeline.projecoes:   NIM ~ Selic: slope=-0.1091, intercept=0.0585
2026-04-16 12:00:00,587 [INFO] pipeline.projecoes:   Margem op./MFB histórica (median 5a): 32.48%
2026-04-16 12:00:00,589 [INFO] pipeline.projecoes: Projeções concluídas. Resumo:
2026-04-16 12:00:00,589 [INFO] pipeline.projecoes:    Ano     Carteira        MFB      Lucro       FCFE
2026-04-16 12:00:00,589 [INFO] pipeline.projecoes:   2025    1,117,787    166,715     46,202     23,101
2026-04-16 12:00:00,589 [INFO] pipeline.projecoes:   2026    1,218,388    193,644     53,664     26,832
2026-04-16 12:00:00,589 [INFO] pipeline.projecoes:   2027    1,315,859    218,459     60,541     30,271
2026-04-16 12:00:00,589 [INFO] pipeline.projecoes:   2028    1,421,128    246,004     68,175     34,087
2026-04-16 12:00:00,589 [INFO] pipeline.projecoes:   2029    1,520,607    273,447     75,780     37,890
2026-04-16 12:00:00,589 [INFO] pipeline: 
[6/6] Calculando valuation...
2026-04-16 12:00:00,590 [INFO] pipeline.valuation: 
==================================================
2026-04-16 12:00:00,590 [INFO] pipeline.valuation: VALUATION COMPLETO — BBDC4
2026-04-16 12:00:00,590 [INFO] pipeline.valuation:   VP FCFE (10a):     R$      215,262 MM
2026-04-16 12:00:00,590 [INFO] pipeline.valuation:   Valor Perp. (VP):  R$      558,514 MM
2026-04-16 12:00:00,590 [INFO] pipeline.valuation:   VALOR DO EQUITY:   R$      773,776 MM
2026-04-16 12:00:00,590 [INFO] pipeline.valuation:   Preço Justo ON:    R$    73.69
2026-04-16 12:00:00,590 [INFO] pipeline.valuation:   Preço Justo PN:    R$    81.06
2026-04-16 12:00:00,590 [INFO] pipeline.valuation:   Cotação ON:        R$    46.54
2026-04-16 12:00:00,590 [INFO] pipeline.valuation:   Upside ON:               58.3%
2026-04-16 12:00:00,590 [INFO] pipeline.valuation:   TIR (ON):                11.9%
2026-04-16 12:00:00,590 [INFO] pipeline.valuation:   Preço Teto ON:     R$    73.69
2026-04-16 12:00:00,591 [INFO] pipeline.excel: 
============================================================
2026-04-16 12:00:00,591 [INFO] pipeline.excel: Escrevendo template: Valuation_ITUB4_Itaú Unibanco_20260416.xlsx
2026-04-16 12:00:00,692 [INFO] pipeline.excel:   → Dashboard
2026-04-16 12:00:00,692 [INFO] pipeline.excel:   → Ke
2026-04-16 12:00:00,697 [INFO] pipeline.excel:   → Balanço Patrimonial
2026-04-16 12:00:00,713 [INFO] pipeline.excel:   → DRE Recorrente
2026-04-16 12:00:00,744 [INFO] pipeline.excel:   → DRE + DCF
2026-04-16 12:00:00,754 [INFO] pipeline.excel:   → Projeções NIM
2026-04-16 12:00:00,774 [INFO] pipeline.excel:   → Painel de Índices
2026-04-16 12:00:00,868 [INFO] pipeline.excel: 
Arquivo salvo: C:\Users\55819\Downloads\pipeline_banco_completo\pipeline_banco\outputs\Valuation_ITUB4_Itaú Unibanco_20260416.xlsx
2026-04-16 12:00:00,868 [INFO] pipeline: 
======================================================================
2026-04-16 12:00:00,868 [INFO] pipeline: RESUMO DO VALUATION
2026-04-16 12:00:00,868 [INFO] pipeline: ======================================================================
2026-04-16 12:00:00,868 [INFO] pipeline:   Empresa:           Itaú Unibanco (ITUB4)
2026-04-16 12:00:00,869 [INFO] pipeline:   Cotação ON:        R$ 46.54
2026-04-16 12:00:00,869 [INFO] pipeline:   Preço Justo ON:    R$ 73.69
2026-04-16 12:00:00,869 [INFO] pipeline:   Upside ON:            58.3%
2026-04-16 12:00:00,869 [INFO] pipeline:   TIR:                  11.9%
2026-04-16 12:00:00,869 [INFO] pipeline:   Preço Teto ON:     R$ 73.69
2026-04-16 12:00:00,869 [INFO] pipeline: 
  Arquivo gerado:    C:\Users\55819\Downloads\pipeline_banco_completo\pipeline_banco\outputs\Valuation_ITUB4_Itaú Unibanco_20260416.xlsx
2026-04-16 12:00:00,869 [INFO] pipeline: ======================================================================
2026-04-16 12:00:00,871 [INFO] pipeline: ✓ ITUB4: arquivo gerado → C:\Users\55819\Downloads\pipeline_banco_completo\pipeline_banco\outputs\Valuation_ITUB4_Itaú Unibanco_20260416.xlsx
2026-04-16 12:00:00,871 [INFO] pipeline: 
──────────────────────────────────────────────────────────────────────
2026-04-16 12:00:00,871 [INFO] pipeline: Processando: SANB11 (Santander)
2026-04-16 12:00:00,871 [INFO] pipeline: ──────────────────────────────────────────────────────────────────────
2026-04-16 12:00:00,871 [INFO] pipeline: ======================================================================
2026-04-16 12:00:00,871 [INFO] pipeline: PIPELINE DE VALUATION BANCÁRIO — SANB11 — Santander
2026-04-16 12:00:00,871 [INFO] pipeline: Início: 2026-04-16 12:00:00
2026-04-16 12:00:00,872 [INFO] pipeline: ======================================================================
2026-04-16 12:00:00,872 [INFO] pipeline:   Banco cadastrado: Santander Brasil | tipo: UNITS
2026-04-16 12:00:00,872 [INFO] pipeline: 
[1/6] Coletando dados de mercado...
2026-04-16 12:00:00,872 [INFO] pipeline:   Buscando cotação via yfinance...
2026-04-16 12:00:00,872 [INFO] pipeline.mercado: Buscando cotação atual: SANB11.SA
2026-04-16 12:00:01,715 [INFO] pipeline:   Cotação ON: R$ 31.15  |  Cotação PN: R$ 0.00
2026-04-16 12:00:01,715 [INFO] pipeline:   Ações (fonte: bancos.py): ON=3,750,000 mil | PN=0 mil
2026-04-16 12:00:01,715 [INFO] pipeline.mercado: Calculando beta: SANB11 (252 dias úteis)
2026-04-16 12:00:01,725 [INFO] pipeline.mercado:   Beta estatístico: 1.2578 | R²: 0.530 | n=251
2026-04-16 12:00:01,727 [INFO] pipeline:   Beta estatístico: 1.258 | Beta utilizado: 0.850
2026-04-16 12:00:01,727 [INFO] pipeline: 
[2/6] Coletando dados macroeconômicos (BCB)...
2026-04-16 12:00:02,040 [WARNING] pipeline.macro: Não foi possível obter Focus Selic: 400 Client Error: Bad Request for url: https://olinda.bcb.gov.br/olinda/servico/Expectativas/versao/v1/odata/ExpectativasMercadoAnuais?%24filter=Indicador%20eq%20'Selic'&%24top=100&%24format=json&%24select=Indicador,Data,Ano,Mediana
2026-04-16 12:00:02,343 [WARNING] pipeline.macro: Não foi possível obter Focus IPCA: 400 Client Error: Bad Request for url: https://olinda.bcb.gov.br/olinda/servico/Expectativas/versao/v1/odata/ExpectativasMercadoAnuais?%24filter=Indicador%20eq%20'IPCA'&%24top=100&%24format=json&%24select=Indicador,Data,Ano,Mediana
2026-04-16 12:00:02,344 [INFO] pipeline.macro: 
=== Coletando dados macroeconômicos ===
2026-04-16 12:00:02,345 [INFO] pipeline.macro: Baixando série BCB 432...
2026-04-16 12:00:02,648 [ERROR] pipeline.macro: Erro ao baixar série BCB 432: 406 Client Error: Not Acceptable for url: https://api.bcb.gov.br/dados/serie/bcdata.sgs.432/dados?formato=json&dataInicial=01%2F01%2F2010&dataFinal=16%2F04%2F2026
2026-04-16 12:00:02,648 [WARNING] pipeline.macro: Série Selic meta sem DatetimeIndex — usando fallback histórico
2026-04-16 12:00:02,649 [INFO] pipeline.macro: Baixando série BCB 12...
2026-04-16 12:00:02,861 [ERROR] pipeline.macro: Erro ao baixar série BCB 12: 406 Client Error: Not Acceptable for url: https://api.bcb.gov.br/dados/serie/bcdata.sgs.12/dados?formato=json&dataInicial=01%2F01%2F2010&dataFinal=16%2F04%2F2026
2026-04-16 12:00:02,862 [WARNING] pipeline.macro: Série DI sem DatetimeIndex — usando fallback histórico
2026-04-16 12:00:02,869 [WARNING] pipeline.macro: IPCA calculado fora do intervalo plausível (55.3%) para 2019 — usando fallback
2026-04-16 12:00:02,870 [WARNING] pipeline.macro: IPCA calculado fora do intervalo plausível (46.1%) para 2020 — usando fallback
2026-04-16 12:00:02,871 [WARNING] pipeline.macro: IPCA calculado fora do intervalo plausível (159.3%) para 2021 — usando fallback
2026-04-16 12:00:02,872 [WARNING] pipeline.macro: IPCA calculado fora do intervalo plausível (191.2%) para 2022 — usando fallback
2026-04-16 12:00:02,873 [WARNING] pipeline.macro: IPCA calculado fora do intervalo plausível (71.5%) para 2023 — usando fallback
2026-04-16 12:00:02,874 [WARNING] pipeline.macro: IPCA calculado fora do intervalo plausível (67.0%) para 2024 — usando fallback
2026-04-16 12:00:02,875 [INFO] pipeline.macro: Baixando série BCB 258...
2026-04-16 12:00:03,021 [ERROR] pipeline.macro: Erro ao baixar série BCB 258: 406 Client Error: Not Acceptable for url: https://api.bcb.gov.br/dados/serie/bcdata.sgs.258/dados?formato=json&dataInicial=01%2F01%2F2010&dataFinal=16%2F04%2F2026
2026-04-16 12:00:03,022 [WARNING] pipeline.macro: Série TJLP sem DatetimeIndex — usando fallback histórico
2026-04-16 12:00:03,033 [WARNING] pipeline.macro: IPCA calculado fora do intervalo plausível (55.3%) para 2019 — usando fallback
2026-04-16 12:00:03,034 [WARNING] pipeline.macro: IPCA calculado fora do intervalo plausível (46.1%) para 2020 — usando fallback
2026-04-16 12:00:03,034 [WARNING] pipeline.macro: IPCA calculado fora do intervalo plausível (159.3%) para 2021 — usando fallback
2026-04-16 12:00:03,035 [WARNING] pipeline.macro: IPCA calculado fora do intervalo plausível (191.2%) para 2022 — usando fallback
2026-04-16 12:00:03,035 [WARNING] pipeline.macro: IPCA calculado fora do intervalo plausível (71.5%) para 2023 — usando fallback
2026-04-16 12:00:03,036 [WARNING] pipeline.macro: IPCA calculado fora do intervalo plausível (67.0%) para 2024 — usando fallback
2026-04-16 12:00:03,036 [INFO] pipeline.macro: 
RESUMO MACRO HISTÓRICO:
2026-04-16 12:00:03,036 [INFO] pipeline.macro:   selic_meta     : 2020: 2.00% | 2021: 9.25% | 2022: 13.75% | 2023: 11.75% | 2024: 11.75%
2026-04-16 12:00:03,036 [INFO] pipeline.macro:   selic_efet     : 2020: 2.28% | 2021: 4.48% | 2022: 12.33% | 2023: 13.15% | 2024: 10.73%
2026-04-16 12:00:03,036 [INFO] pipeline.macro:   ipca           : 2020: 4.52% | 2021: 10.06% | 2022: 5.62% | 2023: 4.62% | 2024: 4.83%
2026-04-16 12:00:03,036 [INFO] pipeline.macro:   tjlp           : 2020: 5.25% | 2021: 5.25% | 2022: 6.25% | 2023: 7.00% | 2024: 7.00%
2026-04-16 12:00:03,036 [INFO] pipeline.macro:   cds            : 2020: 0.44% | 2021: 0.73% | 2022: 1.26% | 2023: 0.84% | 2024: 0.81%
2026-04-16 12:00:03,037 [INFO] pipeline.macro:   inflacao_impl  : 2020: 4.52% | 2021: 10.06% | 2022: 5.62% | 2023: 4.62% | 2024: 4.83%
2026-04-16 12:00:03,037 [INFO] pipeline: 
[3/6] Baixando demonstrações financeiras (CVM)...
2026-04-16 12:00:03,037 [INFO] pipeline.cvm: 
==================================================
2026-04-16 12:00:03,038 [INFO] pipeline.cvm: Baixando DFP 2019...
2026-04-16 12:00:03,241 [INFO] pipeline.cvm:   DFP dre 2019: 78 linhas
2026-04-16 12:00:03,578 [INFO] pipeline.cvm:   DFP bpa 2019: 52 linhas
2026-04-16 12:00:04,151 [INFO] pipeline.cvm:   DFP bpp 2019: 68 linhas
2026-04-16 12:00:04,452 [INFO] pipeline.cvm:   DFP dfc_mi 2019: 122 linhas
2026-04-16 12:00:04,470 [WARNING] pipeline.cvm:   Empresa 20532 não encontrada em dfc_md 2019
2026-04-16 12:00:04,471 [INFO] pipeline.cvm: 
==================================================
2026-04-16 12:00:04,471 [INFO] pipeline.cvm: Baixando DFP 2020...
2026-04-16 12:00:04,687 [INFO] pipeline.cvm:   DFP dre 2020: 92 linhas
2026-04-16 12:00:05,067 [INFO] pipeline.cvm:   DFP bpa 2020: 86 linhas
2026-04-16 12:00:05,763 [INFO] pipeline.cvm:   DFP bpp 2020: 76 linhas
2026-04-16 12:00:06,119 [INFO] pipeline.cvm:   DFP dfc_mi 2020: 100 linhas
2026-04-16 12:00:06,144 [WARNING] pipeline.cvm:   Empresa 20532 não encontrada em dfc_md 2020
2026-04-16 12:00:06,145 [INFO] pipeline.cvm: 
==================================================
2026-04-16 12:00:06,145 [INFO] pipeline.cvm: Baixando DFP 2021...
2026-04-16 12:00:06,375 [INFO] pipeline.cvm:   DFP dre 2021: 78 linhas
2026-04-16 12:00:06,769 [INFO] pipeline.cvm:   DFP bpa 2021: 82 linhas
2026-04-16 12:00:07,472 [INFO] pipeline.cvm:   DFP bpp 2021: 76 linhas
2026-04-16 12:00:07,834 [INFO] pipeline.cvm:   DFP dfc_mi 2021: 24 linhas
2026-04-16 12:00:07,865 [WARNING] pipeline.cvm:   Empresa 20532 não encontrada em dfc_md 2021
2026-04-16 12:00:07,865 [INFO] pipeline.cvm: 
==================================================
2026-04-16 12:00:07,865 [INFO] pipeline.cvm: Baixando DFP 2022...
2026-04-16 12:00:08,102 [INFO] pipeline.cvm:   DFP dre 2022: 80 linhas
2026-04-16 12:00:08,527 [INFO] pipeline.cvm:   DFP bpa 2022: 82 linhas
2026-04-16 12:00:09,263 [INFO] pipeline.cvm:   DFP bpp 2022: 76 linhas
2026-04-16 12:00:09,702 [WARNING] pipeline.cvm:   Empresa 20532 não encontrada em dfc_mi 2022
2026-04-16 12:00:09,741 [INFO] pipeline.cvm:   DFP dfc_md 2022: 20 linhas
2026-04-16 12:00:09,742 [INFO] pipeline.cvm: 
==================================================
2026-04-16 12:00:09,742 [INFO] pipeline.cvm: Baixando DFP 2023...
2026-04-16 12:00:10,014 [INFO] pipeline.cvm:   DFP dre 2023: 80 linhas
2026-04-16 12:00:10,446 [INFO] pipeline.cvm:   DFP bpa 2023: 82 linhas
2026-04-16 12:00:11,193 [INFO] pipeline.cvm:   DFP bpp 2023: 76 linhas
2026-04-16 12:00:11,611 [WARNING] pipeline.cvm:   Empresa 20532 não encontrada em dfc_mi 2023
2026-04-16 12:00:11,640 [INFO] pipeline.cvm:   DFP dfc_md 2023: 20 linhas
2026-04-16 12:00:11,640 [INFO] pipeline.cvm: 
==================================================
2026-04-16 12:00:11,640 [INFO] pipeline.cvm: Baixando DFP 2024...
2026-04-16 12:00:11,873 [INFO] pipeline.cvm:   DFP dre 2024: 80 linhas
2026-04-16 12:00:12,294 [INFO] pipeline.cvm:   DFP bpa 2024: 82 linhas
2026-04-16 12:00:13,012 [INFO] pipeline.cvm:   DFP bpp 2024: 76 linhas
2026-04-16 12:00:13,418 [WARNING] pipeline.cvm:   Empresa 20532 não encontrada em dfc_mi 2024
2026-04-16 12:00:13,448 [INFO] pipeline.cvm:   DFP dfc_md 2024: 20 linhas
2026-04-16 12:00:13,449 [INFO] pipeline: 
[4/6] Normalizando dados...
2026-04-16 12:00:14,214 [INFO] pipeline:   DRE normalizada:
2026-04-16 12:00:14,214 [INFO] pipeline:     margem_financeira_bruta: 2019: 44,321 | 2020: 44,443 | 2021: 51,318 | 2022: 47,503 | 2023: 46,884 | 2024: 56,679
2026-04-16 12:00:14,214 [INFO] pipeline:     lucro_liquido: 2019: 16,407 | 2020: 26,837 | 2021: 15,528 | 2022: 14,287 | 2023: 9,449 | 2024: 13,366
2026-04-16 12:00:14,214 [INFO] pipeline: 
[5/6] Calculando projeções...
2026-04-16 12:00:14,214 [INFO] pipeline:   Premissas por banco aplicadas: NIM=6.0% | Payout=80% | g=5.0%
2026-04-16 12:00:14,215 [INFO] pipeline.projecoes: 
=== Rodando projeções ===
2026-04-16 12:00:14,217 [INFO] pipeline.projecoes:   NIM ~ Selic: slope=-0.5674, intercept=0.1254
2026-04-16 12:00:14,220 [INFO] pipeline.projecoes:   Margem op./MFB histórica (median 5a): 33.86%
2026-04-16 12:00:14,222 [INFO] pipeline.projecoes: Projeções concluídas. Resumo:
2026-04-16 12:00:14,222 [INFO] pipeline.projecoes:    Ano     Carteira        MFB      Lucro       FCFE
2026-04-16 12:00:14,222 [INFO] pipeline.projecoes:   2025      636,410     72,862     17,658     14,126
2026-04-16 12:00:14,222 [INFO] pipeline.projecoes:   2026      680,959     89,223     21,623     17,298
2026-04-16 12:00:14,222 [INFO] pipeline.projecoes:   2027      721,817     99,328     24,072     19,257
2026-04-16 12:00:14,222 [INFO] pipeline.projecoes:   2028      765,126    110,323     26,736     21,389
2026-04-16 12:00:14,222 [INFO] pipeline.projecoes:   2029      811,033    121,198     29,372     23,497
2026-04-16 12:00:14,222 [INFO] pipeline: 
[6/6] Calculando valuation...
2026-04-16 12:00:14,223 [INFO] pipeline.valuation: 
==================================================
2026-04-16 12:00:14,223 [INFO] pipeline.valuation: VALUATION COMPLETO — BBDC4
2026-04-16 12:00:14,223 [INFO] pipeline.valuation:   VP FCFE (10a):     R$      124,846 MM
2026-04-16 12:00:14,223 [INFO] pipeline.valuation:   Valor Perp. (VP):  R$      200,629 MM
2026-04-16 12:00:14,223 [INFO] pipeline.valuation:   VALOR DO EQUITY:   R$      325,475 MM
2026-04-16 12:00:14,223 [INFO] pipeline.valuation:   Preço Justo ON:    R$    86.79
2026-04-16 12:00:14,223 [INFO] pipeline.valuation:   Preço Justo PN:    R$    86.79
2026-04-16 12:00:14,223 [INFO] pipeline.valuation:   Cotação ON:        R$    31.15
2026-04-16 12:00:14,223 [INFO] pipeline.valuation:   Upside ON:              178.6%
2026-04-16 12:00:14,223 [INFO] pipeline.valuation:   TIR (ON):                20.9%
2026-04-16 12:00:14,223 [INFO] pipeline.valuation:   Preço Teto ON:     R$    86.79
2026-04-16 12:00:14,224 [INFO] pipeline.excel: 
============================================================
2026-04-16 12:00:14,224 [INFO] pipeline.excel: Escrevendo template: Valuation_SANB11_Santander_20260416.xlsx
2026-04-16 12:00:14,292 [INFO] pipeline.excel:   → Dashboard
2026-04-16 12:00:14,293 [INFO] pipeline.excel:   → Ke
2026-04-16 12:00:14,298 [INFO] pipeline.excel:   → Balanço Patrimonial
2026-04-16 12:00:14,313 [INFO] pipeline.excel:   → DRE Recorrente
2026-04-16 12:00:14,346 [INFO] pipeline.excel:   → DRE + DCF
2026-04-16 12:00:14,355 [INFO] pipeline.excel:   → Projeções NIM
2026-04-16 12:00:14,374 [INFO] pipeline.excel:   → Painel de Índices
2026-04-16 12:00:14,465 [INFO] pipeline.excel: 
Arquivo salvo: C:\Users\55819\Downloads\pipeline_banco_completo\pipeline_banco\outputs\Valuation_SANB11_Santander_20260416.xlsx
2026-04-16 12:00:14,465 [INFO] pipeline: 
======================================================================
2026-04-16 12:00:14,466 [INFO] pipeline: RESUMO DO VALUATION
2026-04-16 12:00:14,466 [INFO] pipeline: ======================================================================
2026-04-16 12:00:14,466 [INFO] pipeline:   Empresa:           Santander (SANB11)
2026-04-16 12:00:14,466 [INFO] pipeline:   Cotação ON:        R$ 31.15
2026-04-16 12:00:14,466 [INFO] pipeline:   Preço Justo ON:    R$ 86.79
2026-04-16 12:00:14,466 [INFO] pipeline:   Upside ON:            178.6%
2026-04-16 12:00:14,466 [INFO] pipeline:   TIR:                  20.9%
2026-04-16 12:00:14,466 [INFO] pipeline:   Preço Teto ON:     R$ 86.79
2026-04-16 12:00:14,466 [INFO] pipeline: 
  Arquivo gerado:    C:\Users\55819\Downloads\pipeline_banco_completo\pipeline_banco\outputs\Valuation_SANB11_Santander_20260416.xlsx
2026-04-16 12:00:14,466 [INFO] pipeline: ======================================================================
2026-04-16 12:00:14,468 [INFO] pipeline: ✓ SANB11: arquivo gerado → C:\Users\55819\Downloads\pipeline_banco_completo\pipeline_banco\outputs\Valuation_SANB11_Santander_20260416.xlsx
2026-04-16 12:00:14,468 [INFO] pipeline: 
──────────────────────────────────────────────────────────────────────
2026-04-16 12:00:14,468 [INFO] pipeline: Processando: BPAC11 (BTG Pactual)
2026-04-16 12:00:14,469 [INFO] pipeline: ──────────────────────────────────────────────────────────────────────
2026-04-16 12:00:14,469 [INFO] pipeline: ======================================================================
2026-04-16 12:00:14,469 [INFO] pipeline: PIPELINE DE VALUATION BANCÁRIO — BPAC11 — BTG Pactual
2026-04-16 12:00:14,469 [INFO] pipeline: Início: 2026-04-16 12:00:14
2026-04-16 12:00:14,469 [INFO] pipeline: ======================================================================
2026-04-16 12:00:14,469 [INFO] pipeline:   Banco cadastrado: BTG Pactual | tipo: UNITS
2026-04-16 12:00:14,469 [INFO] pipeline: 
[1/6] Coletando dados de mercado...
2026-04-16 12:00:14,469 [INFO] pipeline:   Buscando cotação via yfinance...
2026-04-16 12:00:14,469 [INFO] pipeline.mercado: Buscando cotação atual: BPAC11.SA
2026-04-16 12:00:15,320 [INFO] pipeline:   Cotação ON: R$ 63.53  |  Cotação PN: R$ 0.00
2026-04-16 12:00:15,320 [INFO] pipeline:   Ações (fonte: bancos.py): ON=3,890,000 mil | PN=0 mil
2026-04-16 12:00:15,320 [INFO] pipeline.mercado: Calculando beta: BPAC11 (252 dias úteis)
2026-04-16 12:00:15,336 [INFO] pipeline.mercado:   Beta estatístico: 1.5516 | R²: 0.587 | n=251
2026-04-16 12:00:15,340 [INFO] pipeline:   Beta estatístico: 1.552 | Beta utilizado: 0.850
2026-04-16 12:00:15,340 [INFO] pipeline: 
[2/6] Coletando dados macroeconômicos (BCB)...
2026-04-16 12:00:15,634 [WARNING] pipeline.macro: Não foi possível obter Focus Selic: 400 Client Error: Bad Request for url: https://olinda.bcb.gov.br/olinda/servico/Expectativas/versao/v1/odata/ExpectativasMercadoAnuais?%24filter=Indicador%20eq%20'Selic'&%24top=100&%24format=json&%24select=Indicador,Data,Ano,Mediana
2026-04-16 12:00:15,915 [WARNING] pipeline.macro: Não foi possível obter Focus IPCA: 400 Client Error: Bad Request for url: https://olinda.bcb.gov.br/olinda/servico/Expectativas/versao/v1/odata/ExpectativasMercadoAnuais?%24filter=Indicador%20eq%20'IPCA'&%24top=100&%24format=json&%24select=Indicador,Data,Ano,Mediana
2026-04-16 12:00:15,917 [INFO] pipeline.macro: 
=== Coletando dados macroeconômicos ===
2026-04-16 12:00:15,917 [INFO] pipeline.macro: Baixando série BCB 432...
2026-04-16 12:00:16,220 [ERROR] pipeline.macro: Erro ao baixar série BCB 432: 406 Client Error: Not Acceptable for url: https://api.bcb.gov.br/dados/serie/bcdata.sgs.432/dados?formato=json&dataInicial=01%2F01%2F2010&dataFinal=16%2F04%2F2026
2026-04-16 12:00:16,220 [WARNING] pipeline.macro: Série Selic meta sem DatetimeIndex — usando fallback histórico
2026-04-16 12:00:16,220 [INFO] pipeline.macro: Baixando série BCB 12...
2026-04-16 12:00:16,347 [ERROR] pipeline.macro: Erro ao baixar série BCB 12: 406 Client Error: Not Acceptable for url: https://api.bcb.gov.br/dados/serie/bcdata.sgs.12/dados?formato=json&dataInicial=01%2F01%2F2010&dataFinal=16%2F04%2F2026
2026-04-16 12:00:16,347 [WARNING] pipeline.macro: Série DI sem DatetimeIndex — usando fallback histórico
2026-04-16 12:00:16,351 [WARNING] pipeline.macro: IPCA calculado fora do intervalo plausível (55.3%) para 2019 — usando fallback
2026-04-16 12:00:16,352 [WARNING] pipeline.macro: IPCA calculado fora do intervalo plausível (46.1%) para 2020 — usando fallback
2026-04-16 12:00:16,352 [WARNING] pipeline.macro: IPCA calculado fora do intervalo plausível (159.3%) para 2021 — usando fallback
2026-04-16 12:00:16,352 [WARNING] pipeline.macro: IPCA calculado fora do intervalo plausível (191.2%) para 2022 — usando fallback
2026-04-16 12:00:16,353 [WARNING] pipeline.macro: IPCA calculado fora do intervalo plausível (71.5%) para 2023 — usando fallback
2026-04-16 12:00:16,353 [WARNING] pipeline.macro: IPCA calculado fora do intervalo plausível (67.0%) para 2024 — usando fallback
2026-04-16 12:00:16,353 [INFO] pipeline.macro: Baixando série BCB 258...
2026-04-16 12:00:16,464 [ERROR] pipeline.macro: Erro ao baixar série BCB 258: 406 Client Error: Not Acceptable for url: https://api.bcb.gov.br/dados/serie/bcdata.sgs.258/dados?formato=json&dataInicial=01%2F01%2F2010&dataFinal=16%2F04%2F2026
2026-04-16 12:00:16,465 [WARNING] pipeline.macro: Série TJLP sem DatetimeIndex — usando fallback histórico
2026-04-16 12:00:16,473 [WARNING] pipeline.macro: IPCA calculado fora do intervalo plausível (55.3%) para 2019 — usando fallback
2026-04-16 12:00:16,474 [WARNING] pipeline.macro: IPCA calculado fora do intervalo plausível (46.1%) para 2020 — usando fallback
2026-04-16 12:00:16,474 [WARNING] pipeline.macro: IPCA calculado fora do intervalo plausível (159.3%) para 2021 — usando fallback
2026-04-16 12:00:16,475 [WARNING] pipeline.macro: IPCA calculado fora do intervalo plausível (191.2%) para 2022 — usando fallback
2026-04-16 12:00:16,475 [WARNING] pipeline.macro: IPCA calculado fora do intervalo plausível (71.5%) para 2023 — usando fallback
2026-04-16 12:00:16,476 [WARNING] pipeline.macro: IPCA calculado fora do intervalo plausível (67.0%) para 2024 — usando fallback
2026-04-16 12:00:16,476 [INFO] pipeline.macro: 
RESUMO MACRO HISTÓRICO:
2026-04-16 12:00:16,476 [INFO] pipeline.macro:   selic_meta     : 2020: 2.00% | 2021: 9.25% | 2022: 13.75% | 2023: 11.75% | 2024: 11.75%
2026-04-16 12:00:16,476 [INFO] pipeline.macro:   selic_efet     : 2020: 2.28% | 2021: 4.48% | 2022: 12.33% | 2023: 13.15% | 2024: 10.73%
2026-04-16 12:00:16,476 [INFO] pipeline.macro:   ipca           : 2020: 4.52% | 2021: 10.06% | 2022: 5.62% | 2023: 4.62% | 2024: 4.83%
2026-04-16 12:00:16,477 [INFO] pipeline.macro:   tjlp           : 2020: 5.25% | 2021: 5.25% | 2022: 6.25% | 2023: 7.00% | 2024: 7.00%
2026-04-16 12:00:16,477 [INFO] pipeline.macro:   cds            : 2020: 0.44% | 2021: 0.73% | 2022: 1.26% | 2023: 0.84% | 2024: 0.81%
2026-04-16 12:00:16,477 [INFO] pipeline.macro:   inflacao_impl  : 2020: 4.52% | 2021: 10.06% | 2022: 5.62% | 2023: 4.62% | 2024: 4.83%
2026-04-16 12:00:16,477 [INFO] pipeline: 
[3/6] Baixando demonstrações financeiras (CVM)...
2026-04-16 12:00:16,477 [INFO] pipeline.cvm: 
==================================================
2026-04-16 12:00:16,478 [INFO] pipeline.cvm: Baixando DFP 2019...
2026-04-16 12:00:16,700 [INFO] pipeline.cvm:   DFP dre 2019: 50 linhas
2026-04-16 12:00:17,049 [INFO] pipeline.cvm:   DFP bpa 2019: 50 linhas
2026-04-16 12:00:17,627 [INFO] pipeline.cvm:   DFP bpp 2019: 68 linhas
2026-04-16 12:00:17,922 [INFO] pipeline.cvm:   DFP dfc_mi 2019: 20 linhas
2026-04-16 12:00:17,941 [WARNING] pipeline.cvm:   Empresa 22616 não encontrada em dfc_md 2019
2026-04-16 12:00:17,941 [INFO] pipeline.cvm: 
==================================================
2026-04-16 12:00:17,941 [INFO] pipeline.cvm: Baixando DFP 2020...
2026-04-16 12:00:18,160 [INFO] pipeline.cvm:   DFP dre 2020: 62 linhas
2026-04-16 12:00:18,537 [INFO] pipeline.cvm:   DFP bpa 2020: 56 linhas
2026-04-16 12:00:19,210 [INFO] pipeline.cvm:   DFP bpp 2020: 74 linhas
2026-04-16 12:00:19,570 [INFO] pipeline.cvm:   DFP dfc_mi 2020: 76 linhas
2026-04-16 12:00:19,593 [WARNING] pipeline.cvm:   Empresa 22616 não encontrada em dfc_md 2020
2026-04-16 12:00:19,593 [INFO] pipeline.cvm: 
==================================================
2026-04-16 12:00:19,593 [INFO] pipeline.cvm: Baixando DFP 2021...
2026-04-16 12:00:19,832 [INFO] pipeline.cvm:   DFP dre 2021: 64 linhas
2026-04-16 12:00:20,233 [INFO] pipeline.cvm:   DFP bpa 2021: 66 linhas
2026-04-16 12:00:20,922 [INFO] pipeline.cvm:   DFP bpp 2021: 88 linhas
2026-04-16 12:00:21,302 [INFO] pipeline.cvm:   DFP dfc_mi 2021: 106 linhas
2026-04-16 12:00:21,337 [WARNING] pipeline.cvm:   Empresa 22616 não encontrada em dfc_md 2021
2026-04-16 12:00:21,337 [INFO] pipeline.cvm: 
==================================================
2026-04-16 12:00:21,338 [INFO] pipeline.cvm: Baixando DFP 2022...
2026-04-16 12:00:21,586 [INFO] pipeline.cvm:   DFP dre 2022: 58 linhas
2026-04-16 12:00:22,055 [INFO] pipeline.cvm:   DFP bpa 2022: 62 linhas
2026-04-16 12:00:22,792 [INFO] pipeline.cvm:   DFP bpp 2022: 96 linhas
2026-04-16 12:00:23,182 [INFO] pipeline.cvm:   DFP dfc_mi 2022: 92 linhas
2026-04-16 12:00:23,214 [WARNING] pipeline.cvm:   Empresa 22616 não encontrada em dfc_md 2022
2026-04-16 12:00:23,215 [INFO] pipeline.cvm: 
==================================================
2026-04-16 12:00:23,215 [INFO] pipeline.cvm: Baixando DFP 2023...
2026-04-16 12:00:23,461 [INFO] pipeline.cvm:   DFP dre 2023: 58 linhas
2026-04-16 12:00:23,883 [INFO] pipeline.cvm:   DFP bpa 2023: 64 linhas
2026-04-16 12:00:24,625 [INFO] pipeline.cvm:   DFP bpp 2023: 92 linhas
2026-04-16 12:00:25,027 [INFO] pipeline.cvm:   DFP dfc_mi 2023: 88 linhas
2026-04-16 12:00:25,059 [WARNING] pipeline.cvm:   Empresa 22616 não encontrada em dfc_md 2023
2026-04-16 12:00:25,060 [INFO] pipeline.cvm: 
==================================================
2026-04-16 12:00:25,060 [INFO] pipeline.cvm: Baixando DFP 2024...
2026-04-16 12:00:25,301 [INFO] pipeline.cvm:   DFP dre 2024: 66 linhas
2026-04-16 12:00:25,705 [INFO] pipeline.cvm:   DFP bpa 2024: 62 linhas
2026-04-16 12:00:26,420 [INFO] pipeline.cvm:   DFP bpp 2024: 94 linhas
2026-04-16 12:00:26,811 [INFO] pipeline.cvm:   DFP dfc_mi 2024: 86 linhas
2026-04-16 12:00:26,840 [WARNING] pipeline.cvm:   Empresa 22616 não encontrada em dfc_md 2024
2026-04-16 12:00:26,841 [INFO] pipeline: 
[4/6] Normalizando dados...
2026-04-16 12:00:26,841 [INFO] pipeline:   Aplicando overrides de contas para BTG Pactual:
2026-04-16 12:00:26,841 [INFO] pipeline:     tvm_derivativos: ['1.02.01', '1.02.02', '1.02.03.05']
2026-04-16 12:00:26,841 [INFO] pipeline:     carteira_credito_bruta: ['1.02.03.04']
2026-04-16 12:00:26,841 [INFO] pipeline:     aplicacoes_interfinanceiras: ['1.02.03.01', '1.02.03.02']
2026-04-16 12:00:26,841 [INFO] pipeline:     compulsorios_bacen: ['1.02.03.03']
2026-04-16 12:00:26,841 [INFO] pipeline:     arrendamento_mercantil: ['1.02.03.06']
2026-04-16 12:00:27,642 [INFO] pipeline:   DRE normalizada:
2026-04-16 12:00:27,643 [INFO] pipeline:     margem_financeira_bruta: 2019: 4,756 | 2020: 6,103 | 2021: 9,747 | 2022: 17,884 | 2023: 22,337 | 2024: 13,474
2026-04-16 12:00:27,643 [INFO] pipeline:     lucro_liquido: 2019: 4,023 | 2020: 4,375 | 2021: 7,168 | 2022: 7,564 | 2023: 9,980 | 2024: 10,745
2026-04-16 12:00:27,643 [INFO] pipeline: 
[5/6] Calculando projeções...
2026-04-16 12:00:27,643 [INFO] pipeline:   Premissas por banco aplicadas: NIM=1.7% | Payout=30% | g=6.0%
2026-04-16 12:00:27,644 [INFO] pipeline.projecoes: 
=== Rodando projeções ===
2026-04-16 12:00:27,645 [INFO] pipeline.projecoes:   NIM ~ Selic: slope=0.0611, intercept=0.0382
2026-04-16 12:00:27,649 [INFO] pipeline.projecoes:   Margem op./MFB histórica (median 5a): 45.00%
2026-04-16 12:00:27,650 [INFO] pipeline.projecoes: Projeções concluídas. Resumo:
2026-04-16 12:00:27,650 [INFO] pipeline.projecoes:    Ano     Carteira        MFB      Lucro       FCFE
2026-04-16 12:00:27,651 [INFO] pipeline.projecoes:   2025      178,581     12,986      4,830      1,449
2026-04-16 12:00:27,651 [INFO] pipeline.projecoes:   2026      203,582     14,804      5,507      1,652
2026-04-16 12:00:27,651 [INFO] pipeline.projecoes:   2027      228,012     16,581      6,168      1,850
2026-04-16 12:00:27,651 [INFO] pipeline.projecoes:   2028      253,093     18,404      6,846      2,054
2026-04-16 12:00:27,651 [INFO] pipeline.projecoes:   2029      278,402     20,245      7,531      2,259
2026-04-16 12:00:27,651 [INFO] pipeline: 
[6/6] Calculando valuation...
2026-04-16 12:00:27,651 [INFO] pipeline.valuation: 
==================================================
2026-04-16 12:00:27,651 [INFO] pipeline.valuation: VALUATION COMPLETO — BBDC4
2026-04-16 12:00:27,651 [INFO] pipeline.valuation:   VP FCFE (10a):     R$       11,881 MM
2026-04-16 12:00:27,651 [INFO] pipeline.valuation:   Valor Perp. (VP):  R$       21,028 MM
2026-04-16 12:00:27,651 [INFO] pipeline.valuation:   VALOR DO EQUITY:   R$       32,909 MM
2026-04-16 12:00:27,651 [INFO] pipeline.valuation:   Preço Justo ON:    R$     8.46
2026-04-16 12:00:27,652 [INFO] pipeline.valuation:   Preço Justo PN:    R$     8.46
2026-04-16 12:00:27,652 [INFO] pipeline.valuation:   Cotação ON:        R$    63.53
2026-04-16 12:00:27,652 [INFO] pipeline.valuation:   Upside ON:              -86.7%
2026-04-16 12:00:27,652 [INFO] pipeline.valuation:   TIR (ON):                 6.8%
2026-04-16 12:00:27,652 [INFO] pipeline.valuation:   Preço Teto ON:     R$     8.46
2026-04-16 12:00:27,652 [INFO] pipeline.excel: 
============================================================
2026-04-16 12:00:27,653 [INFO] pipeline.excel: Escrevendo template: Valuation_BPAC11_BTG Pactual_20260416.xlsx
2026-04-16 12:00:27,750 [INFO] pipeline.excel:   → Dashboard
2026-04-16 12:00:27,750 [INFO] pipeline.excel:   → Ke
2026-04-16 12:00:27,756 [INFO] pipeline.excel:   → Balanço Patrimonial
2026-04-16 12:00:27,771 [INFO] pipeline.excel:   → DRE Recorrente
2026-04-16 12:00:27,805 [INFO] pipeline.excel:   → DRE + DCF
2026-04-16 12:00:27,816 [INFO] pipeline.excel:   → Projeções NIM
2026-04-16 12:00:27,835 [INFO] pipeline.excel:   → Painel de Índices
2026-04-16 12:00:27,930 [INFO] pipeline.excel: 
Arquivo salvo: C:\Users\55819\Downloads\pipeline_banco_completo\pipeline_banco\outputs\Valuation_BPAC11_BTG Pactual_20260416.xlsx
2026-04-16 12:00:27,930 [INFO] pipeline: 
======================================================================
2026-04-16 12:00:27,930 [INFO] pipeline: RESUMO DO VALUATION
2026-04-16 12:00:27,930 [INFO] pipeline: ======================================================================
2026-04-16 12:00:27,930 [INFO] pipeline:   Empresa:           BTG Pactual (BPAC11)
2026-04-16 12:00:27,930 [INFO] pipeline:   Cotação ON:        R$ 63.53
2026-04-16 12:00:27,930 [INFO] pipeline:   Preço Justo ON:    R$ 8.46
2026-04-16 12:00:27,930 [INFO] pipeline:   Upside ON:            -86.7%
2026-04-16 12:00:27,930 [INFO] pipeline:   TIR:                  6.8%
2026-04-16 12:00:27,930 [INFO] pipeline:   Preço Teto ON:     R$ 8.46
2026-04-16 12:00:27,930 [INFO] pipeline: 
  Arquivo gerado:    C:\Users\55819\Downloads\pipeline_banco_completo\pipeline_banco\outputs\Valuation_BPAC11_BTG Pactual_20260416.xlsx
2026-04-16 12:00:27,930 [INFO] pipeline: ======================================================================
2026-04-16 12:00:27,932 [INFO] pipeline: ✓ BPAC11: arquivo gerado → C:\Users\55819\Downloads\pipeline_banco_completo\pipeline_banco\outputs\Valuation_BPAC11_BTG Pactual_20260416.xlsx
2026-04-16 12:00:27,933 [INFO] pipeline: 
======================================================================
2026-04-16 12:00:27,933 [INFO] pipeline: RESUMO DO BATCH
2026-04-16 12:00:27,933 [INFO] pipeline: ======================================================================
2026-04-16 12:00:27,933 [INFO] pipeline:   Total:     5
2026-04-16 12:00:27,933 [INFO] pipeline:   Sucesso:   5
2026-04-16 12:00:27,933 [INFO] pipeline:   Erros:     0
2026-04-16 12:00:27,933 [INFO] pipeline: 
2026-04-16 12:00:27,933 [INFO] pipeline:   Ticker       Cotação ON  Preço Justo ON   Upside      TIR
2026-04-16 12:00:27,933 [INFO] pipeline:   ────────── ──────────── ─────────────── ──────── ────────
2026-04-16 12:00:27,933 [INFO] pipeline:   BBDC4        R$   18.04     R$   22.22       23.2%      10.9%
2026-04-16 12:00:27,933 [INFO] pipeline:   BBAS3        R$   24.11     R$   64.84      168.9%      18.1%
2026-04-16 12:00:27,933 [INFO] pipeline:   ITUB4        R$   46.54     R$   73.69       58.3%      11.9%
2026-04-16 12:00:27,934 [INFO] pipeline:   SANB11       R$   31.15     R$   86.79      178.6%      20.9%
2026-04-16 12:00:27,934 [INFO] pipeline:   BPAC11       R$   63.53     R$    8.46      -86.7%       6.8%
2026-04-16 12:00:27,934 [INFO] pipeline: ======================================================================
