2026-05-04 11:00:51,122 [INFO] pipeline: ======================================================================
2026-05-04 11:00:51,123 [INFO] pipeline: AUDITORIA CVM/B3 — 1 ticker(s): WEGE3
2026-05-04 11:00:51,123 [INFO] pipeline: ======================================================================
2026-05-04 11:00:51,123 [INFO] pipeline: 
Auditorando WEGE3...
2026-05-04 11:00:51,481 [INFO] pipeline.cvm:   DFP dre 2020: 64 linhas
2026-05-04 11:00:52,017 [INFO] pipeline.cvm:   DFP bpa 2020: 130 linhas
2026-05-04 11:00:52,819 [INFO] pipeline.cvm:   DFP bpp 2020: 238 linhas
2026-05-04 11:00:53,247 [INFO] pipeline.cvm:   DFP dfc_mi 2020: 94 linhas
2026-05-04 11:00:53,295 [WARNING] pipeline.cvm:   Empresa 5410 não encontrada em dfc_md 2020
2026-05-04 11:00:53,661 [INFO] pipeline.cvm:   DFP dre 2020: 60 linhas
2026-05-04 11:00:54,418 [INFO] pipeline.cvm:   DFP bpa 2020: 126 linhas
2026-05-04 11:00:55,601 [INFO] pipeline.cvm:   DFP bpp 2020: 220 linhas
2026-05-04 11:00:56,074 [INFO] pipeline.cvm:   DFP dfc_mi 2020: 60 linhas
2026-05-04 11:00:56,127 [WARNING] pipeline.cvm:   Empresa 5410 não encontrada em dfc_md 2020
2026-05-04 11:00:56,375 [INFO] pipeline.cvm:   DFP dre 2021: 64 linhas
2026-05-04 11:00:56,768 [INFO] pipeline.cvm:   DFP bpa 2021: 130 linhas
2026-05-04 11:00:57,545 [INFO] pipeline.cvm:   DFP bpp 2021: 238 linhas
2026-05-04 11:00:57,882 [INFO] pipeline.cvm:   DFP dfc_mi 2021: 96 linhas
2026-05-04 11:00:57,918 [WARNING] pipeline.cvm:   Empresa 5410 não encontrada em dfc_md 2021
2026-05-04 11:00:58,245 [INFO] pipeline.cvm:   DFP dre 2021: 60 linhas
2026-05-04 11:00:58,873 [INFO] pipeline.cvm:   DFP bpa 2021: 126 linhas
2026-05-04 11:00:59,963 [INFO] pipeline.cvm:   DFP bpp 2021: 220 linhas
2026-05-04 11:01:00,467 [INFO] pipeline.cvm:   DFP dfc_mi 2021: 60 linhas
2026-05-04 11:01:00,515 [WARNING] pipeline.cvm:   Empresa 5410 não encontrada em dfc_md 2021
2026-05-04 11:01:00,734 [INFO] pipeline.cvm:   DFP dre 2022: 68 linhas
2026-05-04 11:01:01,126 [INFO] pipeline.cvm:   DFP bpa 2022: 136 linhas
2026-05-04 11:01:01,849 [INFO] pipeline.cvm:   DFP bpp 2022: 238 linhas
2026-05-04 11:01:02,278 [INFO] pipeline.cvm:   DFP dfc_mi 2022: 98 linhas
2026-05-04 11:01:02,319 [WARNING] pipeline.cvm:   Empresa 5410 não encontrada em dfc_md 2022
2026-05-04 11:01:02,644 [INFO] pipeline.cvm:   DFP dre 2022: 60 linhas
2026-05-04 11:01:03,465 [INFO] pipeline.cvm:   DFP bpa 2022: 128 linhas
2026-05-04 11:01:04,613 [INFO] pipeline.cvm:   DFP bpp 2022: 220 linhas
2026-05-04 11:01:05,154 [INFO] pipeline.cvm:   DFP dfc_mi 2022: 60 linhas
2026-05-04 11:01:05,206 [WARNING] pipeline.cvm:   Empresa 5410 não encontrada em dfc_md 2022
2026-05-04 11:01:05,448 [INFO] pipeline.cvm:   DFP dre 2023: 68 linhas
2026-05-04 11:01:05,854 [INFO] pipeline.cvm:   DFP bpa 2023: 136 linhas
2026-05-04 11:01:06,615 [INFO] pipeline.cvm:   DFP bpp 2023: 236 linhas
2026-05-04 11:01:06,977 [INFO] pipeline.cvm:   DFP dfc_mi 2023: 112 linhas
2026-05-04 11:01:07,009 [WARNING] pipeline.cvm:   Empresa 5410 não encontrada em dfc_md 2023
2026-05-04 11:01:07,327 [INFO] pipeline.cvm:   DFP dre 2023: 60 linhas
2026-05-04 11:01:08,101 [INFO] pipeline.cvm:   DFP bpa 2023: 128 linhas
2026-05-04 11:01:09,221 [INFO] pipeline.cvm:   DFP bpp 2023: 220 linhas
2026-05-04 11:01:09,768 [INFO] pipeline.cvm:   DFP dfc_mi 2023: 78 linhas
2026-05-04 11:01:09,825 [WARNING] pipeline.cvm:   Empresa 5410 não encontrada em dfc_md 2023
2026-05-04 11:01:10,062 [INFO] pipeline.cvm:   DFP dre 2024: 68 linhas
2026-05-04 11:01:10,473 [INFO] pipeline.cvm:   DFP bpa 2024: 136 linhas
2026-05-04 11:01:11,390 [INFO] pipeline.cvm:   DFP bpp 2024: 236 linhas
2026-05-04 11:01:11,792 [INFO] pipeline.cvm:   DFP dfc_mi 2024: 112 linhas
2026-05-04 11:01:11,838 [WARNING] pipeline.cvm:   Empresa 5410 não encontrada em dfc_md 2024
2026-05-04 11:01:12,272 [INFO] pipeline.cvm:   DFP dre 2024: 60 linhas
2026-05-04 11:01:12,990 [INFO] pipeline.cvm:   DFP bpa 2024: 128 linhas
2026-05-04 11:01:14,358 [INFO] pipeline.cvm:   DFP bpp 2024: 220 linhas
2026-05-04 11:01:15,218 [INFO] pipeline.cvm:   DFP dfc_mi 2024: 78 linhas
2026-05-04 11:01:15,294 [WARNING] pipeline.cvm:   Empresa 5410 não encontrada em dfc_md 2024
2026-05-04 11:01:15,655 [INFO] pipeline.cvm:   DFP dre 2025: 68 linhas
2026-05-04 11:01:16,256 [INFO] pipeline.cvm:   DFP bpa 2025: 136 linhas
2026-05-04 11:01:16,970 [INFO] pipeline.cvm:   DFP bpp 2025: 238 linhas
2026-05-04 11:01:17,318 [INFO] pipeline.cvm:   DFP dfc_mi 2025: 112 linhas
2026-05-04 11:01:17,351 [WARNING] pipeline.cvm:   Empresa 5410 não encontrada em dfc_md 2025
2026-05-04 11:01:17,670 [INFO] pipeline.cvm:   DFP dre 2025: 60 linhas
2026-05-04 11:01:18,229 [INFO] pipeline.cvm:   DFP bpa 2025: 128 linhas
2026-05-04 11:01:19,212 [INFO] pipeline.cvm:   DFP bpp 2025: 224 linhas
2026-05-04 11:01:19,706 [INFO] pipeline.cvm:   DFP dfc_mi 2025: 78 linhas
2026-05-04 11:01:19,743 [WARNING] pipeline.cvm:   Empresa 5410 não encontrada em dfc_md 2025
2026-05-04 11:01:22,945 [INFO] pipeline:   WEGE3: score=95/100 | critical=0 | warnings=1
2026-05-04 11:01:22,945 [INFO] pipeline:   Relatorio: C:\Users\55819\OneDrive - EPEJUD\DIEGO\OBSIDIAN\Analista de Investimentos\12_PYTHON\pipeline banco completo\outputs\data_quality\audit_WEGE3_20260504.md
2026-05-04 11:01:22,963 [INFO] pipeline: 
======================================================================
2026-05-04 11:01:22,963 [INFO] pipeline: RESUMO DA AUDITORIA
2026-05-04 11:01:22,963 [INFO] pipeline: ======================================================================
2026-05-04 11:01:22,963 [INFO] pipeline:   Auditados: 1
2026-05-04 11:01:22,963 [INFO] pipeline:   Erros:     0
2026-05-04 11:01:22,964 [INFO] pipeline:   CSV:       C:\Users\55819\OneDrive - EPEJUD\DIEGO\OBSIDIAN\Analista de Investimentos\12_PYTHON\pipeline banco completo\outputs\data_quality\audit_all_20260504.csv
