2026-05-03 13:34:43,615 [INFO] pipeline: ======================================================================
2026-05-03 13:34:43,615 [INFO] pipeline: PIPELINE DE VALUATION [BANCÁRIO] — BBDC4 — Bradesco
2026-05-03 13:34:43,615 [INFO] pipeline: Início: 2026-05-03 13:34:43
2026-05-03 13:34:43,615 [INFO] pipeline:   Setor: bancos | Motor: KE
2026-05-03 13:34:43,615 [INFO] pipeline: ======================================================================
2026-05-03 13:34:43,615 [INFO] pipeline:   Banco cadastrado: Bradesco | tipo: ON_PN
2026-05-03 13:34:43,615 [INFO] pipeline: 
[1/6] Coletando dados de mercado...
2026-05-03 13:34:44,333 [INFO] pipeline:   Buscando cotação via yfinance...
2026-05-03 13:34:44,334 [INFO] pipeline.mercado: Buscando cotação atual: BBDC4.SA
2026-05-03 13:34:45,501 [INFO] pipeline.mercado: Buscando cotação atual: BBDC3.SA
2026-05-03 13:34:46,125 [INFO] pipeline:   Cotação ON: R$ 16.72  |  Cotação PN: R$ 19.32
2026-05-03 13:34:46,125 [INFO] pipeline:   Ações (fonte: bancos.py): ON=5,294,000 mil | PN=5,270,000 mil
2026-05-03 13:34:46,126 [INFO] pipeline.mercado: Calculando beta: BBDC4 (252 dias úteis)
2026-05-03 13:34:46,126 [INFO] pipeline.mercado: Baixando preços: BBDC4.SA (2019-01-01 → 2026-05-03)
2026-05-03 13:34:47,097 [INFO] pipeline.mercado:   1823 dias de preços carregados
2026-05-03 13:34:47,098 [INFO] pipeline.mercado: Baixando preços: ^BVSP (2019-01-01 → 2026-05-03)
2026-05-03 13:34:47,640 [INFO] pipeline.mercado:   1823 dias de preços carregados
2026-05-03 13:34:47,666 [INFO] pipeline.mercado:   Beta estatístico: 1.3197 | R²: 0.544 | n=251
2026-05-03 13:34:47,669 [INFO] pipeline:   Beta estatístico: 1.320 | Beta utilizado: 0.850
2026-05-03 13:34:47,669 [INFO] pipeline: 
[2/6] Coletando dados macroeconômicos (BCB)...
2026-05-03 13:34:48,004 [WARNING] pipeline.macro: Não foi possível obter Focus Selic: 400 Client Error: Bad Request for url: https://olinda.bcb.gov.br/olinda/servico/Expectativas/versao/v1/odata/ExpectativasMercadoAnuais?%24filter=Indicador%20eq%20'Selic'&%24top=100&%24format=json&%24select=Indicador,Data,Ano,Mediana
2026-05-03 13:34:48,283 [WARNING] pipeline.macro: Não foi possível obter Focus IPCA: 400 Client Error: Bad Request for url: https://olinda.bcb.gov.br/olinda/servico/Expectativas/versao/v1/odata/ExpectativasMercadoAnuais?%24filter=Indicador%20eq%20'IPCA'&%24top=100&%24format=json&%24select=Indicador,Data,Ano,Mediana
2026-05-03 13:34:48,284 [INFO] pipeline.macro: 
=== Coletando dados macroeconômicos ===
2026-05-03 13:34:48,284 [INFO] pipeline.macro: Baixando série BCB 432...
2026-05-03 13:34:48,605 [ERROR] pipeline.macro: Erro ao baixar série BCB 432: 406 Client Error: Not Acceptable for url: https://api.bcb.gov.br/dados/serie/bcdata.sgs.432/dados?formato=json&dataInicial=01%2F01%2F2010&dataFinal=03%2F05%2F2026
2026-05-03 13:34:48,605 [WARNING] pipeline.macro: Série Selic meta sem DatetimeIndex — usando fallback histórico
2026-05-03 13:34:48,605 [INFO] pipeline.macro: Baixando série BCB 12...
2026-05-03 13:34:48,702 [ERROR] pipeline.macro: Erro ao baixar série BCB 12: 406 Client Error: Not Acceptable for url: https://api.bcb.gov.br/dados/serie/bcdata.sgs.12/dados?formato=json&dataInicial=01%2F01%2F2010&dataFinal=03%2F05%2F2026
2026-05-03 13:34:48,703 [WARNING] pipeline.macro: Série DI sem DatetimeIndex — usando fallback histórico
2026-05-03 13:34:48,703 [INFO] pipeline.macro: Baixando série BCB 13522...
2026-05-03 13:34:48,815 [INFO] pipeline.macro:   Série 13522: 195 observações (2010-01-01 → 2026-03-01)
2026-05-03 13:34:48,816 [WARNING] pipeline.macro: IPCA calculado fora do intervalo plausível (46.1%) para 2020 — usando fallback
2026-05-03 13:34:48,817 [WARNING] pipeline.macro: IPCA calculado fora do intervalo plausível (159.3%) para 2021 — usando fallback
2026-05-03 13:34:48,817 [WARNING] pipeline.macro: IPCA calculado fora do intervalo plausível (191.2%) para 2022 — usando fallback
2026-05-03 13:34:48,817 [WARNING] pipeline.macro: IPCA calculado fora do intervalo plausível (71.5%) para 2023 — usando fallback
2026-05-03 13:34:48,818 [WARNING] pipeline.macro: IPCA calculado fora do intervalo plausível (67.0%) para 2024 — usando fallback
2026-05-03 13:34:48,818 [WARNING] pipeline.macro: IPCA calculado fora do intervalo plausível (80.0%) para 2025 — usando fallback
2026-05-03 13:34:48,818 [INFO] pipeline.macro: Baixando série BCB 258...
2026-05-03 13:34:48,924 [ERROR] pipeline.macro: Erro ao baixar série BCB 258: 406 Client Error: Not Acceptable for url: https://api.bcb.gov.br/dados/serie/bcdata.sgs.258/dados?formato=json&dataInicial=01%2F01%2F2010&dataFinal=03%2F05%2F2026
2026-05-03 13:34:48,924 [WARNING] pipeline.macro: Série TJLP sem DatetimeIndex — usando fallback histórico
2026-05-03 13:34:48,924 [INFO] pipeline.macro: Baixando série BCB 29039...
2026-05-03 13:34:49,602 [INFO] pipeline.macro:   Série 29039: 195 observações (2010-01-01 → 2026-03-01)
2026-05-03 13:34:49,604 [INFO] pipeline.macro: Baixando série BCB 13522...
2026-05-03 13:34:49,715 [INFO] pipeline.macro:   Série 13522: 195 observações (2010-01-01 → 2026-03-01)
2026-05-03 13:34:49,715 [WARNING] pipeline.macro: IPCA calculado fora do intervalo plausível (46.1%) para 2020 — usando fallback
2026-05-03 13:34:49,716 [WARNING] pipeline.macro: IPCA calculado fora do intervalo plausível (159.3%) para 2021 — usando fallback
2026-05-03 13:34:49,716 [WARNING] pipeline.macro: IPCA calculado fora do intervalo plausível (191.2%) para 2022 — usando fallback
2026-05-03 13:34:49,717 [WARNING] pipeline.macro: IPCA calculado fora do intervalo plausível (71.5%) para 2023 — usando fallback
2026-05-03 13:34:49,717 [WARNING] pipeline.macro: IPCA calculado fora do intervalo plausível (67.0%) para 2024 — usando fallback
2026-05-03 13:34:49,718 [WARNING] pipeline.macro: IPCA calculado fora do intervalo plausível (80.0%) para 2025 — usando fallback
2026-05-03 13:34:49,718 [INFO] pipeline.macro: 
RESUMO MACRO HISTÓRICO:
2026-05-03 13:34:49,718 [INFO] pipeline.macro:   selic_meta     : 2021: 9.25% | 2022: 13.75% | 2023: 11.75% | 2024: 11.75% | 2025: 10.00%
2026-05-03 13:34:49,718 [INFO] pipeline.macro:   selic_efet     : 2021: 4.48% | 2022: 12.33% | 2023: 13.15% | 2024: 10.73% | 2025: 10.50%
2026-05-03 13:34:49,718 [INFO] pipeline.macro:   ipca           : 2021: 10.06% | 2022: 5.62% | 2023: 4.62% | 2024: 4.83% | 2025: 4.50%
2026-05-03 13:34:49,718 [INFO] pipeline.macro:   tjlp           : 2021: 5.25% | 2022: 6.25% | 2023: 7.00% | 2024: 7.00% | 2025: 6.50%
2026-05-03 13:34:49,719 [INFO] pipeline.macro:   cds            : 2021: 0.73% | 2022: 1.26% | 2023: 0.84% | 2024: 0.81% | 2025: 0.76%
2026-05-03 13:34:49,719 [INFO] pipeline.macro:   inflacao_impl  : 2021: 10.06% | 2022: 5.62% | 2023: 4.62% | 2024: 4.83% | 2025: 4.50%
2026-05-03 13:34:49,719 [INFO] pipeline: 
[3/6] Baixando demonstrações financeiras (CVM)...
2026-05-03 13:34:49,721 [INFO] pipeline.cvm: 
==================================================
2026-05-03 13:34:49,721 [INFO] pipeline.cvm: Baixando DFP 2020...
2026-05-03 13:34:49,722 [INFO] pipeline.cvm: Baixando: https://dados.cvm.gov.br/dados/CIA_ABERTA/DOC/DFP/DADOS/dfp_cia_aberta_2020.zip
2026-05-03 13:34:52,601 [INFO] pipeline.cvm:   DFP dre 2020: 82 linhas
2026-05-03 13:34:52,601 [INFO] pipeline.cvm: Baixando: https://dados.cvm.gov.br/dados/CIA_ABERTA/DOC/DFP/DADOS/dfp_cia_aberta_2020.zip
2026-05-03 13:34:56,957 [INFO] pipeline.cvm:   DFP bpa 2020: 82 linhas
2026-05-03 13:34:56,957 [INFO] pipeline.cvm: Baixando: https://dados.cvm.gov.br/dados/CIA_ABERTA/DOC/DFP/DADOS/dfp_cia_aberta_2020.zip
2026-05-03 13:35:02,793 [INFO] pipeline.cvm:   DFP bpp 2020: 96 linhas
2026-05-03 13:35:02,794 [INFO] pipeline.cvm: Baixando: https://dados.cvm.gov.br/dados/CIA_ABERTA/DOC/DFP/DADOS/dfp_cia_aberta_2020.zip
2026-05-03 13:35:06,463 [INFO] pipeline.cvm:   DFP dfc_mi 2020: 94 linhas
2026-05-03 13:35:06,463 [INFO] pipeline.cvm: Baixando: https://dados.cvm.gov.br/dados/CIA_ABERTA/DOC/DFP/DADOS/dfp_cia_aberta_2020.zip
2026-05-03 13:35:08,877 [WARNING] pipeline.cvm:   Empresa 906 não encontrada em dfc_md 2020
2026-05-03 13:35:08,877 [INFO] pipeline.cvm: 
==================================================
2026-05-03 13:35:08,877 [INFO] pipeline.cvm: Baixando DFP 2021...
2026-05-03 13:35:08,877 [INFO] pipeline.cvm: Baixando: https://dados.cvm.gov.br/dados/CIA_ABERTA/DOC/DFP/DADOS/dfp_cia_aberta_2021.zip
2026-05-03 13:35:12,174 [INFO] pipeline.cvm:   DFP dre 2021: 82 linhas
2026-05-03 13:35:12,174 [INFO] pipeline.cvm: Baixando: https://dados.cvm.gov.br/dados/CIA_ABERTA/DOC/DFP/DADOS/dfp_cia_aberta_2021.zip
2026-05-03 13:35:16,172 [INFO] pipeline.cvm:   DFP bpa 2021: 82 linhas
2026-05-03 13:35:16,173 [INFO] pipeline.cvm: Baixando: https://dados.cvm.gov.br/dados/CIA_ABERTA/DOC/DFP/DADOS/dfp_cia_aberta_2021.zip
2026-05-03 13:35:21,119 [INFO] pipeline.cvm:   DFP bpp 2021: 86 linhas
2026-05-03 13:35:21,119 [INFO] pipeline.cvm: Baixando: https://dados.cvm.gov.br/dados/CIA_ABERTA/DOC/DFP/DADOS/dfp_cia_aberta_2021.zip
2026-05-03 13:35:24,415 [WARNING] pipeline.cvm:   Empresa 906 não encontrada em dfc_mi 2021
2026-05-03 13:35:24,416 [INFO] pipeline.cvm: Baixando: https://dados.cvm.gov.br/dados/CIA_ABERTA/DOC/DFP/DADOS/dfp_cia_aberta_2021.zip
2026-05-03 13:35:25,968 [INFO] pipeline.cvm:   DFP dfc_md 2021: 64 linhas
2026-05-03 13:35:25,968 [INFO] pipeline.cvm: 
==================================================
2026-05-03 13:35:25,968 [INFO] pipeline.cvm: Baixando DFP 2022...
2026-05-03 13:35:25,968 [INFO] pipeline.cvm: Baixando: https://dados.cvm.gov.br/dados/CIA_ABERTA/DOC/DFP/DADOS/dfp_cia_aberta_2022.zip
2026-05-03 13:35:28,317 [INFO] pipeline.cvm:   DFP dre 2022: 82 linhas
2026-05-03 13:35:28,317 [INFO] pipeline.cvm: Baixando: https://dados.cvm.gov.br/dados/CIA_ABERTA/DOC/DFP/DADOS/dfp_cia_aberta_2022.zip
2026-05-03 13:35:31,846 [INFO] pipeline.cvm:   DFP bpa 2022: 82 linhas
2026-05-03 13:35:31,846 [INFO] pipeline.cvm: Baixando: https://dados.cvm.gov.br/dados/CIA_ABERTA/DOC/DFP/DADOS/dfp_cia_aberta_2022.zip
2026-05-03 13:35:36,661 [INFO] pipeline.cvm:   DFP bpp 2022: 86 linhas
2026-05-03 13:35:36,661 [INFO] pipeline.cvm: Baixando: https://dados.cvm.gov.br/dados/CIA_ABERTA/DOC/DFP/DADOS/dfp_cia_aberta_2022.zip
2026-05-03 13:35:39,805 [INFO] pipeline.cvm:   DFP dfc_mi 2022: 96 linhas
2026-05-03 13:35:39,806 [INFO] pipeline.cvm: Baixando: https://dados.cvm.gov.br/dados/CIA_ABERTA/DOC/DFP/DADOS/dfp_cia_aberta_2022.zip
2026-05-03 13:35:41,519 [WARNING] pipeline.cvm:   Empresa 906 não encontrada em dfc_md 2022
2026-05-03 13:35:41,519 [INFO] pipeline.cvm: 
==================================================
2026-05-03 13:35:41,520 [INFO] pipeline.cvm: Baixando DFP 2023...
2026-05-03 13:35:41,520 [INFO] pipeline.cvm: Baixando: https://dados.cvm.gov.br/dados/CIA_ABERTA/DOC/DFP/DADOS/dfp_cia_aberta_2023.zip
2026-05-03 13:35:44,204 [INFO] pipeline.cvm:   DFP dre 2023: 82 linhas
2026-05-03 13:35:44,204 [INFO] pipeline.cvm: Baixando: https://dados.cvm.gov.br/dados/CIA_ABERTA/DOC/DFP/DADOS/dfp_cia_aberta_2023.zip
2026-05-03 13:35:47,620 [INFO] pipeline.cvm:   DFP bpa 2023: 82 linhas
2026-05-03 13:35:47,620 [INFO] pipeline.cvm: Baixando: https://dados.cvm.gov.br/dados/CIA_ABERTA/DOC/DFP/DADOS/dfp_cia_aberta_2023.zip
2026-05-03 13:35:52,416 [INFO] pipeline.cvm:   DFP bpp 2023: 86 linhas
2026-05-03 13:35:52,417 [INFO] pipeline.cvm: Baixando: https://dados.cvm.gov.br/dados/CIA_ABERTA/DOC/DFP/DADOS/dfp_cia_aberta_2023.zip
2026-05-03 13:35:55,481 [INFO] pipeline.cvm:   DFP dfc_mi 2023: 96 linhas
2026-05-03 13:35:55,481 [INFO] pipeline.cvm: Baixando: https://dados.cvm.gov.br/dados/CIA_ABERTA/DOC/DFP/DADOS/dfp_cia_aberta_2023.zip
2026-05-03 13:35:57,214 [WARNING] pipeline.cvm:   Empresa 906 não encontrada em dfc_md 2023
2026-05-03 13:35:57,214 [INFO] pipeline.cvm: 
==================================================
2026-05-03 13:35:57,214 [INFO] pipeline.cvm: Baixando DFP 2024...
2026-05-03 13:35:57,214 [INFO] pipeline.cvm: Baixando: https://dados.cvm.gov.br/dados/CIA_ABERTA/DOC/DFP/DADOS/dfp_cia_aberta_2024.zip
2026-05-03 13:35:59,883 [INFO] pipeline.cvm:   DFP dre 2024: 82 linhas
2026-05-03 13:35:59,883 [INFO] pipeline.cvm: Baixando: https://dados.cvm.gov.br/dados/CIA_ABERTA/DOC/DFP/DADOS/dfp_cia_aberta_2024.zip
2026-05-03 13:36:03,381 [INFO] pipeline.cvm:   DFP bpa 2024: 82 linhas
2026-05-03 13:36:03,382 [INFO] pipeline.cvm: Baixando: https://dados.cvm.gov.br/dados/CIA_ABERTA/DOC/DFP/DADOS/dfp_cia_aberta_2024.zip
2026-05-03 13:36:07,802 [INFO] pipeline.cvm:   DFP bpp 2024: 86 linhas
2026-05-03 13:36:07,802 [INFO] pipeline.cvm: Baixando: https://dados.cvm.gov.br/dados/CIA_ABERTA/DOC/DFP/DADOS/dfp_cia_aberta_2024.zip
2026-05-03 13:36:11,051 [INFO] pipeline.cvm:   DFP dfc_mi 2024: 96 linhas
2026-05-03 13:36:11,051 [INFO] pipeline.cvm: Baixando: https://dados.cvm.gov.br/dados/CIA_ABERTA/DOC/DFP/DADOS/dfp_cia_aberta_2024.zip
2026-05-03 13:36:12,748 [WARNING] pipeline.cvm:   Empresa 906 não encontrada em dfc_md 2024
2026-05-03 13:36:12,748 [INFO] pipeline.cvm: 
==================================================
2026-05-03 13:36:12,748 [INFO] pipeline.cvm: Baixando DFP 2025...
2026-05-03 13:36:12,748 [INFO] pipeline.cvm: Baixando: https://dados.cvm.gov.br/dados/CIA_ABERTA/DOC/DFP/DADOS/dfp_cia_aberta_2025.zip
2026-05-03 13:36:15,158 [INFO] pipeline.cvm:   DFP dre 2025: 82 linhas
2026-05-03 13:36:15,159 [INFO] pipeline.cvm: Baixando: https://dados.cvm.gov.br/dados/CIA_ABERTA/DOC/DFP/DADOS/dfp_cia_aberta_2025.zip
2026-05-03 13:36:18,153 [INFO] pipeline.cvm:   DFP bpa 2025: 82 linhas
2026-05-03 13:36:18,153 [INFO] pipeline.cvm: Baixando: https://dados.cvm.gov.br/dados/CIA_ABERTA/DOC/DFP/DADOS/dfp_cia_aberta_2025.zip
2026-05-03 13:36:22,474 [INFO] pipeline.cvm:   DFP bpp 2025: 86 linhas
2026-05-03 13:36:22,474 [INFO] pipeline.cvm: Baixando: https://dados.cvm.gov.br/dados/CIA_ABERTA/DOC/DFP/DADOS/dfp_cia_aberta_2025.zip
2026-05-03 13:36:25,500 [INFO] pipeline.cvm:   DFP dfc_mi 2025: 96 linhas
2026-05-03 13:36:25,501 [INFO] pipeline.cvm: Baixando: https://dados.cvm.gov.br/dados/CIA_ABERTA/DOC/DFP/DADOS/dfp_cia_aberta_2025.zip
2026-05-03 13:36:27,120 [WARNING] pipeline.cvm:   Empresa 906 não encontrada em dfc_md 2025
2026-05-03 13:36:27,120 [INFO] pipeline.cvm: 
==================================================
2026-05-03 13:36:27,120 [INFO] pipeline.cvm: Baixando DFP 2026...
2026-05-03 13:36:27,120 [INFO] pipeline.cvm: Baixando: https://dados.cvm.gov.br/dados/CIA_ABERTA/DOC/DFP/DADOS/dfp_cia_aberta_2026.zip
2026-05-03 13:36:27,185 [ERROR] pipeline.cvm: Erro ao baixar https://dados.cvm.gov.br/dados/CIA_ABERTA/DOC/DFP/DADOS/dfp_cia_aberta_2026.zip: 404 Client Error: Not Found for url: https://dados.cvm.gov.br/dados/CIA_ABERTA/DOC/DFP/DADOS/dfp_cia_aberta_2026.zip
2026-05-03 13:36:27,186 [INFO] pipeline.cvm: Baixando: https://dados.cvm.gov.br/dados/CIA_ABERTA/DOC/DFP/DADOS/dfp_cia_aberta_2026.zip
2026-05-03 13:36:27,375 [ERROR] pipeline.cvm: Erro ao baixar https://dados.cvm.gov.br/dados/CIA_ABERTA/DOC/DFP/DADOS/dfp_cia_aberta_2026.zip: 404 Client Error: Not Found for url: https://dados.cvm.gov.br/dados/CIA_ABERTA/DOC/DFP/DADOS/dfp_cia_aberta_2026.zip
2026-05-03 13:36:27,377 [INFO] pipeline.cvm: Baixando: https://dados.cvm.gov.br/dados/CIA_ABERTA/DOC/DFP/DADOS/dfp_cia_aberta_2026.zip
2026-05-03 13:36:27,575 [ERROR] pipeline.cvm: Erro ao baixar https://dados.cvm.gov.br/dados/CIA_ABERTA/DOC/DFP/DADOS/dfp_cia_aberta_2026.zip: 404 Client Error: Not Found for url: https://dados.cvm.gov.br/dados/CIA_ABERTA/DOC/DFP/DADOS/dfp_cia_aberta_2026.zip
2026-05-03 13:36:27,577 [INFO] pipeline.cvm: Baixando: https://dados.cvm.gov.br/dados/CIA_ABERTA/DOC/DFP/DADOS/dfp_cia_aberta_2026.zip
2026-05-03 13:36:27,776 [ERROR] pipeline.cvm: Erro ao baixar https://dados.cvm.gov.br/dados/CIA_ABERTA/DOC/DFP/DADOS/dfp_cia_aberta_2026.zip: 404 Client Error: Not Found for url: https://dados.cvm.gov.br/dados/CIA_ABERTA/DOC/DFP/DADOS/dfp_cia_aberta_2026.zip
2026-05-03 13:36:27,777 [INFO] pipeline.cvm: Baixando: https://dados.cvm.gov.br/dados/CIA_ABERTA/DOC/DFP/DADOS/dfp_cia_aberta_2026.zip
2026-05-03 13:36:27,982 [ERROR] pipeline.cvm: Erro ao baixar https://dados.cvm.gov.br/dados/CIA_ABERTA/DOC/DFP/DADOS/dfp_cia_aberta_2026.zip: 404 Client Error: Not Found for url: https://dados.cvm.gov.br/dados/CIA_ABERTA/DOC/DFP/DADOS/dfp_cia_aberta_2026.zip
2026-05-03 13:36:27,983 [INFO] pipeline:   DFP 2026 indisponível — tentando anualizar via ITR...
2026-05-03 13:36:27,983 [INFO] pipeline.cvm: 
==================================================
2026-05-03 13:36:27,983 [INFO] pipeline.cvm: Tentando anualizar 2026 via ITR (LTM)...
2026-05-03 13:36:27,983 [INFO] pipeline.cvm: Baixando: https://dados.cvm.gov.br/dados/CIA_ABERTA/DOC/ITR/DADOS/itr_cia_aberta_2026.zip
2026-05-03 13:36:28,531 [INFO] pipeline.cvm: Baixando: https://dados.cvm.gov.br/dados/CIA_ABERTA/DOC/ITR/DADOS/itr_cia_aberta_2026.zip
2026-05-03 13:36:29,189 [INFO] pipeline.cvm: Baixando: https://dados.cvm.gov.br/dados/CIA_ABERTA/DOC/ITR/DADOS/itr_cia_aberta_2026.zip
2026-05-03 13:36:29,884 [INFO] pipeline.cvm: Baixando: https://dados.cvm.gov.br/dados/CIA_ABERTA/DOC/ITR/DADOS/itr_cia_aberta_2026.zip
2026-05-03 13:36:30,200 [INFO] pipeline.cvm: Baixando: https://dados.cvm.gov.br/dados/CIA_ABERTA/DOC/ITR/DADOS/itr_cia_aberta_2026.zip
2026-05-03 13:36:30,363 [WARNING] pipeline.cvm:   ITR 2026 não disponível — não é possível anualizar
2026-05-03 13:36:30,364 [WARNING] pipeline:   DFP 2026 e ITR indisponíveis — removido do histórico
2026-05-03 13:36:30,364 [INFO] pipeline: 
[4/6] Normalizando dados...
2026-05-03 13:36:31,376 [INFO] pipeline:   DRE normalizada:
2026-05-03 13:36:31,376 [INFO] pipeline:     margem_financeira_bruta: 2020: 49,853 | 2021: 70,322 | 2022: 74,602 | 2023: 68,082 | 2024: 68,941 | 2025: 76,339
2026-05-03 13:36:31,376 [INFO] pipeline:     lucro_liquido: 2020: 15,837 | 2021: 23,172 | 2022: 20,984 | 2023: 14,251 | 2024: 17,253 | 2025: 23,673
2026-05-03 13:36:31,378 [INFO] pipeline:   Qualidade dos dados: score=100/100 | warnings=0 | critical=0
2026-05-03 13:36:31,378 [INFO] pipeline: 
[5/6] Calculando projeções...
2026-05-03 13:36:31,381 [INFO] pipeline:   Premissas banco: NIM=5.0% | Payout=45% | g=5.5%
2026-05-03 13:36:31,382 [INFO] pipeline.projecoes: 
=== Rodando projeções ===
2026-05-03 13:36:31,385 [INFO] pipeline.projecoes:   NIM ~ Selic: slope=-0.7803, intercept=0.1230
2026-05-03 13:36:31,393 [INFO] pipeline.projecoes:   Margem op./MFB histórica (median 5a): 27.54%
2026-05-03 13:36:31,395 [INFO] pipeline.projecoes: Projeções concluídas. Resumo:
2026-05-03 13:36:31,396 [INFO] pipeline.projecoes:    Ano     Carteira        MFB      Lucro       FCFE
2026-05-03 13:36:31,396 [INFO] pipeline.projecoes:   2026      846,541     82,463     17,871      8,042
2026-05-03 13:36:31,396 [INFO] pipeline.projecoes:   2027      905,799    119,241     25,841     11,629
2026-05-03 13:36:31,396 [INFO] pipeline.projecoes:   2028      969,204    140,399     30,426     13,692
2026-05-03 13:36:31,396 [INFO] pipeline.projecoes:   2029    1,037,049    163,934     35,527     15,987
2026-05-03 13:36:31,396 [INFO] pipeline.projecoes:   2030    1,109,642    186,928     40,510     18,229
2026-05-03 13:36:31,396 [INFO] pipeline: 
[6/6] Calculando valuation (FCFE / Ke)...
2026-05-03 13:36:31,396 [INFO] pipeline.valuation: 
==================================================
2026-05-03 13:36:31,397 [INFO] pipeline.valuation: VALUATION COMPLETO — BBDC4
2026-05-03 13:36:31,397 [INFO] pipeline.valuation:   VP FCFE (10a):     R$       98,887 MM
2026-05-03 13:36:31,397 [INFO] pipeline.valuation:   Valor Perp. (VP):  R$      250,385 MM
2026-05-03 13:36:31,397 [INFO] pipeline.valuation:   VALOR DO EQUITY:   R$      349,272 MM
2026-05-03 13:36:31,397 [INFO] pipeline.valuation:   Preço Justo ON:    R$    34.63
2026-05-03 13:36:31,397 [INFO] pipeline.valuation:   Preço Justo PN:    R$    38.10
2026-05-03 13:36:31,397 [INFO] pipeline.valuation:   Cotação ON:        R$    16.72
2026-05-03 13:36:31,397 [INFO] pipeline.valuation:   Upside ON:              107.1%
2026-05-03 13:36:31,397 [INFO] pipeline.valuation:   TIR (ON):                14.3%
2026-05-03 13:36:31,397 [INFO] pipeline.valuation:   Preço Teto ON:     R$    34.63
2026-05-03 13:36:31,400 [INFO] pipeline.intelligence: [intelligence] BBDC4 → BUY | score=80 | risco=BAIXO | confiança=ALTA
2026-05-03 13:36:31,775 [INFO] pipeline.excel: 
============================================================
2026-05-03 13:36:31,775 [INFO] pipeline.excel: Escrevendo template: Valuation_BBDC4_Bradesco_20260503.xlsx
2026-05-03 13:36:31,851 [INFO] pipeline.excel:   → Dashboard
2026-05-03 13:36:31,852 [INFO] pipeline.excel:   → Ke
2026-05-03 13:36:31,858 [INFO] pipeline.excel:   → Balanço Patrimonial
2026-05-03 13:36:31,874 [INFO] pipeline.excel:   → DRE Recorrente
2026-05-03 13:36:31,911 [INFO] pipeline.excel:   → DRE + DCF
2026-05-03 13:36:31,920 [INFO] pipeline.excel:   → Projeções NIM
2026-05-03 13:36:31,939 [INFO] pipeline.excel:   → Painel de Índices
2026-05-03 13:36:32,019 [INFO] pipeline.excel: 
Arquivo salvo: C:\Users\55819\OneDrive - EPEJUD\DIEGO\OBSIDIAN\Analista de Investimentos\12_PYTHON\pipeline banco completo\outputs\Valuation_BBDC4_Bradesco_20260503.xlsx
2026-05-03 13:36:32,022 [INFO] pipeline:   Run summary:       C:\Users\55819\OneDrive - EPEJUD\DIEGO\OBSIDIAN\Analista de Investimentos\12_PYTHON\pipeline banco completo\outputs\run_summaries\run_summary_BBDC4_20260503_133632.json
2026-05-03 13:36:32,030 [INFO] pipeline.database: [database] BBDC4 salvo — id=3 | score=80 | rec=BUY
2026-05-03 13:36:32,037 [INFO] pipeline.report_writer: [report_writer] BBDC4 — relatório gerado: Tese_BBDC4_Bradesco_20260503_133632.md
2026-05-03 13:36:32,038 [INFO] pipeline.parser_ri: [parser_ri] Iniciando extração para BBDC4 (CVM=906)
2026-05-03 13:36:32,447 [INFO] pipeline.parser_ri: [parser_ri] Processando: https://dados.cvm.gov.br/dados/CIA_ABERTA/IPE/DOC/906/IPE_DFP_906_2026.zip
2026-05-03 13:36:32,644 [INFO] pipeline.parser_ri: [parser_ri] Processando: https://dados.cvm.gov.br/dados/CIA_ABERTA/IPE/DOC/906/IPE_DFP_906_2026.zip
2026-05-03 13:36:32,835 [INFO] pipeline.parser_ri: [parser_ri] Processando: https://dados.cvm.gov.br/dados/CIA_ABERTA/IPE/DOC/906/IPE_DFP_906_2026.zip
2026-05-03 13:36:33,025 [INFO] pipeline.parser_ri: [parser_ri] BBDC4 — 0 doc(s) processado(s), 0 métrica(s) extraída(s): []
2026-05-03 13:36:33,025 [INFO] pipeline: 
======================================================================
2026-05-03 13:36:33,025 [INFO] pipeline: RESUMO DO VALUATION (FCFE/Ke)
2026-05-03 13:36:33,025 [INFO] pipeline: ======================================================================
2026-05-03 13:36:33,025 [INFO] pipeline:   Empresa:           Bradesco (BBDC4)
2026-05-03 13:36:33,025 [INFO] pipeline:   Cotação ON:        R$ 16.72
2026-05-03 13:36:33,026 [INFO] pipeline:   Preço Justo ON:    R$ 34.63
2026-05-03 13:36:33,026 [INFO] pipeline:   Upside ON:            107.1%
2026-05-03 13:36:33,026 [INFO] pipeline:   TIR:                  14.3%
2026-05-03 13:36:33,026 [INFO] pipeline:   Preço Teto ON:     R$ 34.63
2026-05-03 13:36:33,026 [INFO] pipeline: 
  ── Intelligence ──────────────────────────────────────
2026-05-03 13:36:33,026 [INFO] pipeline:   Recomendação:      BUY
2026-05-03 13:36:33,026 [INFO] pipeline:   Score:             80/100
2026-05-03 13:36:33,026 [INFO] pipeline:   Risco:             BAIXO
2026-05-03 13:36:33,027 [INFO] pipeline:   Confiança:         ALTA (dados completos, sem avisos, histórico disponível)
2026-05-03 13:36:33,027 [INFO] pipeline:   Tese:              Bradesco (BBDC4) apresenta desconto relevante frente ao valor justo estimado. Cotação de R$ 16.72 vs. preço justo de R$ 34.63 (+107.1% de upside), TIR de 14.3%. Fundamentos: ROE de 13.7%, inadimplência de 6.0%. Score: 80/100 | Risco: BAIXO | Confiança: ALTA.
2026-05-03 13:36:33,027 [INFO] pipeline: 
  Arquivo gerado:    C:\Users\55819\OneDrive - EPEJUD\DIEGO\OBSIDIAN\Analista de Investimentos\12_PYTHON\pipeline banco completo\outputs\Valuation_BBDC4_Bradesco_20260503.xlsx
2026-05-03 13:36:33,027 [INFO] pipeline:   Tese Markdown:     C:\Users\55819\OneDrive - EPEJUD\DIEGO\OBSIDIAN\Analista de Investimentos\12_PYTHON\pipeline banco completo\outputs\reports\Tese_BBDC4_Bradesco_20260503_133632.md
2026-05-03 13:36:33,027 [INFO] pipeline: ======================================================================
