2026-04-28 14:39:51,830 [INFO] pipeline: ======================================================================
2026-04-28 14:39:51,830 [INFO] pipeline: PIPELINE DE VALUATION [SAUDE] — RADL3 — Raia Drogasil
2026-04-28 14:39:51,831 [INFO] pipeline: Início: 2026-04-28 14:39:51
2026-04-28 14:39:51,831 [INFO] pipeline:   Setor: saude | Motor: WACC
2026-04-28 14:39:51,832 [INFO] pipeline: ======================================================================
2026-04-28 14:39:51,832 [INFO] pipeline: 
[1/6] Coletando dados de mercado...
2026-04-28 14:39:52,725 [INFO] pipeline:   Buscando cotação via yfinance...
2026-04-28 14:39:52,726 [INFO] pipeline.mercado: Buscando cotação atual: RADL3.SA
2026-04-28 14:39:53,878 [INFO] pipeline:   Cotação ON: R$ 22.04  |  Cotação PN: R$ 0.00
2026-04-28 14:39:54,010 [INFO] pipeline.mercado: Calculando beta: RADL3 (252 dias úteis)
2026-04-28 14:39:54,011 [INFO] pipeline.mercado: Baixando preços: RADL3.SA (2019-01-01 → 2026-04-28)
2026-04-28 14:39:55,121 [INFO] pipeline.mercado:   1820 dias de preços carregados
2026-04-28 14:39:55,222 [INFO] pipeline.mercado:   Beta estatístico: 1.0783 | R²: 0.166 | n=251
2026-04-28 14:39:55,226 [INFO] pipeline:   Beta estatístico: 1.078 | Beta utilizado: 0.850
2026-04-28 14:39:55,226 [INFO] pipeline: 
[2/6] Coletando dados macroeconômicos (BCB)...
2026-04-28 14:39:55,541 [WARNING] pipeline.macro: Não foi possível obter Focus Selic: 400 Client Error: Bad Request for url: https://olinda.bcb.gov.br/olinda/servico/Expectativas/versao/v1/odata/ExpectativasMercadoAnuais?%24filter=Indicador%20eq%20'Selic'&%24top=100&%24format=json&%24select=Indicador,Data,Ano,Mediana
2026-04-28 14:39:55,821 [WARNING] pipeline.macro: Não foi possível obter Focus IPCA: 400 Client Error: Bad Request for url: https://olinda.bcb.gov.br/olinda/servico/Expectativas/versao/v1/odata/ExpectativasMercadoAnuais?%24filter=Indicador%20eq%20'IPCA'&%24top=100&%24format=json&%24select=Indicador,Data,Ano,Mediana
2026-04-28 14:39:55,823 [INFO] pipeline.macro: 
=== Coletando dados macroeconômicos ===
2026-04-28 14:39:55,824 [INFO] pipeline.macro: Baixando série BCB 432...
2026-04-28 14:39:56,404 [ERROR] pipeline.macro: Erro ao baixar série BCB 432: 406 Client Error: Not Acceptable for url: https://api.bcb.gov.br/dados/serie/bcdata.sgs.432/dados?formato=json&dataInicial=01%2F01%2F2010&dataFinal=28%2F04%2F2026
2026-04-28 14:39:56,404 [WARNING] pipeline.macro: Série Selic meta sem DatetimeIndex — usando fallback histórico
2026-04-28 14:39:56,404 [INFO] pipeline.macro: Baixando série BCB 12...
2026-04-28 14:39:56,537 [ERROR] pipeline.macro: Erro ao baixar série BCB 12: 406 Client Error: Not Acceptable for url: https://api.bcb.gov.br/dados/serie/bcdata.sgs.12/dados?formato=json&dataInicial=01%2F01%2F2010&dataFinal=28%2F04%2F2026
2026-04-28 14:39:56,538 [WARNING] pipeline.macro: Série DI sem DatetimeIndex — usando fallback histórico
2026-04-28 14:39:56,542 [WARNING] pipeline.macro: IPCA calculado fora do intervalo plausível (46.1%) para 2020 — usando fallback
2026-04-28 14:39:56,543 [WARNING] pipeline.macro: IPCA calculado fora do intervalo plausível (159.3%) para 2021 — usando fallback
2026-04-28 14:39:56,543 [WARNING] pipeline.macro: IPCA calculado fora do intervalo plausível (191.2%) para 2022 — usando fallback
2026-04-28 14:39:56,544 [WARNING] pipeline.macro: IPCA calculado fora do intervalo plausível (71.5%) para 2023 — usando fallback
2026-04-28 14:39:56,545 [WARNING] pipeline.macro: IPCA calculado fora do intervalo plausível (67.0%) para 2024 — usando fallback
2026-04-28 14:39:56,545 [WARNING] pipeline.macro: IPCA calculado fora do intervalo plausível (80.0%) para 2025 — usando fallback
2026-04-28 14:39:56,546 [INFO] pipeline.macro: Baixando série BCB 258...
2026-04-28 14:39:56,652 [ERROR] pipeline.macro: Erro ao baixar série BCB 258: 406 Client Error: Not Acceptable for url: https://api.bcb.gov.br/dados/serie/bcdata.sgs.258/dados?formato=json&dataInicial=01%2F01%2F2010&dataFinal=28%2F04%2F2026
2026-04-28 14:39:56,655 [WARNING] pipeline.macro: Série TJLP sem DatetimeIndex — usando fallback histórico
2026-04-28 14:39:56,687 [WARNING] pipeline.macro: IPCA calculado fora do intervalo plausível (46.1%) para 2020 — usando fallback
2026-04-28 14:39:56,688 [WARNING] pipeline.macro: IPCA calculado fora do intervalo plausível (159.3%) para 2021 — usando fallback
2026-04-28 14:39:56,689 [WARNING] pipeline.macro: IPCA calculado fora do intervalo plausível (191.2%) para 2022 — usando fallback
2026-04-28 14:39:56,690 [WARNING] pipeline.macro: IPCA calculado fora do intervalo plausível (71.5%) para 2023 — usando fallback
2026-04-28 14:39:56,691 [WARNING] pipeline.macro: IPCA calculado fora do intervalo plausível (67.0%) para 2024 — usando fallback
2026-04-28 14:39:56,691 [WARNING] pipeline.macro: IPCA calculado fora do intervalo plausível (80.0%) para 2025 — usando fallback
2026-04-28 14:39:56,692 [INFO] pipeline.macro: 
RESUMO MACRO HISTÓRICO:
2026-04-28 14:39:56,692 [INFO] pipeline.macro:   selic_meta     : 2021: 9.25% | 2022: 13.75% | 2023: 11.75% | 2024: 11.75% | 2025: 10.00%
2026-04-28 14:39:56,693 [INFO] pipeline.macro:   selic_efet     : 2021: 4.48% | 2022: 12.33% | 2023: 13.15% | 2024: 10.73% | 2025: 10.50%
2026-04-28 14:39:56,693 [INFO] pipeline.macro:   ipca           : 2021: 10.06% | 2022: 5.62% | 2023: 4.62% | 2024: 4.83% | 2025: 4.50%
2026-04-28 14:39:56,693 [INFO] pipeline.macro:   tjlp           : 2021: 5.25% | 2022: 6.25% | 2023: 7.00% | 2024: 7.00% | 2025: 6.50%
2026-04-28 14:39:56,694 [INFO] pipeline.macro:   cds            : 2021: 0.73% | 2022: 1.26% | 2023: 0.84% | 2024: 0.81% | 2025: 0.76%
2026-04-28 14:39:56,694 [INFO] pipeline.macro:   inflacao_impl  : 2021: 10.06% | 2022: 5.62% | 2023: 4.62% | 2024: 4.83% | 2025: 4.50%
2026-04-28 14:39:56,694 [INFO] pipeline: 
[3/6] Baixando demonstrações financeiras (CVM)...
2026-04-28 14:39:56,697 [INFO] pipeline.cvm: 
==================================================
2026-04-28 14:39:56,698 [INFO] pipeline.cvm: Baixando DFP 2020...
2026-04-28 14:39:56,949 [INFO] pipeline.cvm:   DFP dre 2020: 76 linhas
2026-04-28 14:39:57,403 [INFO] pipeline.cvm:   DFP bpa 2020: 140 linhas
2026-04-28 14:39:58,302 [INFO] pipeline.cvm:   DFP bpp 2020: 234 linhas
2026-04-28 14:39:58,968 [INFO] pipeline.cvm:   DFP dfc_mi 2020: 84 linhas
2026-04-28 14:39:59,007 [WARNING] pipeline.cvm:   Empresa 20346 não encontrada em dfc_md 2020
2026-04-28 14:39:59,007 [INFO] pipeline.cvm: 
==================================================
2026-04-28 14:39:59,007 [INFO] pipeline.cvm: Baixando DFP 2021...
2026-04-28 14:39:59,271 [INFO] pipeline.cvm:   DFP dre 2021: 76 linhas
2026-04-28 14:39:59,704 [INFO] pipeline.cvm:   DFP bpa 2021: 140 linhas
2026-04-28 14:40:00,485 [INFO] pipeline.cvm:   DFP bpp 2021: 236 linhas
2026-04-28 14:40:00,882 [INFO] pipeline.cvm:   DFP dfc_mi 2021: 88 linhas
2026-04-28 14:40:00,925 [WARNING] pipeline.cvm:   Empresa 20346 não encontrada em dfc_md 2021
2026-04-28 14:40:00,926 [INFO] pipeline.cvm: 
==================================================
2026-04-28 14:40:00,926 [INFO] pipeline.cvm: Baixando DFP 2022...
2026-04-28 14:40:01,206 [INFO] pipeline.cvm:   DFP dre 2022: 76 linhas
2026-04-28 14:40:01,664 [INFO] pipeline.cvm:   DFP bpa 2022: 140 linhas
2026-04-28 14:40:02,517 [INFO] pipeline.cvm:   DFP bpp 2022: 242 linhas
2026-04-28 14:40:03,007 [INFO] pipeline.cvm:   DFP dfc_mi 2022: 90 linhas
2026-04-28 14:40:03,057 [WARNING] pipeline.cvm:   Empresa 20346 não encontrada em dfc_md 2022
2026-04-28 14:40:03,059 [INFO] pipeline.cvm: 
==================================================
2026-04-28 14:40:03,059 [INFO] pipeline.cvm: Baixando DFP 2023...
2026-04-28 14:40:03,366 [INFO] pipeline.cvm:   DFP dre 2023: 68 linhas
2026-04-28 14:40:03,883 [INFO] pipeline.cvm:   DFP bpa 2023: 140 linhas
2026-04-28 14:40:04,785 [INFO] pipeline.cvm:   DFP bpp 2023: 244 linhas
2026-04-28 14:40:05,276 [INFO] pipeline.cvm:   DFP dfc_mi 2023: 94 linhas
2026-04-28 14:40:05,317 [WARNING] pipeline.cvm:   Empresa 20346 não encontrada em dfc_md 2023
2026-04-28 14:40:05,318 [INFO] pipeline.cvm: 
==================================================
2026-04-28 14:40:05,318 [INFO] pipeline.cvm: Baixando DFP 2024...
2026-04-28 14:40:05,607 [INFO] pipeline.cvm:   DFP dre 2024: 60 linhas
2026-04-28 14:40:06,084 [INFO] pipeline.cvm:   DFP bpa 2024: 140 linhas
2026-04-28 14:40:07,310 [INFO] pipeline.cvm:   DFP bpp 2024: 246 linhas
2026-04-28 14:40:08,280 [INFO] pipeline.cvm:   DFP dfc_mi 2024: 94 linhas
2026-04-28 14:40:08,377 [WARNING] pipeline.cvm:   Empresa 20346 não encontrada em dfc_md 2024
2026-04-28 14:40:08,381 [INFO] pipeline.cvm: 
==================================================
2026-04-28 14:40:08,384 [INFO] pipeline.cvm: Baixando DFP 2025...
2026-04-28 14:40:08,785 [INFO] pipeline.cvm:   DFP dre 2025: 60 linhas
2026-04-28 14:40:09,748 [INFO] pipeline.cvm:   DFP bpa 2025: 140 linhas
2026-04-28 14:40:11,209 [INFO] pipeline.cvm:   DFP bpp 2025: 246 linhas
2026-04-28 14:40:12,007 [INFO] pipeline.cvm:   DFP dfc_mi 2025: 96 linhas
2026-04-28 14:40:12,090 [WARNING] pipeline.cvm:   Empresa 20346 não encontrada em dfc_md 2025
2026-04-28 14:40:12,095 [INFO] pipeline: 
[4/6] Normalizando dados...
2026-04-28 14:40:15,279 [INFO] pipeline:   DFC normalizada: 11 linhas
2026-04-28 14:40:15,293 [INFO] pipeline:   DRE normalizada:
2026-04-28 14:40:15,296 [INFO] pipeline:     receita_liquida: 2020: 5,481 | 2021: 6,413 | 2022: 7,816 | 2023: 8,662 | 2024: 10,154 | 2025: 11,451
2026-04-28 14:40:15,297 [INFO] pipeline:     ebit: 2020: 121 | 2021: 131 | 2022: 243 | 2023: 261 | 2024: 300 | 2025: 350
2026-04-28 14:40:15,298 [INFO] pipeline:     lucro_liquido: 2020: 52 | 2021: 78 | 2022: 81 | 2023: 70 | 2024: 115 | 2025: 119
2026-04-28 14:40:15,299 [INFO] pipeline: 
[5/6] Calculando projeções...
2026-04-28 14:40:15,309 [INFO] pipeline.projecoes: 
=== Projeções (não-financeira / FCFF) ===
2026-04-28 14:40:15,312 [INFO] pipeline.projecoes:   Margem EBITDA: 4.1% → 22.0% (conv 6a)
2026-04-28 14:40:15,313 [INFO] pipeline.projecoes:   D&A/Receita: 1.3%
2026-04-28 14:40:15,317 [INFO] pipeline.projecoes:   CAPEX/Receita: 0.1% → 6.0%
2026-04-28 14:40:15,319 [INFO] pipeline.projecoes:   NCG/Receita: 9.3% → 12.0%
2026-04-28 14:40:15,324 [INFO] pipeline.projecoes:   Alíquota efetiva: 34.0%
2026-04-28 14:40:15,324 [INFO] pipeline.projecoes: Projeções concluídas (FCFF). Resumo:
2026-04-28 14:40:15,325 [INFO] pipeline.projecoes:    Ano      Receita     EBITDA    Mg%      NOPAT       FCFF
2026-04-28 14:40:15,325 [INFO] pipeline.projecoes:   2026       12,319        869   7.1%        471        229
2026-04-28 14:40:15,325 [INFO] pipeline.projecoes:   2027       13,202      1,326  10.0%        766        445
2026-04-28 14:40:15,325 [INFO] pipeline.projecoes:   2028       14,093      1,837  13.0%      1,095        588
2026-04-28 14:40:15,325 [INFO] pipeline.projecoes:   2029       14,985      2,401  16.0%      1,460        746
2026-04-28 14:40:15,326 [INFO] pipeline.projecoes:   2030       15,872      3,017  19.0%      1,860        919
2026-04-28 14:40:15,326 [INFO] pipeline.valuation:   Estrutura de capital: E=95% | D=5%
2026-04-28 14:40:15,326 [INFO] pipeline: 
[6/6] Calculando valuation (FCFF / WACC)...
2026-04-28 14:40:15,328 [INFO] pipeline.valuation: 
==================================================
2026-04-28 14:40:15,329 [INFO] pipeline.valuation: VALUATION FCFF/WACC — RADL3
2026-04-28 14:40:15,331 [INFO] pipeline.valuation:   VP FCFF (10a):     R$        5,363 MM
2026-04-28 14:40:15,331 [INFO] pipeline.valuation:   Valor Perp. (VP):  R$       15,219 MM
2026-04-28 14:40:15,332 [INFO] pipeline.valuation:   ENTERPRISE VALUE:  R$       20,582 MM
2026-04-28 14:40:15,332 [INFO] pipeline.valuation:   (-) Dívida Líq.:   R$          640 MM
2026-04-28 14:40:15,332 [INFO] pipeline.valuation:   VALOR DO EQUITY:   R$       19,942 MM
2026-04-28 14:40:15,333 [INFO] pipeline.valuation:   Preço Justo ON:    R$    11.41
2026-04-28 14:40:15,333 [INFO] pipeline.valuation:   Preço Justo PN:    R$    11.41
2026-04-28 14:40:15,333 [INFO] pipeline.valuation:   Cotação ON:        R$    22.04
2026-04-28 14:40:15,333 [INFO] pipeline.valuation:   Upside ON:              -48.2%
2026-04-28 14:40:15,333 [INFO] pipeline.valuation:   TIR (ON):                 8.1%
2026-04-28 14:40:15,334 [INFO] pipeline.valuation:   WACC último ano:          9.8%
2026-04-28 14:40:15,339 [INFO] pipeline:   Template encontrado (empresa): Valuation Raia Drogasil (DCF) 4T22 - VAROS.xlsx
2026-04-28 14:40:16,328 [INFO] pipeline.excel_geral: 
============================================================
2026-04-28 14:40:16,329 [INFO] pipeline.excel_geral: Escrevendo com template VAROS: Valuation Raia Drogasil (DCF) 4T22 - VAROS.xlsx
2026-04-28 14:40:19,265 [INFO] pipeline.excel_geral: 
Arquivo salvo: C:\Users\55819\OneDrive - EPEJUD\DIEGO\OBSIDIAN\Analista de Investimentos\12_PYTHON\pipeline banco completo\outputs\Valuation_RADL3_Raia Drogasil_20260428.xlsx
2026-04-28 14:40:19,266 [INFO] pipeline: 
======================================================================
2026-04-28 14:40:19,268 [INFO] pipeline: RESUMO DO VALUATION (FCFF/WACC)
2026-04-28 14:40:19,270 [INFO] pipeline: ======================================================================
2026-04-28 14:40:19,270 [INFO] pipeline:   Empresa:           Raia Drogasil (RADL3)
2026-04-28 14:40:19,272 [INFO] pipeline:   Enterprise Value:  R$       20,582 MM
2026-04-28 14:40:19,277 [INFO] pipeline:   Cotação ON:        R$ 22.04
2026-04-28 14:40:19,278 [INFO] pipeline:   Preço Justo ON:    R$ 11.41
2026-04-28 14:40:19,279 [INFO] pipeline:   Upside ON:            -48.2%
2026-04-28 14:40:19,280 [INFO] pipeline:   TIR:                  8.1%
2026-04-28 14:40:19,283 [INFO] pipeline:   Preço Teto ON:     R$ 11.41
2026-04-28 14:40:19,284 [INFO] pipeline: 
  Arquivo gerado:    C:\Users\55819\OneDrive - EPEJUD\DIEGO\OBSIDIAN\Analista de Investimentos\12_PYTHON\pipeline banco completo\outputs\Valuation_RADL3_Raia Drogasil_20260428.xlsx
2026-04-28 14:40:19,286 [INFO] pipeline: ======================================================================
