2026-05-03 15:32:15,443 [INFO] pipeline: ======================================================================
2026-05-03 15:32:15,443 [INFO] pipeline: AUDITORIA CVM/B3 — 1 ticker(s): TAEE11
2026-05-03 15:32:15,444 [INFO] pipeline: ======================================================================
2026-05-03 15:32:15,444 [INFO] pipeline: 
Auditorando TAEE11...
2026-05-03 15:32:15,990 [INFO] pipeline.cvm:   DFP dre 2020: 84 linhas
2026-05-03 15:32:16,835 [INFO] pipeline.cvm:   DFP bpa 2020: 142 linhas
2026-05-03 15:32:17,817 [INFO] pipeline.cvm:   DFP bpp 2020: 262 linhas
2026-05-03 15:32:18,249 [INFO] pipeline.cvm:   DFP dfc_mi 2020: 122 linhas
2026-05-03 15:32:18,281 [WARNING] pipeline.cvm:   Empresa 18376 não encontrada em dfc_md 2020
2026-05-03 15:32:18,715 [INFO] pipeline.cvm:   DFP dre 2020: 78 linhas
2026-05-03 15:32:19,666 [INFO] pipeline.cvm:   DFP bpa 2020: 144 linhas
2026-05-03 15:32:21,102 [INFO] pipeline.cvm:   DFP bpp 2020: 260 linhas
2026-05-03 15:32:21,737 [INFO] pipeline.cvm:   DFP dfc_mi 2020: 116 linhas
2026-05-03 15:32:21,792 [WARNING] pipeline.cvm:   Empresa 18376 não encontrada em dfc_md 2020
2026-05-03 15:32:22,921 [INFO] pipeline.cvm:   ITR dre 2020 Ttodos: 364 linhas
2026-05-03 15:32:23,968 [INFO] pipeline.cvm:   ITR bpa 2020 Ttodos: 418 linhas
2026-05-03 15:32:25,910 [INFO] pipeline.cvm:   ITR bpp 2020 Ttodos: 768 linhas
2026-05-03 15:32:26,823 [INFO] pipeline.cvm:   ITR dfc_mi 2020 Ttodos: 312 linhas
2026-05-03 15:32:28,640 [INFO] pipeline.cvm:   ITR dre 2020 Ttodos: 344 linhas
2026-05-03 15:32:30,438 [INFO] pipeline.cvm:   ITR bpa 2020 Ttodos: 424 linhas
2026-05-03 15:32:33,453 [INFO] pipeline.cvm:   ITR bpp 2020 Ttodos: 768 linhas
2026-05-03 15:32:34,692 [INFO] pipeline.cvm:   ITR dfc_mi 2020 Ttodos: 310 linhas
2026-05-03 15:32:35,033 [INFO] pipeline.cvm:   DFP dre 2021: 84 linhas
2026-05-03 15:32:35,415 [INFO] pipeline.cvm:   DFP bpa 2021: 142 linhas
2026-05-03 15:32:36,078 [INFO] pipeline.cvm:   DFP bpp 2021: 262 linhas
2026-05-03 15:32:36,443 [INFO] pipeline.cvm:   DFP dfc_mi 2021: 122 linhas
2026-05-03 15:32:36,476 [WARNING] pipeline.cvm:   Empresa 18376 não encontrada em dfc_md 2021
2026-05-03 15:32:36,807 [INFO] pipeline.cvm:   DFP dre 2021: 78 linhas
2026-05-03 15:32:37,542 [INFO] pipeline.cvm:   DFP bpa 2021: 144 linhas
2026-05-03 15:32:38,649 [INFO] pipeline.cvm:   DFP bpp 2021: 260 linhas
2026-05-03 15:32:39,126 [INFO] pipeline.cvm:   DFP dfc_mi 2021: 114 linhas
2026-05-03 15:32:39,186 [WARNING] pipeline.cvm:   Empresa 18376 não encontrada em dfc_md 2021
2026-05-03 15:32:40,181 [INFO] pipeline.cvm:   ITR dre 2021 Ttodos: 386 linhas
2026-05-03 15:32:41,295 [INFO] pipeline.cvm:   ITR bpa 2021 Ttodos: 426 linhas
2026-05-03 15:32:43,273 [INFO] pipeline.cvm:   ITR bpp 2021 Ttodos: 794 linhas
2026-05-03 15:32:44,177 [INFO] pipeline.cvm:   ITR dfc_mi 2021 Ttodos: 332 linhas
2026-05-03 15:32:46,011 [INFO] pipeline.cvm:   ITR dre 2021 Ttodos: 362 linhas
2026-05-03 15:32:47,990 [INFO] pipeline.cvm:   ITR bpa 2021 Ttodos: 432 linhas
2026-05-03 15:32:51,263 [INFO] pipeline.cvm:   ITR bpp 2021 Ttodos: 784 linhas
2026-05-03 15:32:52,710 [INFO] pipeline.cvm:   ITR dfc_mi 2021 Ttodos: 324 linhas
2026-05-03 15:32:53,055 [INFO] pipeline.cvm:   DFP dre 2022: 84 linhas
2026-05-03 15:32:53,459 [INFO] pipeline.cvm:   DFP bpa 2022: 142 linhas
2026-05-03 15:32:54,241 [INFO] pipeline.cvm:   DFP bpp 2022: 262 linhas
2026-05-03 15:32:54,646 [INFO] pipeline.cvm:   DFP dfc_mi 2022: 126 linhas
2026-05-03 15:32:54,681 [WARNING] pipeline.cvm:   Empresa 18376 não encontrada em dfc_md 2022
2026-05-03 15:32:55,006 [INFO] pipeline.cvm:   DFP dre 2022: 78 linhas
2026-05-03 15:32:55,693 [INFO] pipeline.cvm:   DFP bpa 2022: 146 linhas
2026-05-03 15:32:56,854 [INFO] pipeline.cvm:   DFP bpp 2022: 260 linhas
2026-05-03 15:32:57,343 [INFO] pipeline.cvm:   DFP dfc_mi 2022: 116 linhas
2026-05-03 15:32:57,390 [WARNING] pipeline.cvm:   Empresa 18376 não encontrada em dfc_md 2022
2026-05-03 15:32:58,553 [INFO] pipeline.cvm:   ITR dre 2022 Ttodos: 386 linhas
2026-05-03 15:33:00,006 [INFO] pipeline.cvm:   ITR bpa 2022 Ttodos: 426 linhas
2026-05-03 15:33:02,104 [INFO] pipeline.cvm:   ITR bpp 2022 Ttodos: 790 linhas
2026-05-03 15:33:03,237 [INFO] pipeline.cvm:   ITR dfc_mi 2022 Ttodos: 328 linhas
2026-05-03 15:33:04,956 [INFO] pipeline.cvm:   ITR dre 2022 Ttodos: 362 linhas
2026-05-03 15:33:06,841 [INFO] pipeline.cvm:   ITR bpa 2022 Ttodos: 432 linhas
2026-05-03 15:33:10,715 [INFO] pipeline.cvm:   ITR bpp 2022 Ttodos: 784 linhas
2026-05-03 15:33:12,242 [INFO] pipeline.cvm:   ITR dfc_mi 2022 Ttodos: 320 linhas
2026-05-03 15:33:12,620 [INFO] pipeline.cvm:   DFP dre 2023: 86 linhas
2026-05-03 15:33:13,066 [INFO] pipeline.cvm:   DFP bpa 2023: 142 linhas
2026-05-03 15:33:13,773 [INFO] pipeline.cvm:   DFP bpp 2023: 262 linhas
2026-05-03 15:33:14,162 [INFO] pipeline.cvm:   DFP dfc_mi 2023: 126 linhas
2026-05-03 15:33:14,193 [WARNING] pipeline.cvm:   Empresa 18376 não encontrada em dfc_md 2023
2026-05-03 15:33:14,523 [INFO] pipeline.cvm:   DFP dre 2023: 80 linhas
2026-05-03 15:33:15,303 [INFO] pipeline.cvm:   DFP bpa 2023: 148 linhas
2026-05-03 15:33:16,417 [INFO] pipeline.cvm:   DFP bpp 2023: 260 linhas
2026-05-03 15:33:16,949 [INFO] pipeline.cvm:   DFP dfc_mi 2023: 116 linhas
2026-05-03 15:33:16,998 [WARNING] pipeline.cvm:   Empresa 18376 não encontrada em dfc_md 2023
2026-05-03 15:33:18,039 [INFO] pipeline.cvm:   ITR dre 2023 Ttodos: 386 linhas
2026-05-03 15:33:19,285 [INFO] pipeline.cvm:   ITR bpa 2023 Ttodos: 426 linhas
2026-05-03 15:33:21,542 [INFO] pipeline.cvm:   ITR bpp 2023 Ttodos: 794 linhas
2026-05-03 15:33:22,573 [INFO] pipeline.cvm:   ITR dfc_mi 2023 Ttodos: 332 linhas
2026-05-03 15:33:24,300 [INFO] pipeline.cvm:   ITR dre 2023 Ttodos: 362 linhas
2026-05-03 15:33:26,253 [INFO] pipeline.cvm:   ITR bpa 2023 Ttodos: 438 linhas
2026-05-03 15:33:29,498 [INFO] pipeline.cvm:   ITR bpp 2023 Ttodos: 788 linhas
2026-05-03 15:33:31,018 [INFO] pipeline.cvm:   ITR dfc_mi 2023 Ttodos: 320 linhas
2026-05-03 15:33:31,413 [INFO] pipeline.cvm:   DFP dre 2024: 86 linhas
2026-05-03 15:33:31,811 [INFO] pipeline.cvm:   DFP bpa 2024: 142 linhas
2026-05-03 15:33:32,501 [INFO] pipeline.cvm:   DFP bpp 2024: 262 linhas
2026-05-03 15:33:32,890 [INFO] pipeline.cvm:   DFP dfc_mi 2024: 128 linhas
2026-05-03 15:33:32,916 [WARNING] pipeline.cvm:   Empresa 18376 não encontrada em dfc_md 2024
2026-05-03 15:33:33,246 [INFO] pipeline.cvm:   DFP dre 2024: 80 linhas
2026-05-03 15:33:33,871 [INFO] pipeline.cvm:   DFP bpa 2024: 148 linhas
2026-05-03 15:33:35,066 [INFO] pipeline.cvm:   DFP bpp 2024: 260 linhas
2026-05-03 15:33:35,665 [INFO] pipeline.cvm:   DFP dfc_mi 2024: 120 linhas
2026-05-03 15:33:35,712 [WARNING] pipeline.cvm:   Empresa 18376 não encontrada em dfc_md 2024
2026-05-03 15:33:36,771 [INFO] pipeline.cvm:   ITR dre 2024 Ttodos: 386 linhas
2026-05-03 15:33:37,969 [INFO] pipeline.cvm:   ITR bpa 2024 Ttodos: 426 linhas
2026-05-03 15:33:40,045 [INFO] pipeline.cvm:   ITR bpp 2024 Ttodos: 786 linhas
2026-05-03 15:33:41,187 [INFO] pipeline.cvm:   ITR dfc_mi 2024 Ttodos: 334 linhas
2026-05-03 15:33:43,030 [INFO] pipeline.cvm:   ITR dre 2024 Ttodos: 362 linhas
2026-05-03 15:33:45,147 [INFO] pipeline.cvm:   ITR bpa 2024 Ttodos: 444 linhas
2026-05-03 15:33:48,663 [INFO] pipeline.cvm:   ITR bpp 2024 Ttodos: 780 linhas
2026-05-03 15:33:50,158 [INFO] pipeline.cvm:   ITR dfc_mi 2024 Ttodos: 322 linhas
2026-05-03 15:33:50,519 [INFO] pipeline.cvm:   DFP dre 2025: 86 linhas
2026-05-03 15:33:50,937 [INFO] pipeline.cvm:   DFP bpa 2025: 142 linhas
2026-05-03 15:33:51,583 [INFO] pipeline.cvm:   DFP bpp 2025: 262 linhas
2026-05-03 15:33:51,956 [INFO] pipeline.cvm:   DFP dfc_mi 2025: 130 linhas
2026-05-03 15:33:51,976 [WARNING] pipeline.cvm:   Empresa 18376 não encontrada em dfc_md 2025
2026-05-03 15:33:52,259 [INFO] pipeline.cvm:   DFP dre 2025: 80 linhas
2026-05-03 15:33:52,858 [INFO] pipeline.cvm:   DFP bpa 2025: 148 linhas
2026-05-03 15:33:53,861 [INFO] pipeline.cvm:   DFP bpp 2025: 260 linhas
2026-05-03 15:33:54,359 [INFO] pipeline.cvm:   DFP dfc_mi 2025: 120 linhas
2026-05-03 15:33:54,394 [WARNING] pipeline.cvm:   Empresa 18376 não encontrada em dfc_md 2025
2026-05-03 15:33:55,430 [INFO] pipeline.cvm:   ITR dre 2025 Ttodos: 386 linhas
2026-05-03 15:33:56,681 [INFO] pipeline.cvm:   ITR bpa 2025 Ttodos: 426 linhas
2026-05-03 15:33:58,744 [INFO] pipeline.cvm:   ITR bpp 2025 Ttodos: 786 linhas
2026-05-03 15:33:59,903 [INFO] pipeline.cvm:   ITR dfc_mi 2025 Ttodos: 340 linhas
2026-05-03 15:34:01,587 [INFO] pipeline.cvm:   ITR dre 2025 Ttodos: 362 linhas
2026-05-03 15:34:03,503 [INFO] pipeline.cvm:   ITR bpa 2025 Ttodos: 444 linhas
2026-05-03 15:34:06,930 [INFO] pipeline.cvm:   ITR bpp 2025 Ttodos: 780 linhas
2026-05-03 15:34:08,458 [INFO] pipeline.cvm:   ITR dfc_mi 2025 Ttodos: 330 linhas
2026-05-03 15:38:21,088 [INFO] pipeline:   TAEE11: score=77/100 | critical=1 | warnings=1
2026-05-03 15:38:21,089 [INFO] pipeline:   Relatorio: C:\Users\55819\OneDrive - EPEJUD\DIEGO\OBSIDIAN\Analista de Investimentos\12_PYTHON\pipeline banco completo\outputs\data_quality\audit_TAEE11_20260503.md
2026-05-03 15:38:21,099 [INFO] pipeline: 
======================================================================
2026-05-03 15:38:21,099 [INFO] pipeline: RESUMO DA AUDITORIA
2026-05-03 15:38:21,099 [INFO] pipeline: ======================================================================
2026-05-03 15:38:21,100 [INFO] pipeline:   Auditados: 1
2026-05-03 15:38:21,100 [INFO] pipeline:   Erros:     0
2026-05-03 15:38:21,100 [INFO] pipeline:   CSV:       C:\Users\55819\OneDrive - EPEJUD\DIEGO\OBSIDIAN\Analista de Investimentos\12_PYTHON\pipeline banco completo\outputs\data_quality\audit_all_20260503.csv
