2026-04-27 08:03:18,186 [INFO] pipeline.empresa_loader: Ticker PETR4 não encontrado no empresas.yaml
2026-04-27 08:03:18,186 [INFO] pipeline.empresa_loader: Ticker PETR4 não encontrado no empresas.yaml
2026-04-27 08:03:18,186 [INFO] pipeline: ======================================================================
2026-04-27 08:03:18,186 [INFO] pipeline: PIPELINE DE VALUATION — PETR4 — PETR4
2026-04-27 08:03:18,186 [INFO] pipeline:   [!] Ticker não encontrado no empresas.yaml — usando fluxo banco (legado)
2026-04-27 08:03:18,186 [INFO] pipeline: ======================================================================
2026-04-27 08:03:18,187 [INFO] pipeline.empresa_loader: Ticker PETR4 não encontrado no empresas.yaml
2026-04-27 08:03:18,187 [INFO] pipeline: 
[1/6] Coletando dados de mercado...
2026-04-27 08:03:18,479 [INFO] pipeline:   Buscando cotação via yfinance...
2026-04-27 08:03:18,479 [INFO] pipeline.mercado: Buscando cotação atual: PETR4.SA
2026-04-27 08:03:20,424 [INFO] pipeline:   Cotação ON: R$ 47.16  |  Cotação PN: R$ 0.00
2026-04-27 08:03:20,687 [INFO] pipeline.mercado: Calculando beta: PETR4 (252 dias úteis)
2026-04-27 08:03:20,687 [INFO] pipeline.mercado: Baixando preços: PETR4.SA (2019-01-01 → 2026-04-27)
2026-04-27 08:03:21,736 [INFO] pipeline.mercado:   1819 dias de preços carregados
2026-04-27 08:03:21,736 [INFO] pipeline.mercado: Baixando preços: ^BVSP (2019-01-01 → 2026-04-27)
2026-04-27 08:03:22,513 [INFO] pipeline.mercado:   1819 dias de preços carregados
2026-04-27 08:03:22,519 [INFO] pipeline.mercado:   Beta estatístico: 0.4784 | R²: 0.099 | n=251
2026-04-27 08:03:22,520 [INFO] pipeline:   Beta estatístico: 0.478 | Beta utilizado: 0.850
2026-04-27 08:03:22,520 [INFO] pipeline: 
[2/6] Coletando dados macroeconômicos (BCB)...
2026-04-27 08:03:23,458 [WARNING] pipeline.macro: Não foi possível obter Focus Selic: 400 Client Error: Bad Request for url: https://olinda.bcb.gov.br/olinda/servico/Expectativas/versao/v1/odata/ExpectativasMercadoAnuais?%24filter=Indicador%20eq%20'Selic'&%24top=100&%24format=json&%24select=Indicador,Data,Ano,Mediana
2026-04-27 08:03:23,909 [WARNING] pipeline.macro: Não foi possível obter Focus IPCA: 400 Client Error: Bad Request for url: https://olinda.bcb.gov.br/olinda/servico/Expectativas/versao/v1/odata/ExpectativasMercadoAnuais?%24filter=Indicador%20eq%20'IPCA'&%24top=100&%24format=json&%24select=Indicador,Data,Ano,Mediana
2026-04-27 08:03:23,910 [INFO] pipeline.macro: 
=== Coletando dados macroeconômicos ===
2026-04-27 08:03:23,910 [INFO] pipeline.macro: Baixando série BCB 432...
2026-04-27 08:03:24,471 [ERROR] pipeline.macro: Erro ao baixar série BCB 432: 406 Client Error: Not Acceptable for url: https://api.bcb.gov.br/dados/serie/bcdata.sgs.432/dados?formato=json&dataInicial=01%2F01%2F2010&dataFinal=27%2F04%2F2026
2026-04-27 08:03:24,471 [WARNING] pipeline.macro: Série Selic meta sem DatetimeIndex — usando fallback histórico
2026-04-27 08:03:24,471 [INFO] pipeline.macro: Baixando série BCB 12...
2026-04-27 08:03:24,619 [ERROR] pipeline.macro: Erro ao baixar série BCB 12: 406 Client Error: Not Acceptable for url: https://api.bcb.gov.br/dados/serie/bcdata.sgs.12/dados?formato=json&dataInicial=01%2F01%2F2010&dataFinal=27%2F04%2F2026
2026-04-27 08:03:24,620 [WARNING] pipeline.macro: Série DI sem DatetimeIndex — usando fallback histórico
2026-04-27 08:03:24,620 [INFO] pipeline.macro: Baixando série BCB 13522...
2026-04-27 08:03:28,147 [INFO] pipeline.macro:   Série 13522: 195 observações (2010-01-01 → 2026-03-01)
2026-04-27 08:03:28,147 [WARNING] pipeline.macro: IPCA calculado fora do intervalo plausível (55.3%) para 2019 — usando fallback
2026-04-27 08:03:28,147 [WARNING] pipeline.macro: IPCA calculado fora do intervalo plausível (46.1%) para 2020 — usando fallback
2026-04-27 08:03:28,147 [WARNING] pipeline.macro: IPCA calculado fora do intervalo plausível (159.3%) para 2021 — usando fallback
2026-04-27 08:03:28,147 [WARNING] pipeline.macro: IPCA calculado fora do intervalo plausível (191.2%) para 2022 — usando fallback
2026-04-27 08:03:28,148 [WARNING] pipeline.macro: IPCA calculado fora do intervalo plausível (71.5%) para 2023 — usando fallback
2026-04-27 08:03:28,148 [WARNING] pipeline.macro: IPCA calculado fora do intervalo plausível (67.0%) para 2024 — usando fallback
2026-04-27 08:03:28,148 [INFO] pipeline.macro: Baixando série BCB 258...
2026-04-27 08:03:28,360 [ERROR] pipeline.macro: Erro ao baixar série BCB 258: 406 Client Error: Not Acceptable for url: https://api.bcb.gov.br/dados/serie/bcdata.sgs.258/dados?formato=json&dataInicial=01%2F01%2F2010&dataFinal=27%2F04%2F2026
2026-04-27 08:03:28,361 [WARNING] pipeline.macro: Série TJLP sem DatetimeIndex — usando fallback histórico
2026-04-27 08:03:28,361 [INFO] pipeline.macro: Baixando série BCB 29039...
2026-04-27 08:03:40,096 [INFO] pipeline.macro:   Série 29039: 195 observações (2010-01-01 → 2026-03-01)
2026-04-27 08:03:40,239 [WARNING] pipeline.macro: IPCA calculado fora do intervalo plausível (55.3%) para 2019 — usando fallback
2026-04-27 08:03:40,239 [WARNING] pipeline.macro: IPCA calculado fora do intervalo plausível (46.1%) para 2020 — usando fallback
2026-04-27 08:03:40,239 [WARNING] pipeline.macro: IPCA calculado fora do intervalo plausível (159.3%) para 2021 — usando fallback
2026-04-27 08:03:40,239 [WARNING] pipeline.macro: IPCA calculado fora do intervalo plausível (191.2%) para 2022 — usando fallback
2026-04-27 08:03:40,239 [WARNING] pipeline.macro: IPCA calculado fora do intervalo plausível (71.5%) para 2023 — usando fallback
2026-04-27 08:03:40,239 [WARNING] pipeline.macro: IPCA calculado fora do intervalo plausível (67.0%) para 2024 — usando fallback
2026-04-27 08:03:40,239 [INFO] pipeline.macro: 
RESUMO MACRO HISTÓRICO:
2026-04-27 08:03:40,239 [INFO] pipeline.macro:   selic_meta     : 2020: 2.00% | 2021: 9.25% | 2022: 13.75% | 2023: 11.75% | 2024: 11.75%
2026-04-27 08:03:40,239 [INFO] pipeline.macro:   selic_efet     : 2020: 2.28% | 2021: 4.48% | 2022: 12.33% | 2023: 13.15% | 2024: 10.73%
2026-04-27 08:03:40,239 [INFO] pipeline.macro:   ipca           : 2020: 4.52% | 2021: 10.06% | 2022: 5.62% | 2023: 4.62% | 2024: 4.83%
2026-04-27 08:03:40,239 [INFO] pipeline.macro:   tjlp           : 2020: 5.25% | 2021: 5.25% | 2022: 6.25% | 2023: 7.00% | 2024: 7.00%
2026-04-27 08:03:40,239 [INFO] pipeline.macro:   cds            : 2020: 0.44% | 2021: 0.73% | 2022: 1.26% | 2023: 0.84% | 2024: 0.81%
2026-04-27 08:03:40,239 [INFO] pipeline.macro:   inflacao_impl  : 2020: 4.52% | 2021: 10.06% | 2022: 5.62% | 2023: 4.62% | 2024: 4.83%
2026-04-27 08:03:40,239 [INFO] pipeline: 
[3/6] Baixando demonstrações financeiras (CVM)...
2026-04-27 08:03:40,241 [INFO] pipeline.cvm: 
==================================================
2026-04-27 08:03:40,241 [INFO] pipeline.cvm: Baixando DFP 2019...
2026-04-27 08:03:40,242 [INFO] pipeline.cvm: Baixando: https://dados.cvm.gov.br/dados/CIA_ABERTA/DOC/DFP/DADOS/dfp_cia_aberta_2019.zip
2026-04-27 08:03:49,419 [INFO] pipeline.cvm:   DFP dre 2019: 88 linhas
2026-04-27 08:03:49,420 [INFO] pipeline.cvm: Baixando: https://dados.cvm.gov.br/dados/CIA_ABERTA/DOC/DFP/DADOS/dfp_cia_aberta_2019.zip
2026-04-27 08:04:01,374 [INFO] pipeline.cvm:   DFP bpa 2019: 68 linhas
2026-04-27 08:04:01,374 [INFO] pipeline.cvm: Baixando: https://dados.cvm.gov.br/dados/CIA_ABERTA/DOC/DFP/DADOS/dfp_cia_aberta_2019.zip
2026-04-27 08:04:13,577 [INFO] pipeline.cvm:   DFP bpp 2019: 100 linhas
2026-04-27 08:04:13,578 [INFO] pipeline.cvm: Baixando: https://dados.cvm.gov.br/dados/CIA_ABERTA/DOC/DFP/DADOS/dfp_cia_aberta_2019.zip
2026-04-27 08:06:28,540 [INFO] pipeline.cvm:   DFP dfc_mi 2019: 146 linhas
2026-04-27 08:06:28,541 [INFO] pipeline.cvm: Baixando: https://dados.cvm.gov.br/dados/CIA_ABERTA/DOC/DFP/DADOS/dfp_cia_aberta_2019.zip
2026-04-27 08:07:28,545 [ERROR] pipeline.cvm: Erro ao baixar https://dados.cvm.gov.br/dados/CIA_ABERTA/DOC/DFP/DADOS/dfp_cia_aberta_2019.zip: HTTPSConnectionPool(host='dados.cvm.gov.br', port=443): Read timed out. (read timeout=60)
2026-04-27 08:07:28,550 [INFO] pipeline.cvm: 
==================================================
2026-04-27 08:07:28,550 [INFO] pipeline.cvm: Baixando DFP 2020...
2026-04-27 08:07:28,550 [INFO] pipeline.cvm: Baixando: https://dados.cvm.gov.br/dados/CIA_ABERTA/DOC/DFP/DADOS/dfp_cia_aberta_2020.zip
2026-04-27 08:08:38,474 [INFO] pipeline.cvm:   DFP dre 2020: 82 linhas
2026-04-27 08:08:38,475 [INFO] pipeline.cvm: Baixando: https://dados.cvm.gov.br/dados/CIA_ABERTA/DOC/DFP/DADOS/dfp_cia_aberta_2020.zip
2026-04-27 08:08:51,371 [INFO] pipeline.cvm:   DFP bpa 2020: 82 linhas
2026-04-27 08:08:51,371 [INFO] pipeline.cvm: Baixando: https://dados.cvm.gov.br/dados/CIA_ABERTA/DOC/DFP/DADOS/dfp_cia_aberta_2020.zip
2026-04-27 08:09:03,695 [INFO] pipeline.cvm:   DFP bpp 2020: 96 linhas
2026-04-27 08:09:03,696 [INFO] pipeline.cvm: Baixando: https://dados.cvm.gov.br/dados/CIA_ABERTA/DOC/DFP/DADOS/dfp_cia_aberta_2020.zip
2026-04-27 08:09:12,358 [INFO] pipeline.cvm:   DFP dfc_mi 2020: 94 linhas
2026-04-27 08:09:12,358 [INFO] pipeline.cvm: Baixando: https://dados.cvm.gov.br/dados/CIA_ABERTA/DOC/DFP/DADOS/dfp_cia_aberta_2020.zip
2026-04-27 08:09:15,978 [WARNING] pipeline.cvm:   Empresa 906 não encontrada em dfc_md 2020
2026-04-27 08:09:15,979 [INFO] pipeline.cvm: 
==================================================
2026-04-27 08:09:15,979 [INFO] pipeline.cvm: Baixando DFP 2021...
2026-04-27 08:09:15,979 [INFO] pipeline.cvm: Baixando: https://dados.cvm.gov.br/dados/CIA_ABERTA/DOC/DFP/DADOS/dfp_cia_aberta_2021.zip
2026-04-27 08:09:23,462 [INFO] pipeline.cvm:   DFP dre 2021: 82 linhas
2026-04-27 08:09:23,463 [INFO] pipeline.cvm: Baixando: https://dados.cvm.gov.br/dados/CIA_ABERTA/DOC/DFP/DADOS/dfp_cia_aberta_2021.zip
2026-04-27 08:09:34,453 [INFO] pipeline.cvm:   DFP bpa 2021: 82 linhas
2026-04-27 08:09:34,453 [INFO] pipeline.cvm: Baixando: https://dados.cvm.gov.br/dados/CIA_ABERTA/DOC/DFP/DADOS/dfp_cia_aberta_2021.zip
2026-04-27 08:09:48,784 [INFO] pipeline.cvm:   DFP bpp 2021: 86 linhas
2026-04-27 08:09:48,784 [INFO] pipeline.cvm: Baixando: https://dados.cvm.gov.br/dados/CIA_ABERTA/DOC/DFP/DADOS/dfp_cia_aberta_2021.zip
2026-04-27 08:09:59,642 [WARNING] pipeline.cvm:   Empresa 906 não encontrada em dfc_mi 2021
2026-04-27 08:09:59,642 [INFO] pipeline.cvm: Baixando: https://dados.cvm.gov.br/dados/CIA_ABERTA/DOC/DFP/DADOS/dfp_cia_aberta_2021.zip
2026-04-27 08:10:03,782 [INFO] pipeline.cvm:   DFP dfc_md 2021: 64 linhas
2026-04-27 08:10:03,782 [INFO] pipeline.cvm: 
==================================================
2026-04-27 08:10:03,782 [INFO] pipeline.cvm: Baixando DFP 2022...
2026-04-27 08:10:03,782 [INFO] pipeline.cvm: Baixando: https://dados.cvm.gov.br/dados/CIA_ABERTA/DOC/DFP/DADOS/dfp_cia_aberta_2022.zip
2026-04-27 08:10:14,659 [INFO] pipeline.cvm:   DFP dre 2022: 82 linhas
2026-04-27 08:10:14,660 [INFO] pipeline.cvm: Baixando: https://dados.cvm.gov.br/dados/CIA_ABERTA/DOC/DFP/DADOS/dfp_cia_aberta_2022.zip
2026-04-27 08:10:26,270 [INFO] pipeline.cvm:   DFP bpa 2022: 82 linhas
2026-04-27 08:10:26,271 [INFO] pipeline.cvm: Baixando: https://dados.cvm.gov.br/dados/CIA_ABERTA/DOC/DFP/DADOS/dfp_cia_aberta_2022.zip
2026-04-27 08:10:38,518 [INFO] pipeline.cvm:   DFP bpp 2022: 86 linhas
2026-04-27 08:10:38,518 [INFO] pipeline.cvm: Baixando: https://dados.cvm.gov.br/dados/CIA_ABERTA/DOC/DFP/DADOS/dfp_cia_aberta_2022.zip
2026-04-27 08:10:48,689 [INFO] pipeline.cvm:   DFP dfc_mi 2022: 96 linhas
2026-04-27 08:10:48,690 [INFO] pipeline.cvm: Baixando: https://dados.cvm.gov.br/dados/CIA_ABERTA/DOC/DFP/DADOS/dfp_cia_aberta_2022.zip
2026-04-27 08:10:53,869 [WARNING] pipeline.cvm:   Empresa 906 não encontrada em dfc_md 2022
2026-04-27 08:10:53,869 [INFO] pipeline.cvm: 
==================================================
2026-04-27 08:10:53,869 [INFO] pipeline.cvm: Baixando DFP 2023...
2026-04-27 08:10:53,870 [INFO] pipeline.cvm: Baixando: https://dados.cvm.gov.br/dados/CIA_ABERTA/DOC/DFP/DADOS/dfp_cia_aberta_2023.zip
2026-04-27 08:11:04,215 [INFO] pipeline.cvm:   DFP dre 2023: 82 linhas
2026-04-27 08:11:04,216 [INFO] pipeline.cvm: Baixando: https://dados.cvm.gov.br/dados/CIA_ABERTA/DOC/DFP/DADOS/dfp_cia_aberta_2023.zip
2026-04-27 08:11:17,180 [INFO] pipeline.cvm:   DFP bpa 2023: 82 linhas
2026-04-27 08:11:17,180 [INFO] pipeline.cvm: Baixando: https://dados.cvm.gov.br/dados/CIA_ABERTA/DOC/DFP/DADOS/dfp_cia_aberta_2023.zip
2026-04-27 08:11:32,275 [INFO] pipeline.cvm:   DFP bpp 2023: 86 linhas
2026-04-27 08:11:32,276 [INFO] pipeline.cvm: Baixando: https://dados.cvm.gov.br/dados/CIA_ABERTA/DOC/DFP/DADOS/dfp_cia_aberta_2023.zip
2026-04-27 08:11:43,566 [INFO] pipeline.cvm:   DFP dfc_mi 2023: 96 linhas
2026-04-27 08:11:43,567 [INFO] pipeline.cvm: Baixando: https://dados.cvm.gov.br/dados/CIA_ABERTA/DOC/DFP/DADOS/dfp_cia_aberta_2023.zip
2026-04-27 08:11:49,930 [WARNING] pipeline.cvm:   Empresa 906 não encontrada em dfc_md 2023
2026-04-27 08:11:49,930 [INFO] pipeline.cvm: 
==================================================
2026-04-27 08:11:49,930 [INFO] pipeline.cvm: Baixando DFP 2024...
2026-04-27 08:11:49,930 [INFO] pipeline.cvm: Baixando: https://dados.cvm.gov.br/dados/CIA_ABERTA/DOC/DFP/DADOS/dfp_cia_aberta_2024.zip
2026-04-27 08:11:57,969 [INFO] pipeline.cvm:   DFP dre 2024: 82 linhas
2026-04-27 08:11:57,971 [INFO] pipeline.cvm: Baixando: https://dados.cvm.gov.br/dados/CIA_ABERTA/DOC/DFP/DADOS/dfp_cia_aberta_2024.zip
2026-04-27 08:12:06,694 [INFO] pipeline.cvm:   DFP bpa 2024: 82 linhas
2026-04-27 08:12:06,696 [INFO] pipeline.cvm: Baixando: https://dados.cvm.gov.br/dados/CIA_ABERTA/DOC/DFP/DADOS/dfp_cia_aberta_2024.zip
2026-04-27 08:12:21,300 [INFO] pipeline.cvm:   DFP bpp 2024: 86 linhas
2026-04-27 08:12:21,301 [INFO] pipeline.cvm: Baixando: https://dados.cvm.gov.br/dados/CIA_ABERTA/DOC/DFP/DADOS/dfp_cia_aberta_2024.zip
2026-04-27 08:12:31,515 [INFO] pipeline.cvm:   DFP dfc_mi 2024: 96 linhas
2026-04-27 08:12:31,516 [INFO] pipeline.cvm: Baixando: https://dados.cvm.gov.br/dados/CIA_ABERTA/DOC/DFP/DADOS/dfp_cia_aberta_2024.zip
2026-04-27 08:12:44,168 [WARNING] pipeline.cvm:   Empresa 906 não encontrada em dfc_md 2024
2026-04-27 08:12:44,170 [INFO] pipeline: 
[4/6] Normalizando dados...
2026-04-27 08:12:44,360 [INFO] pipeline:   DRE normalizada:
2026-04-27 08:12:44,360 [INFO] pipeline:     margem_financeira_bruta: 2019: 65,688 | 2020: 49,853 | 2021: 70,322 | 2022: 74,602 | 2023: 68,082 | 2024: 68,941
2026-04-27 08:12:44,360 [INFO] pipeline:     lucro_liquido: 2019: 21,023 | 2020: 15,837 | 2021: 23,172 | 2022: 20,984 | 2023: 14,251 | 2024: 17,253
2026-04-27 08:12:44,361 [INFO] pipeline: 
[5/6] Calculando projeções...
2026-04-27 08:12:44,367 [INFO] pipeline.projecoes: 
=== Rodando projeções ===
2026-04-27 08:12:44,369 [INFO] pipeline.projecoes:   NIM ~ Selic: slope=-0.3019, intercept=0.0703
2026-04-27 08:12:44,371 [INFO] pipeline.projecoes:   Margem op./MFB histórica (median 5a): 24.51%
2026-04-27 08:12:44,372 [INFO] pipeline.projecoes: Projeções concluídas. Resumo:
2026-04-27 08:12:44,372 [INFO] pipeline.projecoes:    Ano     Carteira        MFB      Lucro       FCFE
2026-04-27 08:12:44,372 [INFO] pipeline.projecoes:   2025      771,124     82,695     14,428      6,492
2026-04-27 08:12:44,372 [INFO] pipeline.projecoes:   2026      832,814    102,601     17,901      8,055
2026-04-27 08:12:44,372 [INFO] pipeline.projecoes:   2027      891,111    117,178     20,444      9,200
2026-04-27 08:12:44,372 [INFO] pipeline.projecoes:   2028      953,489    133,325     23,261     10,467
2026-04-27 08:12:44,372 [INFO] pipeline.projecoes:   2029    1,020,233    150,130     26,193     11,787
2026-04-27 08:12:44,372 [INFO] pipeline: 
[6/6] Calculando valuation (FCFE / Ke)...
2026-04-27 08:12:44,372 [INFO] pipeline.valuation: 
==================================================
2026-04-27 08:12:44,372 [INFO] pipeline.valuation: VALUATION COMPLETO — BBDC4
2026-04-27 08:12:44,372 [INFO] pipeline.valuation:   VP FCFE (10a):     R$       65,387 MM
2026-04-27 08:12:44,372 [INFO] pipeline.valuation:   Valor Perp. (VP):  R$      158,702 MM
2026-04-27 08:12:44,372 [INFO] pipeline.valuation:   VALOR DO EQUITY:   R$      224,089 MM
2026-04-27 08:12:44,372 [INFO] pipeline.valuation:   Preço Justo ON:    R$    41.14
2026-04-27 08:12:44,372 [INFO] pipeline.valuation:   Preço Justo PN:    R$    45.26
2026-04-27 08:12:44,372 [INFO] pipeline.valuation:   Cotação ON:        R$    47.16
2026-04-27 08:12:44,372 [INFO] pipeline.valuation:   Upside ON:              -12.8%
2026-04-27 08:12:44,372 [INFO] pipeline.valuation:   TIR (ON):                 9.4%
2026-04-27 08:12:44,372 [INFO] pipeline.valuation:   Preço Teto ON:     R$    41.14
2026-04-27 08:12:44,373 [ERROR] pipeline: Template não encontrado. Use --template para especificar o caminho.
Locais buscados:
  - /Users/diegocarvalho/Library/CloudStorage/OneDrive-EPEJUD/DIEGO/OBSIDIAN/Analista de Investimentos/12_PYTHON/Template_Valuation_Banco.xlsx
  - /Users/diegocarvalho/Library/CloudStorage/OneDrive-EPEJUD/DIEGO/OBSIDIAN/Analista de Investimentos/12_PYTHON/Template_Valuation_Banco.xlsx
  - /Users/diegocarvalho/Library/CloudStorage/OneDrive-EPEJUD/DIEGO/OBSIDIAN/Analista de Investimentos/Template_Valuation_Banco.xlsx
  - /Users/diegocarvalho/Library/CloudStorage/OneDrive-EPEJUD/DIEGO/OBSIDIAN/Analista de Investimentos/12_PYTHON/pipeline banco completo/Template_Valuation_Banco.xlsx
  - /Users/diegocarvalho/Library/CloudStorage/OneDrive-EPEJUD/DIEGO/OBSIDIAN/Analista de Investimentos/12_PYTHON/pipeline banco completo/Template_Valuation_Banco.xlsx
  - /Users/diegocarvalho/Downloads/Template_Valuation_Banco.xlsx
  - /Users/diegocarvalho/Library/CloudStorage/OneDrive-EPEJUD/DIEGO/OBSIDIAN/Analista de Investimentos/12_PYTHON/Template_Valuation_Banco.xlsx
  - /Users/diegocarvalho/Library/CloudStorage/OneDrive-EPEJUD/DIEGO/OBSIDIAN/Analista de Investimentos/12_PYTHON/Template_Valuation.xlsx
