2026-05-04 10:49:27,079 [INFO] pipeline: ======================================================================
2026-05-04 10:49:27,079 [INFO] pipeline: AUDITORIA CVM/B3 — 1 ticker(s): WEGE3
2026-05-04 10:49:27,079 [INFO] pipeline: ======================================================================
2026-05-04 10:49:27,080 [INFO] pipeline: 
Auditorando WEGE3...
2026-05-04 10:49:27,370 [INFO] pipeline.cvm:   DFP dre 2020: 64 linhas
2026-05-04 10:49:27,786 [INFO] pipeline.cvm:   DFP bpa 2020: 130 linhas
2026-05-04 10:49:28,471 [INFO] pipeline.cvm:   DFP bpp 2020: 238 linhas
2026-05-04 10:49:28,819 [INFO] pipeline.cvm:   DFP dfc_mi 2020: 94 linhas
2026-05-04 10:49:28,848 [WARNING] pipeline.cvm:   Empresa 5410 não encontrada em dfc_md 2020
2026-05-04 10:49:29,269 [INFO] pipeline.cvm:   DFP dre 2020: 60 linhas
2026-05-04 10:49:29,923 [INFO] pipeline.cvm:   DFP bpa 2020: 126 linhas
2026-05-04 10:49:31,050 [INFO] pipeline.cvm:   DFP bpp 2020: 220 linhas
2026-05-04 10:49:31,570 [INFO] pipeline.cvm:   DFP dfc_mi 2020: 60 linhas
2026-05-04 10:49:31,626 [WARNING] pipeline.cvm:   Empresa 5410 não encontrada em dfc_md 2020
2026-05-04 10:49:31,857 [INFO] pipeline.cvm:   DFP dre 2021: 64 linhas
2026-05-04 10:49:32,375 [INFO] pipeline.cvm:   DFP bpa 2021: 130 linhas
2026-05-04 10:49:33,084 [INFO] pipeline.cvm:   DFP bpp 2021: 238 linhas
2026-05-04 10:49:33,449 [INFO] pipeline.cvm:   DFP dfc_mi 2021: 96 linhas
2026-05-04 10:49:33,487 [WARNING] pipeline.cvm:   Empresa 5410 não encontrada em dfc_md 2021
2026-05-04 10:49:33,813 [INFO] pipeline.cvm:   DFP dre 2021: 60 linhas
2026-05-04 10:49:34,510 [INFO] pipeline.cvm:   DFP bpa 2021: 126 linhas
2026-05-04 10:49:35,750 [INFO] pipeline.cvm:   DFP bpp 2021: 220 linhas
2026-05-04 10:49:36,324 [INFO] pipeline.cvm:   DFP dfc_mi 2021: 60 linhas
2026-05-04 10:49:36,373 [WARNING] pipeline.cvm:   Empresa 5410 não encontrada em dfc_md 2021
2026-05-04 10:49:36,603 [INFO] pipeline.cvm:   DFP dre 2022: 68 linhas
2026-05-04 10:49:37,010 [INFO] pipeline.cvm:   DFP bpa 2022: 136 linhas
2026-05-04 10:49:37,823 [INFO] pipeline.cvm:   DFP bpp 2022: 238 linhas
2026-05-04 10:49:38,206 [INFO] pipeline.cvm:   DFP dfc_mi 2022: 98 linhas
2026-05-04 10:49:38,247 [WARNING] pipeline.cvm:   Empresa 5410 não encontrada em dfc_md 2022
2026-05-04 10:49:38,586 [INFO] pipeline.cvm:   DFP dre 2022: 60 linhas
2026-05-04 10:49:39,248 [INFO] pipeline.cvm:   DFP bpa 2022: 128 linhas
2026-05-04 10:49:40,343 [INFO] pipeline.cvm:   DFP bpp 2022: 220 linhas
2026-05-04 10:49:40,872 [INFO] pipeline.cvm:   DFP dfc_mi 2022: 60 linhas
2026-05-04 10:49:40,928 [WARNING] pipeline.cvm:   Empresa 5410 não encontrada em dfc_md 2022
2026-05-04 10:49:41,155 [INFO] pipeline.cvm:   DFP dre 2023: 68 linhas
2026-05-04 10:49:41,666 [INFO] pipeline.cvm:   DFP bpa 2023: 136 linhas
2026-05-04 10:49:42,379 [INFO] pipeline.cvm:   DFP bpp 2023: 236 linhas
2026-05-04 10:49:42,779 [INFO] pipeline.cvm:   DFP dfc_mi 2023: 112 linhas
2026-05-04 10:49:42,812 [WARNING] pipeline.cvm:   Empresa 5410 não encontrada em dfc_md 2023
2026-05-04 10:49:43,132 [INFO] pipeline.cvm:   DFP dre 2023: 60 linhas
2026-05-04 10:49:43,809 [INFO] pipeline.cvm:   DFP bpa 2023: 128 linhas
2026-05-04 10:49:45,002 [INFO] pipeline.cvm:   DFP bpp 2023: 220 linhas
2026-05-04 10:49:45,555 [INFO] pipeline.cvm:   DFP dfc_mi 2023: 78 linhas
2026-05-04 10:49:45,604 [WARNING] pipeline.cvm:   Empresa 5410 não encontrada em dfc_md 2023
2026-05-04 10:49:45,918 [INFO] pipeline.cvm:   DFP dre 2024: 68 linhas
2026-05-04 10:49:46,399 [INFO] pipeline.cvm:   DFP bpa 2024: 136 linhas
2026-05-04 10:49:47,210 [INFO] pipeline.cvm:   DFP bpp 2024: 236 linhas
2026-05-04 10:49:47,640 [INFO] pipeline.cvm:   DFP dfc_mi 2024: 112 linhas
2026-05-04 10:49:47,671 [WARNING] pipeline.cvm:   Empresa 5410 não encontrada em dfc_md 2024
2026-05-04 10:49:48,133 [INFO] pipeline.cvm:   DFP dre 2024: 60 linhas
2026-05-04 10:49:48,989 [INFO] pipeline.cvm:   DFP bpa 2024: 128 linhas
2026-05-04 10:49:50,198 [INFO] pipeline.cvm:   DFP bpp 2024: 220 linhas
2026-05-04 10:49:50,851 [INFO] pipeline.cvm:   DFP dfc_mi 2024: 78 linhas
2026-05-04 10:49:50,896 [WARNING] pipeline.cvm:   Empresa 5410 não encontrada em dfc_md 2024
2026-05-04 10:49:51,124 [INFO] pipeline.cvm:   DFP dre 2025: 68 linhas
2026-05-04 10:49:51,484 [INFO] pipeline.cvm:   DFP bpa 2025: 136 linhas
2026-05-04 10:49:52,175 [INFO] pipeline.cvm:   DFP bpp 2025: 238 linhas
2026-05-04 10:49:52,525 [INFO] pipeline.cvm:   DFP dfc_mi 2025: 112 linhas
2026-05-04 10:49:52,553 [WARNING] pipeline.cvm:   Empresa 5410 não encontrada em dfc_md 2025
2026-05-04 10:49:52,833 [INFO] pipeline.cvm:   DFP dre 2025: 60 linhas
2026-05-04 10:49:53,542 [INFO] pipeline.cvm:   DFP bpa 2025: 128 linhas
2026-05-04 10:49:54,588 [INFO] pipeline.cvm:   DFP bpp 2025: 224 linhas
2026-05-04 10:49:55,356 [INFO] pipeline.cvm:   DFP dfc_mi 2025: 78 linhas
2026-05-04 10:49:55,415 [WARNING] pipeline.cvm:   Empresa 5410 não encontrada em dfc_md 2025
2026-05-04 10:50:31,354 [INFO] pipeline:   WEGE3: score=77/100 | critical=1 | warnings=1
2026-05-04 10:50:31,354 [INFO] pipeline:   Relatorio: C:\Users\55819\OneDrive - EPEJUD\DIEGO\OBSIDIAN\Analista de Investimentos\12_PYTHON\pipeline banco completo\outputs\data_quality\audit_WEGE3_20260504.md
2026-05-04 10:50:31,374 [INFO] pipeline: 
======================================================================
2026-05-04 10:50:31,374 [INFO] pipeline: RESUMO DA AUDITORIA
2026-05-04 10:50:31,374 [INFO] pipeline: ======================================================================
2026-05-04 10:50:31,374 [INFO] pipeline:   Auditados: 1
2026-05-04 10:50:31,374 [INFO] pipeline:   Erros:     0
2026-05-04 10:50:31,375 [INFO] pipeline:   CSV:       C:\Users\55819\OneDrive - EPEJUD\DIEGO\OBSIDIAN\Analista de Investimentos\12_PYTHON\pipeline banco completo\outputs\data_quality\audit_all_20260504.csv
