2026-04-14 20:51:01,576 [INFO] pipeline: ======================================================================
2026-04-14 20:51:01,576 [INFO] pipeline: PIPELINE DE VALUATION BANCÁRIO — BBDC4 — Bradesco
2026-04-14 20:51:01,576 [INFO] pipeline: Início: 2026-04-14 20:51:01
2026-04-14 20:51:01,576 [INFO] pipeline: ======================================================================
2026-04-14 20:51:01,576 [INFO] pipeline: 
[1/6] Coletando dados de mercado...
2026-04-14 20:51:02,134 [INFO] pipeline:   Buscando cotação via yfinance...
2026-04-14 20:51:02,134 [INFO] pipeline.mercado: Buscando cotação atual: BBDC4.SA
2026-04-14 20:51:03,269 [INFO] pipeline:   Cotação atual: R$ 20.78
2026-04-14 20:51:03,547 [INFO] pipeline.mercado: Calculando beta: BBDC4 (252 dias úteis)
2026-04-14 20:51:03,547 [INFO] pipeline.mercado: Baixando preços: BBDC4.SA (2019-01-01 → 2026-04-14)
2026-04-14 20:51:04,280 [INFO] pipeline.mercado:   1811 dias de preços carregados
2026-04-14 20:51:04,280 [INFO] pipeline.mercado: Baixando preços: ^BVSP (2019-01-01 → 2026-04-14)
2026-04-14 20:51:04,860 [INFO] pipeline.mercado:   1811 dias de preços carregados
2026-04-14 20:51:04,874 [INFO] pipeline.mercado:   Beta estatístico: 1.3090 | R²: 0.539 | n=251
2026-04-14 20:51:04,877 [INFO] pipeline:   Beta estatístico: 1.309 | Beta utilizado: 0.850
2026-04-14 20:51:04,877 [INFO] pipeline: 
[2/6] Coletando dados macroeconômicos (BCB)...
2026-04-14 20:51:05,183 [WARNING] pipeline.macro: Não foi possível obter Focus Selic: 503 Server Error: Service Temporarily Unavailable for url: https://olinda.bcb.gov.br/olinda/servico/Expectativas/versao/v1/odata/ExpectativasMercadoAnuais?%24filter=Indicador%20eq%20'Selic'&%24top=100&%24format=json&%24select=Indicador,Data,Ano,Mediana
2026-04-14 20:51:05,458 [WARNING] pipeline.macro: Não foi possível obter Focus IPCA: 503 Server Error: Service Temporarily Unavailable for url: https://olinda.bcb.gov.br/olinda/servico/Expectativas/versao/v1/odata/ExpectativasMercadoAnuais?%24filter=Indicador%20eq%20'IPCA'&%24top=100&%24format=json&%24select=Indicador,Data,Ano,Mediana
2026-04-14 20:51:05,460 [INFO] pipeline.macro: 
=== Coletando dados macroeconômicos ===
2026-04-14 20:51:05,460 [INFO] pipeline.macro: Baixando série BCB 432...
2026-04-14 20:51:05,797 [ERROR] pipeline.macro: Erro ao baixar série BCB 432: 406 Client Error: Not Acceptable for url: https://api.bcb.gov.br/dados/serie/bcdata.sgs.432/dados?formato=json&dataInicial=01%2F01%2F2010&dataFinal=14%2F04%2F2026
2026-04-14 20:51:05,798 [WARNING] pipeline.macro: Série Selic meta sem DatetimeIndex — usando fallback histórico
2026-04-14 20:51:05,798 [INFO] pipeline.macro: Baixando série BCB 12...
2026-04-14 20:51:05,900 [ERROR] pipeline.macro: Erro ao baixar série BCB 12: 406 Client Error: Not Acceptable for url: https://api.bcb.gov.br/dados/serie/bcdata.sgs.12/dados?formato=json&dataInicial=01%2F01%2F2010&dataFinal=14%2F04%2F2026
2026-04-14 20:51:05,901 [WARNING] pipeline.macro: Série DI sem DatetimeIndex — usando fallback histórico
2026-04-14 20:51:05,901 [INFO] pipeline.macro: Baixando série BCB 13522...
2026-04-14 20:51:06,013 [INFO] pipeline.macro:   Série 13522: 195 observações (2010-01-01 → 2026-03-01)
2026-04-14 20:51:06,014 [WARNING] pipeline.macro: IPCA calculado fora do intervalo plausível (55.3%) para 2019 — usando fallback
2026-04-14 20:51:06,014 [WARNING] pipeline.macro: IPCA calculado fora do intervalo plausível (46.1%) para 2020 — usando fallback
2026-04-14 20:51:06,014 [WARNING] pipeline.macro: IPCA calculado fora do intervalo plausível (159.3%) para 2021 — usando fallback
2026-04-14 20:51:06,014 [WARNING] pipeline.macro: IPCA calculado fora do intervalo plausível (191.2%) para 2022 — usando fallback
2026-04-14 20:51:06,015 [WARNING] pipeline.macro: IPCA calculado fora do intervalo plausível (71.5%) para 2023 — usando fallback
2026-04-14 20:51:06,015 [WARNING] pipeline.macro: IPCA calculado fora do intervalo plausível (67.0%) para 2024 — usando fallback
2026-04-14 20:51:06,015 [INFO] pipeline.macro: Baixando série BCB 258...
2026-04-14 20:51:06,180 [ERROR] pipeline.macro: Erro ao baixar série BCB 258: 406 Client Error: Not Acceptable for url: https://api.bcb.gov.br/dados/serie/bcdata.sgs.258/dados?formato=json&dataInicial=01%2F01%2F2010&dataFinal=14%2F04%2F2026
2026-04-14 20:51:06,180 [WARNING] pipeline.macro: Série TJLP sem DatetimeIndex — usando fallback histórico
2026-04-14 20:51:06,180 [INFO] pipeline.macro: Baixando série BCB 29039...
2026-04-14 20:51:06,292 [INFO] pipeline.macro:   Série 29039: 195 observações (2010-01-01 → 2026-03-01)
2026-04-14 20:51:06,323 [WARNING] pipeline.macro: IPCA calculado fora do intervalo plausível (55.3%) para 2019 — usando fallback
2026-04-14 20:51:06,323 [WARNING] pipeline.macro: IPCA calculado fora do intervalo plausível (46.1%) para 2020 — usando fallback
2026-04-14 20:51:06,324 [WARNING] pipeline.macro: IPCA calculado fora do intervalo plausível (159.3%) para 2021 — usando fallback
2026-04-14 20:51:06,324 [WARNING] pipeline.macro: IPCA calculado fora do intervalo plausível (191.2%) para 2022 — usando fallback
2026-04-14 20:51:06,325 [WARNING] pipeline.macro: IPCA calculado fora do intervalo plausível (71.5%) para 2023 — usando fallback
2026-04-14 20:51:06,326 [WARNING] pipeline.macro: IPCA calculado fora do intervalo plausível (67.0%) para 2024 — usando fallback
2026-04-14 20:51:06,326 [INFO] pipeline.macro: 
RESUMO MACRO HISTÓRICO:
2026-04-14 20:51:06,326 [INFO] pipeline.macro:   selic_meta     : 2020: 2.00% | 2021: 9.25% | 2022: 13.75% | 2023: 11.75% | 2024: 11.75%
2026-04-14 20:51:06,326 [INFO] pipeline.macro:   selic_efet     : 2020: 2.28% | 2021: 4.48% | 2022: 12.33% | 2023: 13.15% | 2024: 10.73%
2026-04-14 20:51:06,326 [INFO] pipeline.macro:   ipca           : 2020: 4.52% | 2021: 10.06% | 2022: 5.62% | 2023: 4.62% | 2024: 4.83%
2026-04-14 20:51:06,326 [INFO] pipeline.macro:   tjlp           : 2020: 5.25% | 2021: 5.25% | 2022: 6.25% | 2023: 7.00% | 2024: 7.00%
2026-04-14 20:51:06,326 [INFO] pipeline.macro:   cds            : 2020: 0.44% | 2021: 0.73% | 2022: 1.26% | 2023: 0.84% | 2024: 0.81%
2026-04-14 20:51:06,326 [INFO] pipeline.macro:   inflacao_impl  : 2020: 4.52% | 2021: 10.06% | 2022: 5.62% | 2023: 4.62% | 2024: 4.83%
2026-04-14 20:51:06,326 [INFO] pipeline: 
[3/6] Baixando demonstrações financeiras (CVM)...
2026-04-14 20:51:06,328 [INFO] pipeline.cvm: 
==================================================
2026-04-14 20:51:06,328 [INFO] pipeline.cvm: Baixando DFP 2019...
2026-04-14 20:51:06,328 [INFO] pipeline.cvm: Baixando: https://dados.cvm.gov.br/dados/CIA_ABERTA/DOC/DFP/DADOS/dfp_cia_aberta_2019.zip
2026-04-14 20:51:09,265 [INFO] pipeline.cvm:   DFP dre 2019: 88 linhas
2026-04-14 20:51:09,266 [INFO] pipeline.cvm: Baixando: https://dados.cvm.gov.br/dados/CIA_ABERTA/DOC/DFP/DADOS/dfp_cia_aberta_2019.zip
2026-04-14 20:51:12,613 [INFO] pipeline.cvm:   DFP bpa 2019: 68 linhas
2026-04-14 20:51:12,613 [INFO] pipeline.cvm: Baixando: https://dados.cvm.gov.br/dados/CIA_ABERTA/DOC/DFP/DADOS/dfp_cia_aberta_2019.zip
2026-04-14 20:51:17,154 [INFO] pipeline.cvm:   DFP bpp 2019: 100 linhas
2026-04-14 20:51:17,154 [INFO] pipeline.cvm: Baixando: https://dados.cvm.gov.br/dados/CIA_ABERTA/DOC/DFP/DADOS/dfp_cia_aberta_2019.zip
2026-04-14 20:51:20,613 [INFO] pipeline.cvm:   DFP dfc_mi 2019: 146 linhas
2026-04-14 20:51:20,614 [INFO] pipeline.cvm: Baixando: https://dados.cvm.gov.br/dados/CIA_ABERTA/DOC/DFP/DADOS/dfp_cia_aberta_2019.zip
2026-04-14 20:51:22,787 [WARNING] pipeline.cvm:   Empresa 906 não encontrada em dfc_md 2019
2026-04-14 20:51:22,787 [INFO] pipeline.cvm: 
==================================================
2026-04-14 20:51:22,787 [INFO] pipeline.cvm: Baixando DFP 2020...
2026-04-14 20:51:22,787 [INFO] pipeline.cvm: Baixando: https://dados.cvm.gov.br/dados/CIA_ABERTA/DOC/DFP/DADOS/dfp_cia_aberta_2020.zip
2026-04-14 20:51:26,961 [INFO] pipeline.cvm:   DFP dre 2020: 82 linhas
2026-04-14 20:51:26,962 [INFO] pipeline.cvm: Baixando: https://dados.cvm.gov.br/dados/CIA_ABERTA/DOC/DFP/DADOS/dfp_cia_aberta_2020.zip
2026-04-14 20:51:32,026 [INFO] pipeline.cvm:   DFP bpa 2020: 82 linhas
2026-04-14 20:51:32,030 [INFO] pipeline.cvm: Baixando: https://dados.cvm.gov.br/dados/CIA_ABERTA/DOC/DFP/DADOS/dfp_cia_aberta_2020.zip
2026-04-14 20:51:38,405 [INFO] pipeline.cvm:   DFP bpp 2020: 96 linhas
2026-04-14 20:51:38,406 [INFO] pipeline.cvm: Baixando: https://dados.cvm.gov.br/dados/CIA_ABERTA/DOC/DFP/DADOS/dfp_cia_aberta_2020.zip
2026-04-14 20:51:43,089 [INFO] pipeline.cvm:   DFP dfc_mi 2020: 94 linhas
2026-04-14 20:51:43,089 [INFO] pipeline.cvm: Baixando: https://dados.cvm.gov.br/dados/CIA_ABERTA/DOC/DFP/DADOS/dfp_cia_aberta_2020.zip
2026-04-14 20:51:46,196 [WARNING] pipeline.cvm:   Empresa 906 não encontrada em dfc_md 2020
2026-04-14 20:51:46,196 [INFO] pipeline.cvm: 
==================================================
2026-04-14 20:51:46,196 [INFO] pipeline.cvm: Baixando DFP 2021...
2026-04-14 20:51:46,197 [INFO] pipeline.cvm: Baixando: https://dados.cvm.gov.br/dados/CIA_ABERTA/DOC/DFP/DADOS/dfp_cia_aberta_2021.zip
2026-04-14 20:51:49,584 [INFO] pipeline.cvm:   DFP dre 2021: 82 linhas
2026-04-14 20:51:49,584 [INFO] pipeline.cvm: Baixando: https://dados.cvm.gov.br/dados/CIA_ABERTA/DOC/DFP/DADOS/dfp_cia_aberta_2021.zip
2026-04-14 20:51:53,480 [INFO] pipeline.cvm:   DFP bpa 2021: 82 linhas
2026-04-14 20:51:53,480 [INFO] pipeline.cvm: Baixando: https://dados.cvm.gov.br/dados/CIA_ABERTA/DOC/DFP/DADOS/dfp_cia_aberta_2021.zip
2026-04-14 20:51:58,991 [INFO] pipeline.cvm:   DFP bpp 2021: 86 linhas
2026-04-14 20:51:58,991 [INFO] pipeline.cvm: Baixando: https://dados.cvm.gov.br/dados/CIA_ABERTA/DOC/DFP/DADOS/dfp_cia_aberta_2021.zip
2026-04-14 20:52:03,014 [WARNING] pipeline.cvm:   Empresa 906 não encontrada em dfc_mi 2021
2026-04-14 20:52:03,014 [INFO] pipeline.cvm: Baixando: https://dados.cvm.gov.br/dados/CIA_ABERTA/DOC/DFP/DADOS/dfp_cia_aberta_2021.zip
2026-04-14 20:52:05,506 [INFO] pipeline.cvm:   DFP dfc_md 2021: 64 linhas
2026-04-14 20:52:05,506 [INFO] pipeline.cvm: 
==================================================
2026-04-14 20:52:05,506 [INFO] pipeline.cvm: Baixando DFP 2022...
2026-04-14 20:52:05,506 [INFO] pipeline.cvm: Baixando: https://dados.cvm.gov.br/dados/CIA_ABERTA/DOC/DFP/DADOS/dfp_cia_aberta_2022.zip
2026-04-14 20:52:08,892 [INFO] pipeline.cvm:   DFP dre 2022: 82 linhas
2026-04-14 20:52:08,892 [INFO] pipeline.cvm: Baixando: https://dados.cvm.gov.br/dados/CIA_ABERTA/DOC/DFP/DADOS/dfp_cia_aberta_2022.zip
2026-04-14 20:52:13,762 [INFO] pipeline.cvm:   DFP bpa 2022: 82 linhas
2026-04-14 20:52:13,762 [INFO] pipeline.cvm: Baixando: https://dados.cvm.gov.br/dados/CIA_ABERTA/DOC/DFP/DADOS/dfp_cia_aberta_2022.zip
2026-04-14 20:52:19,555 [INFO] pipeline.cvm:   DFP bpp 2022: 86 linhas
2026-04-14 20:52:19,555 [INFO] pipeline.cvm: Baixando: https://dados.cvm.gov.br/dados/CIA_ABERTA/DOC/DFP/DADOS/dfp_cia_aberta_2022.zip
2026-04-14 20:52:23,553 [INFO] pipeline.cvm:   DFP dfc_mi 2022: 96 linhas
2026-04-14 20:52:23,554 [INFO] pipeline.cvm: Baixando: https://dados.cvm.gov.br/dados/CIA_ABERTA/DOC/DFP/DADOS/dfp_cia_aberta_2022.zip
2026-04-14 20:52:25,897 [WARNING] pipeline.cvm:   Empresa 906 não encontrada em dfc_md 2022
2026-04-14 20:52:25,897 [INFO] pipeline.cvm: 
==================================================
2026-04-14 20:52:25,897 [INFO] pipeline.cvm: Baixando DFP 2023...
2026-04-14 20:52:25,898 [INFO] pipeline.cvm: Baixando: https://dados.cvm.gov.br/dados/CIA_ABERTA/DOC/DFP/DADOS/dfp_cia_aberta_2023.zip
2026-04-14 20:52:29,563 [INFO] pipeline.cvm:   DFP dre 2023: 82 linhas
2026-04-14 20:52:29,563 [INFO] pipeline.cvm: Baixando: https://dados.cvm.gov.br/dados/CIA_ABERTA/DOC/DFP/DADOS/dfp_cia_aberta_2023.zip
2026-04-14 20:52:33,818 [INFO] pipeline.cvm:   DFP bpa 2023: 82 linhas
2026-04-14 20:52:33,819 [INFO] pipeline.cvm: Baixando: https://dados.cvm.gov.br/dados/CIA_ABERTA/DOC/DFP/DADOS/dfp_cia_aberta_2023.zip
2026-04-14 20:52:40,741 [INFO] pipeline.cvm:   DFP bpp 2023: 86 linhas
2026-04-14 20:52:40,741 [INFO] pipeline.cvm: Baixando: https://dados.cvm.gov.br/dados/CIA_ABERTA/DOC/DFP/DADOS/dfp_cia_aberta_2023.zip
2026-04-14 20:52:44,825 [INFO] pipeline.cvm:   DFP dfc_mi 2023: 96 linhas
2026-04-14 20:52:44,825 [INFO] pipeline.cvm: Baixando: https://dados.cvm.gov.br/dados/CIA_ABERTA/DOC/DFP/DADOS/dfp_cia_aberta_2023.zip
2026-04-14 20:52:47,407 [WARNING] pipeline.cvm:   Empresa 906 não encontrada em dfc_md 2023
2026-04-14 20:52:47,407 [INFO] pipeline.cvm: 
==================================================
2026-04-14 20:52:47,408 [INFO] pipeline.cvm: Baixando DFP 2024...
2026-04-14 20:52:47,408 [INFO] pipeline.cvm: Baixando: https://dados.cvm.gov.br/dados/CIA_ABERTA/DOC/DFP/DADOS/dfp_cia_aberta_2024.zip
2026-04-14 20:52:50,520 [INFO] pipeline.cvm:   DFP dre 2024: 82 linhas
2026-04-14 20:52:50,520 [INFO] pipeline.cvm: Baixando: https://dados.cvm.gov.br/dados/CIA_ABERTA/DOC/DFP/DADOS/dfp_cia_aberta_2024.zip
2026-04-14 20:52:54,565 [INFO] pipeline.cvm:   DFP bpa 2024: 82 linhas
2026-04-14 20:52:54,565 [INFO] pipeline.cvm: Baixando: https://dados.cvm.gov.br/dados/CIA_ABERTA/DOC/DFP/DADOS/dfp_cia_aberta_2024.zip
2026-04-14 20:53:00,114 [INFO] pipeline.cvm:   DFP bpp 2024: 86 linhas
2026-04-14 20:53:00,116 [INFO] pipeline.cvm: Baixando: https://dados.cvm.gov.br/dados/CIA_ABERTA/DOC/DFP/DADOS/dfp_cia_aberta_2024.zip
2026-04-14 20:53:04,036 [INFO] pipeline.cvm:   DFP dfc_mi 2024: 96 linhas
2026-04-14 20:53:04,036 [INFO] pipeline.cvm: Baixando: https://dados.cvm.gov.br/dados/CIA_ABERTA/DOC/DFP/DADOS/dfp_cia_aberta_2024.zip
2026-04-14 20:53:06,197 [WARNING] pipeline.cvm:   Empresa 906 não encontrada em dfc_md 2024
2026-04-14 20:53:06,198 [INFO] pipeline: 
[4/6] Normalizando dados...
2026-04-14 20:53:06,980 [INFO] pipeline:   DRE normalizada:
2026-04-14 20:53:06,980 [INFO] pipeline:     margem_financeira_bruta: 2019: 712 | 2020: 660 | 2021: 655 | 2022: 1,036 | 2023: 1,435 | 2024: 1,477
2026-04-14 20:53:06,980 [INFO] pipeline:     lucro_liquido: 2019: 769 | 2020: 781 | 2021: 722 | 2022: 1,079 | 2023: 1,548 | 2024: 1,601
2026-04-14 20:53:06,980 [INFO] pipeline: 
[5/6] Calculando projeções...
2026-04-14 20:53:06,983 [INFO] pipeline.projecoes: 
=== Rodando projeções ===
2026-04-14 20:53:06,986 [INFO] pipeline.projecoes:   NIM ~ Selic: slope=-1.3333, intercept=0.4700
2026-04-14 20:53:06,991 [INFO] pipeline.projecoes: Projeções concluídas. Resumo:
2026-04-14 20:53:06,991 [INFO] pipeline.projecoes:    Ano     Carteira        MFB      Lucro       FCFE
2026-04-14 20:53:06,991 [INFO] pipeline.projecoes:   2025        1,446      1,362      1,010        987
2026-04-14 20:53:06,991 [INFO] pipeline.projecoes:   2026        1,562      1,413      1,057      1,029
2026-04-14 20:53:06,992 [INFO] pipeline.projecoes:   2027        1,672      1,401      1,055      1,028
2026-04-14 20:53:06,992 [INFO] pipeline.projecoes:   2028        1,789      1,380      1,047      1,018
2026-04-14 20:53:06,992 [INFO] pipeline.projecoes:   2029        1,914      1,342      1,027        996
2026-04-14 20:53:06,992 [INFO] pipeline: 
[6/6] Calculando valuation...
2026-04-14 20:53:06,992 [INFO] pipeline.valuation:   TIR calculada: 99.0000%
2026-04-14 20:53:06,993 [INFO] pipeline.valuation:   TIR calculada: 99.0000%
2026-04-14 20:53:06,993 [INFO] pipeline.valuation: 
==================================================
2026-04-14 20:53:06,993 [INFO] pipeline.valuation: VALUATION COMPLETO — BBDC4
2026-04-14 20:53:06,993 [INFO] pipeline.valuation:   VP FCFE (10a):     R$        6,037 MM
2026-04-14 20:53:06,993 [INFO] pipeline.valuation:   Valor Perp. (VP):  R$       18,196 MM
2026-04-14 20:53:06,993 [INFO] pipeline.valuation:   VALOR DO EQUITY:   R$       24,233 MM
2026-04-14 20:53:06,993 [INFO] pipeline.valuation:   Preço Justo ON:    R$     4.59
2026-04-14 20:53:06,993 [INFO] pipeline.valuation:   Preço Justo PN:    R$     5.05
2026-04-14 20:53:06,993 [INFO] pipeline.valuation:   Cotação ON:        R$    20.78
2026-04-14 20:53:06,993 [INFO] pipeline.valuation:   Upside ON:              -77.9%
2026-04-14 20:53:06,993 [INFO] pipeline.valuation:   TIR (ON):                99.0%
2026-04-14 20:53:06,993 [INFO] pipeline.valuation:   Preço Teto ON:     R$     4.59
2026-04-14 20:53:07,399 [INFO] pipeline.excel: 
============================================================
2026-04-14 20:53:07,399 [INFO] pipeline.excel: Escrevendo template: Valuation_BBDC4_Bradesco_20260414.xlsx
2026-04-14 20:53:07,466 [INFO] pipeline.excel:   → Dashboard
2026-04-14 20:53:07,466 [INFO] pipeline.excel:   → Ke
2026-04-14 20:53:07,473 [INFO] pipeline.excel:   → Balanço Patrimonial
2026-04-14 20:53:07,489 [INFO] pipeline.excel:   → DRE Recorrente
2026-04-14 20:53:07,526 [INFO] pipeline.excel:   → DRE + DCF
2026-04-14 20:53:07,537 [INFO] pipeline.excel:   → Projeções NIM
2026-04-14 20:53:07,558 [INFO] pipeline.excel:   → Painel de Índices
2026-04-14 20:53:07,665 [INFO] pipeline.excel: 
Arquivo salvo: C:\Users\55819\Downloads\pipeline_banco_completo\pipeline_banco\outputs\Valuation_BBDC4_Bradesco_20260414.xlsx
2026-04-14 20:53:07,665 [INFO] pipeline: 
======================================================================
2026-04-14 20:53:07,665 [INFO] pipeline: RESUMO DO VALUATION
2026-04-14 20:53:07,665 [INFO] pipeline: ======================================================================
2026-04-14 20:53:07,666 [INFO] pipeline:   Empresa:           Bradesco (BBDC4)
2026-04-14 20:53:07,666 [INFO] pipeline:   Cotação ON:        R$ 20.78
2026-04-14 20:53:07,666 [INFO] pipeline:   Preço Justo ON:    R$ 4.59
2026-04-14 20:53:07,666 [INFO] pipeline:   Upside ON:            -77.9%
2026-04-14 20:53:07,666 [INFO] pipeline:   TIR:                  99.0%
2026-04-14 20:53:07,666 [INFO] pipeline:   Preço Teto ON:     R$ 4.59
2026-04-14 20:53:07,666 [INFO] pipeline: 
  Arquivo gerado:    C:\Users\55819\Downloads\pipeline_banco_completo\pipeline_banco\outputs\Valuation_BBDC4_Bradesco_20260414.xlsx
2026-04-14 20:53:07,666 [INFO] pipeline: ======================================================================
