2026-05-03 15:29:56,920 [INFO] pipeline: ======================================================================
2026-05-03 15:29:56,920 [INFO] pipeline: AUDITORIA CVM/B3 — 1 ticker(s): LREN3
2026-05-03 15:29:56,921 [INFO] pipeline: ======================================================================
2026-05-03 15:29:56,921 [INFO] pipeline: 
Auditorando LREN3...
2026-05-03 15:29:57,323 [INFO] pipeline.cvm:   DFP dre 2020: 68 linhas
2026-05-03 15:29:57,886 [INFO] pipeline.cvm:   DFP bpa 2020: 132 linhas
2026-05-03 15:29:58,766 [INFO] pipeline.cvm:   DFP bpp 2020: 232 linhas
2026-05-03 15:29:59,278 [INFO] pipeline.cvm:   DFP dfc_mi 2020: 108 linhas
2026-05-03 15:29:59,323 [WARNING] pipeline.cvm:   Empresa 8133 não encontrada em dfc_md 2020
2026-05-03 15:29:59,893 [INFO] pipeline.cvm:   DFP dre 2020: 64 linhas
2026-05-03 15:30:00,600 [INFO] pipeline.cvm:   DFP bpa 2020: 134 linhas
2026-05-03 15:30:01,621 [INFO] pipeline.cvm:   DFP bpp 2020: 234 linhas
2026-05-03 15:30:02,073 [INFO] pipeline.cvm:   DFP dfc_mi 2020: 108 linhas
2026-05-03 15:30:02,116 [WARNING] pipeline.cvm:   Empresa 8133 não encontrada em dfc_md 2020
2026-05-03 15:30:03,188 [INFO] pipeline.cvm:   ITR dre 2020 Ttodos: 340 linhas
2026-05-03 15:30:04,171 [INFO] pipeline.cvm:   ITR bpa 2020 Ttodos: 386 linhas
2026-05-03 15:30:06,070 [INFO] pipeline.cvm:   ITR bpp 2020 Ttodos: 688 linhas
2026-05-03 15:30:06,888 [INFO] pipeline.cvm:   ITR dfc_mi 2020 Ttodos: 268 linhas
2026-05-03 15:30:08,695 [INFO] pipeline.cvm:   ITR dre 2020 Ttodos: 320 linhas
2026-05-03 15:30:10,541 [INFO] pipeline.cvm:   ITR bpa 2020 Ttodos: 396 linhas
2026-05-03 15:30:13,688 [INFO] pipeline.cvm:   ITR bpp 2020 Ttodos: 694 linhas
2026-05-03 15:30:14,910 [INFO] pipeline.cvm:   ITR dfc_mi 2020 Ttodos: 316 linhas
2026-05-03 15:30:15,256 [INFO] pipeline.cvm:   DFP dre 2021: 68 linhas
2026-05-03 15:30:15,648 [INFO] pipeline.cvm:   DFP bpa 2021: 132 linhas
2026-05-03 15:30:16,423 [INFO] pipeline.cvm:   DFP bpp 2021: 232 linhas
2026-05-03 15:30:16,840 [INFO] pipeline.cvm:   DFP dfc_mi 2021: 108 linhas
2026-05-03 15:30:16,876 [WARNING] pipeline.cvm:   Empresa 8133 não encontrada em dfc_md 2021
2026-05-03 15:30:17,259 [INFO] pipeline.cvm:   DFP dre 2021: 64 linhas
2026-05-03 15:30:17,928 [INFO] pipeline.cvm:   DFP bpa 2021: 134 linhas
2026-05-03 15:30:19,043 [INFO] pipeline.cvm:   DFP bpp 2021: 234 linhas
2026-05-03 15:30:19,552 [INFO] pipeline.cvm:   DFP dfc_mi 2021: 108 linhas
2026-05-03 15:30:19,597 [WARNING] pipeline.cvm:   Empresa 8133 não encontrada em dfc_md 2021
2026-05-03 15:30:20,749 [INFO] pipeline.cvm:   ITR dre 2021 Ttodos: 408 linhas
2026-05-03 15:30:22,001 [INFO] pipeline.cvm:   ITR bpa 2021 Ttodos: 396 linhas
2026-05-03 15:30:24,076 [INFO] pipeline.cvm:   ITR bpp 2021 Ttodos: 706 linhas
2026-05-03 15:30:25,091 [INFO] pipeline.cvm:   ITR dfc_mi 2021 Ttodos: 234 linhas
2026-05-03 15:30:26,951 [INFO] pipeline.cvm:   ITR dre 2021 Ttodos: 384 linhas
2026-05-03 15:30:29,021 [INFO] pipeline.cvm:   ITR bpa 2021 Ttodos: 402 linhas
2026-05-03 15:30:32,575 [INFO] pipeline.cvm:   ITR bpp 2021 Ttodos: 712 linhas
2026-05-03 15:30:33,914 [INFO] pipeline.cvm:   ITR dfc_mi 2021 Ttodos: 250 linhas
2026-05-03 15:30:34,292 [INFO] pipeline.cvm:   DFP dre 2022: 68 linhas
2026-05-03 15:30:34,712 [INFO] pipeline.cvm:   DFP bpa 2022: 132 linhas
2026-05-03 15:30:35,447 [INFO] pipeline.cvm:   DFP bpp 2022: 236 linhas
2026-05-03 15:30:35,832 [INFO] pipeline.cvm:   DFP dfc_mi 2022: 82 linhas
2026-05-03 15:30:35,865 [WARNING] pipeline.cvm:   Empresa 8133 não encontrada em dfc_md 2022
2026-05-03 15:30:36,203 [INFO] pipeline.cvm:   DFP dre 2022: 64 linhas
2026-05-03 15:30:36,915 [INFO] pipeline.cvm:   DFP bpa 2022: 134 linhas
2026-05-03 15:30:38,182 [INFO] pipeline.cvm:   DFP bpp 2022: 238 linhas
2026-05-03 15:30:38,762 [INFO] pipeline.cvm:   DFP dfc_mi 2022: 86 linhas
2026-05-03 15:30:38,822 [WARNING] pipeline.cvm:   Empresa 8133 não encontrada em dfc_md 2022
2026-05-03 15:30:39,972 [INFO] pipeline.cvm:   ITR dre 2022 Ttodos: 340 linhas
2026-05-03 15:30:41,277 [INFO] pipeline.cvm:   ITR bpa 2022 Ttodos: 396 linhas
2026-05-03 15:30:43,457 [INFO] pipeline.cvm:   ITR bpp 2022 Ttodos: 696 linhas
2026-05-03 15:30:44,458 [INFO] pipeline.cvm:   ITR dfc_mi 2022 Ttodos: 236 linhas
2026-05-03 15:30:46,283 [INFO] pipeline.cvm:   ITR dre 2022 Ttodos: 320 linhas
2026-05-03 15:30:48,185 [INFO] pipeline.cvm:   ITR bpa 2022 Ttodos: 402 linhas
2026-05-03 15:30:51,900 [INFO] pipeline.cvm:   ITR bpp 2022 Ttodos: 702 linhas
2026-05-03 15:30:53,388 [INFO] pipeline.cvm:   ITR dfc_mi 2022 Ttodos: 250 linhas
2026-05-03 15:30:53,760 [INFO] pipeline.cvm:   DFP dre 2023: 68 linhas
2026-05-03 15:30:54,175 [INFO] pipeline.cvm:   DFP bpa 2023: 132 linhas
2026-05-03 15:30:54,885 [INFO] pipeline.cvm:   DFP bpp 2023: 236 linhas
2026-05-03 15:30:55,263 [INFO] pipeline.cvm:   DFP dfc_mi 2023: 82 linhas
2026-05-03 15:30:55,290 [WARNING] pipeline.cvm:   Empresa 8133 não encontrada em dfc_md 2023
2026-05-03 15:30:55,618 [INFO] pipeline.cvm:   DFP dre 2023: 64 linhas
2026-05-03 15:30:56,250 [INFO] pipeline.cvm:   DFP bpa 2023: 134 linhas
2026-05-03 15:30:57,510 [INFO] pipeline.cvm:   DFP bpp 2023: 238 linhas
2026-05-03 15:30:58,037 [INFO] pipeline.cvm:   DFP dfc_mi 2023: 86 linhas
2026-05-03 15:30:58,080 [WARNING] pipeline.cvm:   Empresa 8133 não encontrada em dfc_md 2023
2026-05-03 15:30:59,141 [INFO] pipeline.cvm:   ITR dre 2023 Ttodos: 340 linhas
2026-05-03 15:31:00,370 [INFO] pipeline.cvm:   ITR bpa 2023 Ttodos: 396 linhas
2026-05-03 15:31:02,441 [INFO] pipeline.cvm:   ITR bpp 2023 Ttodos: 708 linhas
2026-05-03 15:31:03,473 [INFO] pipeline.cvm:   ITR dfc_mi 2023 Ttodos: 248 linhas
2026-05-03 15:31:05,323 [INFO] pipeline.cvm:   ITR dre 2023 Ttodos: 320 linhas
2026-05-03 15:31:07,427 [INFO] pipeline.cvm:   ITR bpa 2023 Ttodos: 402 linhas
2026-05-03 15:31:11,130 [INFO] pipeline.cvm:   ITR bpp 2023 Ttodos: 714 linhas
2026-05-03 15:31:12,576 [INFO] pipeline.cvm:   ITR dfc_mi 2023 Ttodos: 260 linhas
2026-05-03 15:31:12,936 [INFO] pipeline.cvm:   DFP dre 2024: 68 linhas
2026-05-03 15:31:13,351 [INFO] pipeline.cvm:   DFP bpa 2024: 132 linhas
2026-05-03 15:31:14,047 [INFO] pipeline.cvm:   DFP bpp 2024: 236 linhas
2026-05-03 15:31:14,453 [INFO] pipeline.cvm:   DFP dfc_mi 2024: 76 linhas
2026-05-03 15:31:14,484 [WARNING] pipeline.cvm:   Empresa 8133 não encontrada em dfc_md 2024
2026-05-03 15:31:14,803 [INFO] pipeline.cvm:   DFP dre 2024: 64 linhas
2026-05-03 15:31:15,460 [INFO] pipeline.cvm:   DFP bpa 2024: 134 linhas
2026-05-03 15:31:16,543 [INFO] pipeline.cvm:   DFP bpp 2024: 238 linhas
2026-05-03 15:31:17,065 [INFO] pipeline.cvm:   DFP dfc_mi 2024: 82 linhas
2026-05-03 15:31:17,104 [WARNING] pipeline.cvm:   Empresa 8133 não encontrada em dfc_md 2024
2026-05-03 15:31:18,316 [INFO] pipeline.cvm:   ITR dre 2024 Ttodos: 340 linhas
2026-05-03 15:31:19,660 [INFO] pipeline.cvm:   ITR bpa 2024 Ttodos: 396 linhas
2026-05-03 15:31:22,027 [INFO] pipeline.cvm:   ITR bpp 2024 Ttodos: 708 linhas
2026-05-03 15:31:23,173 [INFO] pipeline.cvm:   ITR dfc_mi 2024 Ttodos: 248 linhas
2026-05-03 15:31:24,977 [INFO] pipeline.cvm:   ITR dre 2024 Ttodos: 320 linhas
2026-05-03 15:31:27,018 [INFO] pipeline.cvm:   ITR bpa 2024 Ttodos: 402 linhas
2026-05-03 15:31:30,500 [INFO] pipeline.cvm:   ITR bpp 2024 Ttodos: 714 linhas
2026-05-03 15:31:31,938 [INFO] pipeline.cvm:   ITR dfc_mi 2024 Ttodos: 260 linhas
2026-05-03 15:31:32,278 [INFO] pipeline.cvm:   DFP dre 2025: 68 linhas
2026-05-03 15:31:32,648 [INFO] pipeline.cvm:   DFP bpa 2025: 136 linhas
2026-05-03 15:31:33,327 [INFO] pipeline.cvm:   DFP bpp 2025: 236 linhas
2026-05-03 15:31:33,682 [INFO] pipeline.cvm:   DFP dfc_mi 2025: 78 linhas
2026-05-03 15:31:33,708 [WARNING] pipeline.cvm:   Empresa 8133 não encontrada em dfc_md 2025
2026-05-03 15:31:33,999 [INFO] pipeline.cvm:   DFP dre 2025: 64 linhas
2026-05-03 15:31:34,591 [INFO] pipeline.cvm:   DFP bpa 2025: 138 linhas
2026-05-03 15:31:35,766 [INFO] pipeline.cvm:   DFP bpp 2025: 238 linhas
2026-05-03 15:31:36,278 [INFO] pipeline.cvm:   DFP dfc_mi 2025: 82 linhas
2026-05-03 15:31:36,312 [WARNING] pipeline.cvm:   Empresa 8133 não encontrada em dfc_md 2025
2026-05-03 15:31:37,376 [INFO] pipeline.cvm:   ITR dre 2025 Ttodos: 340 linhas
2026-05-03 15:31:38,563 [INFO] pipeline.cvm:   ITR bpa 2025 Ttodos: 404 linhas
2026-05-03 15:31:40,800 [INFO] pipeline.cvm:   ITR bpp 2025 Ttodos: 708 linhas
2026-05-03 15:31:41,978 [INFO] pipeline.cvm:   ITR dfc_mi 2025 Ttodos: 248 linhas
2026-05-03 15:31:43,870 [INFO] pipeline.cvm:   ITR dre 2025 Ttodos: 320 linhas
2026-05-03 15:31:45,911 [INFO] pipeline.cvm:   ITR bpa 2025 Ttodos: 410 linhas
2026-05-03 15:31:49,241 [INFO] pipeline.cvm:   ITR bpp 2025 Ttodos: 714 linhas
2026-05-03 15:31:50,818 [INFO] pipeline.cvm:   ITR dfc_mi 2025 Ttodos: 260 linhas
2026-05-03 15:32:12,689 [INFO] pipeline:   LREN3: score=77/100 | critical=1 | warnings=1
2026-05-03 15:32:12,689 [INFO] pipeline:   Relatorio: C:\Users\55819\OneDrive - EPEJUD\DIEGO\OBSIDIAN\Analista de Investimentos\12_PYTHON\pipeline banco completo\outputs\data_quality\audit_LREN3_20260503.md
2026-05-03 15:32:12,702 [INFO] pipeline: 
======================================================================
2026-05-03 15:32:12,703 [INFO] pipeline: RESUMO DA AUDITORIA
2026-05-03 15:32:12,703 [INFO] pipeline: ======================================================================
2026-05-03 15:32:12,703 [INFO] pipeline:   Auditados: 1
2026-05-03 15:32:12,703 [INFO] pipeline:   Erros:     0
2026-05-03 15:32:12,703 [INFO] pipeline:   CSV:       C:\Users\55819\OneDrive - EPEJUD\DIEGO\OBSIDIAN\Analista de Investimentos\12_PYTHON\pipeline banco completo\outputs\data_quality\audit_all_20260503.csv
