2026-05-03 13:18:51,175 [INFO] pipeline: ======================================================================
2026-05-03 13:18:51,176 [INFO] pipeline: PIPELINE DE VALUATION [BANCÁRIO] — BBDC4 — Bradesco
2026-05-03 13:18:51,176 [INFO] pipeline: Início: 2026-05-03 13:18:51
2026-05-03 13:18:51,176 [INFO] pipeline:   Setor: bancos | Motor: KE
2026-05-03 13:18:51,176 [INFO] pipeline: ======================================================================
2026-05-03 13:18:51,176 [INFO] pipeline:   Banco cadastrado: Bradesco | tipo: ON_PN
2026-05-03 13:18:51,176 [INFO] pipeline: 
[1/6] Coletando dados de mercado...
2026-05-03 13:18:51,674 [INFO] pipeline:   Buscando cotação via yfinance...
2026-05-03 13:18:51,674 [INFO] pipeline.mercado: Buscando cotação atual: BBDC4.SA
2026-05-03 13:18:52,860 [INFO] pipeline.mercado: Buscando cotação atual: BBDC3.SA
2026-05-03 13:18:53,496 [INFO] pipeline:   Cotação ON: R$ 16.72  |  Cotação PN: R$ 19.32
2026-05-03 13:18:53,496 [INFO] pipeline:   Ações (fonte: bancos.py): ON=5,294,000 mil | PN=5,270,000 mil
2026-05-03 13:18:53,496 [INFO] pipeline.mercado: Calculando beta: BBDC4 (252 dias úteis)
2026-05-03 13:18:53,576 [INFO] pipeline.mercado:   Beta estatístico: 1.3197 | R²: 0.544 | n=251
2026-05-03 13:18:53,579 [INFO] pipeline:   Beta estatístico: 1.320 | Beta utilizado: 0.850
2026-05-03 13:18:53,579 [INFO] pipeline: 
[2/6] Coletando dados macroeconômicos (BCB)...
2026-05-03 13:18:53,896 [WARNING] pipeline.macro: Não foi possível obter Focus Selic: 400 Client Error: Bad Request for url: https://olinda.bcb.gov.br/olinda/servico/Expectativas/versao/v1/odata/ExpectativasMercadoAnuais?%24filter=Indicador%20eq%20'Selic'&%24top=100&%24format=json&%24select=Indicador,Data,Ano,Mediana
2026-05-03 13:18:54,205 [WARNING] pipeline.macro: Não foi possível obter Focus IPCA: 400 Client Error: Bad Request for url: https://olinda.bcb.gov.br/olinda/servico/Expectativas/versao/v1/odata/ExpectativasMercadoAnuais?%24filter=Indicador%20eq%20'IPCA'&%24top=100&%24format=json&%24select=Indicador,Data,Ano,Mediana
2026-05-03 13:18:54,207 [INFO] pipeline.macro: 
=== Coletando dados macroeconômicos ===
2026-05-03 13:18:54,207 [INFO] pipeline.macro: Baixando série BCB 432...
2026-05-03 13:18:54,565 [ERROR] pipeline.macro: Erro ao baixar série BCB 432: 406 Client Error: Not Acceptable for url: https://api.bcb.gov.br/dados/serie/bcdata.sgs.432/dados?formato=json&dataInicial=01%2F01%2F2010&dataFinal=03%2F05%2F2026
2026-05-03 13:18:54,565 [WARNING] pipeline.macro: Série Selic meta sem DatetimeIndex — usando fallback histórico
2026-05-03 13:18:54,565 [INFO] pipeline.macro: Baixando série BCB 12...
2026-05-03 13:18:54,665 [ERROR] pipeline.macro: Erro ao baixar série BCB 12: 406 Client Error: Not Acceptable for url: https://api.bcb.gov.br/dados/serie/bcdata.sgs.12/dados?formato=json&dataInicial=01%2F01%2F2010&dataFinal=03%2F05%2F2026
2026-05-03 13:18:54,666 [WARNING] pipeline.macro: Série DI sem DatetimeIndex — usando fallback histórico
2026-05-03 13:18:54,669 [WARNING] pipeline.macro: IPCA calculado fora do intervalo plausível (46.1%) para 2020 — usando fallback
2026-05-03 13:18:54,670 [WARNING] pipeline.macro: IPCA calculado fora do intervalo plausível (159.3%) para 2021 — usando fallback
2026-05-03 13:18:54,670 [WARNING] pipeline.macro: IPCA calculado fora do intervalo plausível (191.2%) para 2022 — usando fallback
2026-05-03 13:18:54,670 [WARNING] pipeline.macro: IPCA calculado fora do intervalo plausível (71.5%) para 2023 — usando fallback
2026-05-03 13:18:54,671 [WARNING] pipeline.macro: IPCA calculado fora do intervalo plausível (67.0%) para 2024 — usando fallback
2026-05-03 13:18:54,671 [WARNING] pipeline.macro: IPCA calculado fora do intervalo plausível (80.0%) para 2025 — usando fallback
2026-05-03 13:18:54,671 [INFO] pipeline.macro: Baixando série BCB 258...
2026-05-03 13:18:54,776 [ERROR] pipeline.macro: Erro ao baixar série BCB 258: 406 Client Error: Not Acceptable for url: https://api.bcb.gov.br/dados/serie/bcdata.sgs.258/dados?formato=json&dataInicial=01%2F01%2F2010&dataFinal=03%2F05%2F2026
2026-05-03 13:18:54,777 [WARNING] pipeline.macro: Série TJLP sem DatetimeIndex — usando fallback histórico
2026-05-03 13:18:54,786 [WARNING] pipeline.macro: IPCA calculado fora do intervalo plausível (46.1%) para 2020 — usando fallback
2026-05-03 13:18:54,787 [WARNING] pipeline.macro: IPCA calculado fora do intervalo plausível (159.3%) para 2021 — usando fallback
2026-05-03 13:18:54,787 [WARNING] pipeline.macro: IPCA calculado fora do intervalo plausível (191.2%) para 2022 — usando fallback
2026-05-03 13:18:54,787 [WARNING] pipeline.macro: IPCA calculado fora do intervalo plausível (71.5%) para 2023 — usando fallback
2026-05-03 13:18:54,788 [WARNING] pipeline.macro: IPCA calculado fora do intervalo plausível (67.0%) para 2024 — usando fallback
2026-05-03 13:18:54,788 [WARNING] pipeline.macro: IPCA calculado fora do intervalo plausível (80.0%) para 2025 — usando fallback
2026-05-03 13:18:54,788 [INFO] pipeline.macro: 
RESUMO MACRO HISTÓRICO:
2026-05-03 13:18:54,788 [INFO] pipeline.macro:   selic_meta     : 2021: 9.25% | 2022: 13.75% | 2023: 11.75% | 2024: 11.75% | 2025: 10.00%
2026-05-03 13:18:54,788 [INFO] pipeline.macro:   selic_efet     : 2021: 4.48% | 2022: 12.33% | 2023: 13.15% | 2024: 10.73% | 2025: 10.50%
2026-05-03 13:18:54,789 [INFO] pipeline.macro:   ipca           : 2021: 10.06% | 2022: 5.62% | 2023: 4.62% | 2024: 4.83% | 2025: 4.50%
2026-05-03 13:18:54,789 [INFO] pipeline.macro:   tjlp           : 2021: 5.25% | 2022: 6.25% | 2023: 7.00% | 2024: 7.00% | 2025: 6.50%
2026-05-03 13:18:54,789 [INFO] pipeline.macro:   cds            : 2021: 0.73% | 2022: 1.26% | 2023: 0.84% | 2024: 0.81% | 2025: 0.76%
2026-05-03 13:18:54,789 [INFO] pipeline.macro:   inflacao_impl  : 2021: 10.06% | 2022: 5.62% | 2023: 4.62% | 2024: 4.83% | 2025: 4.50%
2026-05-03 13:18:54,789 [INFO] pipeline: 
[3/6] Baixando demonstrações financeiras (CVM)...
2026-05-03 13:18:54,790 [INFO] pipeline.cvm: 
==================================================
2026-05-03 13:18:54,790 [INFO] pipeline.cvm: Baixando DFP 2020...
2026-05-03 13:18:54,992 [INFO] pipeline.cvm:   DFP dre 2020: 82 linhas
2026-05-03 13:18:55,366 [INFO] pipeline.cvm:   DFP bpa 2020: 82 linhas
2026-05-03 13:18:55,998 [INFO] pipeline.cvm:   DFP bpp 2020: 96 linhas
2026-05-03 13:18:56,317 [INFO] pipeline.cvm:   DFP dfc_mi 2020: 94 linhas
2026-05-03 13:18:56,346 [WARNING] pipeline.cvm:   Empresa 906 não encontrada em dfc_md 2020
2026-05-03 13:18:56,347 [INFO] pipeline.cvm: 
==================================================
2026-05-03 13:18:56,347 [INFO] pipeline.cvm: Baixando DFP 2021...
2026-05-03 13:18:56,555 [INFO] pipeline.cvm:   DFP dre 2021: 82 linhas
2026-05-03 13:18:56,950 [INFO] pipeline.cvm:   DFP bpa 2021: 82 linhas
2026-05-03 13:18:57,752 [INFO] pipeline.cvm:   DFP bpp 2021: 86 linhas
2026-05-03 13:18:58,101 [WARNING] pipeline.cvm:   Empresa 906 não encontrada em dfc_mi 2021
2026-05-03 13:18:58,141 [INFO] pipeline.cvm:   DFP dfc_md 2021: 64 linhas
2026-05-03 13:18:58,141 [INFO] pipeline.cvm: 
==================================================
2026-05-03 13:18:58,141 [INFO] pipeline.cvm: Baixando DFP 2022...
2026-05-03 13:18:58,369 [INFO] pipeline.cvm:   DFP dre 2022: 82 linhas
2026-05-03 13:18:58,797 [INFO] pipeline.cvm:   DFP bpa 2022: 82 linhas
2026-05-03 13:18:59,520 [INFO] pipeline.cvm:   DFP bpp 2022: 86 linhas
2026-05-03 13:18:59,913 [INFO] pipeline.cvm:   DFP dfc_mi 2022: 96 linhas
2026-05-03 13:18:59,951 [WARNING] pipeline.cvm:   Empresa 906 não encontrada em dfc_md 2022
2026-05-03 13:18:59,951 [INFO] pipeline.cvm: 
==================================================
2026-05-03 13:18:59,952 [INFO] pipeline.cvm: Baixando DFP 2023...
2026-05-03 13:19:00,182 [INFO] pipeline.cvm:   DFP dre 2023: 82 linhas
2026-05-03 13:19:00,606 [INFO] pipeline.cvm:   DFP bpa 2023: 82 linhas
2026-05-03 13:19:01,405 [INFO] pipeline.cvm:   DFP bpp 2023: 86 linhas
2026-05-03 13:19:01,830 [INFO] pipeline.cvm:   DFP dfc_mi 2023: 96 linhas
2026-05-03 13:19:01,870 [WARNING] pipeline.cvm:   Empresa 906 não encontrada em dfc_md 2023
2026-05-03 13:19:01,870 [INFO] pipeline.cvm: 
==================================================
2026-05-03 13:19:01,870 [INFO] pipeline.cvm: Baixando DFP 2024...
2026-05-03 13:19:02,137 [INFO] pipeline.cvm:   DFP dre 2024: 82 linhas
2026-05-03 13:19:02,582 [INFO] pipeline.cvm:   DFP bpa 2024: 82 linhas
2026-05-03 13:19:03,385 [INFO] pipeline.cvm:   DFP bpp 2024: 86 linhas
2026-05-03 13:19:03,800 [INFO] pipeline.cvm:   DFP dfc_mi 2024: 96 linhas
2026-05-03 13:19:03,834 [WARNING] pipeline.cvm:   Empresa 906 não encontrada em dfc_md 2024
2026-05-03 13:19:03,834 [INFO] pipeline.cvm: 
==================================================
2026-05-03 13:19:03,834 [INFO] pipeline.cvm: Baixando DFP 2025...
2026-05-03 13:19:04,056 [INFO] pipeline.cvm:   DFP dre 2025: 82 linhas
2026-05-03 13:19:04,462 [INFO] pipeline.cvm:   DFP bpa 2025: 82 linhas
2026-05-03 13:19:05,211 [INFO] pipeline.cvm:   DFP bpp 2025: 86 linhas
2026-05-03 13:19:05,713 [INFO] pipeline.cvm:   DFP dfc_mi 2025: 96 linhas
