2026-05-04 10:59:55,012 [INFO] pipeline: ======================================================================
2026-05-04 10:59:55,012 [INFO] pipeline: AUDITORIA CVM/B3 — 1 ticker(s): TAEE11
2026-05-04 10:59:55,012 [INFO] pipeline: ======================================================================
2026-05-04 10:59:55,013 [INFO] pipeline: 
Auditorando TAEE11...
2026-05-04 10:59:55,498 [INFO] pipeline.cvm:   DFP dre 2020: 84 linhas
2026-05-04 10:59:56,161 [INFO] pipeline.cvm:   DFP bpa 2020: 142 linhas
2026-05-04 10:59:57,100 [INFO] pipeline.cvm:   DFP bpp 2020: 262 linhas
2026-05-04 10:59:57,452 [INFO] pipeline.cvm:   DFP dfc_mi 2020: 122 linhas
2026-05-04 10:59:57,479 [WARNING] pipeline.cvm:   Empresa 18376 não encontrada em dfc_md 2020
2026-05-04 10:59:57,890 [INFO] pipeline.cvm:   DFP dre 2020: 78 linhas
2026-05-04 10:59:58,799 [INFO] pipeline.cvm:   DFP bpa 2020: 144 linhas
2026-05-04 10:59:59,961 [INFO] pipeline.cvm:   DFP bpp 2020: 260 linhas
2026-05-04 11:00:00,507 [INFO] pipeline.cvm:   DFP dfc_mi 2020: 116 linhas
2026-05-04 11:00:00,561 [WARNING] pipeline.cvm:   Empresa 18376 não encontrada em dfc_md 2020
2026-05-04 11:00:00,831 [INFO] pipeline.cvm:   DFP dre 2021: 84 linhas
2026-05-04 11:00:01,262 [INFO] pipeline.cvm:   DFP bpa 2021: 142 linhas
2026-05-04 11:00:02,060 [INFO] pipeline.cvm:   DFP bpp 2021: 262 linhas
2026-05-04 11:00:02,431 [INFO] pipeline.cvm:   DFP dfc_mi 2021: 122 linhas
2026-05-04 11:00:02,467 [WARNING] pipeline.cvm:   Empresa 18376 não encontrada em dfc_md 2021
2026-05-04 11:00:02,797 [INFO] pipeline.cvm:   DFP dre 2021: 78 linhas
2026-05-04 11:00:03,517 [INFO] pipeline.cvm:   DFP bpa 2021: 144 linhas
2026-05-04 11:00:04,656 [INFO] pipeline.cvm:   DFP bpp 2021: 260 linhas
2026-05-04 11:00:05,152 [INFO] pipeline.cvm:   DFP dfc_mi 2021: 114 linhas
2026-05-04 11:00:05,200 [WARNING] pipeline.cvm:   Empresa 18376 não encontrada em dfc_md 2021
2026-05-04 11:00:05,432 [INFO] pipeline.cvm:   DFP dre 2022: 84 linhas
2026-05-04 11:00:05,882 [INFO] pipeline.cvm:   DFP bpa 2022: 142 linhas
2026-05-04 11:00:06,624 [INFO] pipeline.cvm:   DFP bpp 2022: 262 linhas
2026-05-04 11:00:06,992 [INFO] pipeline.cvm:   DFP dfc_mi 2022: 126 linhas
2026-05-04 11:00:07,028 [WARNING] pipeline.cvm:   Empresa 18376 não encontrada em dfc_md 2022
2026-05-04 11:00:07,353 [INFO] pipeline.cvm:   DFP dre 2022: 78 linhas
2026-05-04 11:00:08,043 [INFO] pipeline.cvm:   DFP bpa 2022: 146 linhas
2026-05-04 11:00:09,170 [INFO] pipeline.cvm:   DFP bpp 2022: 260 linhas
2026-05-04 11:00:09,694 [INFO] pipeline.cvm:   DFP dfc_mi 2022: 116 linhas
2026-05-04 11:00:09,747 [WARNING] pipeline.cvm:   Empresa 18376 não encontrada em dfc_md 2022
2026-05-04 11:00:09,973 [INFO] pipeline.cvm:   DFP dre 2023: 86 linhas
2026-05-04 11:00:10,382 [INFO] pipeline.cvm:   DFP bpa 2023: 142 linhas
2026-05-04 11:00:11,285 [INFO] pipeline.cvm:   DFP bpp 2023: 262 linhas
2026-05-04 11:00:11,680 [INFO] pipeline.cvm:   DFP dfc_mi 2023: 126 linhas
2026-05-04 11:00:11,714 [WARNING] pipeline.cvm:   Empresa 18376 não encontrada em dfc_md 2023
2026-05-04 11:00:12,044 [INFO] pipeline.cvm:   DFP dre 2023: 80 linhas
2026-05-04 11:00:12,811 [INFO] pipeline.cvm:   DFP bpa 2023: 148 linhas
2026-05-04 11:00:14,022 [INFO] pipeline.cvm:   DFP bpp 2023: 260 linhas
2026-05-04 11:00:14,612 [INFO] pipeline.cvm:   DFP dfc_mi 2023: 116 linhas
2026-05-04 11:00:14,665 [WARNING] pipeline.cvm:   Empresa 18376 não encontrada em dfc_md 2023
2026-05-04 11:00:14,876 [INFO] pipeline.cvm:   DFP dre 2024: 86 linhas
2026-05-04 11:00:15,404 [INFO] pipeline.cvm:   DFP bpa 2024: 142 linhas
2026-05-04 11:00:16,139 [INFO] pipeline.cvm:   DFP bpp 2024: 262 linhas
2026-05-04 11:00:16,499 [INFO] pipeline.cvm:   DFP dfc_mi 2024: 128 linhas
2026-05-04 11:00:16,535 [WARNING] pipeline.cvm:   Empresa 18376 não encontrada em dfc_md 2024
2026-05-04 11:00:16,840 [INFO] pipeline.cvm:   DFP dre 2024: 80 linhas
2026-05-04 11:00:17,437 [INFO] pipeline.cvm:   DFP bpa 2024: 148 linhas
2026-05-04 11:00:18,449 [INFO] pipeline.cvm:   DFP bpp 2024: 260 linhas
2026-05-04 11:00:18,964 [INFO] pipeline.cvm:   DFP dfc_mi 2024: 120 linhas
2026-05-04 11:00:19,012 [WARNING] pipeline.cvm:   Empresa 18376 não encontrada em dfc_md 2024
2026-05-04 11:00:19,205 [INFO] pipeline.cvm:   DFP dre 2025: 86 linhas
2026-05-04 11:00:19,584 [INFO] pipeline.cvm:   DFP bpa 2025: 142 linhas
2026-05-04 11:00:20,210 [INFO] pipeline.cvm:   DFP bpp 2025: 262 linhas
2026-05-04 11:00:20,539 [INFO] pipeline.cvm:   DFP dfc_mi 2025: 130 linhas
2026-05-04 11:00:20,567 [WARNING] pipeline.cvm:   Empresa 18376 não encontrada em dfc_md 2025
2026-05-04 11:00:20,843 [INFO] pipeline.cvm:   DFP dre 2025: 80 linhas
2026-05-04 11:00:21,483 [INFO] pipeline.cvm:   DFP bpa 2025: 148 linhas
2026-05-04 11:00:22,464 [INFO] pipeline.cvm:   DFP bpp 2025: 260 linhas
2026-05-04 11:00:22,948 [INFO] pipeline.cvm:   DFP dfc_mi 2025: 120 linhas
2026-05-04 11:00:22,990 [WARNING] pipeline.cvm:   Empresa 18376 não encontrada em dfc_md 2025
2026-05-04 11:00:25,928 [INFO] pipeline:   TAEE11: score=95/100 | critical=0 | warnings=1
2026-05-04 11:00:25,929 [INFO] pipeline:   Relatorio: C:\Users\55819\OneDrive - EPEJUD\DIEGO\OBSIDIAN\Analista de Investimentos\12_PYTHON\pipeline banco completo\outputs\data_quality\audit_TAEE11_20260504.md
2026-05-04 11:00:25,947 [INFO] pipeline: 
======================================================================
2026-05-04 11:00:25,948 [INFO] pipeline: RESUMO DA AUDITORIA
2026-05-04 11:00:25,948 [INFO] pipeline: ======================================================================
2026-05-04 11:00:25,948 [INFO] pipeline:   Auditados: 1
2026-05-04 11:00:25,948 [INFO] pipeline:   Erros:     0
2026-05-04 11:00:25,948 [INFO] pipeline:   CSV:       C:\Users\55819\OneDrive - EPEJUD\DIEGO\OBSIDIAN\Analista de Investimentos\12_PYTHON\pipeline banco completo\outputs\data_quality\audit_all_20260504.csv
