2026-05-04 15:43:24,017 [INFO] pipeline: ======================================================================
2026-05-04 15:43:24,017 [INFO] pipeline: PIPELINE DE VALUATION [BANCÁRIO] — BBDC4 — Bradesco
2026-05-04 15:43:24,017 [INFO] pipeline: Início: 2026-05-04 15:43:24
2026-05-04 15:43:24,017 [INFO] pipeline:   Setor: bancos | Motor: KE
2026-05-04 15:43:24,017 [INFO] pipeline: ======================================================================
2026-05-04 15:43:24,019 [INFO] pipeline:   Banco cadastrado: Bradesco | tipo: ON_PN
2026-05-04 15:43:24,019 [INFO] pipeline: 
[1/6] Coletando dados de mercado...
2026-05-04 15:43:24,561 [INFO] pipeline:   Buscando cotação via yfinance...
2026-05-04 15:43:24,561 [INFO] pipeline.mercado: Buscando cotação atual: BBDC4.SA
2026-05-04 15:43:25,952 [INFO] pipeline.mercado: Buscando cotação atual: BBDC3.SA
2026-05-04 15:43:26,811 [INFO] pipeline:   Cotação ON: R$ 16.38  |  Cotação PN: R$ 18.87
2026-05-04 15:43:26,811 [INFO] pipeline:   Ações (fonte: bancos.py): ON=5,294,000 mil | PN=5,270,000 mil
2026-05-04 15:43:26,811 [INFO] pipeline.mercado: Calculando beta: BBDC4 (252 dias úteis)
2026-05-04 15:43:26,894 [INFO] pipeline.mercado:   Beta estatístico: 1.3197 | R²: 0.544 | n=251
2026-05-04 15:43:26,897 [INFO] pipeline:   Beta estatístico: 1.320 | Beta utilizado: 0.850
2026-05-04 15:43:26,897 [INFO] pipeline: 
[2/6] Coletando dados macroeconômicos (BCB)...
2026-05-04 15:43:27,167 [WARNING] pipeline.macro: Não foi possível obter Focus Selic: 400 Client Error: Bad Request for url: https://olinda.bcb.gov.br/olinda/servico/Expectativas/versao/v1/odata/ExpectativasMercadoAnuais?%24filter=Indicador%20eq%20'Selic'&%24top=100&%24format=json&%24select=Indicador,Data,Ano,Mediana
2026-05-04 15:43:27,437 [WARNING] pipeline.macro: Não foi possível obter Focus IPCA: 400 Client Error: Bad Request for url: https://olinda.bcb.gov.br/olinda/servico/Expectativas/versao/v1/odata/ExpectativasMercadoAnuais?%24filter=Indicador%20eq%20'IPCA'&%24top=100&%24format=json&%24select=Indicador,Data,Ano,Mediana
2026-05-04 15:43:27,439 [INFO] pipeline.macro: 
=== Coletando dados macroeconômicos ===
2026-05-04 15:43:27,439 [INFO] pipeline.macro: Baixando série BCB 432...
2026-05-04 15:43:27,846 [ERROR] pipeline.macro: Erro ao baixar série BCB 432: 406 Client Error: Not Acceptable for url: https://api.bcb.gov.br/dados/serie/bcdata.sgs.432/dados?formato=json&dataInicial=01%2F01%2F2010&dataFinal=04%2F05%2F2026
2026-05-04 15:43:27,846 [WARNING] pipeline.macro: Série Selic meta sem DatetimeIndex — usando fallback histórico
2026-05-04 15:43:27,847 [INFO] pipeline.macro: Baixando série BCB 12...
2026-05-04 15:43:27,942 [ERROR] pipeline.macro: Erro ao baixar série BCB 12: 406 Client Error: Not Acceptable for url: https://api.bcb.gov.br/dados/serie/bcdata.sgs.12/dados?formato=json&dataInicial=01%2F01%2F2010&dataFinal=04%2F05%2F2026
2026-05-04 15:43:27,942 [WARNING] pipeline.macro: Série DI sem DatetimeIndex — usando fallback histórico
2026-05-04 15:43:27,946 [WARNING] pipeline.macro: IPCA calculado fora do intervalo plausível (46.1%) para 2020 — usando fallback
2026-05-04 15:43:27,946 [WARNING] pipeline.macro: IPCA calculado fora do intervalo plausível (159.3%) para 2021 — usando fallback
2026-05-04 15:43:27,947 [WARNING] pipeline.macro: IPCA calculado fora do intervalo plausível (191.2%) para 2022 — usando fallback
2026-05-04 15:43:27,947 [WARNING] pipeline.macro: IPCA calculado fora do intervalo plausível (71.5%) para 2023 — usando fallback
2026-05-04 15:43:27,947 [WARNING] pipeline.macro: IPCA calculado fora do intervalo plausível (67.0%) para 2024 — usando fallback
2026-05-04 15:43:27,948 [WARNING] pipeline.macro: IPCA calculado fora do intervalo plausível (80.0%) para 2025 — usando fallback
2026-05-04 15:43:27,948 [INFO] pipeline.macro: Baixando série BCB 258...
2026-05-04 15:43:28,145 [ERROR] pipeline.macro: Erro ao baixar série BCB 258: 406 Client Error: Not Acceptable for url: https://api.bcb.gov.br/dados/serie/bcdata.sgs.258/dados?formato=json&dataInicial=01%2F01%2F2010&dataFinal=04%2F05%2F2026
2026-05-04 15:43:28,146 [WARNING] pipeline.macro: Série TJLP sem DatetimeIndex — usando fallback histórico
2026-05-04 15:43:28,155 [WARNING] pipeline.macro: IPCA calculado fora do intervalo plausível (46.1%) para 2020 — usando fallback
2026-05-04 15:43:28,156 [WARNING] pipeline.macro: IPCA calculado fora do intervalo plausível (159.3%) para 2021 — usando fallback
2026-05-04 15:43:28,156 [WARNING] pipeline.macro: IPCA calculado fora do intervalo plausível (191.2%) para 2022 — usando fallback
2026-05-04 15:43:28,157 [WARNING] pipeline.macro: IPCA calculado fora do intervalo plausível (71.5%) para 2023 — usando fallback
2026-05-04 15:43:28,157 [WARNING] pipeline.macro: IPCA calculado fora do intervalo plausível (67.0%) para 2024 — usando fallback
2026-05-04 15:43:28,157 [WARNING] pipeline.macro: IPCA calculado fora do intervalo plausível (80.0%) para 2025 — usando fallback
2026-05-04 15:43:28,157 [INFO] pipeline.macro: 
RESUMO MACRO HISTÓRICO:
2026-05-04 15:43:28,157 [INFO] pipeline.macro:   selic_meta     : 2021: 9.25% | 2022: 13.75% | 2023: 11.75% | 2024: 11.75% | 2025: 10.00%
2026-05-04 15:43:28,157 [INFO] pipeline.macro:   selic_efet     : 2021: 4.48% | 2022: 12.33% | 2023: 13.15% | 2024: 10.73% | 2025: 10.50%
2026-05-04 15:43:28,157 [INFO] pipeline.macro:   ipca           : 2021: 10.06% | 2022: 5.62% | 2023: 4.62% | 2024: 4.83% | 2025: 4.50%
2026-05-04 15:43:28,159 [INFO] pipeline.macro:   tjlp           : 2021: 5.25% | 2022: 6.25% | 2023: 7.00% | 2024: 7.00% | 2025: 6.50%
2026-05-04 15:43:28,159 [INFO] pipeline.macro:   cds            : 2021: 0.73% | 2022: 1.26% | 2023: 0.84% | 2024: 0.81% | 2025: 0.76%
2026-05-04 15:43:28,159 [INFO] pipeline.macro:   inflacao_impl  : 2021: 10.06% | 2022: 5.62% | 2023: 4.62% | 2024: 4.83% | 2025: 4.50%
2026-05-04 15:43:28,159 [INFO] pipeline: 
[3/6] Baixando demonstrações financeiras (CVM)...
2026-05-04 15:43:28,162 [INFO] pipeline.cvm: 
==================================================
2026-05-04 15:43:28,162 [INFO] pipeline.cvm: Baixando DFP 2020 (preferencia: con, fallback: ind)...
2026-05-04 15:43:28,377 [INFO] pipeline.cvm:   DFP dre 2020: 82 linhas
2026-05-04 15:43:28,763 [INFO] pipeline.cvm:   DFP bpa 2020: 82 linhas
2026-05-04 15:43:29,422 [INFO] pipeline.cvm:   DFP bpp 2020: 96 linhas
2026-05-04 15:43:29,793 [INFO] pipeline.cvm:   DFP dfc_mi 2020: 94 linhas
2026-05-04 15:43:29,824 [WARNING] pipeline.cvm:   Empresa 906 não encontrada em dfc_md 2020
2026-05-04 15:43:29,825 [INFO] pipeline.cvm:   DFP 2020: usando consolidado (con)
2026-05-04 15:43:29,825 [INFO] pipeline.cvm: 
==================================================
2026-05-04 15:43:29,825 [INFO] pipeline.cvm: Baixando DFP 2021 (preferencia: con, fallback: ind)...
2026-05-04 15:43:30,073 [INFO] pipeline.cvm:   DFP dre 2021: 82 linhas
2026-05-04 15:43:30,473 [INFO] pipeline.cvm:   DFP bpa 2021: 82 linhas
2026-05-04 15:43:31,162 [INFO] pipeline.cvm:   DFP bpp 2021: 86 linhas
2026-05-04 15:43:31,519 [WARNING] pipeline.cvm:   Empresa 906 não encontrada em dfc_mi 2021
2026-05-04 15:43:31,558 [INFO] pipeline.cvm:   DFP dfc_md 2021: 64 linhas
2026-05-04 15:43:31,559 [INFO] pipeline.cvm:   DFP 2021: usando consolidado (con)
2026-05-04 15:43:31,559 [INFO] pipeline.cvm: 
==================================================
2026-05-04 15:43:31,559 [INFO] pipeline.cvm: Baixando DFP 2022 (preferencia: con, fallback: ind)...
2026-05-04 15:43:31,790 [INFO] pipeline.cvm:   DFP dre 2022: 82 linhas
2026-05-04 15:43:32,288 [INFO] pipeline.cvm:   DFP bpa 2022: 82 linhas
2026-05-04 15:43:33,255 [INFO] pipeline.cvm:   DFP bpp 2022: 86 linhas
2026-05-04 15:43:33,737 [INFO] pipeline.cvm:   DFP dfc_mi 2022: 96 linhas
2026-05-04 15:43:33,775 [WARNING] pipeline.cvm:   Empresa 906 não encontrada em dfc_md 2022
2026-05-04 15:43:33,776 [INFO] pipeline.cvm:   DFP 2022: usando consolidado (con)
2026-05-04 15:43:33,776 [INFO] pipeline.cvm: 
==================================================
2026-05-04 15:43:33,776 [INFO] pipeline.cvm: Baixando DFP 2023 (preferencia: con, fallback: ind)...
2026-05-04 15:43:34,125 [INFO] pipeline.cvm:   DFP dre 2023: 82 linhas
2026-05-04 15:43:34,656 [INFO] pipeline.cvm:   DFP bpa 2023: 82 linhas
2026-05-04 15:43:35,951 [INFO] pipeline.cvm:   DFP bpp 2023: 86 linhas
2026-05-04 15:43:36,457 [INFO] pipeline.cvm:   DFP dfc_mi 2023: 96 linhas
2026-05-04 15:43:36,504 [WARNING] pipeline.cvm:   Empresa 906 não encontrada em dfc_md 2023
2026-05-04 15:43:36,505 [INFO] pipeline.cvm:   DFP 2023: usando consolidado (con)
2026-05-04 15:43:36,505 [INFO] pipeline.cvm: 
==================================================
2026-05-04 15:43:36,505 [INFO] pipeline.cvm: Baixando DFP 2024 (preferencia: con, fallback: ind)...
2026-05-04 15:43:36,770 [INFO] pipeline.cvm:   DFP dre 2024: 82 linhas
2026-05-04 15:43:37,216 [INFO] pipeline.cvm:   DFP bpa 2024: 82 linhas
2026-05-04 15:43:37,953 [INFO] pipeline.cvm:   DFP bpp 2024: 86 linhas
2026-05-04 15:43:38,367 [INFO] pipeline.cvm:   DFP dfc_mi 2024: 96 linhas
2026-05-04 15:43:38,401 [WARNING] pipeline.cvm:   Empresa 906 não encontrada em dfc_md 2024
2026-05-04 15:43:38,401 [INFO] pipeline.cvm:   DFP 2024: usando consolidado (con)
2026-05-04 15:43:38,401 [INFO] pipeline.cvm: 
==================================================
2026-05-04 15:43:38,402 [INFO] pipeline.cvm: Baixando DFP 2025 (preferencia: con, fallback: ind)...
2026-05-04 15:43:38,602 [INFO] pipeline.cvm:   DFP dre 2025: 82 linhas
2026-05-04 15:43:38,983 [INFO] pipeline.cvm:   DFP bpa 2025: 82 linhas
2026-05-04 15:43:39,644 [INFO] pipeline.cvm:   DFP bpp 2025: 86 linhas
2026-05-04 15:43:40,036 [INFO] pipeline.cvm:   DFP dfc_mi 2025: 96 linhas
2026-05-04 15:43:40,071 [WARNING] pipeline.cvm:   Empresa 906 não encontrada em dfc_md 2025
2026-05-04 15:43:40,071 [INFO] pipeline.cvm:   DFP 2025: usando consolidado (con)
2026-05-04 15:43:40,072 [INFO] pipeline: 
[4/6] Normalizando dados...
2026-05-04 15:43:41,067 [INFO] pipeline:   DRE normalizada:
2026-05-04 15:43:41,067 [INFO] pipeline:     margem_financeira_bruta: 2020: 49,853 | 2021: 70,322 | 2022: 74,602 | 2023: 68,082 | 2024: 68,941 | 2025: 76,339
2026-05-04 15:43:41,069 [INFO] pipeline:     lucro_liquido: 2020: 15,837 | 2021: 23,172 | 2022: 20,984 | 2023: 14,251 | 2024: 17,253 | 2025: 23,673
2026-05-04 15:43:41,072 [INFO] pipeline:   Qualidade dos dados: score=100/100 | warnings=0 | critical=0
2026-05-04 15:43:41,072 [INFO] pipeline: 
[5/6] Calculando projeções...
2026-05-04 15:43:41,074 [INFO] pipeline:   Premissas banco: NIM=5.0% | Payout=45% | g=5.5%
2026-05-04 15:43:41,075 [INFO] pipeline.projecoes: 
=== Rodando projeções ===
2026-05-04 15:43:41,078 [INFO] pipeline.projecoes:   NIM ~ Selic: slope=-0.7803, intercept=0.1230
2026-05-04 15:43:41,082 [INFO] pipeline.projecoes:   Margem op./MFB histórica (median 5a): 27.54%
2026-05-04 15:43:41,085 [INFO] pipeline.projecoes: Projeções concluídas. Resumo:
2026-05-04 15:43:41,086 [INFO] pipeline.projecoes:    Ano     Carteira        MFB      Lucro       FCFE
2026-05-04 15:43:41,086 [INFO] pipeline.projecoes:   2026      846,541     82,463     17,871      8,042
2026-05-04 15:43:41,086 [INFO] pipeline.projecoes:   2027      905,799    119,241     25,841     11,629
2026-05-04 15:43:41,086 [INFO] pipeline.projecoes:   2028      969,204    140,399     30,426     13,692
2026-05-04 15:43:41,086 [INFO] pipeline.projecoes:   2029    1,037,049    163,934     35,527     15,987
2026-05-04 15:43:41,086 [INFO] pipeline.projecoes:   2030    1,109,642    186,928     40,510     18,229
2026-05-04 15:43:41,086 [INFO] pipeline: 
[6/6] Calculando valuation (FCFE / Ke)...
2026-05-04 15:43:41,087 [INFO] pipeline.valuation: 
==================================================
2026-05-04 15:43:41,087 [INFO] pipeline.valuation: VALUATION COMPLETO — BBDC4
2026-05-04 15:43:41,087 [INFO] pipeline.valuation:   VP FCFE (10a):     R$       98,887 MM
2026-05-04 15:43:41,087 [INFO] pipeline.valuation:   Valor Perp. (VP):  R$      250,385 MM
2026-05-04 15:43:41,087 [INFO] pipeline.valuation:   VALOR DO EQUITY:   R$      349,272 MM
2026-05-04 15:43:41,087 [INFO] pipeline.valuation:   Preço Justo ON:    R$    34.63
2026-05-04 15:43:41,087 [INFO] pipeline.valuation:   Preço Justo PN:    R$    38.10
2026-05-04 15:43:41,087 [INFO] pipeline.valuation:   Cotação ON:        R$    16.38
2026-05-04 15:43:41,087 [INFO] pipeline.valuation:   Upside ON:              111.4%
2026-05-04 15:43:41,088 [INFO] pipeline.valuation:   TIR (ON):                14.5%
2026-05-04 15:43:41,088 [INFO] pipeline.valuation:   Preço Teto ON:     R$    34.63
2026-05-04 15:43:41,092 [INFO] pipeline.intelligence: [intelligence] BBDC4 → BUY | score=81 | risco=BAIXO | confiança=ALTA
2026-05-04 15:43:41,092 [INFO] pipeline:   Atualizando valuation existente: Valuation_BBDC4.xlsx
2026-05-04 15:43:41,442 [INFO] pipeline.excel: 
============================================================
2026-05-04 15:43:41,442 [INFO] pipeline.excel: Escrevendo template: Valuation_BBDC4.xlsx
2026-05-04 15:43:41,516 [INFO] pipeline.excel:   -> Metodologia
2026-05-04 15:43:41,539 [INFO] pipeline.excel:   → Dashboard
2026-05-04 15:43:41,540 [INFO] pipeline.excel:   → Ke
2026-05-04 15:43:41,550 [INFO] pipeline.excel:   → Balanço Patrimonial
2026-05-04 15:43:41,570 [INFO] pipeline.excel:   → DRE Recorrente
2026-05-04 15:43:41,612 [INFO] pipeline.excel:   → DRE + DCF
2026-05-04 15:43:41,624 [INFO] pipeline.excel:   → Projeções NIM
2026-05-04 15:43:41,685 [INFO] pipeline.excel:   → Painel de Índices
2026-05-04 15:43:41,795 [INFO] pipeline.excel: 
Arquivo salvo: C:\Users\55819\OneDrive - EPEJUD\DIEGO\OBSIDIAN\Analista de Investimentos\12_PYTHON\pipeline banco completo\outputs\valuations\BBDC4\Valuation_BBDC4.xlsx
2026-05-04 15:43:41,801 [INFO] pipeline:   Run summary:       C:\Users\55819\OneDrive - EPEJUD\DIEGO\OBSIDIAN\Analista de Investimentos\12_PYTHON\pipeline banco completo\outputs\run_summaries\run_summary_BBDC4_20260504_154341.json
2026-05-04 15:43:41,818 [INFO] pipeline.database: [database] BBDC4 salvo — id=6 | score=81 | rec=BUY
2026-05-04 15:43:41,826 [INFO] pipeline.report_writer: [report_writer] BBDC4 — relatório gerado: Tese_BBDC4_Bradesco_20260504_154341.md
2026-05-04 15:43:41,829 [INFO] pipeline.parser_ri: [parser_ri] Iniciando extração para BBDC4 (CVM=906)
2026-05-04 15:43:42,233 [INFO] pipeline.parser_ri: [parser_ri] Processando: https://dados.cvm.gov.br/dados/CIA_ABERTA/IPE/DOC/906/IPE_DFP_906_2026.zip
2026-05-04 15:43:42,427 [INFO] pipeline.parser_ri: [parser_ri] Processando: https://dados.cvm.gov.br/dados/CIA_ABERTA/IPE/DOC/906/IPE_DFP_906_2026.zip
2026-05-04 15:43:42,627 [INFO] pipeline.parser_ri: [parser_ri] Processando: https://dados.cvm.gov.br/dados/CIA_ABERTA/IPE/DOC/906/IPE_DFP_906_2026.zip
2026-05-04 15:43:42,813 [INFO] pipeline.parser_ri: [parser_ri] BBDC4 — 0 doc(s) processado(s), 0 métrica(s) extraída(s): []
2026-05-04 15:43:42,813 [INFO] pipeline: 
======================================================================
2026-05-04 15:43:42,813 [INFO] pipeline: RESUMO DO VALUATION (FCFE/Ke)
2026-05-04 15:43:42,813 [INFO] pipeline: ======================================================================
2026-05-04 15:43:42,814 [INFO] pipeline:   Empresa:           Bradesco (BBDC4)
2026-05-04 15:43:42,814 [INFO] pipeline:   Cotação ON:        R$ 16.38
2026-05-04 15:43:42,814 [INFO] pipeline:   Preço Justo ON:    R$ 34.63
2026-05-04 15:43:42,814 [INFO] pipeline:   Upside ON:            111.4%
2026-05-04 15:43:42,814 [INFO] pipeline:   TIR:                  14.5%
2026-05-04 15:43:42,815 [INFO] pipeline:   Preço Teto ON:     R$ 34.63
2026-05-04 15:43:42,815 [INFO] pipeline: 
  ── Intelligence ──────────────────────────────────────
2026-05-04 15:43:42,815 [INFO] pipeline:   Recomendação:      BUY
2026-05-04 15:43:42,815 [INFO] pipeline:   Score:             81/100
2026-05-04 15:43:42,815 [INFO] pipeline:   Risco:             BAIXO
2026-05-04 15:43:42,815 [INFO] pipeline:   Confiança:         ALTA (dados completos, sem avisos, histórico disponível)
2026-05-04 15:43:42,816 [INFO] pipeline:   Tese:              Bradesco (BBDC4) apresenta desconto relevante frente ao valor justo estimado. Cotação de R$ 16.38 vs. preço justo de R$ 34.63 (+111.4% de upside), TIR de 14.5%. Fundamentos: ROE de 13.7%, inadimplência de 6.0%. Score: 81/100 | Risco: BAIXO | Confiança: ALTA.
2026-05-04 15:43:42,816 [INFO] pipeline: 
  Arquivo gerado:    C:\Users\55819\OneDrive - EPEJUD\DIEGO\OBSIDIAN\Analista de Investimentos\12_PYTHON\pipeline banco completo\outputs\valuations\BBDC4\Valuation_BBDC4.xlsx
2026-05-04 15:43:42,816 [INFO] pipeline:   Tese Markdown:     C:\Users\55819\OneDrive - EPEJUD\DIEGO\OBSIDIAN\Analista de Investimentos\12_PYTHON\pipeline banco completo\outputs\reports\Tese_BBDC4_Bradesco_20260504_154341.md
2026-05-04 15:43:42,816 [INFO] pipeline: ======================================================================
