2026-05-04 10:26:49,419 [INFO] pipeline: ======================================================================
2026-05-04 10:26:49,419 [INFO] pipeline: AUDITORIA CVM/B3 — 1 ticker(s): PETR4
2026-05-04 10:26:49,420 [INFO] pipeline: ======================================================================
2026-05-04 10:26:49,420 [INFO] pipeline: 
Auditorando PETR4...
2026-05-04 10:26:49,801 [INFO] pipeline.cvm:   DFP dre 2020: 86 linhas
2026-05-04 10:26:50,291 [INFO] pipeline.cvm:   DFP bpa 2020: 130 linhas
2026-05-04 10:26:51,086 [INFO] pipeline.cvm:   DFP bpp 2020: 218 linhas
2026-05-04 10:26:51,500 [INFO] pipeline.cvm:   DFP dfc_mi 2020: 124 linhas
2026-05-04 10:26:51,529 [WARNING] pipeline.cvm:   Empresa 9512 não encontrada em dfc_md 2020
2026-05-04 10:26:51,930 [INFO] pipeline.cvm:   DFP dre 2020: 82 linhas
2026-05-04 10:26:52,878 [INFO] pipeline.cvm:   DFP bpa 2020: 132 linhas
2026-05-04 10:26:54,074 [INFO] pipeline.cvm:   DFP bpp 2020: 220 linhas
2026-05-04 10:26:54,611 [INFO] pipeline.cvm:   DFP dfc_mi 2020: 122 linhas
2026-05-04 10:26:54,659 [WARNING] pipeline.cvm:   Empresa 9512 não encontrada em dfc_md 2020
2026-05-04 10:26:54,959 [INFO] pipeline.cvm:   DFP dre 2021: 86 linhas
2026-05-04 10:26:55,408 [INFO] pipeline.cvm:   DFP bpa 2021: 130 linhas
2026-05-04 10:26:56,245 [INFO] pipeline.cvm:   DFP bpp 2021: 218 linhas
2026-05-04 10:26:56,597 [INFO] pipeline.cvm:   DFP dfc_mi 2021: 126 linhas
2026-05-04 10:26:56,627 [WARNING] pipeline.cvm:   Empresa 9512 não encontrada em dfc_md 2021
2026-05-04 10:26:56,960 [INFO] pipeline.cvm:   DFP dre 2021: 82 linhas
2026-05-04 10:26:57,730 [INFO] pipeline.cvm:   DFP bpa 2021: 132 linhas
2026-05-04 10:26:59,182 [INFO] pipeline.cvm:   DFP bpp 2021: 220 linhas
2026-05-04 10:26:59,708 [INFO] pipeline.cvm:   DFP dfc_mi 2021: 124 linhas
2026-05-04 10:26:59,755 [WARNING] pipeline.cvm:   Empresa 9512 não encontrada em dfc_md 2021
2026-05-04 10:27:00,006 [INFO] pipeline.cvm:   DFP dre 2022: 86 linhas
2026-05-04 10:27:00,498 [INFO] pipeline.cvm:   DFP bpa 2022: 130 linhas
2026-05-04 10:27:01,344 [INFO] pipeline.cvm:   DFP bpp 2022: 218 linhas
2026-05-04 10:27:01,736 [INFO] pipeline.cvm:   DFP dfc_mi 2022: 128 linhas
2026-05-04 10:27:01,767 [WARNING] pipeline.cvm:   Empresa 9512 não encontrada em dfc_md 2022
2026-05-04 10:27:02,131 [INFO] pipeline.cvm:   DFP dre 2022: 82 linhas
2026-05-04 10:27:02,891 [INFO] pipeline.cvm:   DFP bpa 2022: 132 linhas
2026-05-04 10:27:04,121 [INFO] pipeline.cvm:   DFP bpp 2022: 220 linhas
2026-05-04 10:27:04,708 [INFO] pipeline.cvm:   DFP dfc_mi 2022: 128 linhas
2026-05-04 10:27:04,761 [WARNING] pipeline.cvm:   Empresa 9512 não encontrada em dfc_md 2022
2026-05-04 10:27:05,066 [INFO] pipeline.cvm:   DFP dre 2023: 86 linhas
2026-05-04 10:27:05,615 [INFO] pipeline.cvm:   DFP bpa 2023: 130 linhas
2026-05-04 10:27:06,586 [INFO] pipeline.cvm:   DFP bpp 2023: 220 linhas
2026-05-04 10:27:07,231 [INFO] pipeline.cvm:   DFP dfc_mi 2023: 130 linhas
2026-05-04 10:27:07,280 [WARNING] pipeline.cvm:   Empresa 9512 não encontrada em dfc_md 2023
2026-05-04 10:27:07,733 [INFO] pipeline.cvm:   DFP dre 2023: 82 linhas
2026-05-04 10:27:08,716 [INFO] pipeline.cvm:   DFP bpa 2023: 132 linhas
2026-05-04 10:27:10,011 [INFO] pipeline.cvm:   DFP bpp 2023: 222 linhas
2026-05-04 10:27:10,617 [INFO] pipeline.cvm:   DFP dfc_mi 2023: 130 linhas
2026-05-04 10:27:10,684 [WARNING] pipeline.cvm:   Empresa 9512 não encontrada em dfc_md 2023
2026-05-04 10:27:10,968 [INFO] pipeline.cvm:   DFP dre 2024: 86 linhas
2026-05-04 10:27:11,441 [INFO] pipeline.cvm:   DFP bpa 2024: 130 linhas
2026-05-04 10:27:12,378 [INFO] pipeline.cvm:   DFP bpp 2024: 220 linhas
2026-05-04 10:27:12,888 [INFO] pipeline.cvm:   DFP dfc_mi 2024: 130 linhas
2026-05-04 10:27:12,922 [WARNING] pipeline.cvm:   Empresa 9512 não encontrada em dfc_md 2024
2026-05-04 10:27:13,304 [INFO] pipeline.cvm:   DFP dre 2024: 82 linhas
2026-05-04 10:27:14,033 [INFO] pipeline.cvm:   DFP bpa 2024: 132 linhas
2026-05-04 10:27:15,284 [INFO] pipeline.cvm:   DFP bpp 2024: 222 linhas
2026-05-04 10:27:15,978 [INFO] pipeline.cvm:   DFP dfc_mi 2024: 130 linhas
2026-05-04 10:27:16,042 [WARNING] pipeline.cvm:   Empresa 9512 não encontrada em dfc_md 2024
2026-05-04 10:27:16,284 [INFO] pipeline.cvm:   DFP dre 2025: 86 linhas
2026-05-04 10:27:16,753 [INFO] pipeline.cvm:   DFP bpa 2025: 136 linhas
2026-05-04 10:27:17,556 [INFO] pipeline.cvm:   DFP bpp 2025: 220 linhas
2026-05-04 10:27:17,976 [INFO] pipeline.cvm:   DFP dfc_mi 2025: 130 linhas
2026-05-04 10:27:18,008 [WARNING] pipeline.cvm:   Empresa 9512 não encontrada em dfc_md 2025
2026-05-04 10:27:18,354 [INFO] pipeline.cvm:   DFP dre 2025: 82 linhas
2026-05-04 10:27:19,103 [INFO] pipeline.cvm:   DFP bpa 2025: 136 linhas
2026-05-04 10:27:20,240 [INFO] pipeline.cvm:   DFP bpp 2025: 222 linhas
2026-05-04 10:27:20,805 [INFO] pipeline.cvm:   DFP dfc_mi 2025: 130 linhas
2026-05-04 10:27:20,850 [WARNING] pipeline.cvm:   Empresa 9512 não encontrada em dfc_md 2025
2026-05-04 10:27:48,057 [INFO] pipeline:   PETR4: score=77/100 | critical=1 | warnings=1
2026-05-04 10:27:48,057 [INFO] pipeline:   Relatorio: C:\Users\55819\OneDrive - EPEJUD\DIEGO\OBSIDIAN\Analista de Investimentos\12_PYTHON\pipeline banco completo\outputs\data_quality\audit_PETR4_20260504.md
2026-05-04 10:27:48,077 [INFO] pipeline: 
======================================================================
2026-05-04 10:27:48,078 [INFO] pipeline: RESUMO DA AUDITORIA
2026-05-04 10:27:48,078 [INFO] pipeline: ======================================================================
2026-05-04 10:27:48,078 [INFO] pipeline:   Auditados: 1
2026-05-04 10:27:48,078 [INFO] pipeline:   Erros:     0
2026-05-04 10:27:48,079 [INFO] pipeline:   CSV:       C:\Users\55819\OneDrive - EPEJUD\DIEGO\OBSIDIAN\Analista de Investimentos\12_PYTHON\pipeline banco completo\outputs\data_quality\audit_all_20260504.csv
