2026-05-03 15:14:43,304 [INFO] pipeline: ======================================================================
2026-05-03 15:14:43,305 [INFO] pipeline: AUDITORIA CVM/B3 — 1 ticker(s): WEGE3
2026-05-03 15:14:43,305 [INFO] pipeline: ======================================================================
2026-05-03 15:14:43,306 [INFO] pipeline: 
Auditorando WEGE3...
2026-05-03 15:14:43,710 [INFO] pipeline.cvm:   DFP dre 2020: 64 linhas
2026-05-03 15:14:44,307 [INFO] pipeline.cvm:   DFP bpa 2020: 130 linhas
2026-05-03 15:14:45,241 [INFO] pipeline.cvm:   DFP bpp 2020: 238 linhas
2026-05-03 15:14:45,768 [INFO] pipeline.cvm:   DFP dfc_mi 2020: 94 linhas
2026-05-03 15:14:45,827 [WARNING] pipeline.cvm:   Empresa 5410 não encontrada em dfc_md 2020
2026-05-03 15:14:46,244 [INFO] pipeline.cvm:   DFP dre 2020: 60 linhas
2026-05-03 15:14:46,928 [INFO] pipeline.cvm:   DFP bpa 2020: 126 linhas
2026-05-03 15:14:47,965 [INFO] pipeline.cvm:   DFP bpp 2020: 220 linhas
2026-05-03 15:14:48,438 [INFO] pipeline.cvm:   DFP dfc_mi 2020: 60 linhas
2026-05-03 15:14:48,486 [WARNING] pipeline.cvm:   Empresa 5410 não encontrada em dfc_md 2020
2026-05-03 15:14:49,409 [INFO] pipeline.cvm:   ITR dre 2020 Ttodos: 320 linhas
2026-05-03 15:14:50,586 [INFO] pipeline.cvm:   ITR bpa 2020 Ttodos: 390 linhas
2026-05-03 15:14:52,452 [INFO] pipeline.cvm:   ITR bpp 2020 Ttodos: 714 linhas
2026-05-03 15:14:53,335 [INFO] pipeline.cvm:   ITR dfc_mi 2020 Ttodos: 252 linhas
2026-05-03 15:14:55,132 [INFO] pipeline.cvm:   ITR dre 2020 Ttodos: 300 linhas
2026-05-03 15:14:57,126 [INFO] pipeline.cvm:   ITR bpa 2020 Ttodos: 378 linhas
2026-05-03 15:15:00,244 [INFO] pipeline.cvm:   ITR bpp 2020 Ttodos: 660 linhas
2026-05-03 15:15:01,489 [INFO] pipeline.cvm:   ITR dfc_mi 2020 Ttodos: 168 linhas
2026-05-03 15:15:01,867 [INFO] pipeline.cvm:   DFP dre 2021: 64 linhas
2026-05-03 15:15:02,307 [INFO] pipeline.cvm:   DFP bpa 2021: 130 linhas
2026-05-03 15:15:03,267 [INFO] pipeline.cvm:   DFP bpp 2021: 238 linhas
2026-05-03 15:15:03,745 [INFO] pipeline.cvm:   DFP dfc_mi 2021: 96 linhas
2026-05-03 15:15:03,790 [WARNING] pipeline.cvm:   Empresa 5410 não encontrada em dfc_md 2021
2026-05-03 15:15:04,228 [INFO] pipeline.cvm:   DFP dre 2021: 60 linhas
2026-05-03 15:15:05,139 [INFO] pipeline.cvm:   DFP bpa 2021: 126 linhas
2026-05-03 15:15:06,492 [INFO] pipeline.cvm:   DFP bpp 2021: 220 linhas
2026-05-03 15:15:07,044 [INFO] pipeline.cvm:   DFP dfc_mi 2021: 60 linhas
2026-05-03 15:15:07,094 [WARNING] pipeline.cvm:   Empresa 5410 não encontrada em dfc_md 2021
2026-05-03 15:15:08,223 [INFO] pipeline.cvm:   ITR dre 2021 Ttodos: 320 linhas
2026-05-03 15:15:09,562 [INFO] pipeline.cvm:   ITR bpa 2021 Ttodos: 390 linhas
2026-05-03 15:15:11,961 [INFO] pipeline.cvm:   ITR bpp 2021 Ttodos: 714 linhas
2026-05-03 15:15:13,049 [INFO] pipeline.cvm:   ITR dfc_mi 2021 Ttodos: 278 linhas
2026-05-03 15:15:15,050 [INFO] pipeline.cvm:   ITR dre 2021 Ttodos: 300 linhas
2026-05-03 15:15:17,291 [INFO] pipeline.cvm:   ITR bpa 2021 Ttodos: 378 linhas
2026-05-03 15:15:20,925 [INFO] pipeline.cvm:   ITR bpp 2021 Ttodos: 660 linhas
2026-05-03 15:15:22,330 [INFO] pipeline.cvm:   ITR dfc_mi 2021 Ttodos: 176 linhas
2026-05-03 15:15:22,689 [INFO] pipeline.cvm:   DFP dre 2022: 68 linhas
2026-05-03 15:15:23,099 [INFO] pipeline.cvm:   DFP bpa 2022: 136 linhas
2026-05-03 15:15:23,843 [INFO] pipeline.cvm:   DFP bpp 2022: 238 linhas
2026-05-03 15:15:24,322 [INFO] pipeline.cvm:   DFP dfc_mi 2022: 98 linhas
2026-05-03 15:15:24,362 [WARNING] pipeline.cvm:   Empresa 5410 não encontrada em dfc_md 2022
2026-05-03 15:15:24,785 [INFO] pipeline.cvm:   DFP dre 2022: 60 linhas
2026-05-03 15:15:25,555 [INFO] pipeline.cvm:   DFP bpa 2022: 128 linhas
2026-05-03 15:15:26,986 [INFO] pipeline.cvm:   DFP bpp 2022: 220 linhas
2026-05-03 15:15:27,560 [INFO] pipeline.cvm:   DFP dfc_mi 2022: 60 linhas
2026-05-03 15:15:27,613 [WARNING] pipeline.cvm:   Empresa 5410 não encontrada em dfc_md 2022
2026-05-03 15:15:28,791 [INFO] pipeline.cvm:   ITR dre 2022 Ttodos: 340 linhas
2026-05-03 15:15:30,170 [INFO] pipeline.cvm:   ITR bpa 2022 Ttodos: 406 linhas
2026-05-03 15:15:32,873 [INFO] pipeline.cvm:   ITR bpp 2022 Ttodos: 714 linhas
2026-05-03 15:15:34,282 [INFO] pipeline.cvm:   ITR dfc_mi 2022 Ttodos: 280 linhas
2026-05-03 15:15:36,420 [INFO] pipeline.cvm:   ITR dre 2022 Ttodos: 300 linhas
2026-05-03 15:15:38,769 [INFO] pipeline.cvm:   ITR bpa 2022 Ttodos: 386 linhas
2026-05-03 15:15:42,858 [INFO] pipeline.cvm:   ITR bpp 2022 Ttodos: 660 linhas
2026-05-03 15:15:44,545 [INFO] pipeline.cvm:   ITR dfc_mi 2022 Ttodos: 176 linhas
2026-05-03 15:15:44,961 [INFO] pipeline.cvm:   DFP dre 2023: 68 linhas
2026-05-03 15:15:45,539 [INFO] pipeline.cvm:   DFP bpa 2023: 136 linhas
2026-05-03 15:15:46,435 [INFO] pipeline.cvm:   DFP bpp 2023: 236 linhas
2026-05-03 15:15:46,949 [INFO] pipeline.cvm:   DFP dfc_mi 2023: 112 linhas
2026-05-03 15:15:46,980 [WARNING] pipeline.cvm:   Empresa 5410 não encontrada em dfc_md 2023
2026-05-03 15:15:47,371 [INFO] pipeline.cvm:   DFP dre 2023: 60 linhas
2026-05-03 15:15:48,230 [INFO] pipeline.cvm:   DFP bpa 2023: 128 linhas
2026-05-03 15:15:49,399 [INFO] pipeline.cvm:   DFP bpp 2023: 220 linhas
2026-05-03 15:15:49,998 [INFO] pipeline.cvm:   DFP dfc_mi 2023: 78 linhas
2026-05-03 15:15:50,047 [WARNING] pipeline.cvm:   Empresa 5410 não encontrada em dfc_md 2023
2026-05-03 15:15:51,179 [INFO] pipeline.cvm:   ITR dre 2023 Ttodos: 340 linhas
2026-05-03 15:15:52,536 [INFO] pipeline.cvm:   ITR bpa 2023 Ttodos: 408 linhas
2026-05-03 15:15:55,218 [INFO] pipeline.cvm:   ITR bpp 2023 Ttodos: 714 linhas
2026-05-03 15:15:56,509 [INFO] pipeline.cvm:   ITR dfc_mi 2023 Ttodos: 306 linhas
2026-05-03 15:15:58,445 [INFO] pipeline.cvm:   ITR dre 2023 Ttodos: 300 linhas
2026-05-03 15:16:00,898 [INFO] pipeline.cvm:   ITR bpa 2023 Ttodos: 384 linhas
2026-05-03 15:16:04,806 [INFO] pipeline.cvm:   ITR bpp 2023 Ttodos: 660 linhas
2026-05-03 15:16:06,418 [INFO] pipeline.cvm:   ITR dfc_mi 2023 Ttodos: 198 linhas
2026-05-03 15:16:06,861 [INFO] pipeline.cvm:   DFP dre 2024: 68 linhas
2026-05-03 15:16:07,275 [INFO] pipeline.cvm:   DFP bpa 2024: 136 linhas
2026-05-03 15:16:08,043 [INFO] pipeline.cvm:   DFP bpp 2024: 236 linhas
2026-05-03 15:16:08,445 [INFO] pipeline.cvm:   DFP dfc_mi 2024: 112 linhas
2026-05-03 15:16:08,473 [WARNING] pipeline.cvm:   Empresa 5410 não encontrada em dfc_md 2024
2026-05-03 15:16:08,810 [INFO] pipeline.cvm:   DFP dre 2024: 60 linhas
2026-05-03 15:16:09,445 [INFO] pipeline.cvm:   DFP bpa 2024: 128 linhas
2026-05-03 15:16:10,712 [INFO] pipeline.cvm:   DFP bpp 2024: 220 linhas
2026-05-03 15:16:11,301 [INFO] pipeline.cvm:   DFP dfc_mi 2024: 78 linhas
2026-05-03 15:16:11,345 [WARNING] pipeline.cvm:   Empresa 5410 não encontrada em dfc_md 2024
2026-05-03 15:16:12,680 [INFO] pipeline.cvm:   ITR dre 2024 Ttodos: 340 linhas
2026-05-03 15:16:14,038 [INFO] pipeline.cvm:   ITR bpa 2024 Ttodos: 408 linhas
2026-05-03 15:16:16,455 [INFO] pipeline.cvm:   ITR bpp 2024 Ttodos: 708 linhas
2026-05-03 15:16:17,571 [INFO] pipeline.cvm:   ITR dfc_mi 2024 Ttodos: 316 linhas
2026-05-03 15:16:19,335 [INFO] pipeline.cvm:   ITR dre 2024 Ttodos: 300 linhas
2026-05-03 15:16:21,256 [INFO] pipeline.cvm:   ITR bpa 2024 Ttodos: 384 linhas
2026-05-03 15:16:24,839 [INFO] pipeline.cvm:   ITR bpp 2024 Ttodos: 660 linhas
2026-05-03 15:16:26,627 [INFO] pipeline.cvm:   ITR dfc_mi 2024 Ttodos: 214 linhas
2026-05-03 15:16:27,042 [INFO] pipeline.cvm:   DFP dre 2025: 68 linhas
2026-05-03 15:16:27,431 [INFO] pipeline.cvm:   DFP bpa 2025: 136 linhas
2026-05-03 15:16:28,103 [INFO] pipeline.cvm:   DFP bpp 2025: 238 linhas
2026-05-03 15:16:28,563 [INFO] pipeline.cvm:   DFP dfc_mi 2025: 112 linhas
2026-05-03 15:16:28,587 [WARNING] pipeline.cvm:   Empresa 5410 não encontrada em dfc_md 2025
2026-05-03 15:16:28,906 [INFO] pipeline.cvm:   DFP dre 2025: 60 linhas
2026-05-03 15:16:29,499 [INFO] pipeline.cvm:   DFP bpa 2025: 128 linhas
2026-05-03 15:16:30,635 [INFO] pipeline.cvm:   DFP bpp 2025: 224 linhas
2026-05-03 15:16:31,193 [INFO] pipeline.cvm:   DFP dfc_mi 2025: 78 linhas
2026-05-03 15:16:31,234 [WARNING] pipeline.cvm:   Empresa 5410 não encontrada em dfc_md 2025
2026-05-03 15:16:32,463 [INFO] pipeline.cvm:   ITR dre 2025 Ttodos: 340 linhas
2026-05-03 15:16:33,833 [INFO] pipeline.cvm:   ITR bpa 2025 Ttodos: 408 linhas
2026-05-03 15:16:36,050 [INFO] pipeline.cvm:   ITR bpp 2025 Ttodos: 708 linhas
2026-05-03 15:16:37,179 [INFO] pipeline.cvm:   ITR dfc_mi 2025 Ttodos: 316 linhas
2026-05-03 15:16:38,949 [INFO] pipeline.cvm:   ITR dre 2025 Ttodos: 300 linhas
2026-05-03 15:16:41,079 [INFO] pipeline.cvm:   ITR bpa 2025 Ttodos: 386 linhas
2026-05-03 15:16:44,589 [INFO] pipeline.cvm:   ITR bpp 2025 Ttodos: 660 linhas
2026-05-03 15:16:46,339 [INFO] pipeline.cvm:   ITR dfc_mi 2025 Ttodos: 214 linhas
