2026-05-04 10:28:46,891 [INFO] pipeline: ======================================================================
2026-05-04 10:28:46,891 [INFO] pipeline: AUDITORIA CVM/B3 — 1 ticker(s): TAEE11
2026-05-04 10:28:46,892 [INFO] pipeline: ======================================================================
2026-05-04 10:28:46,892 [INFO] pipeline: 
Auditorando TAEE11...
2026-05-04 10:28:47,347 [INFO] pipeline.cvm:   DFP dre 2020: 84 linhas
2026-05-04 10:28:48,007 [INFO] pipeline.cvm:   DFP bpa 2020: 142 linhas
2026-05-04 10:28:48,974 [INFO] pipeline.cvm:   DFP bpp 2020: 262 linhas
2026-05-04 10:28:49,514 [INFO] pipeline.cvm:   DFP dfc_mi 2020: 122 linhas
2026-05-04 10:28:49,559 [WARNING] pipeline.cvm:   Empresa 18376 não encontrada em dfc_md 2020
2026-05-04 10:28:50,108 [INFO] pipeline.cvm:   DFP dre 2020: 78 linhas
2026-05-04 10:28:50,931 [INFO] pipeline.cvm:   DFP bpa 2020: 144 linhas
2026-05-04 10:28:52,057 [INFO] pipeline.cvm:   DFP bpp 2020: 260 linhas
2026-05-04 10:28:52,537 [INFO] pipeline.cvm:   DFP dfc_mi 2020: 116 linhas
2026-05-04 10:28:52,577 [WARNING] pipeline.cvm:   Empresa 18376 não encontrada em dfc_md 2020
2026-05-04 10:28:52,811 [INFO] pipeline.cvm:   DFP dre 2021: 84 linhas
2026-05-04 10:28:53,285 [INFO] pipeline.cvm:   DFP bpa 2021: 142 linhas
2026-05-04 10:28:54,084 [INFO] pipeline.cvm:   DFP bpp 2021: 262 linhas
2026-05-04 10:28:54,463 [INFO] pipeline.cvm:   DFP dfc_mi 2021: 122 linhas
2026-05-04 10:28:54,495 [WARNING] pipeline.cvm:   Empresa 18376 não encontrada em dfc_md 2021
2026-05-04 10:28:54,853 [INFO] pipeline.cvm:   DFP dre 2021: 78 linhas
2026-05-04 10:28:55,574 [INFO] pipeline.cvm:   DFP bpa 2021: 144 linhas
2026-05-04 10:28:56,884 [INFO] pipeline.cvm:   DFP bpp 2021: 260 linhas
2026-05-04 10:28:57,432 [INFO] pipeline.cvm:   DFP dfc_mi 2021: 114 linhas
2026-05-04 10:28:57,484 [WARNING] pipeline.cvm:   Empresa 18376 não encontrada em dfc_md 2021
2026-05-04 10:28:57,733 [INFO] pipeline.cvm:   DFP dre 2022: 84 linhas
2026-05-04 10:28:58,218 [INFO] pipeline.cvm:   DFP bpa 2022: 142 linhas
2026-05-04 10:28:59,051 [INFO] pipeline.cvm:   DFP bpp 2022: 262 linhas
2026-05-04 10:28:59,468 [INFO] pipeline.cvm:   DFP dfc_mi 2022: 126 linhas
2026-05-04 10:28:59,507 [WARNING] pipeline.cvm:   Empresa 18376 não encontrada em dfc_md 2022
2026-05-04 10:28:59,892 [INFO] pipeline.cvm:   DFP dre 2022: 78 linhas
2026-05-04 10:29:00,705 [INFO] pipeline.cvm:   DFP bpa 2022: 146 linhas
2026-05-04 10:29:01,979 [INFO] pipeline.cvm:   DFP bpp 2022: 260 linhas
2026-05-04 10:29:02,568 [INFO] pipeline.cvm:   DFP dfc_mi 2022: 116 linhas
2026-05-04 10:29:02,634 [WARNING] pipeline.cvm:   Empresa 18376 não encontrada em dfc_md 2022
2026-05-04 10:29:02,891 [INFO] pipeline.cvm:   DFP dre 2023: 86 linhas
2026-05-04 10:29:03,418 [INFO] pipeline.cvm:   DFP bpa 2023: 142 linhas
2026-05-04 10:29:04,257 [INFO] pipeline.cvm:   DFP bpp 2023: 262 linhas
2026-05-04 10:29:04,682 [INFO] pipeline.cvm:   DFP dfc_mi 2023: 126 linhas
2026-05-04 10:29:04,725 [WARNING] pipeline.cvm:   Empresa 18376 não encontrada em dfc_md 2023
2026-05-04 10:29:05,086 [INFO] pipeline.cvm:   DFP dre 2023: 80 linhas
2026-05-04 10:29:05,809 [INFO] pipeline.cvm:   DFP bpa 2023: 148 linhas
2026-05-04 10:29:07,087 [INFO] pipeline.cvm:   DFP bpp 2023: 260 linhas
2026-05-04 10:29:07,701 [INFO] pipeline.cvm:   DFP dfc_mi 2023: 116 linhas
2026-05-04 10:29:07,760 [WARNING] pipeline.cvm:   Empresa 18376 não encontrada em dfc_md 2023
2026-05-04 10:29:08,047 [INFO] pipeline.cvm:   DFP dre 2024: 86 linhas
2026-05-04 10:29:08,576 [INFO] pipeline.cvm:   DFP bpa 2024: 142 linhas
2026-05-04 10:29:09,376 [INFO] pipeline.cvm:   DFP bpp 2024: 262 linhas
2026-05-04 10:29:09,808 [INFO] pipeline.cvm:   DFP dfc_mi 2024: 128 linhas
2026-05-04 10:29:09,846 [WARNING] pipeline.cvm:   Empresa 18376 não encontrada em dfc_md 2024
2026-05-04 10:29:10,203 [INFO] pipeline.cvm:   DFP dre 2024: 80 linhas
2026-05-04 10:29:10,953 [INFO] pipeline.cvm:   DFP bpa 2024: 148 linhas
2026-05-04 10:29:12,151 [INFO] pipeline.cvm:   DFP bpp 2024: 260 linhas
2026-05-04 10:29:12,713 [INFO] pipeline.cvm:   DFP dfc_mi 2024: 120 linhas
2026-05-04 10:29:12,773 [WARNING] pipeline.cvm:   Empresa 18376 não encontrada em dfc_md 2024
2026-05-04 10:29:13,043 [INFO] pipeline.cvm:   DFP dre 2025: 86 linhas
2026-05-04 10:29:13,566 [INFO] pipeline.cvm:   DFP bpa 2025: 142 linhas
2026-05-04 10:29:14,354 [INFO] pipeline.cvm:   DFP bpp 2025: 262 linhas
2026-05-04 10:29:14,746 [INFO] pipeline.cvm:   DFP dfc_mi 2025: 130 linhas
2026-05-04 10:29:14,778 [WARNING] pipeline.cvm:   Empresa 18376 não encontrada em dfc_md 2025
2026-05-04 10:29:15,076 [INFO] pipeline.cvm:   DFP dre 2025: 80 linhas
2026-05-04 10:29:15,675 [INFO] pipeline.cvm:   DFP bpa 2025: 148 linhas
2026-05-04 10:29:16,751 [INFO] pipeline.cvm:   DFP bpp 2025: 260 linhas
2026-05-04 10:29:17,265 [INFO] pipeline.cvm:   DFP dfc_mi 2025: 120 linhas
2026-05-04 10:29:17,310 [WARNING] pipeline.cvm:   Empresa 18376 não encontrada em dfc_md 2025
2026-05-04 10:33:58,920 [INFO] pipeline:   TAEE11: score=77/100 | critical=1 | warnings=1
2026-05-04 10:33:58,920 [INFO] pipeline:   Relatorio: C:\Users\55819\OneDrive - EPEJUD\DIEGO\OBSIDIAN\Analista de Investimentos\12_PYTHON\pipeline banco completo\outputs\data_quality\audit_TAEE11_20260504.md
2026-05-04 10:33:58,940 [INFO] pipeline: 
======================================================================
2026-05-04 10:33:58,940 [INFO] pipeline: RESUMO DA AUDITORIA
2026-05-04 10:33:58,940 [INFO] pipeline: ======================================================================
2026-05-04 10:33:58,940 [INFO] pipeline:   Auditados: 1
2026-05-04 10:33:58,941 [INFO] pipeline:   Erros:     0
2026-05-04 10:33:58,941 [INFO] pipeline:   CSV:       C:\Users\55819\OneDrive - EPEJUD\DIEGO\OBSIDIAN\Analista de Investimentos\12_PYTHON\pipeline banco completo\outputs\data_quality\audit_all_20260504.csv
