2026-05-04 10:55:49,884 [INFO] pipeline: ======================================================================
2026-05-04 10:55:49,884 [INFO] pipeline: AUDITORIA CVM/B3 — 1 ticker(s): LREN3
2026-05-04 10:55:49,885 [INFO] pipeline: ======================================================================
2026-05-04 10:55:49,885 [INFO] pipeline: 
Auditorando LREN3...
2026-05-04 10:55:50,322 [INFO] pipeline.cvm:   DFP dre 2020: 68 linhas
2026-05-04 10:55:50,770 [INFO] pipeline.cvm:   DFP bpa 2020: 132 linhas
2026-05-04 10:55:51,530 [INFO] pipeline.cvm:   DFP bpp 2020: 232 linhas
2026-05-04 10:55:51,878 [INFO] pipeline.cvm:   DFP dfc_mi 2020: 108 linhas
2026-05-04 10:55:51,908 [WARNING] pipeline.cvm:   Empresa 8133 não encontrada em dfc_md 2020
2026-05-04 10:55:52,255 [INFO] pipeline.cvm:   DFP dre 2020: 64 linhas
2026-05-04 10:55:52,942 [INFO] pipeline.cvm:   DFP bpa 2020: 134 linhas
2026-05-04 10:55:54,048 [INFO] pipeline.cvm:   DFP bpp 2020: 234 linhas
2026-05-04 10:55:54,604 [INFO] pipeline.cvm:   DFP dfc_mi 2020: 108 linhas
2026-05-04 10:55:54,671 [WARNING] pipeline.cvm:   Empresa 8133 não encontrada em dfc_md 2020
2026-05-04 10:55:54,949 [INFO] pipeline.cvm:   DFP dre 2021: 68 linhas
2026-05-04 10:55:55,352 [INFO] pipeline.cvm:   DFP bpa 2021: 132 linhas
2026-05-04 10:55:56,135 [INFO] pipeline.cvm:   DFP bpp 2021: 232 linhas
2026-05-04 10:55:56,500 [INFO] pipeline.cvm:   DFP dfc_mi 2021: 108 linhas
2026-05-04 10:55:56,541 [WARNING] pipeline.cvm:   Empresa 8133 não encontrada em dfc_md 2021
2026-05-04 10:55:56,933 [INFO] pipeline.cvm:   DFP dre 2021: 64 linhas
2026-05-04 10:55:57,675 [INFO] pipeline.cvm:   DFP bpa 2021: 134 linhas
2026-05-04 10:55:58,838 [INFO] pipeline.cvm:   DFP bpp 2021: 234 linhas
2026-05-04 10:55:59,322 [INFO] pipeline.cvm:   DFP dfc_mi 2021: 108 linhas
2026-05-04 10:55:59,373 [WARNING] pipeline.cvm:   Empresa 8133 não encontrada em dfc_md 2021
2026-05-04 10:55:59,602 [INFO] pipeline.cvm:   DFP dre 2022: 68 linhas
2026-05-04 10:55:59,992 [INFO] pipeline.cvm:   DFP bpa 2022: 132 linhas
2026-05-04 10:56:00,695 [INFO] pipeline.cvm:   DFP bpp 2022: 236 linhas
2026-05-04 10:56:01,049 [INFO] pipeline.cvm:   DFP dfc_mi 2022: 82 linhas
2026-05-04 10:56:01,081 [WARNING] pipeline.cvm:   Empresa 8133 não encontrada em dfc_md 2022
2026-05-04 10:56:01,387 [INFO] pipeline.cvm:   DFP dre 2022: 64 linhas
2026-05-04 10:56:02,031 [INFO] pipeline.cvm:   DFP bpa 2022: 134 linhas
2026-05-04 10:56:03,219 [INFO] pipeline.cvm:   DFP bpp 2022: 238 linhas
2026-05-04 10:56:03,698 [INFO] pipeline.cvm:   DFP dfc_mi 2022: 86 linhas
2026-05-04 10:56:03,747 [WARNING] pipeline.cvm:   Empresa 8133 não encontrada em dfc_md 2022
2026-05-04 10:56:03,971 [INFO] pipeline.cvm:   DFP dre 2023: 68 linhas
2026-05-04 10:56:04,372 [INFO] pipeline.cvm:   DFP bpa 2023: 132 linhas
2026-05-04 10:56:05,308 [INFO] pipeline.cvm:   DFP bpp 2023: 236 linhas
2026-05-04 10:56:05,751 [INFO] pipeline.cvm:   DFP dfc_mi 2023: 82 linhas
2026-05-04 10:56:05,785 [WARNING] pipeline.cvm:   Empresa 8133 não encontrada em dfc_md 2023
2026-05-04 10:56:06,139 [INFO] pipeline.cvm:   DFP dre 2023: 64 linhas
2026-05-04 10:56:06,818 [INFO] pipeline.cvm:   DFP bpa 2023: 134 linhas
2026-05-04 10:56:07,873 [INFO] pipeline.cvm:   DFP bpp 2023: 238 linhas
2026-05-04 10:56:08,542 [INFO] pipeline.cvm:   DFP dfc_mi 2023: 86 linhas
2026-05-04 10:56:08,595 [WARNING] pipeline.cvm:   Empresa 8133 não encontrada em dfc_md 2023
2026-05-04 10:56:08,826 [INFO] pipeline.cvm:   DFP dre 2024: 68 linhas
2026-05-04 10:56:09,201 [INFO] pipeline.cvm:   DFP bpa 2024: 132 linhas
2026-05-04 10:56:09,996 [INFO] pipeline.cvm:   DFP bpp 2024: 236 linhas
2026-05-04 10:56:10,454 [INFO] pipeline.cvm:   DFP dfc_mi 2024: 76 linhas
2026-05-04 10:56:10,489 [WARNING] pipeline.cvm:   Empresa 8133 não encontrada em dfc_md 2024
2026-05-04 10:56:10,810 [INFO] pipeline.cvm:   DFP dre 2024: 64 linhas
2026-05-04 10:56:11,645 [INFO] pipeline.cvm:   DFP bpa 2024: 134 linhas
2026-05-04 10:56:12,797 [INFO] pipeline.cvm:   DFP bpp 2024: 238 linhas
2026-05-04 10:56:13,430 [INFO] pipeline.cvm:   DFP dfc_mi 2024: 82 linhas
2026-05-04 10:56:13,487 [WARNING] pipeline.cvm:   Empresa 8133 não encontrada em dfc_md 2024
2026-05-04 10:56:13,695 [INFO] pipeline.cvm:   DFP dre 2025: 68 linhas
2026-05-04 10:56:14,069 [INFO] pipeline.cvm:   DFP bpa 2025: 136 linhas
2026-05-04 10:56:14,672 [INFO] pipeline.cvm:   DFP bpp 2025: 236 linhas
2026-05-04 10:56:15,020 [INFO] pipeline.cvm:   DFP dfc_mi 2025: 78 linhas
2026-05-04 10:56:15,046 [WARNING] pipeline.cvm:   Empresa 8133 não encontrada em dfc_md 2025
2026-05-04 10:56:15,341 [INFO] pipeline.cvm:   DFP dre 2025: 64 linhas
2026-05-04 10:56:15,938 [INFO] pipeline.cvm:   DFP bpa 2025: 138 linhas
2026-05-04 10:56:17,519 [INFO] pipeline.cvm:   DFP bpp 2025: 238 linhas
2026-05-04 10:56:18,261 [INFO] pipeline.cvm:   DFP dfc_mi 2025: 82 linhas
2026-05-04 10:56:18,314 [WARNING] pipeline.cvm:   Empresa 8133 não encontrada em dfc_md 2025
2026-05-04 10:56:22,365 [INFO] pipeline:   LREN3: score=95/100 | critical=0 | warnings=1
2026-05-04 10:56:22,365 [INFO] pipeline:   Relatorio: C:\Users\55819\OneDrive - EPEJUD\DIEGO\OBSIDIAN\Analista de Investimentos\12_PYTHON\pipeline banco completo\outputs\data_quality\audit_LREN3_20260504.md
2026-05-04 10:56:22,378 [INFO] pipeline: 
======================================================================
2026-05-04 10:56:22,379 [INFO] pipeline: RESUMO DA AUDITORIA
2026-05-04 10:56:22,379 [INFO] pipeline: ======================================================================
2026-05-04 10:56:22,379 [INFO] pipeline:   Auditados: 1
2026-05-04 10:56:22,379 [INFO] pipeline:   Erros:     0
2026-05-04 10:56:22,379 [INFO] pipeline:   CSV:       C:\Users\55819\OneDrive - EPEJUD\DIEGO\OBSIDIAN\Analista de Investimentos\12_PYTHON\pipeline banco completo\outputs\data_quality\audit_all_20260504.csv
