2026-05-04 10:55:09,157 [INFO] pipeline: ======================================================================
2026-05-04 10:55:09,158 [INFO] pipeline: AUDITORIA CVM/B3 — 1 ticker(s): PETR4
2026-05-04 10:55:09,158 [INFO] pipeline: ======================================================================
2026-05-04 10:55:09,158 [INFO] pipeline: 
Auditorando PETR4...
2026-05-04 10:55:09,482 [INFO] pipeline.cvm:   DFP dre 2020: 86 linhas
2026-05-04 10:55:09,926 [INFO] pipeline.cvm:   DFP bpa 2020: 130 linhas
2026-05-04 10:55:10,694 [INFO] pipeline.cvm:   DFP bpp 2020: 218 linhas
2026-05-04 10:55:11,811 [INFO] pipeline.cvm:   DFP dfc_mi 2020: 124 linhas
2026-05-04 10:55:11,855 [WARNING] pipeline.cvm:   Empresa 9512 não encontrada em dfc_md 2020
2026-05-04 10:55:12,495 [INFO] pipeline.cvm:   DFP dre 2020: 82 linhas
2026-05-04 10:55:13,928 [INFO] pipeline.cvm:   DFP bpa 2020: 132 linhas
2026-05-04 10:55:16,268 [INFO] pipeline.cvm:   DFP bpp 2020: 220 linhas
2026-05-04 10:55:17,101 [INFO] pipeline.cvm:   DFP dfc_mi 2020: 122 linhas
2026-05-04 10:55:17,174 [WARNING] pipeline.cvm:   Empresa 9512 não encontrada em dfc_md 2020
2026-05-04 10:55:17,608 [INFO] pipeline.cvm:   DFP dre 2021: 86 linhas
2026-05-04 10:55:18,574 [INFO] pipeline.cvm:   DFP bpa 2021: 130 linhas
2026-05-04 10:55:19,719 [INFO] pipeline.cvm:   DFP bpp 2021: 218 linhas
2026-05-04 10:55:20,243 [INFO] pipeline.cvm:   DFP dfc_mi 2021: 126 linhas
2026-05-04 10:55:20,277 [WARNING] pipeline.cvm:   Empresa 9512 não encontrada em dfc_md 2021
2026-05-04 10:55:20,675 [INFO] pipeline.cvm:   DFP dre 2021: 82 linhas
2026-05-04 10:55:21,586 [INFO] pipeline.cvm:   DFP bpa 2021: 132 linhas
2026-05-04 10:55:23,013 [INFO] pipeline.cvm:   DFP bpp 2021: 220 linhas
2026-05-04 10:55:23,604 [INFO] pipeline.cvm:   DFP dfc_mi 2021: 124 linhas
2026-05-04 10:55:23,657 [WARNING] pipeline.cvm:   Empresa 9512 não encontrada em dfc_md 2021
2026-05-04 10:55:23,966 [INFO] pipeline.cvm:   DFP dre 2022: 86 linhas
2026-05-04 10:55:24,518 [INFO] pipeline.cvm:   DFP bpa 2022: 130 linhas
2026-05-04 10:55:25,263 [INFO] pipeline.cvm:   DFP bpp 2022: 218 linhas
2026-05-04 10:55:25,656 [INFO] pipeline.cvm:   DFP dfc_mi 2022: 128 linhas
2026-05-04 10:55:25,717 [WARNING] pipeline.cvm:   Empresa 9512 não encontrada em dfc_md 2022
2026-05-04 10:55:26,047 [INFO] pipeline.cvm:   DFP dre 2022: 82 linhas
2026-05-04 10:55:26,757 [INFO] pipeline.cvm:   DFP bpa 2022: 132 linhas
2026-05-04 10:55:28,136 [INFO] pipeline.cvm:   DFP bpp 2022: 220 linhas
2026-05-04 10:55:28,721 [INFO] pipeline.cvm:   DFP dfc_mi 2022: 128 linhas
2026-05-04 10:55:28,781 [WARNING] pipeline.cvm:   Empresa 9512 não encontrada em dfc_md 2022
2026-05-04 10:55:29,274 [INFO] pipeline.cvm:   DFP dre 2023: 86 linhas
2026-05-04 10:55:29,786 [INFO] pipeline.cvm:   DFP bpa 2023: 130 linhas
2026-05-04 10:55:30,511 [INFO] pipeline.cvm:   DFP bpp 2023: 220 linhas
2026-05-04 10:55:30,937 [INFO] pipeline.cvm:   DFP dfc_mi 2023: 130 linhas
2026-05-04 10:55:30,974 [WARNING] pipeline.cvm:   Empresa 9512 não encontrada em dfc_md 2023
2026-05-04 10:55:31,327 [INFO] pipeline.cvm:   DFP dre 2023: 82 linhas
2026-05-04 10:55:32,112 [INFO] pipeline.cvm:   DFP bpa 2023: 132 linhas
2026-05-04 10:55:33,439 [INFO] pipeline.cvm:   DFP bpp 2023: 222 linhas
2026-05-04 10:55:34,187 [INFO] pipeline.cvm:   DFP dfc_mi 2023: 130 linhas
2026-05-04 10:55:34,274 [WARNING] pipeline.cvm:   Empresa 9512 não encontrada em dfc_md 2023
2026-05-04 10:55:34,549 [INFO] pipeline.cvm:   DFP dre 2024: 86 linhas
2026-05-04 10:55:35,004 [INFO] pipeline.cvm:   DFP bpa 2024: 130 linhas
2026-05-04 10:55:35,852 [INFO] pipeline.cvm:   DFP bpp 2024: 220 linhas
2026-05-04 10:55:36,366 [INFO] pipeline.cvm:   DFP dfc_mi 2024: 130 linhas
2026-05-04 10:55:36,420 [WARNING] pipeline.cvm:   Empresa 9512 não encontrada em dfc_md 2024
2026-05-04 10:55:36,753 [INFO] pipeline.cvm:   DFP dre 2024: 82 linhas
2026-05-04 10:55:37,662 [INFO] pipeline.cvm:   DFP bpa 2024: 132 linhas
2026-05-04 10:55:39,120 [INFO] pipeline.cvm:   DFP bpp 2024: 222 linhas
2026-05-04 10:55:39,812 [INFO] pipeline.cvm:   DFP dfc_mi 2024: 130 linhas
2026-05-04 10:55:39,881 [WARNING] pipeline.cvm:   Empresa 9512 não encontrada em dfc_md 2024
2026-05-04 10:55:40,173 [INFO] pipeline.cvm:   DFP dre 2025: 86 linhas
2026-05-04 10:55:40,583 [INFO] pipeline.cvm:   DFP bpa 2025: 136 linhas
2026-05-04 10:55:41,451 [INFO] pipeline.cvm:   DFP bpp 2025: 220 linhas
2026-05-04 10:55:41,857 [INFO] pipeline.cvm:   DFP dfc_mi 2025: 130 linhas
2026-05-04 10:55:41,881 [WARNING] pipeline.cvm:   Empresa 9512 não encontrada em dfc_md 2025
2026-05-04 10:55:42,241 [INFO] pipeline.cvm:   DFP dre 2025: 82 linhas
2026-05-04 10:55:42,828 [INFO] pipeline.cvm:   DFP bpa 2025: 136 linhas
2026-05-04 10:55:43,903 [INFO] pipeline.cvm:   DFP bpp 2025: 222 linhas
2026-05-04 10:55:44,439 [INFO] pipeline.cvm:   DFP dfc_mi 2025: 130 linhas
2026-05-04 10:55:44,485 [WARNING] pipeline.cvm:   Empresa 9512 não encontrada em dfc_md 2025
2026-05-04 10:55:48,153 [INFO] pipeline:   PETR4: score=95/100 | critical=0 | warnings=1
2026-05-04 10:55:48,153 [INFO] pipeline:   Relatorio: C:\Users\55819\OneDrive - EPEJUD\DIEGO\OBSIDIAN\Analista de Investimentos\12_PYTHON\pipeline banco completo\outputs\data_quality\audit_PETR4_20260504.md
2026-05-04 10:55:48,172 [INFO] pipeline: 
======================================================================
2026-05-04 10:55:48,173 [INFO] pipeline: RESUMO DA AUDITORIA
2026-05-04 10:55:48,173 [INFO] pipeline: ======================================================================
2026-05-04 10:55:48,173 [INFO] pipeline:   Auditados: 1
2026-05-04 10:55:48,173 [INFO] pipeline:   Erros:     0
2026-05-04 10:55:48,173 [INFO] pipeline:   CSV:       C:\Users\55819\OneDrive - EPEJUD\DIEGO\OBSIDIAN\Analista de Investimentos\12_PYTHON\pipeline banco completo\outputs\data_quality\audit_all_20260504.csv
