2026-04-14 21:09:12,086 [INFO] pipeline: ======================================================================
2026-04-14 21:09:12,086 [INFO] pipeline: PIPELINE DE VALUATION BANCÁRIO — BBDC4 — Bradesco
2026-04-14 21:09:12,086 [INFO] pipeline: Início: 2026-04-14 21:09:12
2026-04-14 21:09:12,087 [INFO] pipeline: ======================================================================
2026-04-14 21:09:12,087 [INFO] pipeline: 
[1/6] Coletando dados de mercado...
2026-04-14 21:09:12,607 [INFO] pipeline:   Buscando cotação via yfinance...
2026-04-14 21:09:12,607 [INFO] pipeline.mercado: Buscando cotação atual: BBDC4.SA
2026-04-14 21:09:13,735 [INFO] pipeline:   Cotação atual: R$ 20.78
2026-04-14 21:09:13,861 [INFO] pipeline.mercado: Calculando beta: BBDC4 (252 dias úteis)
2026-04-14 21:09:13,972 [INFO] pipeline.mercado:   Beta estatístico: 1.3090 | R²: 0.539 | n=251
2026-04-14 21:09:13,975 [INFO] pipeline:   Beta estatístico: 1.309 | Beta utilizado: 0.850
2026-04-14 21:09:13,975 [INFO] pipeline: 
[2/6] Coletando dados macroeconômicos (BCB)...
2026-04-14 21:09:14,255 [WARNING] pipeline.macro: Não foi possível obter Focus Selic: 503 Server Error: Service Temporarily Unavailable for url: https://olinda.bcb.gov.br/olinda/servico/Expectativas/versao/v1/odata/ExpectativasMercadoAnuais?%24filter=Indicador%20eq%20'Selic'&%24top=100&%24format=json&%24select=Indicador,Data,Ano,Mediana
2026-04-14 21:09:14,536 [WARNING] pipeline.macro: Não foi possível obter Focus IPCA: 503 Server Error: Service Temporarily Unavailable for url: https://olinda.bcb.gov.br/olinda/servico/Expectativas/versao/v1/odata/ExpectativasMercadoAnuais?%24filter=Indicador%20eq%20'IPCA'&%24top=100&%24format=json&%24select=Indicador,Data,Ano,Mediana
2026-04-14 21:09:14,537 [INFO] pipeline.macro: 
=== Coletando dados macroeconômicos ===
2026-04-14 21:09:14,537 [INFO] pipeline.macro: Baixando série BCB 432...
2026-04-14 21:09:14,816 [ERROR] pipeline.macro: Erro ao baixar série BCB 432: 406 Client Error: Not Acceptable for url: https://api.bcb.gov.br/dados/serie/bcdata.sgs.432/dados?formato=json&dataInicial=01%2F01%2F2010&dataFinal=14%2F04%2F2026
2026-04-14 21:09:14,816 [WARNING] pipeline.macro: Série Selic meta sem DatetimeIndex — usando fallback histórico
2026-04-14 21:09:14,817 [INFO] pipeline.macro: Baixando série BCB 12...
2026-04-14 21:09:14,939 [ERROR] pipeline.macro: Erro ao baixar série BCB 12: 406 Client Error: Not Acceptable for url: https://api.bcb.gov.br/dados/serie/bcdata.sgs.12/dados?formato=json&dataInicial=01%2F01%2F2010&dataFinal=14%2F04%2F2026
2026-04-14 21:09:14,939 [WARNING] pipeline.macro: Série DI sem DatetimeIndex — usando fallback histórico
2026-04-14 21:09:14,943 [WARNING] pipeline.macro: IPCA calculado fora do intervalo plausível (55.3%) para 2019 — usando fallback
2026-04-14 21:09:14,943 [WARNING] pipeline.macro: IPCA calculado fora do intervalo plausível (46.1%) para 2020 — usando fallback
2026-04-14 21:09:14,943 [WARNING] pipeline.macro: IPCA calculado fora do intervalo plausível (159.3%) para 2021 — usando fallback
2026-04-14 21:09:14,944 [WARNING] pipeline.macro: IPCA calculado fora do intervalo plausível (191.2%) para 2022 — usando fallback
2026-04-14 21:09:14,944 [WARNING] pipeline.macro: IPCA calculado fora do intervalo plausível (71.5%) para 2023 — usando fallback
2026-04-14 21:09:14,944 [WARNING] pipeline.macro: IPCA calculado fora do intervalo plausível (67.0%) para 2024 — usando fallback
2026-04-14 21:09:14,946 [INFO] pipeline.macro: Baixando série BCB 258...
2026-04-14 21:09:15,044 [ERROR] pipeline.macro: Erro ao baixar série BCB 258: 406 Client Error: Not Acceptable for url: https://api.bcb.gov.br/dados/serie/bcdata.sgs.258/dados?formato=json&dataInicial=01%2F01%2F2010&dataFinal=14%2F04%2F2026
2026-04-14 21:09:15,044 [WARNING] pipeline.macro: Série TJLP sem DatetimeIndex — usando fallback histórico
2026-04-14 21:09:15,052 [WARNING] pipeline.macro: IPCA calculado fora do intervalo plausível (55.3%) para 2019 — usando fallback
2026-04-14 21:09:15,053 [WARNING] pipeline.macro: IPCA calculado fora do intervalo plausível (46.1%) para 2020 — usando fallback
2026-04-14 21:09:15,054 [WARNING] pipeline.macro: IPCA calculado fora do intervalo plausível (159.3%) para 2021 — usando fallback
2026-04-14 21:09:15,054 [WARNING] pipeline.macro: IPCA calculado fora do intervalo plausível (191.2%) para 2022 — usando fallback
2026-04-14 21:09:15,055 [WARNING] pipeline.macro: IPCA calculado fora do intervalo plausível (71.5%) para 2023 — usando fallback
2026-04-14 21:09:15,055 [WARNING] pipeline.macro: IPCA calculado fora do intervalo plausível (67.0%) para 2024 — usando fallback
2026-04-14 21:09:15,055 [INFO] pipeline.macro: 
RESUMO MACRO HISTÓRICO:
2026-04-14 21:09:15,055 [INFO] pipeline.macro:   selic_meta     : 2020: 2.00% | 2021: 9.25% | 2022: 13.75% | 2023: 11.75% | 2024: 11.75%
2026-04-14 21:09:15,055 [INFO] pipeline.macro:   selic_efet     : 2020: 2.28% | 2021: 4.48% | 2022: 12.33% | 2023: 13.15% | 2024: 10.73%
2026-04-14 21:09:15,055 [INFO] pipeline.macro:   ipca           : 2020: 4.52% | 2021: 10.06% | 2022: 5.62% | 2023: 4.62% | 2024: 4.83%
2026-04-14 21:09:15,056 [INFO] pipeline.macro:   tjlp           : 2020: 5.25% | 2021: 5.25% | 2022: 6.25% | 2023: 7.00% | 2024: 7.00%
2026-04-14 21:09:15,056 [INFO] pipeline.macro:   cds            : 2020: 0.44% | 2021: 0.73% | 2022: 1.26% | 2023: 0.84% | 2024: 0.81%
2026-04-14 21:09:15,056 [INFO] pipeline.macro:   inflacao_impl  : 2020: 4.52% | 2021: 10.06% | 2022: 5.62% | 2023: 4.62% | 2024: 4.83%
2026-04-14 21:09:15,056 [INFO] pipeline: 
[3/6] Baixando demonstrações financeiras (CVM)...
2026-04-14 21:09:15,057 [INFO] pipeline.cvm: 
==================================================
2026-04-14 21:09:15,057 [INFO] pipeline.cvm: Baixando DFP 2019...
2026-04-14 21:09:15,057 [INFO] pipeline.cvm: Baixando: https://dados.cvm.gov.br/dados/CIA_ABERTA/DOC/DFP/DADOS/dfp_cia_aberta_2019.zip
2026-04-14 21:09:17,742 [INFO] pipeline.cvm:   DFP dre 2019: 88 linhas
2026-04-14 21:09:17,743 [INFO] pipeline.cvm: Baixando: https://dados.cvm.gov.br/dados/CIA_ABERTA/DOC/DFP/DADOS/dfp_cia_aberta_2019.zip
2026-04-14 21:09:20,812 [INFO] pipeline.cvm:   DFP bpa 2019: 68 linhas
2026-04-14 21:09:20,812 [INFO] pipeline.cvm: Baixando: https://dados.cvm.gov.br/dados/CIA_ABERTA/DOC/DFP/DADOS/dfp_cia_aberta_2019.zip
2026-04-14 21:09:25,299 [INFO] pipeline.cvm:   DFP bpp 2019: 100 linhas
2026-04-14 21:09:25,300 [INFO] pipeline.cvm: Baixando: https://dados.cvm.gov.br/dados/CIA_ABERTA/DOC/DFP/DADOS/dfp_cia_aberta_2019.zip
2026-04-14 21:09:28,389 [INFO] pipeline.cvm:   DFP dfc_mi 2019: 146 linhas
2026-04-14 21:09:28,390 [INFO] pipeline.cvm: Baixando: https://dados.cvm.gov.br/dados/CIA_ABERTA/DOC/DFP/DADOS/dfp_cia_aberta_2019.zip
2026-04-14 21:09:30,158 [WARNING] pipeline.cvm:   Empresa 906 não encontrada em dfc_md 2019
2026-04-14 21:09:30,159 [INFO] pipeline.cvm: 
==================================================
2026-04-14 21:09:30,159 [INFO] pipeline.cvm: Baixando DFP 2020...
2026-04-14 21:09:30,159 [INFO] pipeline.cvm: Baixando: https://dados.cvm.gov.br/dados/CIA_ABERTA/DOC/DFP/DADOS/dfp_cia_aberta_2020.zip
2026-04-14 21:09:32,998 [INFO] pipeline.cvm:   DFP dre 2020: 82 linhas
2026-04-14 21:09:32,998 [INFO] pipeline.cvm: Baixando: https://dados.cvm.gov.br/dados/CIA_ABERTA/DOC/DFP/DADOS/dfp_cia_aberta_2020.zip
2026-04-14 21:09:36,734 [INFO] pipeline.cvm:   DFP bpa 2020: 82 linhas
2026-04-14 21:09:36,735 [INFO] pipeline.cvm: Baixando: https://dados.cvm.gov.br/dados/CIA_ABERTA/DOC/DFP/DADOS/dfp_cia_aberta_2020.zip
2026-04-14 21:09:41,423 [INFO] pipeline.cvm:   DFP bpp 2020: 96 linhas
2026-04-14 21:09:41,423 [INFO] pipeline.cvm: Baixando: https://dados.cvm.gov.br/dados/CIA_ABERTA/DOC/DFP/DADOS/dfp_cia_aberta_2020.zip
2026-04-14 21:09:44,554 [INFO] pipeline.cvm:   DFP dfc_mi 2020: 94 linhas
2026-04-14 21:09:44,554 [INFO] pipeline.cvm: Baixando: https://dados.cvm.gov.br/dados/CIA_ABERTA/DOC/DFP/DADOS/dfp_cia_aberta_2020.zip
2026-04-14 21:09:46,146 [WARNING] pipeline.cvm:   Empresa 906 não encontrada em dfc_md 2020
2026-04-14 21:09:46,148 [INFO] pipeline.cvm: 
==================================================
2026-04-14 21:09:46,148 [INFO] pipeline.cvm: Baixando DFP 2021...
2026-04-14 21:09:46,148 [INFO] pipeline.cvm: Baixando: https://dados.cvm.gov.br/dados/CIA_ABERTA/DOC/DFP/DADOS/dfp_cia_aberta_2021.zip
2026-04-14 21:09:49,028 [INFO] pipeline.cvm:   DFP dre 2021: 82 linhas
2026-04-14 21:09:49,028 [INFO] pipeline.cvm: Baixando: https://dados.cvm.gov.br/dados/CIA_ABERTA/DOC/DFP/DADOS/dfp_cia_aberta_2021.zip
2026-04-14 21:09:53,015 [INFO] pipeline.cvm:   DFP bpa 2021: 82 linhas
2026-04-14 21:09:53,015 [INFO] pipeline.cvm: Baixando: https://dados.cvm.gov.br/dados/CIA_ABERTA/DOC/DFP/DADOS/dfp_cia_aberta_2021.zip
2026-04-14 21:09:58,061 [INFO] pipeline.cvm:   DFP bpp 2021: 86 linhas
2026-04-14 21:09:58,062 [INFO] pipeline.cvm: Baixando: https://dados.cvm.gov.br/dados/CIA_ABERTA/DOC/DFP/DADOS/dfp_cia_aberta_2021.zip
2026-04-14 21:10:01,601 [WARNING] pipeline.cvm:   Empresa 906 não encontrada em dfc_mi 2021
2026-04-14 21:10:01,602 [INFO] pipeline.cvm: Baixando: https://dados.cvm.gov.br/dados/CIA_ABERTA/DOC/DFP/DADOS/dfp_cia_aberta_2021.zip
2026-04-14 21:10:04,001 [INFO] pipeline.cvm:   DFP dfc_md 2021: 64 linhas
2026-04-14 21:10:04,001 [INFO] pipeline.cvm: 
==================================================
2026-04-14 21:10:04,001 [INFO] pipeline.cvm: Baixando DFP 2022...
2026-04-14 21:10:04,002 [INFO] pipeline.cvm: Baixando: https://dados.cvm.gov.br/dados/CIA_ABERTA/DOC/DFP/DADOS/dfp_cia_aberta_2022.zip
2026-04-14 21:10:07,030 [INFO] pipeline.cvm:   DFP dre 2022: 82 linhas
2026-04-14 21:10:07,030 [INFO] pipeline.cvm: Baixando: https://dados.cvm.gov.br/dados/CIA_ABERTA/DOC/DFP/DADOS/dfp_cia_aberta_2022.zip
2026-04-14 21:10:11,020 [INFO] pipeline.cvm:   DFP bpa 2022: 82 linhas
2026-04-14 21:10:11,021 [INFO] pipeline.cvm: Baixando: https://dados.cvm.gov.br/dados/CIA_ABERTA/DOC/DFP/DADOS/dfp_cia_aberta_2022.zip
2026-04-14 21:10:16,865 [INFO] pipeline.cvm:   DFP bpp 2022: 86 linhas
2026-04-14 21:10:16,866 [INFO] pipeline.cvm: Baixando: https://dados.cvm.gov.br/dados/CIA_ABERTA/DOC/DFP/DADOS/dfp_cia_aberta_2022.zip
2026-04-14 21:10:20,759 [INFO] pipeline.cvm:   DFP dfc_mi 2022: 96 linhas
2026-04-14 21:10:20,760 [INFO] pipeline.cvm: Baixando: https://dados.cvm.gov.br/dados/CIA_ABERTA/DOC/DFP/DADOS/dfp_cia_aberta_2022.zip
2026-04-14 21:10:23,040 [WARNING] pipeline.cvm:   Empresa 906 não encontrada em dfc_md 2022
2026-04-14 21:10:23,041 [INFO] pipeline.cvm: 
==================================================
2026-04-14 21:10:23,041 [INFO] pipeline.cvm: Baixando DFP 2023...
2026-04-14 21:10:23,041 [INFO] pipeline.cvm: Baixando: https://dados.cvm.gov.br/dados/CIA_ABERTA/DOC/DFP/DADOS/dfp_cia_aberta_2023.zip
2026-04-14 21:10:26,841 [INFO] pipeline.cvm:   DFP dre 2023: 82 linhas
2026-04-14 21:10:26,841 [INFO] pipeline.cvm: Baixando: https://dados.cvm.gov.br/dados/CIA_ABERTA/DOC/DFP/DADOS/dfp_cia_aberta_2023.zip
2026-04-14 21:10:31,543 [INFO] pipeline.cvm:   DFP bpa 2023: 82 linhas
2026-04-14 21:10:31,543 [INFO] pipeline.cvm: Baixando: https://dados.cvm.gov.br/dados/CIA_ABERTA/DOC/DFP/DADOS/dfp_cia_aberta_2023.zip
2026-04-14 21:10:38,281 [INFO] pipeline.cvm:   DFP bpp 2023: 86 linhas
2026-04-14 21:10:38,282 [INFO] pipeline.cvm: Baixando: https://dados.cvm.gov.br/dados/CIA_ABERTA/DOC/DFP/DADOS/dfp_cia_aberta_2023.zip
2026-04-14 21:10:42,816 [INFO] pipeline.cvm:   DFP dfc_mi 2023: 96 linhas
2026-04-14 21:10:42,816 [INFO] pipeline.cvm: Baixando: https://dados.cvm.gov.br/dados/CIA_ABERTA/DOC/DFP/DADOS/dfp_cia_aberta_2023.zip
2026-04-14 21:10:45,417 [WARNING] pipeline.cvm:   Empresa 906 não encontrada em dfc_md 2023
2026-04-14 21:10:45,418 [INFO] pipeline.cvm: 
==================================================
2026-04-14 21:10:45,418 [INFO] pipeline.cvm: Baixando DFP 2024...
2026-04-14 21:10:45,418 [INFO] pipeline.cvm: Baixando: https://dados.cvm.gov.br/dados/CIA_ABERTA/DOC/DFP/DADOS/dfp_cia_aberta_2024.zip
2026-04-14 21:10:49,089 [INFO] pipeline.cvm:   DFP dre 2024: 82 linhas
2026-04-14 21:10:49,089 [INFO] pipeline.cvm: Baixando: https://dados.cvm.gov.br/dados/CIA_ABERTA/DOC/DFP/DADOS/dfp_cia_aberta_2024.zip
2026-04-14 21:10:54,109 [INFO] pipeline.cvm:   DFP bpa 2024: 82 linhas
2026-04-14 21:10:54,109 [INFO] pipeline.cvm: Baixando: https://dados.cvm.gov.br/dados/CIA_ABERTA/DOC/DFP/DADOS/dfp_cia_aberta_2024.zip
2026-04-14 21:11:00,334 [INFO] pipeline.cvm:   DFP bpp 2024: 86 linhas
2026-04-14 21:11:00,334 [INFO] pipeline.cvm: Baixando: https://dados.cvm.gov.br/dados/CIA_ABERTA/DOC/DFP/DADOS/dfp_cia_aberta_2024.zip
2026-04-14 21:11:05,161 [INFO] pipeline.cvm:   DFP dfc_mi 2024: 96 linhas
2026-04-14 21:11:05,161 [INFO] pipeline.cvm: Baixando: https://dados.cvm.gov.br/dados/CIA_ABERTA/DOC/DFP/DADOS/dfp_cia_aberta_2024.zip
2026-04-14 21:11:08,633 [WARNING] pipeline.cvm:   Empresa 906 não encontrada em dfc_md 2024
2026-04-14 21:11:08,633 [INFO] pipeline: 
[4/6] Normalizando dados...
2026-04-14 21:11:09,486 [INFO] pipeline:   DRE normalizada:
2026-04-14 21:11:09,486 [INFO] pipeline:     margem_financeira_bruta: 2019: 65,688 | 2020: 49,853 | 2021: 70,322 | 2022: 74,602 | 2023: 68,082 | 2024: 68,941
2026-04-14 21:11:09,486 [INFO] pipeline:     lucro_liquido: 2020: 15,837 | 2021: 23,172 | 2022: 20,984 | 2023: 14,251 | 2024: 17,253
2026-04-14 21:11:09,486 [INFO] pipeline: 
[5/6] Calculando projeções...
2026-04-14 21:11:09,488 [INFO] pipeline.projecoes: 
=== Rodando projeções ===
2026-04-14 21:11:09,491 [INFO] pipeline.projecoes:   NIM ~ Selic: slope=0.2500, intercept=0.0233
2026-04-14 21:11:09,497 [INFO] pipeline.projecoes: Projeções concluídas. Resumo:
2026-04-14 21:11:09,498 [INFO] pipeline.projecoes:    Ano     Carteira        MFB      Lucro       FCFE
2026-04-14 21:11:09,498 [INFO] pipeline.projecoes:   2025      771,124    107,585        nan        nan
2026-04-14 21:11:09,498 [INFO] pipeline.projecoes:   2026      832,814    118,459        nan        nan
2026-04-14 21:11:09,498 [INFO] pipeline.projecoes:   2027      891,111    133,955        nan        nan
2026-04-14 21:11:09,498 [INFO] pipeline.projecoes:   2028      953,489    151,040        nan        nan
2026-04-14 21:11:09,498 [INFO] pipeline.projecoes:   2029    1,020,233    170,562        nan        nan
2026-04-14 21:11:09,499 [INFO] pipeline: 
[6/6] Calculando valuation...
2026-04-14 21:11:09,500 [INFO] pipeline.valuation:   TIR calculada: 1.0000%
2026-04-14 21:11:09,500 [INFO] pipeline.valuation:   TIR calculada: 1.0000%
2026-04-14 21:11:09,500 [INFO] pipeline.valuation: 
==================================================
2026-04-14 21:11:09,500 [INFO] pipeline.valuation: VALUATION COMPLETO — BBDC4
2026-04-14 21:11:09,500 [INFO] pipeline.valuation:   VP FCFE (10a):     R$          nan MM
2026-04-14 21:11:09,500 [INFO] pipeline.valuation:   Valor Perp. (VP):  R$          nan MM
2026-04-14 21:11:09,500 [INFO] pipeline.valuation:   VALOR DO EQUITY:   R$          nan MM
2026-04-14 21:11:09,500 [INFO] pipeline.valuation:   Preço Justo ON:    R$      nan
2026-04-14 21:11:09,500 [INFO] pipeline.valuation:   Preço Justo PN:    R$      nan
2026-04-14 21:11:09,500 [INFO] pipeline.valuation:   Cotação ON:        R$    20.78
2026-04-14 21:11:09,500 [INFO] pipeline.valuation:   Upside ON:                nan%
2026-04-14 21:11:09,500 [INFO] pipeline.valuation:   TIR (ON):                 1.0%
2026-04-14 21:11:09,500 [INFO] pipeline.valuation:   Preço Teto ON:     R$      nan
2026-04-14 21:11:09,501 [WARNING] pipeline: 
[!] AVISOS DE VALIDACAO:
2026-04-14 21:11:09,501 [WARNING] pipeline:   - Lucro Líquido = 0 para os anos: [2019]
2026-04-14 21:11:09,768 [INFO] pipeline.excel: 
============================================================
2026-04-14 21:11:09,768 [INFO] pipeline.excel: Escrevendo template: Valuation_BBDC4_Bradesco_20260414.xlsx
2026-04-14 21:11:09,864 [INFO] pipeline.excel:   → Dashboard
2026-04-14 21:11:09,864 [INFO] pipeline.excel:   → Ke
2026-04-14 21:11:09,873 [INFO] pipeline.excel:   → Balanço Patrimonial
2026-04-14 21:11:09,890 [INFO] pipeline.excel:   → DRE Recorrente
2026-04-14 21:11:09,929 [INFO] pipeline.excel:   → DRE + DCF
2026-04-14 21:11:09,940 [INFO] pipeline.excel:   → Projeções NIM
2026-04-14 21:11:09,960 [INFO] pipeline.excel:   → Painel de Índices
2026-04-14 21:11:10,068 [INFO] pipeline.excel: 
Arquivo salvo: C:\Users\55819\Downloads\pipeline_banco_completo\pipeline_banco\outputs\Valuation_BBDC4_Bradesco_20260414.xlsx
2026-04-14 21:11:10,068 [INFO] pipeline: 
======================================================================
2026-04-14 21:11:10,068 [INFO] pipeline: RESUMO DO VALUATION
2026-04-14 21:11:10,068 [INFO] pipeline: ======================================================================
2026-04-14 21:11:10,068 [INFO] pipeline:   Empresa:           Bradesco (BBDC4)
2026-04-14 21:11:10,068 [INFO] pipeline:   Cotação ON:        R$ 20.78
2026-04-14 21:11:10,068 [INFO] pipeline:   Preço Justo ON:    R$ nan
2026-04-14 21:11:10,068 [INFO] pipeline:   Upside ON:            nan%
2026-04-14 21:11:10,068 [INFO] pipeline:   TIR:                  1.0%
2026-04-14 21:11:10,068 [INFO] pipeline:   Preço Teto ON:     R$ nan
2026-04-14 21:11:10,068 [INFO] pipeline: 
  [!] 1 aviso(s) de validacao — verifique os logs
2026-04-14 21:11:10,069 [INFO] pipeline: 
  Arquivo gerado:    C:\Users\55819\Downloads\pipeline_banco_completo\pipeline_banco\outputs\Valuation_BBDC4_Bradesco_20260414.xlsx
2026-04-14 21:11:10,069 [INFO] pipeline: ======================================================================
