2026-04-16 02:38:19,370 [INFO] pipeline: ======================================================================
2026-04-16 02:38:19,370 [INFO] pipeline: PIPELINE DE VALUATION BANCÁRIO — BPAC11 — BTG Pactual
2026-04-16 02:38:19,370 [INFO] pipeline: Início: 2026-04-16 02:38:19
2026-04-16 02:38:19,370 [INFO] pipeline: ======================================================================
2026-04-16 02:38:19,371 [INFO] pipeline:   Banco cadastrado: BTG Pactual | tipo: UNITS
2026-04-16 02:38:19,371 [INFO] pipeline: 
[1/6] Coletando dados de mercado...
2026-04-16 02:38:19,888 [INFO] pipeline:   Buscando cotação via yfinance...
2026-04-16 02:38:19,890 [INFO] pipeline.mercado: Buscando cotação atual: BPAC11.SA
2026-04-16 02:38:20,934 [INFO] pipeline:   Cotação ON: R$ 64.33  |  Cotação PN: R$ 0.00
2026-04-16 02:38:20,934 [INFO] pipeline:   Ações (fonte: bancos.py): ON=3,890,000 mil | PN=0 mil
2026-04-16 02:38:20,934 [INFO] pipeline.mercado: Calculando beta: BPAC11 (252 dias úteis)
2026-04-16 02:38:21,045 [INFO] pipeline.mercado:   Beta estatístico: 1.5516 | R²: 0.587 | n=251
2026-04-16 02:38:21,048 [INFO] pipeline:   Beta estatístico: 1.552 | Beta utilizado: 0.850
2026-04-16 02:38:21,048 [INFO] pipeline: 
[2/6] Coletando dados macroeconômicos (BCB)...
2026-04-16 02:38:21,329 [WARNING] pipeline.macro: Não foi possível obter Focus Selic: 400 Client Error: Bad Request for url: https://olinda.bcb.gov.br/olinda/servico/Expectativas/versao/v1/odata/ExpectativasMercadoAnuais?%24filter=Indicador%20eq%20'Selic'&%24top=100&%24format=json&%24select=Indicador,Data,Ano,Mediana
2026-04-16 02:38:21,597 [WARNING] pipeline.macro: Não foi possível obter Focus IPCA: 400 Client Error: Bad Request for url: https://olinda.bcb.gov.br/olinda/servico/Expectativas/versao/v1/odata/ExpectativasMercadoAnuais?%24filter=Indicador%20eq%20'IPCA'&%24top=100&%24format=json&%24select=Indicador,Data,Ano,Mediana
2026-04-16 02:38:21,598 [INFO] pipeline.macro: 
=== Coletando dados macroeconômicos ===
2026-04-16 02:38:21,598 [INFO] pipeline.macro: Baixando série BCB 432...
2026-04-16 02:38:21,876 [ERROR] pipeline.macro: Erro ao baixar série BCB 432: 406 Client Error: Not Acceptable for url: https://api.bcb.gov.br/dados/serie/bcdata.sgs.432/dados?formato=json&dataInicial=01%2F01%2F2010&dataFinal=16%2F04%2F2026
2026-04-16 02:38:21,876 [WARNING] pipeline.macro: Série Selic meta sem DatetimeIndex — usando fallback histórico
2026-04-16 02:38:21,876 [INFO] pipeline.macro: Baixando série BCB 12...
2026-04-16 02:38:21,979 [ERROR] pipeline.macro: Erro ao baixar série BCB 12: 406 Client Error: Not Acceptable for url: https://api.bcb.gov.br/dados/serie/bcdata.sgs.12/dados?formato=json&dataInicial=01%2F01%2F2010&dataFinal=16%2F04%2F2026
2026-04-16 02:38:21,979 [WARNING] pipeline.macro: Série DI sem DatetimeIndex — usando fallback histórico
2026-04-16 02:38:21,983 [WARNING] pipeline.macro: IPCA calculado fora do intervalo plausível (55.3%) para 2019 — usando fallback
2026-04-16 02:38:21,983 [WARNING] pipeline.macro: IPCA calculado fora do intervalo plausível (46.1%) para 2020 — usando fallback
2026-04-16 02:38:21,984 [WARNING] pipeline.macro: IPCA calculado fora do intervalo plausível (159.3%) para 2021 — usando fallback
2026-04-16 02:38:21,984 [WARNING] pipeline.macro: IPCA calculado fora do intervalo plausível (191.2%) para 2022 — usando fallback
2026-04-16 02:38:21,984 [WARNING] pipeline.macro: IPCA calculado fora do intervalo plausível (71.5%) para 2023 — usando fallback
2026-04-16 02:38:21,985 [WARNING] pipeline.macro: IPCA calculado fora do intervalo plausível (67.0%) para 2024 — usando fallback
2026-04-16 02:38:21,985 [INFO] pipeline.macro: Baixando série BCB 258...
2026-04-16 02:38:22,085 [ERROR] pipeline.macro: Erro ao baixar série BCB 258: 406 Client Error: Not Acceptable for url: https://api.bcb.gov.br/dados/serie/bcdata.sgs.258/dados?formato=json&dataInicial=01%2F01%2F2010&dataFinal=16%2F04%2F2026
2026-04-16 02:38:22,085 [WARNING] pipeline.macro: Série TJLP sem DatetimeIndex — usando fallback histórico
2026-04-16 02:38:22,092 [WARNING] pipeline.macro: IPCA calculado fora do intervalo plausível (55.3%) para 2019 — usando fallback
2026-04-16 02:38:22,092 [WARNING] pipeline.macro: IPCA calculado fora do intervalo plausível (46.1%) para 2020 — usando fallback
2026-04-16 02:38:22,092 [WARNING] pipeline.macro: IPCA calculado fora do intervalo plausível (159.3%) para 2021 — usando fallback
2026-04-16 02:38:22,093 [WARNING] pipeline.macro: IPCA calculado fora do intervalo plausível (191.2%) para 2022 — usando fallback
2026-04-16 02:38:22,093 [WARNING] pipeline.macro: IPCA calculado fora do intervalo plausível (71.5%) para 2023 — usando fallback
2026-04-16 02:38:22,093 [WARNING] pipeline.macro: IPCA calculado fora do intervalo plausível (67.0%) para 2024 — usando fallback
2026-04-16 02:38:22,093 [INFO] pipeline.macro: 
RESUMO MACRO HISTÓRICO:
2026-04-16 02:38:22,093 [INFO] pipeline.macro:   selic_meta     : 2020: 2.00% | 2021: 9.25% | 2022: 13.75% | 2023: 11.75% | 2024: 11.75%
2026-04-16 02:38:22,093 [INFO] pipeline.macro:   selic_efet     : 2020: 2.28% | 2021: 4.48% | 2022: 12.33% | 2023: 13.15% | 2024: 10.73%
2026-04-16 02:38:22,093 [INFO] pipeline.macro:   ipca           : 2020: 4.52% | 2021: 10.06% | 2022: 5.62% | 2023: 4.62% | 2024: 4.83%
2026-04-16 02:38:22,093 [INFO] pipeline.macro:   tjlp           : 2020: 5.25% | 2021: 5.25% | 2022: 6.25% | 2023: 7.00% | 2024: 7.00%
2026-04-16 02:38:22,093 [INFO] pipeline.macro:   cds            : 2020: 0.44% | 2021: 0.73% | 2022: 1.26% | 2023: 0.84% | 2024: 0.81%
2026-04-16 02:38:22,093 [INFO] pipeline.macro:   inflacao_impl  : 2020: 4.52% | 2021: 10.06% | 2022: 5.62% | 2023: 4.62% | 2024: 4.83%
2026-04-16 02:38:22,093 [INFO] pipeline: 
[3/6] Baixando demonstrações financeiras (CVM)...
2026-04-16 02:38:22,096 [INFO] pipeline.cvm: 
==================================================
2026-04-16 02:38:22,096 [INFO] pipeline.cvm: Baixando DFP 2019...
2026-04-16 02:38:22,303 [INFO] pipeline.cvm:   DFP dre 2019: 50 linhas
2026-04-16 02:38:22,649 [INFO] pipeline.cvm:   DFP bpa 2019: 50 linhas
2026-04-16 02:38:23,274 [INFO] pipeline.cvm:   DFP bpp 2019: 68 linhas
2026-04-16 02:38:23,587 [INFO] pipeline.cvm:   DFP dfc_mi 2019: 20 linhas
2026-04-16 02:38:23,619 [WARNING] pipeline.cvm:   Empresa 22616 não encontrada em dfc_md 2019
2026-04-16 02:38:23,620 [INFO] pipeline.cvm: 
==================================================
2026-04-16 02:38:23,620 [INFO] pipeline.cvm: Baixando DFP 2020...
2026-04-16 02:38:23,856 [INFO] pipeline.cvm:   DFP dre 2020: 62 linhas
2026-04-16 02:38:24,266 [INFO] pipeline.cvm:   DFP bpa 2020: 56 linhas
2026-04-16 02:38:24,975 [INFO] pipeline.cvm:   DFP bpp 2020: 74 linhas
2026-04-16 02:38:25,339 [INFO] pipeline.cvm:   DFP dfc_mi 2020: 76 linhas
2026-04-16 02:38:25,370 [WARNING] pipeline.cvm:   Empresa 22616 não encontrada em dfc_md 2020
2026-04-16 02:38:25,371 [INFO] pipeline.cvm: 
==================================================
2026-04-16 02:38:25,371 [INFO] pipeline.cvm: Baixando DFP 2021...
2026-04-16 02:38:25,613 [INFO] pipeline.cvm:   DFP dre 2021: 64 linhas
2026-04-16 02:38:26,052 [INFO] pipeline.cvm:   DFP bpa 2021: 66 linhas
2026-04-16 02:38:26,796 [INFO] pipeline.cvm:   DFP bpp 2021: 88 linhas
2026-04-16 02:38:27,201 [INFO] pipeline.cvm:   DFP dfc_mi 2021: 106 linhas
2026-04-16 02:38:27,243 [WARNING] pipeline.cvm:   Empresa 22616 não encontrada em dfc_md 2021
2026-04-16 02:38:27,244 [INFO] pipeline.cvm: 
==================================================
2026-04-16 02:38:27,244 [INFO] pipeline.cvm: Baixando DFP 2022...
2026-04-16 02:38:27,517 [INFO] pipeline.cvm:   DFP dre 2022: 58 linhas
2026-04-16 02:38:27,986 [INFO] pipeline.cvm:   DFP bpa 2022: 62 linhas
2026-04-16 02:38:28,868 [INFO] pipeline.cvm:   DFP bpp 2022: 96 linhas
2026-04-16 02:38:29,307 [INFO] pipeline.cvm:   DFP dfc_mi 2022: 92 linhas
2026-04-16 02:38:29,350 [WARNING] pipeline.cvm:   Empresa 22616 não encontrada em dfc_md 2022
2026-04-16 02:38:29,350 [INFO] pipeline.cvm: 
==================================================
2026-04-16 02:38:29,350 [INFO] pipeline.cvm: Baixando DFP 2023...
2026-04-16 02:38:29,612 [INFO] pipeline.cvm:   DFP dre 2023: 58 linhas
2026-04-16 02:38:30,092 [INFO] pipeline.cvm:   DFP bpa 2023: 64 linhas
2026-04-16 02:38:31,051 [INFO] pipeline.cvm:   DFP bpp 2023: 92 linhas
2026-04-16 02:38:31,533 [INFO] pipeline.cvm:   DFP dfc_mi 2023: 88 linhas
2026-04-16 02:38:31,576 [WARNING] pipeline.cvm:   Empresa 22616 não encontrada em dfc_md 2023
2026-04-16 02:38:31,577 [INFO] pipeline.cvm: 
==================================================
2026-04-16 02:38:31,577 [INFO] pipeline.cvm: Baixando DFP 2024...
2026-04-16 02:38:31,879 [INFO] pipeline.cvm:   DFP dre 2024: 66 linhas
2026-04-16 02:38:32,341 [INFO] pipeline.cvm:   DFP bpa 2024: 62 linhas
2026-04-16 02:38:33,168 [INFO] pipeline.cvm:   DFP bpp 2024: 94 linhas
2026-04-16 02:38:33,586 [INFO] pipeline.cvm:   DFP dfc_mi 2024: 86 linhas
2026-04-16 02:38:33,621 [WARNING] pipeline.cvm:   Empresa 22616 não encontrada em dfc_md 2024
2026-04-16 02:38:33,621 [INFO] pipeline: 
[4/6] Normalizando dados...
2026-04-16 02:38:33,626 [INFO] pipeline:   Aplicando overrides de contas para BTG Pactual:
2026-04-16 02:38:33,626 [INFO] pipeline:     tvm_derivativos: ['1.02.01', '1.02.02', '1.02.03.05']
2026-04-16 02:38:33,626 [INFO] pipeline:     carteira_credito_bruta: ['1.02.03.04']
2026-04-16 02:38:33,626 [INFO] pipeline:     aplicacoes_interfinanceiras: ['1.02.03.01', '1.02.03.02']
2026-04-16 02:38:33,626 [INFO] pipeline:     compulsorios_bacen: ['1.02.03.03']
2026-04-16 02:38:33,626 [INFO] pipeline:     arrendamento_mercantil: ['1.02.03.06']
2026-04-16 02:38:34,513 [INFO] pipeline:   DRE normalizada:
2026-04-16 02:38:34,514 [INFO] pipeline:     margem_financeira_bruta: 2019: 4,756 | 2020: 6,103 | 2021: 9,747 | 2022: 17,884 | 2023: 22,337 | 2024: 13,474
2026-04-16 02:38:34,514 [INFO] pipeline:     lucro_liquido: 2019: 4,023 | 2020: 4,375 | 2021: 7,168 | 2022: 7,564 | 2023: 9,980 | 2024: 10,745
2026-04-16 02:38:34,514 [INFO] pipeline: 
[5/6] Calculando projeções...
2026-04-16 02:38:34,515 [INFO] pipeline:   Premissas por banco aplicadas: NIM=3.0% | Payout=30% | g=6.0%
2026-04-16 02:38:34,515 [INFO] pipeline.projecoes: 
=== Rodando projeções ===
2026-04-16 02:38:34,517 [INFO] pipeline.projecoes:   NIM ~ Selic: slope=0.0611, intercept=0.0382
2026-04-16 02:38:34,529 [INFO] pipeline.projecoes:   Margem op./MFB histórica (median 5a): 45.00%
2026-04-16 02:38:34,532 [INFO] pipeline.projecoes: Projeções concluídas. Resumo:
2026-04-16 02:38:34,535 [INFO] pipeline.projecoes:    Ano     Carteira        MFB      Lucro       FCFE
2026-04-16 02:38:34,535 [INFO] pipeline.projecoes:   2025      167,711     22,409      8,336      2,501
2026-04-16 02:38:34,535 [INFO] pipeline.projecoes:   2026      181,127     23,972      8,917      2,675
2026-04-16 02:38:34,535 [INFO] pipeline.projecoes:   2027      193,806     25,727      9,570      2,871
2026-04-16 02:38:34,535 [INFO] pipeline.projecoes:   2028      207,373     27,611     10,271      3,081
2026-04-16 02:38:34,535 [INFO] pipeline.projecoes:   2029      221,889     29,681     11,041      3,312
2026-04-16 02:38:34,536 [INFO] pipeline: 
[6/6] Calculando valuation...
2026-04-16 02:38:34,537 [INFO] pipeline.valuation: 
==================================================
2026-04-16 02:38:34,537 [INFO] pipeline.valuation: VALUATION COMPLETO — BBDC4
2026-04-16 02:38:34,537 [INFO] pipeline.valuation:   VP FCFE (10a):     R$       17,718 MM
2026-04-16 02:38:34,537 [INFO] pipeline.valuation:   Valor Perp. (VP):  R$       28,649 MM
2026-04-16 02:38:34,538 [INFO] pipeline.valuation:   VALOR DO EQUITY:   R$       46,367 MM
2026-04-16 02:38:34,538 [INFO] pipeline.valuation:   Preço Justo ON:    R$    11.92
2026-04-16 02:38:34,538 [INFO] pipeline.valuation:   Preço Justo PN:    R$    11.92
2026-04-16 02:38:34,538 [INFO] pipeline.valuation:   Cotação ON:        R$    64.33
2026-04-16 02:38:34,538 [INFO] pipeline.valuation:   Upside ON:              -81.5%
2026-04-16 02:38:34,538 [INFO] pipeline.valuation:   TIR (ON):                 7.1%
2026-04-16 02:38:34,538 [INFO] pipeline.valuation:   Preço Teto ON:     R$    11.92
2026-04-16 02:38:34,829 [INFO] pipeline.excel: 
============================================================
2026-04-16 02:38:34,829 [INFO] pipeline.excel: Escrevendo template: Valuation_BPAC11_BTG Pactual_20260416.xlsx
2026-04-16 02:38:34,946 [INFO] pipeline.excel:   → Dashboard
2026-04-16 02:38:34,947 [INFO] pipeline.excel:   → Ke
2026-04-16 02:38:34,954 [INFO] pipeline.excel:   → Balanço Patrimonial
2026-04-16 02:38:34,974 [INFO] pipeline.excel:   → DRE Recorrente
2026-04-16 02:38:35,016 [INFO] pipeline.excel:   → DRE + DCF
2026-04-16 02:38:35,029 [INFO] pipeline.excel:   → Projeções NIM
2026-04-16 02:38:35,049 [INFO] pipeline.excel:   → Painel de Índices
2026-04-16 02:38:35,159 [INFO] pipeline.excel: 
Arquivo salvo: C:\Users\55819\Downloads\pipeline_banco_completo\pipeline_banco\outputs\Valuation_BPAC11_BTG Pactual_20260416.xlsx
2026-04-16 02:38:35,159 [INFO] pipeline: 
======================================================================
2026-04-16 02:38:35,159 [INFO] pipeline: RESUMO DO VALUATION
2026-04-16 02:38:35,159 [INFO] pipeline: ======================================================================
2026-04-16 02:38:35,159 [INFO] pipeline:   Empresa:           BTG Pactual (BPAC11)
2026-04-16 02:38:35,159 [INFO] pipeline:   Cotação ON:        R$ 64.33
2026-04-16 02:38:35,159 [INFO] pipeline:   Preço Justo ON:    R$ 11.92
2026-04-16 02:38:35,159 [INFO] pipeline:   Upside ON:            -81.5%
2026-04-16 02:38:35,159 [INFO] pipeline:   TIR:                  7.1%
2026-04-16 02:38:35,159 [INFO] pipeline:   Preço Teto ON:     R$ 11.92
2026-04-16 02:38:35,160 [INFO] pipeline: 
  Arquivo gerado:    C:\Users\55819\Downloads\pipeline_banco_completo\pipeline_banco\outputs\Valuation_BPAC11_BTG Pactual_20260416.xlsx
2026-04-16 02:38:35,160 [INFO] pipeline: ======================================================================
