2026-04-14 21:07:17,034 [INFO] pipeline: ======================================================================
2026-04-14 21:07:17,035 [INFO] pipeline: PIPELINE DE VALUATION BANCÁRIO — BBDC4 — Bradesco
2026-04-14 21:07:17,035 [INFO] pipeline: Início: 2026-04-14 21:07:17
2026-04-14 21:07:17,035 [INFO] pipeline: ======================================================================
2026-04-14 21:07:17,035 [INFO] pipeline: 
[1/6] Coletando dados de mercado...
2026-04-14 21:07:17,625 [INFO] pipeline:   Buscando cotação via yfinance...
2026-04-14 21:07:17,625 [INFO] pipeline.mercado: Buscando cotação atual: BBDC4.SA
2026-04-14 21:07:18,965 [INFO] pipeline:   Cotação atual: R$ 20.78
2026-04-14 21:07:19,091 [INFO] pipeline.mercado: Calculando beta: BBDC4 (252 dias úteis)
2026-04-14 21:07:19,207 [INFO] pipeline.mercado:   Beta estatístico: 1.3090 | R²: 0.539 | n=251
2026-04-14 21:07:19,210 [INFO] pipeline:   Beta estatístico: 1.309 | Beta utilizado: 0.850
2026-04-14 21:07:19,210 [INFO] pipeline: 
[2/6] Coletando dados macroeconômicos (BCB)...
2026-04-14 21:07:19,528 [WARNING] pipeline.macro: Não foi possível obter Focus Selic: 503 Server Error: Service Temporarily Unavailable for url: https://olinda.bcb.gov.br/olinda/servico/Expectativas/versao/v1/odata/ExpectativasMercadoAnuais?%24filter=Indicador%20eq%20'Selic'&%24top=100&%24format=json&%24select=Indicador,Data,Ano,Mediana
2026-04-14 21:07:19,809 [WARNING] pipeline.macro: Não foi possível obter Focus IPCA: 503 Server Error: Service Temporarily Unavailable for url: https://olinda.bcb.gov.br/olinda/servico/Expectativas/versao/v1/odata/ExpectativasMercadoAnuais?%24filter=Indicador%20eq%20'IPCA'&%24top=100&%24format=json&%24select=Indicador,Data,Ano,Mediana
2026-04-14 21:07:19,811 [INFO] pipeline.macro: 
=== Coletando dados macroeconômicos ===
2026-04-14 21:07:19,811 [INFO] pipeline.macro: Baixando série BCB 432...
2026-04-14 21:07:20,142 [ERROR] pipeline.macro: Erro ao baixar série BCB 432: 406 Client Error: Not Acceptable for url: https://api.bcb.gov.br/dados/serie/bcdata.sgs.432/dados?formato=json&dataInicial=01%2F01%2F2010&dataFinal=14%2F04%2F2026
2026-04-14 21:07:20,143 [WARNING] pipeline.macro: Série Selic meta sem DatetimeIndex — usando fallback histórico
2026-04-14 21:07:20,143 [INFO] pipeline.macro: Baixando série BCB 12...
2026-04-14 21:07:20,243 [ERROR] pipeline.macro: Erro ao baixar série BCB 12: 406 Client Error: Not Acceptable for url: https://api.bcb.gov.br/dados/serie/bcdata.sgs.12/dados?formato=json&dataInicial=01%2F01%2F2010&dataFinal=14%2F04%2F2026
2026-04-14 21:07:20,243 [WARNING] pipeline.macro: Série DI sem DatetimeIndex — usando fallback histórico
2026-04-14 21:07:20,247 [WARNING] pipeline.macro: IPCA calculado fora do intervalo plausível (55.3%) para 2019 — usando fallback
2026-04-14 21:07:20,247 [WARNING] pipeline.macro: IPCA calculado fora do intervalo plausível (46.1%) para 2020 — usando fallback
2026-04-14 21:07:20,248 [WARNING] pipeline.macro: IPCA calculado fora do intervalo plausível (159.3%) para 2021 — usando fallback
2026-04-14 21:07:20,248 [WARNING] pipeline.macro: IPCA calculado fora do intervalo plausível (191.2%) para 2022 — usando fallback
2026-04-14 21:07:20,249 [WARNING] pipeline.macro: IPCA calculado fora do intervalo plausível (71.5%) para 2023 — usando fallback
2026-04-14 21:07:20,249 [WARNING] pipeline.macro: IPCA calculado fora do intervalo plausível (67.0%) para 2024 — usando fallback
2026-04-14 21:07:20,250 [INFO] pipeline.macro: Baixando série BCB 258...
2026-04-14 21:07:20,380 [ERROR] pipeline.macro: Erro ao baixar série BCB 258: 406 Client Error: Not Acceptable for url: https://api.bcb.gov.br/dados/serie/bcdata.sgs.258/dados?formato=json&dataInicial=01%2F01%2F2010&dataFinal=14%2F04%2F2026
2026-04-14 21:07:20,381 [WARNING] pipeline.macro: Série TJLP sem DatetimeIndex — usando fallback histórico
2026-04-14 21:07:20,388 [WARNING] pipeline.macro: IPCA calculado fora do intervalo plausível (55.3%) para 2019 — usando fallback
2026-04-14 21:07:20,389 [WARNING] pipeline.macro: IPCA calculado fora do intervalo plausível (46.1%) para 2020 — usando fallback
2026-04-14 21:07:20,389 [WARNING] pipeline.macro: IPCA calculado fora do intervalo plausível (159.3%) para 2021 — usando fallback
2026-04-14 21:07:20,389 [WARNING] pipeline.macro: IPCA calculado fora do intervalo plausível (191.2%) para 2022 — usando fallback
2026-04-14 21:07:20,390 [WARNING] pipeline.macro: IPCA calculado fora do intervalo plausível (71.5%) para 2023 — usando fallback
2026-04-14 21:07:20,390 [WARNING] pipeline.macro: IPCA calculado fora do intervalo plausível (67.0%) para 2024 — usando fallback
2026-04-14 21:07:20,390 [INFO] pipeline.macro: 
RESUMO MACRO HISTÓRICO:
2026-04-14 21:07:20,390 [INFO] pipeline.macro:   selic_meta     : 2020: 2.00% | 2021: 9.25% | 2022: 13.75% | 2023: 11.75% | 2024: 11.75%
2026-04-14 21:07:20,390 [INFO] pipeline.macro:   selic_efet     : 2020: 2.28% | 2021: 4.48% | 2022: 12.33% | 2023: 13.15% | 2024: 10.73%
2026-04-14 21:07:20,390 [INFO] pipeline.macro:   ipca           : 2020: 4.52% | 2021: 10.06% | 2022: 5.62% | 2023: 4.62% | 2024: 4.83%
2026-04-14 21:07:20,390 [INFO] pipeline.macro:   tjlp           : 2020: 5.25% | 2021: 5.25% | 2022: 6.25% | 2023: 7.00% | 2024: 7.00%
2026-04-14 21:07:20,390 [INFO] pipeline.macro:   cds            : 2020: 0.44% | 2021: 0.73% | 2022: 1.26% | 2023: 0.84% | 2024: 0.81%
2026-04-14 21:07:20,390 [INFO] pipeline.macro:   inflacao_impl  : 2020: 4.52% | 2021: 10.06% | 2022: 5.62% | 2023: 4.62% | 2024: 4.83%
2026-04-14 21:07:20,390 [INFO] pipeline: 
[3/6] Baixando demonstrações financeiras (CVM)...
2026-04-14 21:07:20,392 [INFO] pipeline.cvm: 
==================================================
2026-04-14 21:07:20,392 [INFO] pipeline.cvm: Baixando DFP 2019...
2026-04-14 21:07:20,609 [INFO] pipeline.cvm:   DFP dre 2019: 88 linhas
2026-04-14 21:07:20,979 [INFO] pipeline.cvm:   DFP bpa 2019: 68 linhas
2026-04-14 21:07:21,604 [INFO] pipeline.cvm:   DFP bpp 2019: 100 linhas
2026-04-14 21:07:21,926 [INFO] pipeline.cvm:   DFP dfc_mi 2019: 146 linhas
2026-04-14 21:07:21,953 [WARNING] pipeline.cvm:   Empresa 906 não encontrada em dfc_md 2019
2026-04-14 21:07:21,953 [INFO] pipeline.cvm: 
==================================================
2026-04-14 21:07:21,953 [INFO] pipeline.cvm: Baixando DFP 2020...
2026-04-14 21:07:22,227 [INFO] pipeline.cvm:   DFP dre 2020: 82 linhas
2026-04-14 21:07:22,663 [INFO] pipeline.cvm:   DFP bpa 2020: 82 linhas
2026-04-14 21:07:23,388 [INFO] pipeline.cvm:   DFP bpp 2020: 96 linhas
2026-04-14 21:07:23,751 [INFO] pipeline.cvm:   DFP dfc_mi 2020: 94 linhas
2026-04-14 21:07:23,783 [WARNING] pipeline.cvm:   Empresa 906 não encontrada em dfc_md 2020
2026-04-14 21:07:23,784 [INFO] pipeline.cvm: 
==================================================
2026-04-14 21:07:23,784 [INFO] pipeline.cvm: Baixando DFP 2021...
2026-04-14 21:07:24,022 [INFO] pipeline.cvm:   DFP dre 2021: 82 linhas
2026-04-14 21:07:24,439 [INFO] pipeline.cvm:   DFP bpa 2021: 82 linhas
2026-04-14 21:07:25,211 [INFO] pipeline.cvm:   DFP bpp 2021: 86 linhas
2026-04-14 21:07:25,604 [WARNING] pipeline.cvm:   Empresa 906 não encontrada em dfc_mi 2021
2026-04-14 21:07:25,641 [INFO] pipeline.cvm:   DFP dfc_md 2021: 64 linhas
2026-04-14 21:07:25,642 [INFO] pipeline.cvm: 
==================================================
2026-04-14 21:07:25,642 [INFO] pipeline.cvm: Baixando DFP 2022...
2026-04-14 21:07:25,886 [INFO] pipeline.cvm:   DFP dre 2022: 82 linhas
2026-04-14 21:07:26,406 [INFO] pipeline.cvm:   DFP bpa 2022: 82 linhas
2026-04-14 21:07:27,172 [INFO] pipeline.cvm:   DFP bpp 2022: 86 linhas
2026-04-14 21:07:27,594 [INFO] pipeline.cvm:   DFP dfc_mi 2022: 96 linhas
2026-04-14 21:07:27,633 [WARNING] pipeline.cvm:   Empresa 906 não encontrada em dfc_md 2022
2026-04-14 21:07:27,634 [INFO] pipeline.cvm: 
==================================================
2026-04-14 21:07:27,634 [INFO] pipeline.cvm: Baixando DFP 2023...
2026-04-14 21:07:27,878 [INFO] pipeline.cvm:   DFP dre 2023: 82 linhas
2026-04-14 21:07:28,320 [INFO] pipeline.cvm:   DFP bpa 2023: 82 linhas
2026-04-14 21:07:29,097 [INFO] pipeline.cvm:   DFP bpp 2023: 86 linhas
2026-04-14 21:07:29,516 [INFO] pipeline.cvm:   DFP dfc_mi 2023: 96 linhas
2026-04-14 21:07:29,555 [WARNING] pipeline.cvm:   Empresa 906 não encontrada em dfc_md 2023
2026-04-14 21:07:29,556 [INFO] pipeline.cvm: 
==================================================
2026-04-14 21:07:29,556 [INFO] pipeline.cvm: Baixando DFP 2024...
2026-04-14 21:07:29,793 [INFO] pipeline.cvm:   DFP dre 2024: 82 linhas
2026-04-14 21:07:30,214 [INFO] pipeline.cvm:   DFP bpa 2024: 82 linhas
2026-04-14 21:07:31,131 [INFO] pipeline.cvm:   DFP bpp 2024: 86 linhas
2026-04-14 21:07:31,613 [INFO] pipeline.cvm:   DFP dfc_mi 2024: 96 linhas
2026-04-14 21:07:31,651 [WARNING] pipeline.cvm:   Empresa 906 não encontrada em dfc_md 2024
2026-04-14 21:07:31,652 [INFO] pipeline: 
[4/6] Normalizando dados...
2026-04-14 21:07:32,506 [INFO] pipeline:   DRE normalizada:
2026-04-14 21:07:32,506 [INFO] pipeline:     margem_financeira_bruta: 2019: 122,991 | 2020: 115,542 | 2021: 120,176 | 2022: 144,924 | 2023: 143,193 | 2024: 137,022
2026-04-14 21:07:32,507 [INFO] pipeline:     lucro_liquido: 2020: 36,860 | 2021: 39,009 | 2022: 44,156 | 2023: 35,475 | 2024: 31,504
2026-04-14 21:07:32,507 [INFO] pipeline: 
[5/6] Calculando projeções...
2026-04-14 21:07:32,508 [INFO] pipeline.projecoes: 
=== Rodando projeções ===
2026-04-14 21:07:32,510 [INFO] pipeline.projecoes:   NIM ~ Selic: slope=0.2500, intercept=0.0237
2026-04-14 21:07:32,516 [INFO] pipeline.projecoes: Projeções concluídas. Resumo:
2026-04-14 21:07:32,516 [INFO] pipeline.projecoes:    Ano     Carteira        MFB      Lucro       FCFE
2026-04-14 21:07:32,516 [INFO] pipeline.projecoes:   2025    1,446,440    212,004        nan        nan
2026-04-14 21:07:32,516 [INFO] pipeline.projecoes:   2026    1,562,155    232,908        nan        nan
2026-04-14 21:07:32,516 [INFO] pipeline.projecoes:   2027    1,671,506    262,714        nan        nan
2026-04-14 21:07:32,516 [INFO] pipeline.projecoes:   2028    1,788,511    295,553        nan        nan
2026-04-14 21:07:32,516 [INFO] pipeline.projecoes:   2029    1,913,707    333,122        nan        nan
2026-04-14 21:07:32,517 [INFO] pipeline: 
[6/6] Calculando valuation...
2026-04-14 21:07:32,517 [INFO] pipeline.valuation:   TIR calculada: 1.0000%
2026-04-14 21:07:32,517 [INFO] pipeline.valuation:   TIR calculada: 1.0000%
2026-04-14 21:07:32,517 [INFO] pipeline.valuation: 
==================================================
2026-04-14 21:07:32,517 [INFO] pipeline.valuation: VALUATION COMPLETO — BBDC4
2026-04-14 21:07:32,518 [INFO] pipeline.valuation:   VP FCFE (10a):     R$          nan MM
2026-04-14 21:07:32,518 [INFO] pipeline.valuation:   Valor Perp. (VP):  R$          nan MM
2026-04-14 21:07:32,518 [INFO] pipeline.valuation:   VALOR DO EQUITY:   R$          nan MM
2026-04-14 21:07:32,518 [INFO] pipeline.valuation:   Preço Justo ON:    R$      nan
2026-04-14 21:07:32,518 [INFO] pipeline.valuation:   Preço Justo PN:    R$      nan
2026-04-14 21:07:32,518 [INFO] pipeline.valuation:   Cotação ON:        R$    20.78
2026-04-14 21:07:32,518 [INFO] pipeline.valuation:   Upside ON:                nan%
2026-04-14 21:07:32,518 [INFO] pipeline.valuation:   TIR (ON):                 1.0%
2026-04-14 21:07:32,518 [INFO] pipeline.valuation:   Preço Teto ON:     R$      nan
2026-04-14 21:07:32,519 [WARNING] pipeline: 
[!] AVISOS DE VALIDACAO:
2026-04-14 21:07:32,519 [WARNING] pipeline:   - Lucro Líquido = 0 para os anos: [2019]
2026-04-14 21:07:32,764 [INFO] pipeline.excel: 
============================================================
2026-04-14 21:07:32,764 [INFO] pipeline.excel: Escrevendo template: Valuation_BBDC4_Bradesco_20260414.xlsx
2026-04-14 21:07:32,862 [INFO] pipeline.excel:   → Dashboard
2026-04-14 21:07:32,862 [INFO] pipeline.excel:   → Ke
2026-04-14 21:07:32,869 [INFO] pipeline.excel:   → Balanço Patrimonial
2026-04-14 21:07:32,887 [INFO] pipeline.excel:   → DRE Recorrente
2026-04-14 21:07:32,925 [INFO] pipeline.excel:   → DRE + DCF
2026-04-14 21:07:32,935 [INFO] pipeline.excel:   → Projeções NIM
2026-04-14 21:07:32,958 [INFO] pipeline.excel:   → Painel de Índices
2026-04-14 21:07:33,068 [INFO] pipeline.excel: 
Arquivo salvo: C:\Users\55819\Downloads\pipeline_banco_completo\pipeline_banco\outputs\Valuation_BBDC4_Bradesco_20260414.xlsx
2026-04-14 21:07:33,068 [INFO] pipeline: 
======================================================================
2026-04-14 21:07:33,068 [INFO] pipeline: RESUMO DO VALUATION
2026-04-14 21:07:33,068 [INFO] pipeline: ======================================================================
2026-04-14 21:07:33,069 [INFO] pipeline:   Empresa:           Bradesco (BBDC4)
2026-04-14 21:07:33,069 [INFO] pipeline:   Cotação ON:        R$ 20.78
2026-04-14 21:07:33,069 [INFO] pipeline:   Preço Justo ON:    R$ nan
2026-04-14 21:07:33,069 [INFO] pipeline:   Upside ON:            nan%
2026-04-14 21:07:33,069 [INFO] pipeline:   TIR:                  1.0%
2026-04-14 21:07:33,069 [INFO] pipeline:   Preço Teto ON:     R$ nan
2026-04-14 21:07:33,069 [INFO] pipeline: 
  [!] 1 aviso(s) de validacao — verifique os logs
2026-04-14 21:07:33,069 [INFO] pipeline: 
  Arquivo gerado:    C:\Users\55819\Downloads\pipeline_banco_completo\pipeline_banco\outputs\Valuation_BBDC4_Bradesco_20260414.xlsx
2026-04-14 21:07:33,069 [INFO] pipeline: ======================================================================
