2026-05-04 10:23:56,501 [INFO] pipeline: ======================================================================
2026-05-04 10:23:56,501 [INFO] pipeline: AUDITORIA CVM/B3 — 1 ticker(s): BBDC4
2026-05-04 10:23:56,501 [INFO] pipeline: ======================================================================
2026-05-04 10:23:56,503 [INFO] pipeline: 
Auditorando BBDC4...
2026-05-04 10:23:56,868 [INFO] pipeline.cvm:   DFP dre 2020: 82 linhas
2026-05-04 10:23:57,301 [INFO] pipeline.cvm:   DFP bpa 2020: 82 linhas
2026-05-04 10:23:58,007 [INFO] pipeline.cvm:   DFP bpp 2020: 96 linhas
2026-05-04 10:23:58,438 [INFO] pipeline.cvm:   DFP dfc_mi 2020: 94 linhas
2026-05-04 10:23:58,468 [WARNING] pipeline.cvm:   Empresa 906 não encontrada em dfc_md 2020
2026-05-04 10:23:58,850 [INFO] pipeline.cvm:   DFP dre 2020: 80 linhas
2026-05-04 10:23:59,553 [INFO] pipeline.cvm:   DFP bpa 2020: 84 linhas
2026-05-04 10:24:01,042 [INFO] pipeline.cvm:   DFP bpp 2020: 90 linhas
2026-05-04 10:24:01,776 [INFO] pipeline.cvm:   DFP dfc_mi 2020: 86 linhas
2026-05-04 10:24:01,864 [WARNING] pipeline.cvm:   Empresa 906 não encontrada em dfc_md 2020
2026-05-04 10:24:02,227 [INFO] pipeline.cvm:   DFP dre 2021: 82 linhas
2026-05-04 10:24:02,747 [INFO] pipeline.cvm:   DFP bpa 2021: 82 linhas
2026-05-04 10:24:03,615 [INFO] pipeline.cvm:   DFP bpp 2021: 86 linhas
2026-05-04 10:24:03,996 [WARNING] pipeline.cvm:   Empresa 906 não encontrada em dfc_mi 2021
2026-05-04 10:24:04,037 [INFO] pipeline.cvm:   DFP dfc_md 2021: 64 linhas
2026-05-04 10:24:04,410 [INFO] pipeline.cvm:   DFP dre 2021: 80 linhas
2026-05-04 10:24:05,165 [INFO] pipeline.cvm:   DFP bpa 2021: 84 linhas
2026-05-04 10:24:06,387 [INFO] pipeline.cvm:   DFP bpp 2021: 90 linhas
2026-05-04 10:24:06,912 [INFO] pipeline.cvm:   DFP dfc_mi 2021: 88 linhas
2026-05-04 10:24:06,964 [WARNING] pipeline.cvm:   Empresa 906 não encontrada em dfc_md 2021
2026-05-04 10:24:07,212 [INFO] pipeline.cvm:   DFP dre 2022: 82 linhas
2026-05-04 10:24:07,732 [INFO] pipeline.cvm:   DFP bpa 2022: 82 linhas
2026-05-04 10:24:08,555 [INFO] pipeline.cvm:   DFP bpp 2022: 86 linhas
2026-05-04 10:24:08,960 [INFO] pipeline.cvm:   DFP dfc_mi 2022: 96 linhas
2026-05-04 10:24:08,999 [WARNING] pipeline.cvm:   Empresa 906 não encontrada em dfc_md 2022
2026-05-04 10:24:09,335 [INFO] pipeline.cvm:   DFP dre 2022: 82 linhas
2026-05-04 10:24:10,044 [INFO] pipeline.cvm:   DFP bpa 2022: 84 linhas
2026-05-04 10:24:11,241 [INFO] pipeline.cvm:   DFP bpp 2022: 90 linhas
2026-05-04 10:24:11,807 [INFO] pipeline.cvm:   DFP dfc_mi 2022: 88 linhas
2026-05-04 10:24:11,862 [WARNING] pipeline.cvm:   Empresa 906 não encontrada em dfc_md 2022
2026-05-04 10:24:12,112 [INFO] pipeline.cvm:   DFP dre 2023: 82 linhas
2026-05-04 10:24:12,594 [INFO] pipeline.cvm:   DFP bpa 2023: 82 linhas
2026-05-04 10:24:13,465 [INFO] pipeline.cvm:   DFP bpp 2023: 86 linhas
2026-05-04 10:24:13,917 [INFO] pipeline.cvm:   DFP dfc_mi 2023: 96 linhas
2026-05-04 10:24:13,953 [WARNING] pipeline.cvm:   Empresa 906 não encontrada em dfc_md 2023
2026-05-04 10:24:14,290 [INFO] pipeline.cvm:   DFP dre 2023: 82 linhas
2026-05-04 10:24:15,036 [INFO] pipeline.cvm:   DFP bpa 2023: 84 linhas
2026-05-04 10:24:16,217 [INFO] pipeline.cvm:   DFP bpp 2023: 90 linhas
2026-05-04 10:24:16,749 [INFO] pipeline.cvm:   DFP dfc_mi 2023: 88 linhas
2026-05-04 10:24:16,796 [WARNING] pipeline.cvm:   Empresa 906 não encontrada em dfc_md 2023
2026-05-04 10:24:17,032 [INFO] pipeline.cvm:   DFP dre 2024: 82 linhas
2026-05-04 10:24:17,573 [INFO] pipeline.cvm:   DFP bpa 2024: 82 linhas
2026-05-04 10:24:18,442 [INFO] pipeline.cvm:   DFP bpp 2024: 86 linhas
2026-05-04 10:24:18,858 [INFO] pipeline.cvm:   DFP dfc_mi 2024: 96 linhas
2026-05-04 10:24:18,887 [WARNING] pipeline.cvm:   Empresa 906 não encontrada em dfc_md 2024
2026-05-04 10:24:19,227 [INFO] pipeline.cvm:   DFP dre 2024: 82 linhas
2026-05-04 10:24:19,996 [INFO] pipeline.cvm:   DFP bpa 2024: 84 linhas
2026-05-04 10:24:21,546 [INFO] pipeline.cvm:   DFP bpp 2024: 90 linhas
2026-05-04 10:24:22,187 [INFO] pipeline.cvm:   DFP dfc_mi 2024: 88 linhas
2026-05-04 10:24:22,249 [WARNING] pipeline.cvm:   Empresa 906 não encontrada em dfc_md 2024
2026-05-04 10:24:22,531 [INFO] pipeline.cvm:   DFP dre 2025: 82 linhas
2026-05-04 10:24:22,991 [INFO] pipeline.cvm:   DFP bpa 2025: 82 linhas
2026-05-04 10:24:23,781 [INFO] pipeline.cvm:   DFP bpp 2025: 86 linhas
2026-05-04 10:24:24,167 [INFO] pipeline.cvm:   DFP dfc_mi 2025: 96 linhas
2026-05-04 10:24:24,197 [WARNING] pipeline.cvm:   Empresa 906 não encontrada em dfc_md 2025
2026-05-04 10:24:24,564 [INFO] pipeline.cvm:   DFP dre 2025: 80 linhas
2026-05-04 10:24:25,414 [INFO] pipeline.cvm:   DFP bpa 2025: 86 linhas
2026-05-04 10:24:26,656 [INFO] pipeline.cvm:   DFP bpp 2025: 90 linhas
2026-05-04 10:24:27,214 [INFO] pipeline.cvm:   DFP dfc_mi 2025: 90 linhas
2026-05-04 10:24:27,251 [WARNING] pipeline.cvm:   Empresa 906 não encontrada em dfc_md 2025
2026-05-04 10:24:50,415 [INFO] pipeline:   BBDC4: score=100/100 | critical=0 | warnings=0
2026-05-04 10:24:50,416 [INFO] pipeline:   Relatorio: C:\Users\55819\OneDrive - EPEJUD\DIEGO\OBSIDIAN\Analista de Investimentos\12_PYTHON\pipeline banco completo\outputs\data_quality\audit_BBDC4_20260504.md
2026-05-04 10:24:50,426 [INFO] pipeline: 
======================================================================
2026-05-04 10:24:50,426 [INFO] pipeline: RESUMO DA AUDITORIA
2026-05-04 10:24:50,426 [INFO] pipeline: ======================================================================
2026-05-04 10:24:50,427 [INFO] pipeline:   Auditados: 1
2026-05-04 10:24:50,427 [INFO] pipeline:   Erros:     0
2026-05-04 10:24:50,427 [INFO] pipeline:   CSV:       C:\Users\55819\OneDrive - EPEJUD\DIEGO\OBSIDIAN\Analista de Investimentos\12_PYTHON\pipeline banco completo\outputs\data_quality\audit_all_20260504.csv
