2026-04-27 13:51:57,274 [INFO] pipeline: ======================================================================
2026-04-27 13:51:57,274 [INFO] pipeline: PIPELINE DE VALUATION [BANCÁRIO] — ITUB4 — Itaú Unibanco
2026-04-27 13:51:57,274 [INFO] pipeline: Início: 2026-04-27 13:51:57
2026-04-27 13:51:57,274 [INFO] pipeline:   Setor: bancos | Motor: KE
2026-04-27 13:51:57,274 [INFO] pipeline: ======================================================================
2026-04-27 13:51:57,274 [INFO] pipeline:   Banco cadastrado: Itaú Unibanco | tipo: ON_PN
2026-04-27 13:51:57,274 [INFO] pipeline: 
[1/6] Coletando dados de mercado...
2026-04-27 13:51:57,627 [INFO] pipeline:   Buscando cotação via yfinance...
2026-04-27 13:51:57,627 [INFO] pipeline.mercado: Buscando cotação atual: ITUB4.SA
2026-04-27 13:51:58,880 [INFO] pipeline.mercado: Buscando cotação atual: ITUB3.SA
2026-04-27 13:51:59,575 [INFO] pipeline:   Cotação ON: R$ 44.05  |  Cotação PN: R$ 44.12
2026-04-27 13:51:59,575 [INFO] pipeline:   Ações (fonte: bancos.py): ON=5,510,000 mil | PN=5,490,000 mil
2026-04-27 13:51:59,575 [INFO] pipeline.mercado: Calculando beta: ITUB4 (252 dias úteis)
2026-04-27 13:51:59,736 [INFO] pipeline.mercado:   Beta estatístico: 1.1737 | R²: 0.685 | n=251
2026-04-27 13:51:59,737 [INFO] pipeline:   Beta estatístico: 1.174 | Beta utilizado: 0.850
2026-04-27 13:51:59,737 [INFO] pipeline: 
[2/6] Coletando dados macroeconômicos (BCB)...
2026-04-27 13:52:00,167 [WARNING] pipeline.macro: Não foi possível obter Focus Selic: 400 Client Error: Bad Request for url: https://olinda.bcb.gov.br/olinda/servico/Expectativas/versao/v1/odata/ExpectativasMercadoAnuais?%24filter=Indicador%20eq%20'Selic'&%24top=100&%24format=json&%24select=Indicador,Data,Ano,Mediana
2026-04-27 13:52:00,519 [WARNING] pipeline.macro: Não foi possível obter Focus IPCA: 400 Client Error: Bad Request for url: https://olinda.bcb.gov.br/olinda/servico/Expectativas/versao/v1/odata/ExpectativasMercadoAnuais?%24filter=Indicador%20eq%20'IPCA'&%24top=100&%24format=json&%24select=Indicador,Data,Ano,Mediana
2026-04-27 13:52:00,520 [INFO] pipeline.macro: 
=== Coletando dados macroeconômicos ===
2026-04-27 13:52:00,520 [INFO] pipeline.macro: Baixando série BCB 432...
2026-04-27 13:52:00,937 [ERROR] pipeline.macro: Erro ao baixar série BCB 432: 406 Client Error: Not Acceptable for url: https://api.bcb.gov.br/dados/serie/bcdata.sgs.432/dados?formato=json&dataInicial=01%2F01%2F2010&dataFinal=27%2F04%2F2026
2026-04-27 13:52:00,938 [WARNING] pipeline.macro: Série Selic meta sem DatetimeIndex — usando fallback histórico
2026-04-27 13:52:00,938 [INFO] pipeline.macro: Baixando série BCB 12...
2026-04-27 13:52:01,045 [ERROR] pipeline.macro: Erro ao baixar série BCB 12: 406 Client Error: Not Acceptable for url: https://api.bcb.gov.br/dados/serie/bcdata.sgs.12/dados?formato=json&dataInicial=01%2F01%2F2010&dataFinal=27%2F04%2F2026
2026-04-27 13:52:01,045 [WARNING] pipeline.macro: Série DI sem DatetimeIndex — usando fallback histórico
2026-04-27 13:52:01,048 [WARNING] pipeline.macro: IPCA calculado fora do intervalo plausível (55.3%) para 2019 — usando fallback
2026-04-27 13:52:01,048 [WARNING] pipeline.macro: IPCA calculado fora do intervalo plausível (46.1%) para 2020 — usando fallback
2026-04-27 13:52:01,049 [WARNING] pipeline.macro: IPCA calculado fora do intervalo plausível (159.3%) para 2021 — usando fallback
2026-04-27 13:52:01,049 [WARNING] pipeline.macro: IPCA calculado fora do intervalo plausível (191.2%) para 2022 — usando fallback
2026-04-27 13:52:01,049 [WARNING] pipeline.macro: IPCA calculado fora do intervalo plausível (71.5%) para 2023 — usando fallback
2026-04-27 13:52:01,049 [WARNING] pipeline.macro: IPCA calculado fora do intervalo plausível (67.0%) para 2024 — usando fallback
2026-04-27 13:52:01,049 [INFO] pipeline.macro: Baixando série BCB 258...
2026-04-27 13:52:01,156 [ERROR] pipeline.macro: Erro ao baixar série BCB 258: 406 Client Error: Not Acceptable for url: https://api.bcb.gov.br/dados/serie/bcdata.sgs.258/dados?formato=json&dataInicial=01%2F01%2F2010&dataFinal=27%2F04%2F2026
2026-04-27 13:52:01,156 [WARNING] pipeline.macro: Série TJLP sem DatetimeIndex — usando fallback histórico
2026-04-27 13:52:01,161 [WARNING] pipeline.macro: IPCA calculado fora do intervalo plausível (55.3%) para 2019 — usando fallback
2026-04-27 13:52:01,161 [WARNING] pipeline.macro: IPCA calculado fora do intervalo plausível (46.1%) para 2020 — usando fallback
2026-04-27 13:52:01,161 [WARNING] pipeline.macro: IPCA calculado fora do intervalo plausível (159.3%) para 2021 — usando fallback
2026-04-27 13:52:01,161 [WARNING] pipeline.macro: IPCA calculado fora do intervalo plausível (191.2%) para 2022 — usando fallback
2026-04-27 13:52:01,161 [WARNING] pipeline.macro: IPCA calculado fora do intervalo plausível (71.5%) para 2023 — usando fallback
2026-04-27 13:52:01,161 [WARNING] pipeline.macro: IPCA calculado fora do intervalo plausível (67.0%) para 2024 — usando fallback
2026-04-27 13:52:01,161 [INFO] pipeline.macro: 
RESUMO MACRO HISTÓRICO:
2026-04-27 13:52:01,161 [INFO] pipeline.macro:   selic_meta     : 2020: 2.00% | 2021: 9.25% | 2022: 13.75% | 2023: 11.75% | 2024: 11.75%
2026-04-27 13:52:01,161 [INFO] pipeline.macro:   selic_efet     : 2020: 2.28% | 2021: 4.48% | 2022: 12.33% | 2023: 13.15% | 2024: 10.73%
2026-04-27 13:52:01,161 [INFO] pipeline.macro:   ipca           : 2020: 4.52% | 2021: 10.06% | 2022: 5.62% | 2023: 4.62% | 2024: 4.83%
2026-04-27 13:52:01,162 [INFO] pipeline.macro:   tjlp           : 2020: 5.25% | 2021: 5.25% | 2022: 6.25% | 2023: 7.00% | 2024: 7.00%
2026-04-27 13:52:01,162 [INFO] pipeline.macro:   cds            : 2020: 0.44% | 2021: 0.73% | 2022: 1.26% | 2023: 0.84% | 2024: 0.81%
2026-04-27 13:52:01,162 [INFO] pipeline.macro:   inflacao_impl  : 2020: 4.52% | 2021: 10.06% | 2022: 5.62% | 2023: 4.62% | 2024: 4.83%
2026-04-27 13:52:01,162 [INFO] pipeline: 
[3/6] Baixando demonstrações financeiras (CVM)...
2026-04-27 13:52:01,168 [INFO] pipeline.cvm: 
==================================================
2026-04-27 13:52:01,168 [INFO] pipeline.cvm: Baixando DFP 2019...
2026-04-27 13:52:01,236 [INFO] pipeline.cvm:   DFP dre 2019: 84 linhas
2026-04-27 13:52:01,362 [INFO] pipeline.cvm:   DFP bpa 2019: 74 linhas
2026-04-27 13:52:01,578 [INFO] pipeline.cvm:   DFP bpp 2019: 104 linhas
2026-04-27 13:52:01,693 [INFO] pipeline.cvm:   DFP dfc_mi 2019: 132 linhas
2026-04-27 13:52:01,703 [WARNING] pipeline.cvm:   Empresa 19348 não encontrada em dfc_md 2019
2026-04-27 13:52:01,703 [INFO] pipeline.cvm: 
==================================================
2026-04-27 13:52:01,703 [INFO] pipeline.cvm: Baixando DFP 2020...
2026-04-27 13:52:01,777 [INFO] pipeline.cvm:   DFP dre 2020: 84 linhas
2026-04-27 13:52:01,916 [INFO] pipeline.cvm:   DFP bpa 2020: 76 linhas
2026-04-27 13:52:02,166 [INFO] pipeline.cvm:   DFP bpp 2020: 106 linhas
2026-04-27 13:52:02,292 [INFO] pipeline.cvm:   DFP dfc_mi 2020: 132 linhas
2026-04-27 13:52:02,302 [WARNING] pipeline.cvm:   Empresa 19348 não encontrada em dfc_md 2020
2026-04-27 13:52:02,303 [INFO] pipeline.cvm: 
==================================================
2026-04-27 13:52:02,303 [INFO] pipeline.cvm: Baixando DFP 2021...
2026-04-27 13:52:02,380 [INFO] pipeline.cvm:   DFP dre 2021: 84 linhas
2026-04-27 13:52:02,529 [INFO] pipeline.cvm:   DFP bpa 2021: 80 linhas
2026-04-27 13:52:02,789 [INFO] pipeline.cvm:   DFP bpp 2021: 106 linhas
2026-04-27 13:52:02,921 [INFO] pipeline.cvm:   DFP dfc_mi 2021: 134 linhas
2026-04-27 13:52:02,933 [WARNING] pipeline.cvm:   Empresa 19348 não encontrada em dfc_md 2021
2026-04-27 13:52:02,933 [INFO] pipeline.cvm: 
==================================================
2026-04-27 13:52:02,933 [INFO] pipeline.cvm: Baixando DFP 2022...
2026-04-27 13:52:03,015 [INFO] pipeline.cvm:   DFP dre 2022: 82 linhas
2026-04-27 13:52:03,169 [INFO] pipeline.cvm:   DFP bpa 2022: 80 linhas
2026-04-27 13:52:03,449 [INFO] pipeline.cvm:   DFP bpp 2022: 106 linhas
2026-04-27 13:52:03,592 [INFO] pipeline.cvm:   DFP dfc_mi 2022: 144 linhas
2026-04-27 13:52:03,605 [WARNING] pipeline.cvm:   Empresa 19348 não encontrada em dfc_md 2022
2026-04-27 13:52:03,606 [INFO] pipeline.cvm: 
==================================================
2026-04-27 13:52:03,606 [INFO] pipeline.cvm: Baixando DFP 2023...
2026-04-27 13:52:03,686 [INFO] pipeline.cvm:   DFP dre 2023: 82 linhas
2026-04-27 13:52:03,841 [INFO] pipeline.cvm:   DFP bpa 2023: 82 linhas
2026-04-27 13:52:04,122 [INFO] pipeline.cvm:   DFP bpp 2023: 106 linhas
2026-04-27 13:52:04,276 [INFO] pipeline.cvm:   DFP dfc_mi 2023: 146 linhas
2026-04-27 13:52:04,289 [WARNING] pipeline.cvm:   Empresa 19348 não encontrada em dfc_md 2023
2026-04-27 13:52:04,290 [INFO] pipeline.cvm: 
==================================================
2026-04-27 13:52:04,290 [INFO] pipeline.cvm: Baixando DFP 2024...
2026-04-27 13:52:04,368 [INFO] pipeline.cvm:   DFP dre 2024: 82 linhas
2026-04-27 13:52:04,518 [INFO] pipeline.cvm:   DFP bpa 2024: 82 linhas
2026-04-27 13:52:04,787 [INFO] pipeline.cvm:   DFP bpp 2024: 106 linhas
2026-04-27 13:52:04,933 [INFO] pipeline.cvm:   DFP dfc_mi 2024: 146 linhas
2026-04-27 13:52:04,947 [WARNING] pipeline.cvm:   Empresa 19348 não encontrada em dfc_md 2024
2026-04-27 13:52:04,947 [INFO] pipeline.cvm: 
==================================================
2026-04-27 13:52:04,947 [INFO] pipeline.cvm: Baixando DFP 2025...
2026-04-27 13:52:05,015 [INFO] pipeline.cvm:   DFP dre 2025: 80 linhas
2026-04-27 13:52:05,148 [INFO] pipeline.cvm:   DFP bpa 2025: 82 linhas
2026-04-27 13:52:05,283 [WARNING] pipeline.cvm: Cache corrompido (9b4b4d8d74ae3126e6a2e81e9c5fec48.json): Expecting value: line 1 column 30563697 (char 30563696) — re-baixando
2026-04-27 13:52:05,284 [INFO] pipeline.cvm: Baixando: https://dados.cvm.gov.br/dados/CIA_ABERTA/DOC/DFP/DADOS/dfp_cia_aberta_2025.zip
2026-04-27 13:52:07,508 [INFO] pipeline.cvm:   DFP bpp 2025: 106 linhas
2026-04-27 13:52:07,508 [INFO] pipeline.cvm: Baixando: https://dados.cvm.gov.br/dados/CIA_ABERTA/DOC/DFP/DADOS/dfp_cia_aberta_2025.zip
2026-04-27 13:52:10,811 [INFO] pipeline.cvm:   DFP dfc_mi 2025: 146 linhas
2026-04-27 13:52:10,811 [INFO] pipeline.cvm: Baixando: https://dados.cvm.gov.br/dados/CIA_ABERTA/DOC/DFP/DADOS/dfp_cia_aberta_2025.zip
2026-04-27 13:52:38,553 [WARNING] pipeline.cvm:   Empresa 19348 não encontrada em dfc_md 2025
2026-04-27 13:52:38,553 [INFO] pipeline:   Anos ajustados → Histórico: 2019-2025 | Projeção: 2026-2035
2026-04-27 13:52:38,553 [INFO] pipeline: 
[4/6] Normalizando dados...
2026-04-27 13:52:38,744 [INFO] pipeline:   DRE normalizada:
2026-04-27 13:52:38,744 [INFO] pipeline:     margem_financeira_bruta: 2019: 117,079 | 2020: 100,199 | 2021: 126,374 | 2022: 115,570 | 2023: 124,526 | 2024: 135,739 | 2025: 138,947
2026-04-27 13:52:38,744 [INFO] pipeline:     lucro_liquido: 2019: 27,113 | 2020: 18,896 | 2021: 26,760 | 2022: 29,702 | 2023: 33,105 | 2024: 41,085 | 2025: 44,857
2026-04-27 13:52:38,744 [INFO] pipeline: 
[5/6] Calculando projeções...
2026-04-27 13:52:38,748 [INFO] pipeline:   Premissas banco: NIM=6.5% | Payout=50% | g=5.5%
2026-04-27 13:52:38,748 [INFO] pipeline.projecoes: 
=== Rodando projeções ===
2026-04-27 13:52:38,749 [INFO] pipeline.projecoes:   NIM ~ Selic: slope=-0.1251, intercept=0.0592
2026-04-27 13:52:38,750 [INFO] pipeline.projecoes:   Margem op./MFB histórica (median 5a): 33.42%
2026-04-27 13:52:38,750 [INFO] pipeline.projecoes: Projeções concluídas. Resumo:
2026-04-27 13:52:38,750 [INFO] pipeline.projecoes:    Ano     Carteira        MFB      Lucro       FCFE
2026-04-27 13:52:38,750 [INFO] pipeline.projecoes:   2026    1,181,340    177,023     51,442     25,721
2026-04-27 13:52:38,750 [INFO] pipeline.projecoes:   2027    1,275,847    201,590     58,581     29,291
2026-04-27 13:52:38,750 [INFO] pipeline.projecoes:   2028    1,377,915    228,954     66,533     33,267
2026-04-27 13:52:38,750 [INFO] pipeline.projecoes:   2029    1,474,369    256,411     74,512     37,256
2026-04-27 13:52:38,750 [INFO] pipeline.projecoes:   2030    1,577,575    286,538     83,267     41,633
2026-04-27 13:52:38,750 [INFO] pipeline: 
[6/6] Calculando valuation (FCFE / Ke)...
2026-04-27 13:52:38,751 [INFO] pipeline.valuation: 
==================================================
2026-04-27 13:52:38,751 [INFO] pipeline.valuation: VALUATION COMPLETO — BBDC4
2026-04-27 13:52:38,751 [INFO] pipeline.valuation:   VP FCFE (10a):     R$      240,883 MM
2026-04-27 13:52:38,751 [INFO] pipeline.valuation:   Valor Perp. (VP):  R$      238,639 MM
2026-04-27 13:52:38,751 [INFO] pipeline.valuation:   VALOR DO EQUITY:   R$      479,521 MM
2026-04-27 13:52:38,751 [INFO] pipeline.valuation:   Preço Justo ON:    R$    45.66
2026-04-27 13:52:38,751 [INFO] pipeline.valuation:   Preço Justo PN:    R$    50.23
2026-04-27 13:52:38,751 [INFO] pipeline.valuation:   Cotação ON:        R$    44.05
2026-04-27 13:52:38,751 [INFO] pipeline.valuation:   Upside ON:                3.7%
2026-04-27 13:52:38,751 [INFO] pipeline.valuation:   TIR (ON):                12.8%
2026-04-27 13:52:38,751 [INFO] pipeline.valuation:   Preço Teto ON:     R$    45.66
2026-04-27 13:52:38,792 [ERROR] pipeline: Template bancário não encontrado para ITUB4.
  Use --template para especificar o caminho manualmente.
