2026-04-27 22:16:19,645 [INFO] pipeline: ======================================================================
2026-04-27 22:16:19,646 [INFO] pipeline: PIPELINE DE VALUATION [PETROLEO] — PETR4 — Petrobras
2026-04-27 22:16:19,646 [INFO] pipeline: Início: 2026-04-27 22:16:19
2026-04-27 22:16:19,646 [INFO] pipeline:   Setor: petroleo | Motor: WACC
2026-04-27 22:16:19,647 [INFO] pipeline: ======================================================================
2026-04-27 22:16:19,647 [INFO] pipeline: 
[1/6] Coletando dados de mercado...
2026-04-27 22:16:19,786 [INFO] pipeline:   Buscando cotação via yfinance...
2026-04-27 22:16:19,786 [INFO] pipeline.mercado: Buscando cotação atual: PETR4.SA
2026-04-27 22:16:20,984 [INFO] pipeline:   Cotação ON: R$ 47.37  |  Cotação PN: R$ 0.00
2026-04-27 22:16:20,985 [INFO] pipeline:   Ações (fonte: empresas.yaml): ON=7,442,455 mil | PN=5,602,043 mil
2026-04-27 22:16:20,986 [INFO] pipeline.mercado: Calculando beta: PETR4 (252 dias úteis)
2026-04-27 22:16:20,987 [INFO] pipeline.mercado: Baixando preços: PETR4.SA (2019-01-01 → 2026-04-27)
2026-04-27 22:16:21,796 [INFO] pipeline.mercado:   1819 dias de preços carregados
2026-04-27 22:16:21,797 [INFO] pipeline.mercado: Baixando preços: ^BVSP (2019-01-01 → 2026-04-27)
2026-04-27 22:16:22,450 [INFO] pipeline.mercado:   1819 dias de preços carregados
2026-04-27 22:16:22,462 [INFO] pipeline.mercado:   Beta estatístico: 0.4784 | R²: 0.099 | n=251
2026-04-27 22:16:22,463 [INFO] pipeline:   Beta estatístico: 0.478 | Beta utilizado: 0.850
2026-04-27 22:16:22,463 [INFO] pipeline: 
[2/6] Coletando dados macroeconômicos (BCB)...
2026-04-27 22:16:22,909 [WARNING] pipeline.macro: Não foi possível obter Focus Selic: 400 Client Error: Bad Request for url: https://olinda.bcb.gov.br/olinda/servico/Expectativas/versao/v1/odata/ExpectativasMercadoAnuais?%24filter=Indicador%20eq%20'Selic'&%24top=100&%24format=json&%24select=Indicador,Data,Ano,Mediana
2026-04-27 22:16:23,283 [WARNING] pipeline.macro: Não foi possível obter Focus IPCA: 400 Client Error: Bad Request for url: https://olinda.bcb.gov.br/olinda/servico/Expectativas/versao/v1/odata/ExpectativasMercadoAnuais?%24filter=Indicador%20eq%20'IPCA'&%24top=100&%24format=json&%24select=Indicador,Data,Ano,Mediana
2026-04-27 22:16:23,285 [INFO] pipeline.macro: 
=== Coletando dados macroeconômicos ===
2026-04-27 22:16:23,285 [INFO] pipeline.macro: Baixando série BCB 432...
2026-04-27 22:16:23,603 [ERROR] pipeline.macro: Erro ao baixar série BCB 432: 406 Client Error: Not Acceptable for url: https://api.bcb.gov.br/dados/serie/bcdata.sgs.432/dados?formato=json&dataInicial=01%2F01%2F2010&dataFinal=27%2F04%2F2026
2026-04-27 22:16:23,605 [WARNING] pipeline.macro: Série Selic meta sem DatetimeIndex — usando fallback histórico
2026-04-27 22:16:23,605 [INFO] pipeline.macro: Baixando série BCB 12...
2026-04-27 22:16:23,717 [ERROR] pipeline.macro: Erro ao baixar série BCB 12: 406 Client Error: Not Acceptable for url: https://api.bcb.gov.br/dados/serie/bcdata.sgs.12/dados?formato=json&dataInicial=01%2F01%2F2010&dataFinal=27%2F04%2F2026
2026-04-27 22:16:23,718 [WARNING] pipeline.macro: Série DI sem DatetimeIndex — usando fallback histórico
2026-04-27 22:16:23,718 [INFO] pipeline.macro: Baixando série BCB 13522...
2026-04-27 22:16:23,851 [ERROR] pipeline.macro: Erro ao baixar série BCB 13522: Unable to find a usable engine; tried using: 'pyarrow', 'fastparquet'.
A suitable version of pyarrow or fastparquet is required for parquet support.
Trying to import the above resulted in these errors:
 - Missing optional dependency 'pyarrow'. pyarrow is required for parquet support. Use pip or conda to install pyarrow.
 - Missing optional dependency 'fastparquet'. fastparquet is required for parquet support. Use pip or conda to install fastparquet.
2026-04-27 22:16:23,852 [WARNING] pipeline.macro: Série IPCA sem DatetimeIndex — usando fallback histórico
2026-04-27 22:16:23,853 [INFO] pipeline.macro: Baixando série BCB 258...
2026-04-27 22:16:31,048 [ERROR] pipeline.macro: Erro ao baixar série BCB 258: 502 Server Error: Bad Gateway for url: https://api.bcb.gov.br/dados/serie/bcdata.sgs.258/dados?formato=json&dataInicial=01%2F01%2F2010&dataFinal=27%2F04%2F2026
2026-04-27 22:16:31,050 [WARNING] pipeline.macro: Série TJLP sem DatetimeIndex — usando fallback histórico
2026-04-27 22:16:31,051 [INFO] pipeline.macro: Baixando série BCB 29039...
2026-04-27 22:16:31,163 [ERROR] pipeline.macro: Erro ao baixar série BCB 29039: Unable to find a usable engine; tried using: 'pyarrow', 'fastparquet'.
A suitable version of pyarrow or fastparquet is required for parquet support.
Trying to import the above resulted in these errors:
 - Missing optional dependency 'pyarrow'. pyarrow is required for parquet support. Use pip or conda to install pyarrow.
 - Missing optional dependency 'fastparquet'. fastparquet is required for parquet support. Use pip or conda to install fastparquet.
2026-04-27 22:16:31,164 [WARNING] pipeline.macro: CDS sem DatetimeIndex — usando fallback histórico
2026-04-27 22:16:31,165 [INFO] pipeline.macro: Baixando série BCB 13522...
2026-04-27 22:16:31,281 [ERROR] pipeline.macro: Erro ao baixar série BCB 13522: Unable to find a usable engine; tried using: 'pyarrow', 'fastparquet'.
A suitable version of pyarrow or fastparquet is required for parquet support.
Trying to import the above resulted in these errors:
 - Missing optional dependency 'pyarrow'. pyarrow is required for parquet support. Use pip or conda to install pyarrow.
 - Missing optional dependency 'fastparquet'. fastparquet is required for parquet support. Use pip or conda to install fastparquet.
2026-04-27 22:16:31,282 [WARNING] pipeline.macro: Série IPCA sem DatetimeIndex — usando fallback histórico
2026-04-27 22:16:31,282 [INFO] pipeline.macro: 
RESUMO MACRO HISTÓRICO:
2026-04-27 22:16:31,283 [INFO] pipeline.macro:   selic_meta     : 2020: 2.00% | 2021: 9.25% | 2022: 13.75% | 2023: 11.75% | 2024: 11.75%
2026-04-27 22:16:31,283 [INFO] pipeline.macro:   selic_efet     : 2020: 2.28% | 2021: 4.48% | 2022: 12.33% | 2023: 13.15% | 2024: 10.73%
2026-04-27 22:16:31,284 [INFO] pipeline.macro:   ipca           : 2020: 4.52% | 2021: 10.06% | 2022: 5.62% | 2023: 4.62% | 2024: 4.83%
2026-04-27 22:16:31,284 [INFO] pipeline.macro:   tjlp           : 2020: 5.25% | 2021: 5.25% | 2022: 6.25% | 2023: 7.00% | 2024: 7.00%
2026-04-27 22:16:31,285 [INFO] pipeline.macro:   cds            : 2020: 0.65% | 2021: 0.90% | 2022: 1.20% | 2023: 0.85% | 2024: 0.70%
2026-04-27 22:16:31,285 [INFO] pipeline.macro:   inflacao_impl  : 2020: 4.52% | 2021: 10.06% | 2022: 5.62% | 2023: 4.62% | 2024: 4.83%
2026-04-27 22:16:31,285 [INFO] pipeline: 
[3/6] Baixando demonstrações financeiras (CVM)...
2026-04-27 22:16:31,288 [INFO] pipeline.cvm: 
==================================================
2026-04-27 22:16:31,289 [INFO] pipeline.cvm: Baixando DFP 2019...
2026-04-27 22:16:31,384 [INFO] pipeline.cvm:   DFP dre 2019: 86 linhas
2026-04-27 22:16:31,511 [INFO] pipeline.cvm:   DFP bpa 2019: 130 linhas
2026-04-27 22:16:31,720 [INFO] pipeline.cvm:   DFP bpp 2019: 216 linhas
2026-04-27 22:16:31,830 [INFO] pipeline.cvm:   DFP dfc_mi 2019: 118 linhas
2026-04-27 22:16:31,842 [WARNING] pipeline.cvm:   Empresa 9512 não encontrada em dfc_md 2019
2026-04-27 22:16:31,843 [INFO] pipeline.cvm: 
==================================================
2026-04-27 22:16:31,843 [INFO] pipeline.cvm: Baixando DFP 2020...
2026-04-27 22:16:31,919 [INFO] pipeline.cvm:   DFP dre 2020: 86 linhas
2026-04-27 22:16:32,056 [INFO] pipeline.cvm:   DFP bpa 2020: 130 linhas
2026-04-27 22:16:32,306 [INFO] pipeline.cvm:   DFP bpp 2020: 218 linhas
2026-04-27 22:16:32,436 [INFO] pipeline.cvm:   DFP dfc_mi 2020: 124 linhas
2026-04-27 22:16:32,450 [WARNING] pipeline.cvm:   Empresa 9512 não encontrada em dfc_md 2020
2026-04-27 22:16:32,451 [INFO] pipeline.cvm: 
==================================================
2026-04-27 22:16:32,451 [INFO] pipeline.cvm: Baixando DFP 2021...
2026-04-27 22:16:32,528 [INFO] pipeline.cvm:   DFP dre 2021: 86 linhas
2026-04-27 22:16:32,674 [INFO] pipeline.cvm:   DFP bpa 2021: 130 linhas
2026-04-27 22:16:32,926 [INFO] pipeline.cvm:   DFP bpp 2021: 218 linhas
2026-04-27 22:16:33,059 [INFO] pipeline.cvm:   DFP dfc_mi 2021: 126 linhas
2026-04-27 22:16:33,073 [WARNING] pipeline.cvm:   Empresa 9512 não encontrada em dfc_md 2021
2026-04-27 22:16:33,074 [INFO] pipeline.cvm: 
==================================================
2026-04-27 22:16:33,074 [INFO] pipeline.cvm: Baixando DFP 2022...
2026-04-27 22:16:33,168 [INFO] pipeline.cvm:   DFP dre 2022: 86 linhas
2026-04-27 22:16:33,322 [INFO] pipeline.cvm:   DFP bpa 2022: 130 linhas
2026-04-27 22:16:33,596 [INFO] pipeline.cvm:   DFP bpp 2022: 218 linhas
2026-04-27 22:16:33,741 [INFO] pipeline.cvm:   DFP dfc_mi 2022: 128 linhas
2026-04-27 22:16:33,756 [WARNING] pipeline.cvm:   Empresa 9512 não encontrada em dfc_md 2022
2026-04-27 22:16:33,757 [INFO] pipeline.cvm: 
==================================================
2026-04-27 22:16:33,757 [INFO] pipeline.cvm: Baixando DFP 2023...
2026-04-27 22:16:33,841 [INFO] pipeline.cvm:   DFP dre 2023: 86 linhas
2026-04-27 22:16:33,996 [INFO] pipeline.cvm:   DFP bpa 2023: 130 linhas
2026-04-27 22:16:34,276 [INFO] pipeline.cvm:   DFP bpp 2023: 220 linhas
2026-04-27 22:16:34,431 [INFO] pipeline.cvm:   DFP dfc_mi 2023: 130 linhas
2026-04-27 22:16:34,445 [WARNING] pipeline.cvm:   Empresa 9512 não encontrada em dfc_md 2023
2026-04-27 22:16:34,446 [INFO] pipeline.cvm: 
==================================================
2026-04-27 22:16:34,446 [INFO] pipeline.cvm: Baixando DFP 2024...
2026-04-27 22:16:34,527 [INFO] pipeline.cvm:   DFP dre 2024: 86 linhas
2026-04-27 22:16:34,675 [INFO] pipeline.cvm:   DFP bpa 2024: 130 linhas
2026-04-27 22:16:34,938 [INFO] pipeline.cvm:   DFP bpp 2024: 220 linhas
2026-04-27 22:16:35,086 [INFO] pipeline.cvm:   DFP dfc_mi 2024: 130 linhas
2026-04-27 22:16:35,100 [WARNING] pipeline.cvm:   Empresa 9512 não encontrada em dfc_md 2024
2026-04-27 22:16:35,100 [INFO] pipeline.cvm: 
==================================================
2026-04-27 22:16:35,101 [INFO] pipeline.cvm: Baixando DFP 2025...
2026-04-27 22:16:35,172 [INFO] pipeline.cvm:   DFP dre 2025: 86 linhas
2026-04-27 22:16:35,303 [INFO] pipeline.cvm:   DFP bpa 2025: 136 linhas
2026-04-27 22:16:35,552 [INFO] pipeline.cvm:   DFP bpp 2025: 220 linhas
2026-04-27 22:16:35,690 [INFO] pipeline.cvm:   DFP dfc_mi 2025: 130 linhas
2026-04-27 22:16:35,702 [WARNING] pipeline.cvm:   Empresa 9512 não encontrada em dfc_md 2025
2026-04-27 22:16:35,703 [INFO] pipeline:   Anos ajustados → Histórico: 2019-2025 | Projeção: 2026-2035
2026-04-27 22:16:35,703 [INFO] pipeline: 
[4/6] Normalizando dados...
2026-04-27 22:16:36,142 [INFO] pipeline:   DFC normalizada: 11 linhas
2026-04-27 22:16:36,144 [INFO] pipeline:   DRE normalizada:
2026-04-27 22:16:36,144 [INFO] pipeline:     receita_liquida: 2019: 302,245 | 2020: 272,069 | 2021: 452,668 | 2022: 641,256 | 2023: 511,994 | 2024: 490,829 | 2025: 497,549
2026-04-27 22:16:36,145 [INFO] pipeline:     ebit: 2019: 81,701 | 2020: 49,621 | 2021: 210,831 | 2022: 294,255 | 2023: 189,342 | 2024: 137,201 | 2025: 145,628
2026-04-27 22:16:36,145 [INFO] pipeline:     lucro_liquido: 2019: 40,137 | 2020: 7,108 | 2021: 106,668 | 2022: 188,328 | 2023: 124,606 | 2024: 36,606 | 2025: 110,129
2026-04-27 22:16:36,145 [INFO] pipeline: 
[5/6] Calculando projeções...
2026-04-27 22:16:36,147 [INFO] pipeline.projecoes: 
=== Projeções (não-financeira / FCFF) ===
2026-04-27 22:16:36,147 [INFO] pipeline.projecoes:   Margem EBITDA: 42.0% → 48.0% (conv 6a)
2026-04-27 22:16:36,148 [INFO] pipeline.projecoes:   D&A/Receita: 12.9%
2026-04-27 22:16:36,148 [INFO] pipeline.projecoes:   CAPEX/Receita: 4.3% → 20.0%
2026-04-27 22:16:36,149 [INFO] pipeline.projecoes:   NCG/Receita: 7.4% → 5.0%
2026-04-27 22:16:36,150 [INFO] pipeline.projecoes:   Alíquota efetiva: 30.4%
2026-04-27 22:16:36,150 [INFO] pipeline.projecoes: Projeções concluídas (FCFF). Resumo:
2026-04-27 22:16:36,150 [INFO] pipeline.projecoes:    Ano      Receita     EBITDA    Mg%      NOPAT       FCFF
2026-04-27 22:16:36,150 [INFO] pipeline.projecoes:   2026      527,402    226,737  43.0%    110,416    132,599
2026-04-27 22:16:36,150 [INFO] pipeline.projecoes:   2027      559,046    245,942  44.0%    120,940    134,608
2026-04-27 22:16:36,150 [INFO] pipeline.projecoes:   2028      586,998    264,119  45.0%    131,081    127,474
2026-04-27 22:16:36,151 [INFO] pipeline.projecoes:   2029      616,348    283,499  46.0%    141,933    118,907
2026-04-27 22:16:36,151 [INFO] pipeline.projecoes:   2030      647,166    304,157  47.0%    153,544    109,165
2026-04-27 22:16:36,151 [INFO] pipeline.valuation:   Estrutura de capital: E=65% | D=35%
2026-04-27 22:16:36,151 [INFO] pipeline: 
[6/6] Calculando valuation (FCFF / WACC)...
2026-04-27 22:16:36,151 [INFO] pipeline.valuation: 
==================================================
2026-04-27 22:16:36,151 [INFO] pipeline.valuation: VALUATION FCFF/WACC — PETR4
2026-04-27 22:16:36,152 [INFO] pipeline.valuation:   VP FCFF (10a):     R$      746,295 MM
2026-04-27 22:16:36,152 [INFO] pipeline.valuation:   Valor Perp. (VP):  R$      645,354 MM
2026-04-27 22:16:36,152 [INFO] pipeline.valuation:   ENTERPRISE VALUE:  R$    1,391,649 MM
2026-04-27 22:16:36,152 [INFO] pipeline.valuation:   (-) Dívida Líq.:   R$      333,417 MM
2026-04-27 22:16:36,152 [INFO] pipeline.valuation:   VALOR DO EQUITY:   R$    1,058,232 MM
2026-04-27 22:16:36,152 [INFO] pipeline.valuation:   Preço Justo ON:    R$    81.12
2026-04-27 22:16:36,152 [INFO] pipeline.valuation:   Preço Justo PN:    R$    81.12
2026-04-27 22:16:36,152 [INFO] pipeline.valuation:   Cotação ON:        R$    47.37
2026-04-27 22:16:36,153 [INFO] pipeline.valuation:   Upside ON:               71.2%
2026-04-27 22:16:36,153 [INFO] pipeline.valuation:   TIR (ON):                21.8%
2026-04-27 22:16:36,153 [INFO] pipeline.valuation:   WACC último ano:         12.0%
2026-04-27 22:16:36,153 [INFO] pipeline:   Sem template VAROS para PETR4 — Excel será criado do zero
2026-04-27 22:16:36,244 [INFO] pipeline.excel_geral: 
============================================================
2026-04-27 22:16:36,244 [INFO] pipeline.excel_geral: Criando Excel completo (12 abas) para: Petrobras (PETR4)
2026-04-27 22:16:36,245 [INFO] pipeline.excel_geral:   → 1/12  Dashboard
2026-04-27 22:16:36,249 [INFO] pipeline.excel_geral:   → 2/12  WACC
2026-04-27 22:16:36,262 [INFO] pipeline.excel_geral:   → 3/12  TIR ON
2026-04-27 22:16:36,266 [INFO] pipeline.excel_geral:   → 4/12  TIR PN
2026-04-27 22:16:36,270 [INFO] pipeline.excel_geral:   → 5/12  Valor do Equity
2026-04-27 22:16:36,272 [INFO] pipeline.excel_geral:   → 6/12  Preço Teto
2026-04-27 22:16:36,275 [INFO] pipeline.excel_geral:   → 7/12  DRE + DCF
2026-04-27 22:16:36,316 [INFO] pipeline.excel_geral:   → 8/12  DRE Contas Abertas
2026-04-27 22:16:36,337 [INFO] pipeline.excel_geral:   → 9/12  Balanço Patrimonial
2026-04-27 22:16:36,354 [INFO] pipeline.excel_geral:   → 10/12 Painel de Índices
2026-04-27 22:16:36,378 [INFO] pipeline.excel_geral:   → 11/12 Projeções Premissas
2026-04-27 22:16:36,386 [INFO] pipeline.excel_geral:   → 12/12 Projeções Capex e CG
2026-04-27 22:16:36,427 [INFO] pipeline.excel_geral: 
Arquivo salvo: /sessions/admiring-gallant-darwin/mnt/OBSIDIAN/Analista de Investimentos/12_PYTHON/pipeline banco completo/outputs/Valuation_PETR4_Petrobras_20260427.xlsx
2026-04-27 22:16:36,427 [INFO] pipeline: 
======================================================================
2026-04-27 22:16:36,427 [INFO] pipeline: RESUMO DO VALUATION (FCFF/WACC)
2026-04-27 22:16:36,428 [INFO] pipeline: ======================================================================
2026-04-27 22:16:36,428 [INFO] pipeline:   Empresa:           Petrobras (PETR4)
2026-04-27 22:16:36,428 [INFO] pipeline:   Enterprise Value:  R$    1,391,649 MM
2026-04-27 22:16:36,428 [INFO] pipeline:   Cotação ON:        R$ 47.37
2026-04-27 22:16:36,428 [INFO] pipeline:   Preço Justo ON:    R$ 81.12
2026-04-27 22:16:36,429 [INFO] pipeline:   Upside ON:            71.2%
2026-04-27 22:16:36,429 [INFO] pipeline:   TIR:                  21.8%
2026-04-27 22:16:36,429 [INFO] pipeline:   Preço Teto ON:     R$ 81.12
2026-04-27 22:16:36,429 [INFO] pipeline: 
  Arquivo gerado:    /sessions/admiring-gallant-darwin/mnt/OBSIDIAN/Analista de Investimentos/12_PYTHON/pipeline banco completo/outputs/Valuation_PETR4_Petrobras_20260427.xlsx
2026-04-27 22:16:36,429 [INFO] pipeline: ======================================================================
