2026-04-15 09:50:49,533 [INFO] pipeline: ======================================================================
2026-04-15 09:50:49,533 [INFO] pipeline: PIPELINE DE VALUATION BANCÁRIO — BBDC4 — Bradesco
2026-04-15 09:50:49,534 [INFO] pipeline: Início: 2026-04-15 09:50:49
2026-04-15 09:50:49,534 [INFO] pipeline: ======================================================================
2026-04-15 09:50:49,534 [INFO] pipeline: 
[1/6] Coletando dados de mercado...
2026-04-15 09:50:50,069 [INFO] pipeline:   Buscando cotação via yfinance...
2026-04-15 09:50:50,069 [INFO] pipeline.mercado: Buscando cotação atual: BBDC4.SA
2026-04-15 09:50:51,929 [INFO] pipeline.mercado: Buscando cotação atual: BBDC3.SA
2026-04-15 09:50:52,784 [INFO] pipeline:   Cotação ON: R$ 18.02  |  Cotação PN: R$ 20.78
2026-04-15 09:50:53,480 [INFO] pipeline:   Ações ON (BBDC3): 5,293,221 mil
2026-04-15 09:50:53,481 [INFO] pipeline:   Ações PN (BBDC4): 5,277,491 mil
2026-04-15 09:50:53,481 [INFO] pipeline.mercado: Calculando beta: BBDC4 (252 dias úteis)
2026-04-15 09:50:53,591 [INFO] pipeline.mercado:   Beta estatístico: 1.3159 | R²: 0.541 | n=251
2026-04-15 09:50:53,593 [INFO] pipeline:   Beta estatístico: 1.316 | Beta utilizado: 0.850
2026-04-15 09:50:53,594 [INFO] pipeline: 
[2/6] Coletando dados macroeconômicos (BCB)...
2026-04-15 09:50:53,912 [WARNING] pipeline.macro: Não foi possível obter Focus Selic: 400 Client Error: Bad Request for url: https://olinda.bcb.gov.br/olinda/servico/Expectativas/versao/v1/odata/ExpectativasMercadoAnuais?%24filter=Indicador%20eq%20'Selic'&%24top=100&%24format=json&%24select=Indicador,Data,Ano,Mediana
2026-04-15 09:50:54,198 [WARNING] pipeline.macro: Não foi possível obter Focus IPCA: 400 Client Error: Bad Request for url: https://olinda.bcb.gov.br/olinda/servico/Expectativas/versao/v1/odata/ExpectativasMercadoAnuais?%24filter=Indicador%20eq%20'IPCA'&%24top=100&%24format=json&%24select=Indicador,Data,Ano,Mediana
2026-04-15 09:50:54,199 [INFO] pipeline.macro: 
=== Coletando dados macroeconômicos ===
2026-04-15 09:50:54,200 [INFO] pipeline.macro: Baixando série BCB 432...
2026-04-15 09:50:54,503 [ERROR] pipeline.macro: Erro ao baixar série BCB 432: 406 Client Error: Not Acceptable for url: https://api.bcb.gov.br/dados/serie/bcdata.sgs.432/dados?formato=json&dataInicial=01%2F01%2F2010&dataFinal=15%2F04%2F2026
2026-04-15 09:50:54,504 [WARNING] pipeline.macro: Série Selic meta sem DatetimeIndex — usando fallback histórico
2026-04-15 09:50:54,504 [INFO] pipeline.macro: Baixando série BCB 12...
2026-04-15 09:50:54,608 [ERROR] pipeline.macro: Erro ao baixar série BCB 12: 406 Client Error: Not Acceptable for url: https://api.bcb.gov.br/dados/serie/bcdata.sgs.12/dados?formato=json&dataInicial=01%2F01%2F2010&dataFinal=15%2F04%2F2026
2026-04-15 09:50:54,608 [WARNING] pipeline.macro: Série DI sem DatetimeIndex — usando fallback histórico
2026-04-15 09:50:54,612 [WARNING] pipeline.macro: IPCA calculado fora do intervalo plausível (55.3%) para 2019 — usando fallback
2026-04-15 09:50:54,612 [WARNING] pipeline.macro: IPCA calculado fora do intervalo plausível (46.1%) para 2020 — usando fallback
2026-04-15 09:50:54,612 [WARNING] pipeline.macro: IPCA calculado fora do intervalo plausível (159.3%) para 2021 — usando fallback
2026-04-15 09:50:54,613 [WARNING] pipeline.macro: IPCA calculado fora do intervalo plausível (191.2%) para 2022 — usando fallback
2026-04-15 09:50:54,613 [WARNING] pipeline.macro: IPCA calculado fora do intervalo plausível (71.5%) para 2023 — usando fallback
2026-04-15 09:50:54,613 [WARNING] pipeline.macro: IPCA calculado fora do intervalo plausível (67.0%) para 2024 — usando fallback
2026-04-15 09:50:54,613 [INFO] pipeline.macro: Baixando série BCB 258...
2026-04-15 09:50:54,722 [ERROR] pipeline.macro: Erro ao baixar série BCB 258: 406 Client Error: Not Acceptable for url: https://api.bcb.gov.br/dados/serie/bcdata.sgs.258/dados?formato=json&dataInicial=01%2F01%2F2010&dataFinal=15%2F04%2F2026
2026-04-15 09:50:54,722 [WARNING] pipeline.macro: Série TJLP sem DatetimeIndex — usando fallback histórico
2026-04-15 09:50:54,733 [WARNING] pipeline.macro: IPCA calculado fora do intervalo plausível (55.3%) para 2019 — usando fallback
2026-04-15 09:50:54,733 [WARNING] pipeline.macro: IPCA calculado fora do intervalo plausível (46.1%) para 2020 — usando fallback
2026-04-15 09:50:54,734 [WARNING] pipeline.macro: IPCA calculado fora do intervalo plausível (159.3%) para 2021 — usando fallback
2026-04-15 09:50:54,734 [WARNING] pipeline.macro: IPCA calculado fora do intervalo plausível (191.2%) para 2022 — usando fallback
2026-04-15 09:50:54,735 [WARNING] pipeline.macro: IPCA calculado fora do intervalo plausível (71.5%) para 2023 — usando fallback
2026-04-15 09:50:54,736 [WARNING] pipeline.macro: IPCA calculado fora do intervalo plausível (67.0%) para 2024 — usando fallback
2026-04-15 09:50:54,736 [INFO] pipeline.macro: 
RESUMO MACRO HISTÓRICO:
2026-04-15 09:50:54,736 [INFO] pipeline.macro:   selic_meta     : 2020: 2.00% | 2021: 9.25% | 2022: 13.75% | 2023: 11.75% | 2024: 11.75%
2026-04-15 09:50:54,736 [INFO] pipeline.macro:   selic_efet     : 2020: 2.28% | 2021: 4.48% | 2022: 12.33% | 2023: 13.15% | 2024: 10.73%
2026-04-15 09:50:54,737 [INFO] pipeline.macro:   ipca           : 2020: 4.52% | 2021: 10.06% | 2022: 5.62% | 2023: 4.62% | 2024: 4.83%
2026-04-15 09:50:54,737 [INFO] pipeline.macro:   tjlp           : 2020: 5.25% | 2021: 5.25% | 2022: 6.25% | 2023: 7.00% | 2024: 7.00%
2026-04-15 09:50:54,737 [INFO] pipeline.macro:   cds            : 2020: 0.44% | 2021: 0.73% | 2022: 1.26% | 2023: 0.84% | 2024: 0.81%
2026-04-15 09:50:54,737 [INFO] pipeline.macro:   inflacao_impl  : 2020: 4.52% | 2021: 10.06% | 2022: 5.62% | 2023: 4.62% | 2024: 4.83%
2026-04-15 09:50:54,737 [INFO] pipeline: 
[3/6] Baixando demonstrações financeiras (CVM)...
2026-04-15 09:50:54,739 [INFO] pipeline.cvm: 
==================================================
2026-04-15 09:50:54,740 [INFO] pipeline.cvm: Baixando DFP 2019...
2026-04-15 09:50:54,949 [INFO] pipeline.cvm:   DFP dre 2019: 88 linhas
2026-04-15 09:50:55,277 [INFO] pipeline.cvm:   DFP bpa 2019: 68 linhas
2026-04-15 09:50:55,842 [INFO] pipeline.cvm:   DFP bpp 2019: 100 linhas
2026-04-15 09:50:56,141 [INFO] pipeline.cvm:   DFP dfc_mi 2019: 146 linhas
2026-04-15 09:50:56,167 [WARNING] pipeline.cvm:   Empresa 906 não encontrada em dfc_md 2019
2026-04-15 09:50:56,168 [INFO] pipeline.cvm: 
==================================================
2026-04-15 09:50:56,168 [INFO] pipeline.cvm: Baixando DFP 2020...
2026-04-15 09:50:56,383 [INFO] pipeline.cvm:   DFP dre 2020: 82 linhas
2026-04-15 09:50:56,765 [INFO] pipeline.cvm:   DFP bpa 2020: 82 linhas
2026-04-15 09:50:57,420 [INFO] pipeline.cvm:   DFP bpp 2020: 96 linhas
2026-04-15 09:50:57,770 [INFO] pipeline.cvm:   DFP dfc_mi 2020: 94 linhas
2026-04-15 09:50:57,799 [WARNING] pipeline.cvm:   Empresa 906 não encontrada em dfc_md 2020
2026-04-15 09:50:57,799 [INFO] pipeline.cvm: 
==================================================
2026-04-15 09:50:57,799 [INFO] pipeline.cvm: Baixando DFP 2021...
2026-04-15 09:50:58,025 [INFO] pipeline.cvm:   DFP dre 2021: 82 linhas
2026-04-15 09:50:58,426 [INFO] pipeline.cvm:   DFP bpa 2021: 82 linhas
2026-04-15 09:50:59,125 [INFO] pipeline.cvm:   DFP bpp 2021: 86 linhas
2026-04-15 09:50:59,481 [WARNING] pipeline.cvm:   Empresa 906 não encontrada em dfc_mi 2021
2026-04-15 09:50:59,517 [INFO] pipeline.cvm:   DFP dfc_md 2021: 64 linhas
2026-04-15 09:50:59,517 [INFO] pipeline.cvm: 
==================================================
2026-04-15 09:50:59,517 [INFO] pipeline.cvm: Baixando DFP 2022...
2026-04-15 09:50:59,749 [INFO] pipeline.cvm:   DFP dre 2022: 82 linhas
2026-04-15 09:51:00,228 [INFO] pipeline.cvm:   DFP bpa 2022: 82 linhas
2026-04-15 09:51:00,953 [INFO] pipeline.cvm:   DFP bpp 2022: 86 linhas
2026-04-15 09:51:01,353 [INFO] pipeline.cvm:   DFP dfc_mi 2022: 96 linhas
2026-04-15 09:51:01,390 [WARNING] pipeline.cvm:   Empresa 906 não encontrada em dfc_md 2022
2026-04-15 09:51:01,391 [INFO] pipeline.cvm: 
==================================================
2026-04-15 09:51:01,391 [INFO] pipeline.cvm: Baixando DFP 2023...
2026-04-15 09:51:01,625 [INFO] pipeline.cvm:   DFP dre 2023: 82 linhas
2026-04-15 09:51:02,050 [INFO] pipeline.cvm:   DFP bpa 2023: 82 linhas
2026-04-15 09:51:02,807 [INFO] pipeline.cvm:   DFP bpp 2023: 86 linhas
2026-04-15 09:51:03,212 [INFO] pipeline.cvm:   DFP dfc_mi 2023: 96 linhas
2026-04-15 09:51:03,244 [WARNING] pipeline.cvm:   Empresa 906 não encontrada em dfc_md 2023
2026-04-15 09:51:03,244 [INFO] pipeline.cvm: 
==================================================
2026-04-15 09:51:03,244 [INFO] pipeline.cvm: Baixando DFP 2024...
2026-04-15 09:51:03,481 [INFO] pipeline.cvm:   DFP dre 2024: 82 linhas
2026-04-15 09:51:03,884 [INFO] pipeline.cvm:   DFP bpa 2024: 82 linhas
2026-04-15 09:51:04,607 [INFO] pipeline.cvm:   DFP bpp 2024: 86 linhas
2026-04-15 09:51:04,997 [INFO] pipeline.cvm:   DFP dfc_mi 2024: 96 linhas
2026-04-15 09:51:05,030 [WARNING] pipeline.cvm:   Empresa 906 não encontrada em dfc_md 2024
2026-04-15 09:51:05,030 [INFO] pipeline: 
[4/6] Normalizando dados...
2026-04-15 09:51:05,826 [INFO] pipeline:   DRE normalizada:
2026-04-15 09:51:05,827 [INFO] pipeline:     margem_financeira_bruta: 2019: 65,688 | 2020: 49,853 | 2021: 70,322 | 2022: 74,602 | 2023: 68,082 | 2024: 68,941
2026-04-15 09:51:05,827 [INFO] pipeline:     lucro_liquido: 2019: 21,023 | 2020: 15,837 | 2021: 23,172 | 2022: 20,984 | 2023: 14,251 | 2024: 17,253
2026-04-15 09:51:05,827 [INFO] pipeline: 
[5/6] Calculando projeções...
2026-04-15 09:51:05,828 [INFO] pipeline.projecoes: 
=== Rodando projeções ===
2026-04-15 09:51:05,830 [INFO] pipeline.projecoes:   NIM ~ Selic: slope=-0.2100, intercept=0.0654
2026-04-15 09:51:05,834 [INFO] pipeline.projecoes:   Margem op./MFB histórica (median 5a): 24.51%
2026-04-15 09:51:05,836 [INFO] pipeline.projecoes: Projeções concluídas. Resumo:
2026-04-15 09:51:05,836 [INFO] pipeline.projecoes:    Ano     Carteira        MFB      Lucro       FCFE
2026-04-15 09:51:05,836 [INFO] pipeline.projecoes:   2025      771,124     83,269     14,528      6,538
2026-04-15 09:51:05,836 [INFO] pipeline.projecoes:   2026      832,814     97,976     17,094      7,692
2026-04-15 09:51:05,836 [INFO] pipeline.projecoes:   2027      891,111    109,458     19,097      8,594
2026-04-15 09:51:05,836 [INFO] pipeline.projecoes:   2028      953,489    122,040     21,292      9,581
2026-04-15 09:51:05,836 [INFO] pipeline.projecoes:   2029    1,020,233    135,233     23,594     10,617
2026-04-15 09:51:05,837 [INFO] pipeline: 
[6/6] Calculando valuation...
2026-04-15 09:51:05,837 [INFO] pipeline.valuation: 
==================================================
2026-04-15 09:51:05,838 [INFO] pipeline.valuation: VALUATION COMPLETO — BBDC4
2026-04-15 09:51:05,838 [INFO] pipeline.valuation:   VP FCFE (10a):     R$       59,663 MM
2026-04-15 09:51:05,838 [INFO] pipeline.valuation:   Valor Perp. (VP):  R$      140,295 MM
2026-04-15 09:51:05,838 [INFO] pipeline.valuation:   VALOR DO EQUITY:   R$      199,958 MM
2026-04-15 09:51:05,838 [INFO] pipeline.valuation:   Preço Justo ON:    R$    19.82
2026-04-15 09:51:05,838 [INFO] pipeline.valuation:   Preço Justo PN:    R$    21.80
2026-04-15 09:51:05,838 [INFO] pipeline.valuation:   Cotação ON:        R$    18.02
2026-04-15 09:51:05,838 [INFO] pipeline.valuation:   Upside ON:               10.0%
2026-04-15 09:51:05,838 [INFO] pipeline.valuation:   TIR (ON):                10.4%
2026-04-15 09:51:05,838 [INFO] pipeline.valuation:   Preço Teto ON:     R$    19.82
2026-04-15 09:51:06,092 [INFO] pipeline.excel: 
============================================================
2026-04-15 09:51:06,092 [INFO] pipeline.excel: Escrevendo template: Valuation_BBDC4_Bradesco_20260415.xlsx
2026-04-15 09:51:06,196 [INFO] pipeline.excel:   → Dashboard
2026-04-15 09:51:06,197 [INFO] pipeline.excel:   → Ke
2026-04-15 09:51:06,202 [INFO] pipeline.excel:   → Balanço Patrimonial
2026-04-15 09:51:06,219 [INFO] pipeline.excel:   → DRE Recorrente
2026-04-15 09:51:06,260 [INFO] pipeline.excel:   → DRE + DCF
2026-04-15 09:51:06,272 [INFO] pipeline.excel:   → Projeções NIM
2026-04-15 09:51:06,295 [INFO] pipeline.excel:   → Painel de Índices
2026-04-15 09:51:06,401 [INFO] pipeline.excel: 
Arquivo salvo: C:\Users\55819\Downloads\pipeline_banco_completo\pipeline_banco\outputs\Valuation_BBDC4_Bradesco_20260415.xlsx
2026-04-15 09:51:06,402 [INFO] pipeline: 
======================================================================
2026-04-15 09:51:06,402 [INFO] pipeline: RESUMO DO VALUATION
2026-04-15 09:51:06,402 [INFO] pipeline: ======================================================================
2026-04-15 09:51:06,402 [INFO] pipeline:   Empresa:           Bradesco (BBDC4)
2026-04-15 09:51:06,402 [INFO] pipeline:   Cotação ON:        R$ 18.02
2026-04-15 09:51:06,402 [INFO] pipeline:   Preço Justo ON:    R$ 19.82
2026-04-15 09:51:06,402 [INFO] pipeline:   Upside ON:            10.0%
2026-04-15 09:51:06,402 [INFO] pipeline:   TIR:                  10.4%
2026-04-15 09:51:06,402 [INFO] pipeline:   Preço Teto ON:     R$ 19.82
2026-04-15 09:51:06,402 [INFO] pipeline: 
  Arquivo gerado:    C:\Users\55819\Downloads\pipeline_banco_completo\pipeline_banco\outputs\Valuation_BBDC4_Bradesco_20260415.xlsx
2026-04-15 09:51:06,402 [INFO] pipeline: ======================================================================
