2026-05-04 15:35:38,442 [INFO] pipeline: ======================================================================
2026-05-04 15:35:38,443 [INFO] pipeline: PIPELINE DE VALUATION [BANCÁRIO] — BBDC4 — Bradesco
2026-05-04 15:35:38,443 [INFO] pipeline: Início: 2026-05-04 15:35:38
2026-05-04 15:35:38,444 [INFO] pipeline:   Setor: bancos | Motor: KE
2026-05-04 15:35:38,444 [INFO] pipeline: ======================================================================
2026-05-04 15:35:38,444 [INFO] pipeline:   Banco cadastrado: Bradesco | tipo: ON_PN
2026-05-04 15:35:38,445 [INFO] pipeline: 
[1/6] Coletando dados de mercado...
2026-05-04 15:35:39,309 [INFO] pipeline:   Buscando cotação via yfinance...
2026-05-04 15:35:39,309 [INFO] pipeline.mercado: Buscando cotação atual: BBDC4.SA
2026-05-04 15:35:40,409 [INFO] pipeline.mercado: Buscando cotação atual: BBDC3.SA
2026-05-04 15:35:41,262 [INFO] pipeline:   Cotação ON: R$ 16.41  |  Cotação PN: R$ 18.90
2026-05-04 15:35:41,263 [INFO] pipeline:   Ações (fonte: bancos.py): ON=5,294,000 mil | PN=5,270,000 mil
2026-05-04 15:35:41,263 [INFO] pipeline.mercado: Calculando beta: BBDC4 (252 dias úteis)
2026-05-04 15:35:41,265 [INFO] pipeline.mercado: Baixando preços: BBDC4.SA (2019-01-01 → 2026-05-04)
2026-05-04 15:35:42,256 [INFO] pipeline.mercado:   1823 dias de preços carregados
2026-05-04 15:35:42,353 [INFO] pipeline.mercado:   Beta estatístico: 1.3197 | R²: 0.544 | n=251
2026-05-04 15:35:42,355 [INFO] pipeline:   Beta estatístico: 1.320 | Beta utilizado: 0.850
2026-05-04 15:35:42,355 [INFO] pipeline: 
[2/6] Coletando dados macroeconômicos (BCB)...
2026-05-04 15:35:42,637 [WARNING] pipeline.macro: Não foi possível obter Focus Selic: 400 Client Error: Bad Request for url: https://olinda.bcb.gov.br/olinda/servico/Expectativas/versao/v1/odata/ExpectativasMercadoAnuais?%24filter=Indicador%20eq%20'Selic'&%24top=100&%24format=json&%24select=Indicador,Data,Ano,Mediana
2026-05-04 15:35:42,912 [WARNING] pipeline.macro: Não foi possível obter Focus IPCA: 400 Client Error: Bad Request for url: https://olinda.bcb.gov.br/olinda/servico/Expectativas/versao/v1/odata/ExpectativasMercadoAnuais?%24filter=Indicador%20eq%20'IPCA'&%24top=100&%24format=json&%24select=Indicador,Data,Ano,Mediana
2026-05-04 15:35:42,914 [INFO] pipeline.macro: 
=== Coletando dados macroeconômicos ===
2026-05-04 15:35:42,915 [INFO] pipeline.macro: Baixando série BCB 432...
2026-05-04 15:35:43,179 [ERROR] pipeline.macro: Erro ao baixar série BCB 432: 406 Client Error: Not Acceptable for url: https://api.bcb.gov.br/dados/serie/bcdata.sgs.432/dados?formato=json&dataInicial=01%2F01%2F2010&dataFinal=04%2F05%2F2026
2026-05-04 15:35:43,179 [WARNING] pipeline.macro: Série Selic meta sem DatetimeIndex — usando fallback histórico
2026-05-04 15:35:43,180 [INFO] pipeline.macro: Baixando série BCB 12...
2026-05-04 15:35:43,272 [ERROR] pipeline.macro: Erro ao baixar série BCB 12: 406 Client Error: Not Acceptable for url: https://api.bcb.gov.br/dados/serie/bcdata.sgs.12/dados?formato=json&dataInicial=01%2F01%2F2010&dataFinal=04%2F05%2F2026
2026-05-04 15:35:43,273 [WARNING] pipeline.macro: Série DI sem DatetimeIndex — usando fallback histórico
2026-05-04 15:35:43,277 [WARNING] pipeline.macro: IPCA calculado fora do intervalo plausível (46.1%) para 2020 — usando fallback
2026-05-04 15:35:43,277 [WARNING] pipeline.macro: IPCA calculado fora do intervalo plausível (159.3%) para 2021 — usando fallback
2026-05-04 15:35:43,278 [WARNING] pipeline.macro: IPCA calculado fora do intervalo plausível (191.2%) para 2022 — usando fallback
2026-05-04 15:35:43,279 [WARNING] pipeline.macro: IPCA calculado fora do intervalo plausível (71.5%) para 2023 — usando fallback
2026-05-04 15:35:43,279 [WARNING] pipeline.macro: IPCA calculado fora do intervalo plausível (67.0%) para 2024 — usando fallback
2026-05-04 15:35:43,279 [WARNING] pipeline.macro: IPCA calculado fora do intervalo plausível (80.0%) para 2025 — usando fallback
2026-05-04 15:35:43,279 [INFO] pipeline.macro: Baixando série BCB 258...
2026-05-04 15:35:43,371 [ERROR] pipeline.macro: Erro ao baixar série BCB 258: 406 Client Error: Not Acceptable for url: https://api.bcb.gov.br/dados/serie/bcdata.sgs.258/dados?formato=json&dataInicial=01%2F01%2F2010&dataFinal=04%2F05%2F2026
2026-05-04 15:35:43,372 [WARNING] pipeline.macro: Série TJLP sem DatetimeIndex — usando fallback histórico
2026-05-04 15:35:43,379 [WARNING] pipeline.macro: IPCA calculado fora do intervalo plausível (46.1%) para 2020 — usando fallback
2026-05-04 15:35:43,379 [WARNING] pipeline.macro: IPCA calculado fora do intervalo plausível (159.3%) para 2021 — usando fallback
2026-05-04 15:35:43,380 [WARNING] pipeline.macro: IPCA calculado fora do intervalo plausível (191.2%) para 2022 — usando fallback
2026-05-04 15:35:43,380 [WARNING] pipeline.macro: IPCA calculado fora do intervalo plausível (71.5%) para 2023 — usando fallback
2026-05-04 15:35:43,381 [WARNING] pipeline.macro: IPCA calculado fora do intervalo plausível (67.0%) para 2024 — usando fallback
2026-05-04 15:35:43,381 [WARNING] pipeline.macro: IPCA calculado fora do intervalo plausível (80.0%) para 2025 — usando fallback
2026-05-04 15:35:43,381 [INFO] pipeline.macro: 
RESUMO MACRO HISTÓRICO:
2026-05-04 15:35:43,382 [INFO] pipeline.macro:   selic_meta     : 2021: 9.25% | 2022: 13.75% | 2023: 11.75% | 2024: 11.75% | 2025: 10.00%
2026-05-04 15:35:43,382 [INFO] pipeline.macro:   selic_efet     : 2021: 4.48% | 2022: 12.33% | 2023: 13.15% | 2024: 10.73% | 2025: 10.50%
2026-05-04 15:35:43,382 [INFO] pipeline.macro:   ipca           : 2021: 10.06% | 2022: 5.62% | 2023: 4.62% | 2024: 4.83% | 2025: 4.50%
2026-05-04 15:35:43,382 [INFO] pipeline.macro:   tjlp           : 2021: 5.25% | 2022: 6.25% | 2023: 7.00% | 2024: 7.00% | 2025: 6.50%
2026-05-04 15:35:43,382 [INFO] pipeline.macro:   cds            : 2021: 0.73% | 2022: 1.26% | 2023: 0.84% | 2024: 0.81% | 2025: 0.76%
2026-05-04 15:35:43,382 [INFO] pipeline.macro:   inflacao_impl  : 2021: 10.06% | 2022: 5.62% | 2023: 4.62% | 2024: 4.83% | 2025: 4.50%
2026-05-04 15:35:43,382 [INFO] pipeline: 
[3/6] Baixando demonstrações financeiras (CVM)...
2026-05-04 15:35:43,384 [INFO] pipeline.cvm: 
==================================================
2026-05-04 15:35:43,384 [INFO] pipeline.cvm: Baixando DFP 2020 (preferencia: con, fallback: ind)...
2026-05-04 15:35:43,385 [INFO] pipeline.cvm: Baixando: https://dados.cvm.gov.br/dados/CIA_ABERTA/DOC/DFP/DADOS/dfp_cia_aberta_2020.zip
2026-05-04 15:35:46,395 [INFO] pipeline.cvm:   DFP dre 2020: 82 linhas
2026-05-04 15:35:46,396 [INFO] pipeline.cvm: Baixando: https://dados.cvm.gov.br/dados/CIA_ABERTA/DOC/DFP/DADOS/dfp_cia_aberta_2020.zip
2026-05-04 15:35:50,098 [INFO] pipeline.cvm:   DFP bpa 2020: 82 linhas
2026-05-04 15:35:50,098 [INFO] pipeline.cvm: Baixando: https://dados.cvm.gov.br/dados/CIA_ABERTA/DOC/DFP/DADOS/dfp_cia_aberta_2020.zip
2026-05-04 15:35:56,425 [INFO] pipeline.cvm:   DFP bpp 2020: 96 linhas
2026-05-04 15:35:56,426 [INFO] pipeline.cvm: Baixando: https://dados.cvm.gov.br/dados/CIA_ABERTA/DOC/DFP/DADOS/dfp_cia_aberta_2020.zip
2026-05-04 15:36:00,323 [INFO] pipeline.cvm:   DFP dfc_mi 2020: 94 linhas
2026-05-04 15:36:00,323 [INFO] pipeline.cvm: Baixando: https://dados.cvm.gov.br/dados/CIA_ABERTA/DOC/DFP/DADOS/dfp_cia_aberta_2020.zip
2026-05-04 15:36:02,537 [WARNING] pipeline.cvm:   Empresa 906 não encontrada em dfc_md 2020
2026-05-04 15:36:02,537 [INFO] pipeline.cvm:   DFP 2020: usando consolidado (con)
2026-05-04 15:36:02,537 [INFO] pipeline.cvm: 
==================================================
2026-05-04 15:36:02,537 [INFO] pipeline.cvm: Baixando DFP 2021 (preferencia: con, fallback: ind)...
2026-05-04 15:36:02,538 [INFO] pipeline.cvm: Baixando: https://dados.cvm.gov.br/dados/CIA_ABERTA/DOC/DFP/DADOS/dfp_cia_aberta_2021.zip
2026-05-04 15:36:05,982 [INFO] pipeline.cvm:   DFP dre 2021: 82 linhas
2026-05-04 15:36:05,984 [INFO] pipeline.cvm: Baixando: https://dados.cvm.gov.br/dados/CIA_ABERTA/DOC/DFP/DADOS/dfp_cia_aberta_2021.zip
2026-05-04 15:36:10,544 [INFO] pipeline.cvm:   DFP bpa 2021: 82 linhas
2026-05-04 15:36:10,545 [INFO] pipeline.cvm: Baixando: https://dados.cvm.gov.br/dados/CIA_ABERTA/DOC/DFP/DADOS/dfp_cia_aberta_2021.zip
2026-05-04 15:36:16,728 [INFO] pipeline.cvm:   DFP bpp 2021: 86 linhas
2026-05-04 15:36:16,729 [INFO] pipeline.cvm: Baixando: https://dados.cvm.gov.br/dados/CIA_ABERTA/DOC/DFP/DADOS/dfp_cia_aberta_2021.zip
2026-05-04 15:36:20,647 [WARNING] pipeline.cvm:   Empresa 906 não encontrada em dfc_mi 2021
2026-05-04 15:36:20,648 [INFO] pipeline.cvm: Baixando: https://dados.cvm.gov.br/dados/CIA_ABERTA/DOC/DFP/DADOS/dfp_cia_aberta_2021.zip
2026-05-04 15:36:22,795 [INFO] pipeline.cvm:   DFP dfc_md 2021: 64 linhas
2026-05-04 15:36:22,796 [INFO] pipeline.cvm:   DFP 2021: usando consolidado (con)
2026-05-04 15:36:22,796 [INFO] pipeline.cvm: 
==================================================
2026-05-04 15:36:22,796 [INFO] pipeline.cvm: Baixando DFP 2022 (preferencia: con, fallback: ind)...
2026-05-04 15:36:22,797 [INFO] pipeline.cvm: Baixando: https://dados.cvm.gov.br/dados/CIA_ABERTA/DOC/DFP/DADOS/dfp_cia_aberta_2022.zip
2026-05-04 15:36:26,112 [INFO] pipeline.cvm:   DFP dre 2022: 82 linhas
2026-05-04 15:36:26,113 [INFO] pipeline.cvm: Baixando: https://dados.cvm.gov.br/dados/CIA_ABERTA/DOC/DFP/DADOS/dfp_cia_aberta_2022.zip
2026-05-04 15:36:30,916 [INFO] pipeline.cvm:   DFP bpa 2022: 82 linhas
2026-05-04 15:36:30,917 [INFO] pipeline.cvm: Baixando: https://dados.cvm.gov.br/dados/CIA_ABERTA/DOC/DFP/DADOS/dfp_cia_aberta_2022.zip
2026-05-04 15:36:37,244 [INFO] pipeline.cvm:   DFP bpp 2022: 86 linhas
2026-05-04 15:36:37,246 [INFO] pipeline.cvm: Baixando: https://dados.cvm.gov.br/dados/CIA_ABERTA/DOC/DFP/DADOS/dfp_cia_aberta_2022.zip
2026-05-04 15:36:41,411 [INFO] pipeline.cvm:   DFP dfc_mi 2022: 96 linhas
2026-05-04 15:36:41,411 [INFO] pipeline.cvm: Baixando: https://dados.cvm.gov.br/dados/CIA_ABERTA/DOC/DFP/DADOS/dfp_cia_aberta_2022.zip
2026-05-04 15:36:43,751 [WARNING] pipeline.cvm:   Empresa 906 não encontrada em dfc_md 2022
2026-05-04 15:36:43,752 [INFO] pipeline.cvm:   DFP 2022: usando consolidado (con)
2026-05-04 15:36:43,752 [INFO] pipeline.cvm: 
==================================================
2026-05-04 15:36:43,752 [INFO] pipeline.cvm: Baixando DFP 2023 (preferencia: con, fallback: ind)...
2026-05-04 15:36:43,753 [INFO] pipeline.cvm: Baixando: https://dados.cvm.gov.br/dados/CIA_ABERTA/DOC/DFP/DADOS/dfp_cia_aberta_2023.zip
2026-05-04 15:36:46,793 [INFO] pipeline.cvm:   DFP dre 2023: 82 linhas
2026-05-04 15:36:46,794 [INFO] pipeline.cvm: Baixando: https://dados.cvm.gov.br/dados/CIA_ABERTA/DOC/DFP/DADOS/dfp_cia_aberta_2023.zip
2026-05-04 15:36:50,443 [INFO] pipeline.cvm:   DFP bpa 2023: 82 linhas
2026-05-04 15:36:50,443 [INFO] pipeline.cvm: Baixando: https://dados.cvm.gov.br/dados/CIA_ABERTA/DOC/DFP/DADOS/dfp_cia_aberta_2023.zip
2026-05-04 15:36:55,272 [INFO] pipeline.cvm:   DFP bpp 2023: 86 linhas
2026-05-04 15:36:55,274 [INFO] pipeline.cvm: Baixando: https://dados.cvm.gov.br/dados/CIA_ABERTA/DOC/DFP/DADOS/dfp_cia_aberta_2023.zip
2026-05-04 15:36:59,222 [INFO] pipeline.cvm:   DFP dfc_mi 2023: 96 linhas
2026-05-04 15:36:59,223 [INFO] pipeline.cvm: Baixando: https://dados.cvm.gov.br/dados/CIA_ABERTA/DOC/DFP/DADOS/dfp_cia_aberta_2023.zip
2026-05-04 15:37:01,252 [WARNING] pipeline.cvm:   Empresa 906 não encontrada em dfc_md 2023
2026-05-04 15:37:01,253 [INFO] pipeline.cvm:   DFP 2023: usando consolidado (con)
2026-05-04 15:37:01,253 [INFO] pipeline.cvm: 
==================================================
2026-05-04 15:37:01,253 [INFO] pipeline.cvm: Baixando DFP 2024 (preferencia: con, fallback: ind)...
2026-05-04 15:37:01,254 [INFO] pipeline.cvm: Baixando: https://dados.cvm.gov.br/dados/CIA_ABERTA/DOC/DFP/DADOS/dfp_cia_aberta_2024.zip
2026-05-04 15:37:04,473 [INFO] pipeline.cvm:   DFP dre 2024: 82 linhas
2026-05-04 15:37:04,474 [INFO] pipeline.cvm: Baixando: https://dados.cvm.gov.br/dados/CIA_ABERTA/DOC/DFP/DADOS/dfp_cia_aberta_2024.zip
2026-05-04 15:37:08,347 [INFO] pipeline.cvm:   DFP bpa 2024: 82 linhas
2026-05-04 15:37:08,348 [INFO] pipeline.cvm: Baixando: https://dados.cvm.gov.br/dados/CIA_ABERTA/DOC/DFP/DADOS/dfp_cia_aberta_2024.zip
2026-05-04 15:37:13,997 [INFO] pipeline.cvm:   DFP bpp 2024: 86 linhas
2026-05-04 15:37:13,999 [INFO] pipeline.cvm: Baixando: https://dados.cvm.gov.br/dados/CIA_ABERTA/DOC/DFP/DADOS/dfp_cia_aberta_2024.zip
2026-05-04 15:37:17,763 [INFO] pipeline.cvm:   DFP dfc_mi 2024: 96 linhas
2026-05-04 15:37:17,764 [INFO] pipeline.cvm: Baixando: https://dados.cvm.gov.br/dados/CIA_ABERTA/DOC/DFP/DADOS/dfp_cia_aberta_2024.zip
2026-05-04 15:37:19,956 [WARNING] pipeline.cvm:   Empresa 906 não encontrada em dfc_md 2024
2026-05-04 15:37:19,957 [INFO] pipeline.cvm:   DFP 2024: usando consolidado (con)
2026-05-04 15:37:19,957 [INFO] pipeline.cvm: 
==================================================
2026-05-04 15:37:19,957 [INFO] pipeline.cvm: Baixando DFP 2025 (preferencia: con, fallback: ind)...
2026-05-04 15:37:19,958 [INFO] pipeline.cvm: Baixando: https://dados.cvm.gov.br/dados/CIA_ABERTA/DOC/DFP/DADOS/dfp_cia_aberta_2025.zip
2026-05-04 15:37:22,786 [INFO] pipeline.cvm:   DFP dre 2025: 82 linhas
2026-05-04 15:37:22,789 [INFO] pipeline.cvm: Baixando: https://dados.cvm.gov.br/dados/CIA_ABERTA/DOC/DFP/DADOS/dfp_cia_aberta_2025.zip
2026-05-04 15:37:26,914 [INFO] pipeline.cvm:   DFP bpa 2025: 82 linhas
2026-05-04 15:37:26,915 [INFO] pipeline.cvm: Baixando: https://dados.cvm.gov.br/dados/CIA_ABERTA/DOC/DFP/DADOS/dfp_cia_aberta_2025.zip
2026-05-04 15:37:32,092 [INFO] pipeline.cvm:   DFP bpp 2025: 86 linhas
2026-05-04 15:37:32,093 [INFO] pipeline.cvm: Baixando: https://dados.cvm.gov.br/dados/CIA_ABERTA/DOC/DFP/DADOS/dfp_cia_aberta_2025.zip
2026-05-04 15:37:35,916 [INFO] pipeline.cvm:   DFP dfc_mi 2025: 96 linhas
2026-05-04 15:37:35,917 [INFO] pipeline.cvm: Baixando: https://dados.cvm.gov.br/dados/CIA_ABERTA/DOC/DFP/DADOS/dfp_cia_aberta_2025.zip
2026-05-04 15:37:38,038 [WARNING] pipeline.cvm:   Empresa 906 não encontrada em dfc_md 2025
2026-05-04 15:37:38,038 [INFO] pipeline.cvm:   DFP 2025: usando consolidado (con)
2026-05-04 15:37:38,039 [INFO] pipeline: 
[4/6] Normalizando dados...
2026-05-04 15:37:38,931 [INFO] pipeline:   DRE normalizada:
2026-05-04 15:37:38,932 [INFO] pipeline:     margem_financeira_bruta: 2020: 49,853 | 2021: 70,322 | 2022: 74,602 | 2023: 68,082 | 2024: 68,941 | 2025: 76,339
2026-05-04 15:37:38,932 [INFO] pipeline:     lucro_liquido: 2020: 15,837 | 2021: 23,172 | 2022: 20,984 | 2023: 14,251 | 2024: 17,253 | 2025: 23,673
2026-05-04 15:37:38,936 [INFO] pipeline:   Qualidade dos dados: score=100/100 | warnings=0 | critical=0
2026-05-04 15:37:38,937 [INFO] pipeline: 
[5/6] Calculando projeções...
2026-05-04 15:37:38,940 [INFO] pipeline:   Premissas banco: NIM=5.0% | Payout=45% | g=5.5%
2026-05-04 15:37:38,941 [INFO] pipeline.projecoes: 
=== Rodando projeções ===
2026-05-04 15:37:38,944 [INFO] pipeline.projecoes:   NIM ~ Selic: slope=-0.7803, intercept=0.1230
2026-05-04 15:37:38,949 [INFO] pipeline.projecoes:   Margem op./MFB histórica (median 5a): 27.54%
2026-05-04 15:37:38,951 [INFO] pipeline.projecoes: Projeções concluídas. Resumo:
2026-05-04 15:37:38,951 [INFO] pipeline.projecoes:    Ano     Carteira        MFB      Lucro       FCFE
2026-05-04 15:37:38,952 [INFO] pipeline.projecoes:   2026      846,541     82,463     17,871      8,042
2026-05-04 15:37:38,952 [INFO] pipeline.projecoes:   2027      905,799    119,241     25,841     11,629
2026-05-04 15:37:38,952 [INFO] pipeline.projecoes:   2028      969,204    140,399     30,426     13,692
2026-05-04 15:37:38,952 [INFO] pipeline.projecoes:   2029    1,037,049    163,934     35,527     15,987
2026-05-04 15:37:38,952 [INFO] pipeline.projecoes:   2030    1,109,642    186,928     40,510     18,229
2026-05-04 15:37:38,952 [INFO] pipeline: 
[6/6] Calculando valuation (FCFE / Ke)...
2026-05-04 15:37:38,953 [INFO] pipeline.valuation: 
==================================================
2026-05-04 15:37:38,953 [INFO] pipeline.valuation: VALUATION COMPLETO — BBDC4
2026-05-04 15:37:38,953 [INFO] pipeline.valuation:   VP FCFE (10a):     R$       98,887 MM
2026-05-04 15:37:38,953 [INFO] pipeline.valuation:   Valor Perp. (VP):  R$      250,385 MM
2026-05-04 15:37:38,954 [INFO] pipeline.valuation:   VALOR DO EQUITY:   R$      349,272 MM
2026-05-04 15:37:38,954 [INFO] pipeline.valuation:   Preço Justo ON:    R$    34.63
2026-05-04 15:37:38,954 [INFO] pipeline.valuation:   Preço Justo PN:    R$    38.10
2026-05-04 15:37:38,954 [INFO] pipeline.valuation:   Cotação ON:        R$    16.41
2026-05-04 15:37:38,954 [INFO] pipeline.valuation:   Upside ON:              111.0%
2026-05-04 15:37:38,954 [INFO] pipeline.valuation:   TIR (ON):                14.4%
2026-05-04 15:37:38,954 [INFO] pipeline.valuation:   Preço Teto ON:     R$    34.63
2026-05-04 15:37:38,957 [INFO] pipeline.intelligence: [intelligence] BBDC4 → BUY | score=80 | risco=BAIXO | confiança=ALTA
2026-05-04 15:37:38,961 [WARNING] pipeline:   Migrando output anterior para arquivo canonico: Valuation_BBDC4_Bradesco_20260503.xlsx
2026-05-04 15:37:39,373 [INFO] pipeline.excel: 
============================================================
2026-05-04 15:37:39,373 [INFO] pipeline.excel: Escrevendo template: Valuation_BBDC4.xlsx
2026-05-04 15:37:39,439 [INFO] pipeline.excel:   -> Metodologia
