2026-04-16 02:03:48,590 [INFO] pipeline: ======================================================================
2026-04-16 02:03:48,591 [INFO] pipeline: MODO BATCH — 5 empresa(s): BBDC4, BBAS3, ITUB4, SANB11, BPAC11
2026-04-16 02:03:48,591 [INFO] pipeline: ======================================================================
2026-04-16 02:03:48,591 [INFO] pipeline: 
──────────────────────────────────────────────────────────────────────
2026-04-16 02:03:48,592 [INFO] pipeline: Processando: BBDC4 (Bradesco)
2026-04-16 02:03:48,592 [INFO] pipeline: ──────────────────────────────────────────────────────────────────────
2026-04-16 02:03:48,592 [INFO] pipeline: ======================================================================
2026-04-16 02:03:48,592 [INFO] pipeline: PIPELINE DE VALUATION BANCÁRIO — BBDC4 — Bradesco
2026-04-16 02:03:48,592 [INFO] pipeline: Início: 2026-04-16 02:03:48
2026-04-16 02:03:48,593 [INFO] pipeline: ======================================================================
2026-04-16 02:03:48,595 [INFO] pipeline:   Banco cadastrado: Bradesco | tipo: ON_PN
2026-04-16 02:03:48,595 [INFO] pipeline: 
[1/6] Coletando dados de mercado...
2026-04-16 02:03:49,362 [INFO] pipeline:   Buscando cotação via yfinance...
2026-04-16 02:03:49,362 [INFO] pipeline.mercado: Buscando cotação atual: BBDC4.SA
2026-04-16 02:03:50,463 [INFO] pipeline.mercado: Buscando cotação atual: BBDC3.SA
2026-04-16 02:03:51,043 [INFO] pipeline:   Cotação ON: R$ 17.99  |  Cotação PN: R$ 20.80
2026-04-16 02:03:51,043 [INFO] pipeline:   Ações (fonte: bancos.py): ON=5,294,000 mil | PN=5,270,000 mil
2026-04-16 02:03:51,043 [INFO] pipeline.mercado: Calculando beta: BBDC4 (252 dias úteis)
2026-04-16 02:03:51,043 [INFO] pipeline.mercado: Baixando preços: BBDC4.SA (2019-01-01 → 2026-04-16)
2026-04-16 02:03:52,122 [INFO] pipeline.mercado:   1813 dias de preços carregados
2026-04-16 02:03:52,122 [INFO] pipeline.mercado: Baixando preços: ^BVSP (2019-01-01 → 2026-04-16)
2026-04-16 02:03:52,716 [INFO] pipeline.mercado:   1813 dias de preços carregados
2026-04-16 02:03:52,737 [INFO] pipeline.mercado:   Beta estatístico: 1.3142 | R²: 0.539 | n=251
2026-04-16 02:03:52,740 [INFO] pipeline:   Beta estatístico: 1.314 | Beta utilizado: 0.850
2026-04-16 02:03:52,740 [INFO] pipeline: 
[2/6] Coletando dados macroeconômicos (BCB)...
2026-04-16 02:03:53,122 [WARNING] pipeline.macro: Não foi possível obter Focus Selic: 400 Client Error: Bad Request for url: https://olinda.bcb.gov.br/olinda/servico/Expectativas/versao/v1/odata/ExpectativasMercadoAnuais?%24filter=Indicador%20eq%20'Selic'&%24top=100&%24format=json&%24select=Indicador,Data,Ano,Mediana
2026-04-16 02:03:53,428 [WARNING] pipeline.macro: Não foi possível obter Focus IPCA: 400 Client Error: Bad Request for url: https://olinda.bcb.gov.br/olinda/servico/Expectativas/versao/v1/odata/ExpectativasMercadoAnuais?%24filter=Indicador%20eq%20'IPCA'&%24top=100&%24format=json&%24select=Indicador,Data,Ano,Mediana
2026-04-16 02:03:53,429 [INFO] pipeline.macro: 
=== Coletando dados macroeconômicos ===
2026-04-16 02:03:53,429 [INFO] pipeline.macro: Baixando série BCB 432...
2026-04-16 02:03:53,790 [ERROR] pipeline.macro: Erro ao baixar série BCB 432: 406 Client Error: Not Acceptable for url: https://api.bcb.gov.br/dados/serie/bcdata.sgs.432/dados?formato=json&dataInicial=01%2F01%2F2010&dataFinal=16%2F04%2F2026
2026-04-16 02:03:53,792 [WARNING] pipeline.macro: Série Selic meta sem DatetimeIndex — usando fallback histórico
2026-04-16 02:03:53,793 [INFO] pipeline.macro: Baixando série BCB 12...
2026-04-16 02:03:53,898 [ERROR] pipeline.macro: Erro ao baixar série BCB 12: 406 Client Error: Not Acceptable for url: https://api.bcb.gov.br/dados/serie/bcdata.sgs.12/dados?formato=json&dataInicial=01%2F01%2F2010&dataFinal=16%2F04%2F2026
2026-04-16 02:03:53,899 [WARNING] pipeline.macro: Série DI sem DatetimeIndex — usando fallback histórico
2026-04-16 02:03:53,900 [INFO] pipeline.macro: Baixando série BCB 13522...
2026-04-16 02:03:54,690 [INFO] pipeline.macro:   Série 13522: 195 observações (2010-01-01 → 2026-03-01)
2026-04-16 02:03:54,691 [WARNING] pipeline.macro: IPCA calculado fora do intervalo plausível (55.3%) para 2019 — usando fallback
2026-04-16 02:03:54,691 [WARNING] pipeline.macro: IPCA calculado fora do intervalo plausível (46.1%) para 2020 — usando fallback
2026-04-16 02:03:54,692 [WARNING] pipeline.macro: IPCA calculado fora do intervalo plausível (159.3%) para 2021 — usando fallback
2026-04-16 02:03:54,692 [WARNING] pipeline.macro: IPCA calculado fora do intervalo plausível (191.2%) para 2022 — usando fallback
2026-04-16 02:03:54,693 [WARNING] pipeline.macro: IPCA calculado fora do intervalo plausível (71.5%) para 2023 — usando fallback
2026-04-16 02:03:54,693 [WARNING] pipeline.macro: IPCA calculado fora do intervalo plausível (67.0%) para 2024 — usando fallback
2026-04-16 02:03:54,694 [INFO] pipeline.macro: Baixando série BCB 258...
2026-04-16 02:03:54,932 [ERROR] pipeline.macro: Erro ao baixar série BCB 258: 406 Client Error: Not Acceptable for url: https://api.bcb.gov.br/dados/serie/bcdata.sgs.258/dados?formato=json&dataInicial=01%2F01%2F2010&dataFinal=16%2F04%2F2026
2026-04-16 02:03:54,932 [WARNING] pipeline.macro: Série TJLP sem DatetimeIndex — usando fallback histórico
2026-04-16 02:03:54,933 [INFO] pipeline.macro: Baixando série BCB 29039...
2026-04-16 02:03:55,557 [INFO] pipeline.macro:   Série 29039: 195 observações (2010-01-01 → 2026-03-01)
2026-04-16 02:03:55,637 [WARNING] pipeline.macro: IPCA calculado fora do intervalo plausível (55.3%) para 2019 — usando fallback
2026-04-16 02:03:55,637 [WARNING] pipeline.macro: IPCA calculado fora do intervalo plausível (46.1%) para 2020 — usando fallback
2026-04-16 02:03:55,638 [WARNING] pipeline.macro: IPCA calculado fora do intervalo plausível (159.3%) para 2021 — usando fallback
2026-04-16 02:03:55,638 [WARNING] pipeline.macro: IPCA calculado fora do intervalo plausível (191.2%) para 2022 — usando fallback
2026-04-16 02:03:55,638 [WARNING] pipeline.macro: IPCA calculado fora do intervalo plausível (71.5%) para 2023 — usando fallback
2026-04-16 02:03:55,639 [WARNING] pipeline.macro: IPCA calculado fora do intervalo plausível (67.0%) para 2024 — usando fallback
2026-04-16 02:03:55,639 [INFO] pipeline.macro: 
RESUMO MACRO HISTÓRICO:
2026-04-16 02:03:55,639 [INFO] pipeline.macro:   selic_meta     : 2020: 2.00% | 2021: 9.25% | 2022: 13.75% | 2023: 11.75% | 2024: 11.75%
2026-04-16 02:03:55,639 [INFO] pipeline.macro:   selic_efet     : 2020: 2.28% | 2021: 4.48% | 2022: 12.33% | 2023: 13.15% | 2024: 10.73%
2026-04-16 02:03:55,639 [INFO] pipeline.macro:   ipca           : 2020: 4.52% | 2021: 10.06% | 2022: 5.62% | 2023: 4.62% | 2024: 4.83%
2026-04-16 02:03:55,639 [INFO] pipeline.macro:   tjlp           : 2020: 5.25% | 2021: 5.25% | 2022: 6.25% | 2023: 7.00% | 2024: 7.00%
2026-04-16 02:03:55,639 [INFO] pipeline.macro:   cds            : 2020: 0.44% | 2021: 0.73% | 2022: 1.26% | 2023: 0.84% | 2024: 0.81%
2026-04-16 02:03:55,639 [INFO] pipeline.macro:   inflacao_impl  : 2020: 4.52% | 2021: 10.06% | 2022: 5.62% | 2023: 4.62% | 2024: 4.83%
2026-04-16 02:03:55,639 [INFO] pipeline: 
[3/6] Baixando demonstrações financeiras (CVM)...
2026-04-16 02:03:55,641 [INFO] pipeline.cvm: 
==================================================
2026-04-16 02:03:55,642 [INFO] pipeline.cvm: Baixando DFP 2019...
2026-04-16 02:03:55,846 [INFO] pipeline.cvm:   DFP dre 2019: 88 linhas
2026-04-16 02:03:56,196 [INFO] pipeline.cvm:   DFP bpa 2019: 68 linhas
2026-04-16 02:03:56,808 [INFO] pipeline.cvm:   DFP bpp 2019: 100 linhas
2026-04-16 02:03:57,117 [INFO] pipeline.cvm:   DFP dfc_mi 2019: 146 linhas
2026-04-16 02:03:57,143 [WARNING] pipeline.cvm:   Empresa 906 não encontrada em dfc_md 2019
2026-04-16 02:03:57,144 [INFO] pipeline.cvm: 
==================================================
2026-04-16 02:03:57,144 [INFO] pipeline.cvm: Baixando DFP 2020...
2026-04-16 02:03:57,392 [INFO] pipeline.cvm:   DFP dre 2020: 82 linhas
2026-04-16 02:03:57,803 [INFO] pipeline.cvm:   DFP bpa 2020: 82 linhas
2026-04-16 02:03:58,481 [INFO] pipeline.cvm:   DFP bpp 2020: 96 linhas
2026-04-16 02:03:58,837 [INFO] pipeline.cvm:   DFP dfc_mi 2020: 94 linhas
2026-04-16 02:03:58,868 [WARNING] pipeline.cvm:   Empresa 906 não encontrada em dfc_md 2020
2026-04-16 02:03:58,869 [INFO] pipeline.cvm: 
==================================================
2026-04-16 02:03:58,869 [INFO] pipeline.cvm: Baixando DFP 2021...
2026-04-16 02:03:59,099 [INFO] pipeline.cvm:   DFP dre 2021: 82 linhas
2026-04-16 02:03:59,564 [INFO] pipeline.cvm:   DFP bpa 2021: 82 linhas
2026-04-16 02:04:00,327 [INFO] pipeline.cvm:   DFP bpp 2021: 86 linhas
2026-04-16 02:04:00,738 [WARNING] pipeline.cvm:   Empresa 906 não encontrada em dfc_mi 2021
2026-04-16 02:04:00,781 [INFO] pipeline.cvm:   DFP dfc_md 2021: 64 linhas
2026-04-16 02:04:00,781 [INFO] pipeline.cvm: 
==================================================
2026-04-16 02:04:00,782 [INFO] pipeline.cvm: Baixando DFP 2022...
2026-04-16 02:04:01,037 [INFO] pipeline.cvm:   DFP dre 2022: 82 linhas
2026-04-16 02:04:01,550 [INFO] pipeline.cvm:   DFP bpa 2022: 82 linhas
2026-04-16 02:04:02,318 [INFO] pipeline.cvm:   DFP bpp 2022: 86 linhas
2026-04-16 02:04:02,721 [INFO] pipeline.cvm:   DFP dfc_mi 2022: 96 linhas
2026-04-16 02:04:02,759 [WARNING] pipeline.cvm:   Empresa 906 não encontrada em dfc_md 2022
2026-04-16 02:04:02,760 [INFO] pipeline.cvm: 
==================================================
2026-04-16 02:04:02,760 [INFO] pipeline.cvm: Baixando DFP 2023...
2026-04-16 02:04:02,996 [INFO] pipeline.cvm:   DFP dre 2023: 82 linhas
2026-04-16 02:04:03,464 [INFO] pipeline.cvm:   DFP bpa 2023: 82 linhas
2026-04-16 02:04:04,231 [INFO] pipeline.cvm:   DFP bpp 2023: 86 linhas
2026-04-16 02:04:04,646 [INFO] pipeline.cvm:   DFP dfc_mi 2023: 96 linhas
2026-04-16 02:04:04,683 [WARNING] pipeline.cvm:   Empresa 906 não encontrada em dfc_md 2023
2026-04-16 02:04:04,684 [INFO] pipeline.cvm: 
==================================================
2026-04-16 02:04:04,684 [INFO] pipeline.cvm: Baixando DFP 2024...
2026-04-16 02:04:04,996 [INFO] pipeline.cvm:   DFP dre 2024: 82 linhas
2026-04-16 02:04:05,499 [INFO] pipeline.cvm:   DFP bpa 2024: 82 linhas
2026-04-16 02:04:06,248 [INFO] pipeline.cvm:   DFP bpp 2024: 86 linhas
2026-04-16 02:04:06,670 [INFO] pipeline.cvm:   DFP dfc_mi 2024: 96 linhas
2026-04-16 02:04:06,704 [WARNING] pipeline.cvm:   Empresa 906 não encontrada em dfc_md 2024
2026-04-16 02:04:06,704 [INFO] pipeline: 
[4/6] Normalizando dados...
2026-04-16 02:04:07,453 [INFO] pipeline:   DRE normalizada:
2026-04-16 02:04:07,453 [INFO] pipeline:     margem_financeira_bruta: 2019: 65,688 | 2020: 49,853 | 2021: 70,322 | 2022: 74,602 | 2023: 68,082 | 2024: 68,941
2026-04-16 02:04:07,454 [INFO] pipeline:     lucro_liquido: 2019: 21,023 | 2020: 15,837 | 2021: 23,172 | 2022: 20,984 | 2023: 14,251 | 2024: 17,253
2026-04-16 02:04:07,454 [INFO] pipeline: 
[5/6] Calculando projeções...
2026-04-16 02:04:07,455 [INFO] pipeline:   Premissas por banco aplicadas: NIM=5.0% | Payout=45% | g=5.5%
2026-04-16 02:04:07,456 [INFO] pipeline.projecoes: 
=== Rodando projeções ===
2026-04-16 02:04:07,458 [INFO] pipeline.projecoes:   NIM ~ Selic: slope=-0.2100, intercept=0.0654
2026-04-16 02:04:07,464 [INFO] pipeline.projecoes:   Margem op./MFB histórica (median 5a): 24.51%
2026-04-16 02:04:07,466 [INFO] pipeline.projecoes: Projeções concluídas. Resumo:
2026-04-16 02:04:07,466 [INFO] pipeline.projecoes:    Ano     Carteira        MFB      Lucro       FCFE
2026-04-16 02:04:07,466 [INFO] pipeline.projecoes:   2025      771,124     83,269     14,528      6,538
2026-04-16 02:04:07,466 [INFO] pipeline.projecoes:   2026      832,814     97,976     17,094      7,692
2026-04-16 02:04:07,467 [INFO] pipeline.projecoes:   2027      891,111    109,458     19,097      8,594
2026-04-16 02:04:07,467 [INFO] pipeline.projecoes:   2028      953,489    122,040     21,292      9,581
2026-04-16 02:04:07,467 [INFO] pipeline.projecoes:   2029    1,020,233    135,233     23,594     10,617
2026-04-16 02:04:07,468 [INFO] pipeline: 
[6/6] Calculando valuation...
2026-04-16 02:04:07,469 [INFO] pipeline.valuation: 
==================================================
2026-04-16 02:04:07,469 [INFO] pipeline.valuation: VALUATION COMPLETO — BBDC4
2026-04-16 02:04:07,469 [INFO] pipeline.valuation:   VP FCFE (10a):     R$       59,663 MM
2026-04-16 02:04:07,469 [INFO] pipeline.valuation:   Valor Perp. (VP):  R$      140,295 MM
2026-04-16 02:04:07,469 [INFO] pipeline.valuation:   VALOR DO EQUITY:   R$      199,958 MM
2026-04-16 02:04:07,469 [INFO] pipeline.valuation:   Preço Justo ON:    R$    19.83
2026-04-16 02:04:07,469 [INFO] pipeline.valuation:   Preço Justo PN:    R$    21.81
2026-04-16 02:04:07,469 [INFO] pipeline.valuation:   Cotação ON:        R$    17.99
2026-04-16 02:04:07,469 [INFO] pipeline.valuation:   Upside ON:               10.2%
2026-04-16 02:04:07,469 [INFO] pipeline.valuation:   TIR (ON):                10.4%
2026-04-16 02:04:07,469 [INFO] pipeline.valuation:   Preço Teto ON:     R$    19.83
2026-04-16 02:04:07,896 [INFO] pipeline.excel: 
============================================================
2026-04-16 02:04:07,897 [INFO] pipeline.excel: Escrevendo template: Valuation_BBDC4_Bradesco_20260416.xlsx
2026-04-16 02:04:07,987 [INFO] pipeline.excel:   → Dashboard
2026-04-16 02:04:07,988 [INFO] pipeline.excel:   → Ke
2026-04-16 02:04:07,995 [INFO] pipeline.excel:   → Balanço Patrimonial
2026-04-16 02:04:08,012 [INFO] pipeline.excel:   → DRE Recorrente
2026-04-16 02:04:08,045 [INFO] pipeline.excel:   → DRE + DCF
2026-04-16 02:04:08,055 [INFO] pipeline.excel:   → Projeções NIM
2026-04-16 02:04:08,074 [INFO] pipeline.excel:   → Painel de Índices
2026-04-16 02:04:08,172 [INFO] pipeline.excel: 
Arquivo salvo: C:\Users\55819\Downloads\pipeline_banco_completo\pipeline_banco\outputs\Valuation_BBDC4_Bradesco_20260416.xlsx
2026-04-16 02:04:08,172 [INFO] pipeline: 
======================================================================
2026-04-16 02:04:08,172 [INFO] pipeline: RESUMO DO VALUATION
2026-04-16 02:04:08,172 [INFO] pipeline: ======================================================================
2026-04-16 02:04:08,172 [INFO] pipeline:   Empresa:           Bradesco (BBDC4)
2026-04-16 02:04:08,172 [INFO] pipeline:   Cotação ON:        R$ 17.99
2026-04-16 02:04:08,172 [INFO] pipeline:   Preço Justo ON:    R$ 19.83
2026-04-16 02:04:08,172 [INFO] pipeline:   Upside ON:            10.2%
2026-04-16 02:04:08,172 [INFO] pipeline:   TIR:                  10.4%
2026-04-16 02:04:08,172 [INFO] pipeline:   Preço Teto ON:     R$ 19.83
2026-04-16 02:04:08,172 [INFO] pipeline: 
  Arquivo gerado:    C:\Users\55819\Downloads\pipeline_banco_completo\pipeline_banco\outputs\Valuation_BBDC4_Bradesco_20260416.xlsx
2026-04-16 02:04:08,172 [INFO] pipeline: ======================================================================
2026-04-16 02:04:08,175 [INFO] pipeline: ✓ BBDC4: arquivo gerado → C:\Users\55819\Downloads\pipeline_banco_completo\pipeline_banco\outputs\Valuation_BBDC4_Bradesco_20260416.xlsx
2026-04-16 02:04:08,175 [INFO] pipeline: 
──────────────────────────────────────────────────────────────────────
2026-04-16 02:04:08,175 [INFO] pipeline: Processando: BBAS3 (Banco do Brasil)
2026-04-16 02:04:08,175 [INFO] pipeline: ──────────────────────────────────────────────────────────────────────
2026-04-16 02:04:08,176 [INFO] pipeline: ======================================================================
2026-04-16 02:04:08,176 [INFO] pipeline: PIPELINE DE VALUATION BANCÁRIO — BBAS3 — Banco do Brasil
2026-04-16 02:04:08,176 [INFO] pipeline: Início: 2026-04-16 02:04:08
2026-04-16 02:04:08,176 [INFO] pipeline: ======================================================================
2026-04-16 02:04:08,176 [INFO] pipeline:   Banco cadastrado: Banco do Brasil | tipo: ON_ONLY
2026-04-16 02:04:08,176 [INFO] pipeline: 
[1/6] Coletando dados de mercado...
2026-04-16 02:04:08,176 [INFO] pipeline:   Buscando cotação via yfinance...
2026-04-16 02:04:08,176 [INFO] pipeline.mercado: Buscando cotação atual: BBAS3.SA
2026-04-16 02:04:09,415 [INFO] pipeline:   Cotação ON: R$ 24.40  |  Cotação PN: R$ 0.00
2026-04-16 02:04:09,416 [INFO] pipeline:   Ações (fonte: bancos.py): ON=5,730,000 mil | PN=0 mil
2026-04-16 02:04:09,416 [INFO] pipeline.mercado: Calculando beta: BBAS3 (252 dias úteis)
2026-04-16 02:04:09,416 [INFO] pipeline.mercado: Baixando preços: BBAS3.SA (2019-01-01 → 2026-04-16)
2026-04-16 02:04:10,002 [INFO] pipeline.mercado:   1813 dias de preços carregados
2026-04-16 02:04:10,011 [INFO] pipeline.mercado:   Beta estatístico: 1.1623 | R²: 0.367 | n=251
2026-04-16 02:04:10,013 [INFO] pipeline:   Beta estatístico: 1.162 | Beta utilizado: 0.850
2026-04-16 02:04:10,013 [INFO] pipeline: 
[2/6] Coletando dados macroeconômicos (BCB)...
2026-04-16 02:04:10,369 [WARNING] pipeline.macro: Não foi possível obter Focus Selic: 400 Client Error: Bad Request for url: https://olinda.bcb.gov.br/olinda/servico/Expectativas/versao/v1/odata/ExpectativasMercadoAnuais?%24filter=Indicador%20eq%20'Selic'&%24top=100&%24format=json&%24select=Indicador,Data,Ano,Mediana
2026-04-16 02:04:10,643 [WARNING] pipeline.macro: Não foi possível obter Focus IPCA: 400 Client Error: Bad Request for url: https://olinda.bcb.gov.br/olinda/servico/Expectativas/versao/v1/odata/ExpectativasMercadoAnuais?%24filter=Indicador%20eq%20'IPCA'&%24top=100&%24format=json&%24select=Indicador,Data,Ano,Mediana
2026-04-16 02:04:10,645 [INFO] pipeline.macro: 
=== Coletando dados macroeconômicos ===
2026-04-16 02:04:10,646 [INFO] pipeline.macro: Baixando série BCB 432...
2026-04-16 02:04:10,941 [ERROR] pipeline.macro: Erro ao baixar série BCB 432: 406 Client Error: Not Acceptable for url: https://api.bcb.gov.br/dados/serie/bcdata.sgs.432/dados?formato=json&dataInicial=01%2F01%2F2010&dataFinal=16%2F04%2F2026
2026-04-16 02:04:10,941 [WARNING] pipeline.macro: Série Selic meta sem DatetimeIndex — usando fallback histórico
2026-04-16 02:04:10,941 [INFO] pipeline.macro: Baixando série BCB 12...
2026-04-16 02:04:11,040 [ERROR] pipeline.macro: Erro ao baixar série BCB 12: 406 Client Error: Not Acceptable for url: https://api.bcb.gov.br/dados/serie/bcdata.sgs.12/dados?formato=json&dataInicial=01%2F01%2F2010&dataFinal=16%2F04%2F2026
2026-04-16 02:04:11,041 [WARNING] pipeline.macro: Série DI sem DatetimeIndex — usando fallback histórico
2026-04-16 02:04:11,044 [WARNING] pipeline.macro: IPCA calculado fora do intervalo plausível (55.3%) para 2019 — usando fallback
2026-04-16 02:04:11,045 [WARNING] pipeline.macro: IPCA calculado fora do intervalo plausível (46.1%) para 2020 — usando fallback
2026-04-16 02:04:11,045 [WARNING] pipeline.macro: IPCA calculado fora do intervalo plausível (159.3%) para 2021 — usando fallback
2026-04-16 02:04:11,045 [WARNING] pipeline.macro: IPCA calculado fora do intervalo plausível (191.2%) para 2022 — usando fallback
2026-04-16 02:04:11,046 [WARNING] pipeline.macro: IPCA calculado fora do intervalo plausível (71.5%) para 2023 — usando fallback
2026-04-16 02:04:11,046 [WARNING] pipeline.macro: IPCA calculado fora do intervalo plausível (67.0%) para 2024 — usando fallback
2026-04-16 02:04:11,046 [INFO] pipeline.macro: Baixando série BCB 258...
2026-04-16 02:04:11,144 [ERROR] pipeline.macro: Erro ao baixar série BCB 258: 406 Client Error: Not Acceptable for url: https://api.bcb.gov.br/dados/serie/bcdata.sgs.258/dados?formato=json&dataInicial=01%2F01%2F2010&dataFinal=16%2F04%2F2026
2026-04-16 02:04:11,144 [WARNING] pipeline.macro: Série TJLP sem DatetimeIndex — usando fallback histórico
2026-04-16 02:04:11,152 [WARNING] pipeline.macro: IPCA calculado fora do intervalo plausível (55.3%) para 2019 — usando fallback
2026-04-16 02:04:11,152 [WARNING] pipeline.macro: IPCA calculado fora do intervalo plausível (46.1%) para 2020 — usando fallback
2026-04-16 02:04:11,152 [WARNING] pipeline.macro: IPCA calculado fora do intervalo plausível (159.3%) para 2021 — usando fallback
2026-04-16 02:04:11,152 [WARNING] pipeline.macro: IPCA calculado fora do intervalo plausível (191.2%) para 2022 — usando fallback
2026-04-16 02:04:11,153 [WARNING] pipeline.macro: IPCA calculado fora do intervalo plausível (71.5%) para 2023 — usando fallback
2026-04-16 02:04:11,154 [WARNING] pipeline.macro: IPCA calculado fora do intervalo plausível (67.0%) para 2024 — usando fallback
2026-04-16 02:04:11,154 [INFO] pipeline.macro: 
RESUMO MACRO HISTÓRICO:
2026-04-16 02:04:11,154 [INFO] pipeline.macro:   selic_meta     : 2020: 2.00% | 2021: 9.25% | 2022: 13.75% | 2023: 11.75% | 2024: 11.75%
2026-04-16 02:04:11,154 [INFO] pipeline.macro:   selic_efet     : 2020: 2.28% | 2021: 4.48% | 2022: 12.33% | 2023: 13.15% | 2024: 10.73%
2026-04-16 02:04:11,154 [INFO] pipeline.macro:   ipca           : 2020: 4.52% | 2021: 10.06% | 2022: 5.62% | 2023: 4.62% | 2024: 4.83%
2026-04-16 02:04:11,154 [INFO] pipeline.macro:   tjlp           : 2020: 5.25% | 2021: 5.25% | 2022: 6.25% | 2023: 7.00% | 2024: 7.00%
2026-04-16 02:04:11,154 [INFO] pipeline.macro:   cds            : 2020: 0.44% | 2021: 0.73% | 2022: 1.26% | 2023: 0.84% | 2024: 0.81%
2026-04-16 02:04:11,155 [INFO] pipeline.macro:   inflacao_impl  : 2020: 4.52% | 2021: 10.06% | 2022: 5.62% | 2023: 4.62% | 2024: 4.83%
2026-04-16 02:04:11,155 [INFO] pipeline: 
[3/6] Baixando demonstrações financeiras (CVM)...
2026-04-16 02:04:11,155 [INFO] pipeline.cvm: 
==================================================
2026-04-16 02:04:11,155 [INFO] pipeline.cvm: Baixando DFP 2019...
2026-04-16 02:04:11,339 [INFO] pipeline.cvm:   DFP dre 2019: 86 linhas
2026-04-16 02:04:11,656 [INFO] pipeline.cvm:   DFP bpa 2019: 72 linhas
2026-04-16 02:04:12,229 [INFO] pipeline.cvm:   DFP bpp 2019: 88 linhas
2026-04-16 02:04:12,516 [INFO] pipeline.cvm:   DFP dfc_mi 2019: 152 linhas
2026-04-16 02:04:12,538 [WARNING] pipeline.cvm:   Empresa 1023 não encontrada em dfc_md 2019
2026-04-16 02:04:12,538 [INFO] pipeline.cvm: 
==================================================
2026-04-16 02:04:12,538 [INFO] pipeline.cvm: Baixando DFP 2020...
2026-04-16 02:04:12,753 [INFO] pipeline.cvm:   DFP dre 2020: 74 linhas
2026-04-16 02:04:13,115 [INFO] pipeline.cvm:   DFP bpa 2020: 82 linhas
2026-04-16 02:04:13,765 [INFO] pipeline.cvm:   DFP bpp 2020: 84 linhas
2026-04-16 02:04:14,100 [INFO] pipeline.cvm:   DFP dfc_mi 2020: 106 linhas
2026-04-16 02:04:14,127 [WARNING] pipeline.cvm:   Empresa 1023 não encontrada em dfc_md 2020
2026-04-16 02:04:14,127 [INFO] pipeline.cvm: 
==================================================
2026-04-16 02:04:14,127 [INFO] pipeline.cvm: Baixando DFP 2021...
2026-04-16 02:04:14,349 [INFO] pipeline.cvm:   DFP dre 2021: 74 linhas
2026-04-16 02:04:14,737 [INFO] pipeline.cvm:   DFP bpa 2021: 82 linhas
2026-04-16 02:04:15,427 [INFO] pipeline.cvm:   DFP bpp 2021: 84 linhas
2026-04-16 02:04:15,774 [INFO] pipeline.cvm:   DFP dfc_mi 2021: 106 linhas
2026-04-16 02:04:15,806 [WARNING] pipeline.cvm:   Empresa 1023 não encontrada em dfc_md 2021
2026-04-16 02:04:15,807 [INFO] pipeline.cvm: 
==================================================
2026-04-16 02:04:15,807 [INFO] pipeline.cvm: Baixando DFP 2022...
2026-04-16 02:04:16,033 [INFO] pipeline.cvm:   DFP dre 2022: 74 linhas
2026-04-16 02:04:16,438 [INFO] pipeline.cvm:   DFP bpa 2022: 82 linhas
2026-04-16 02:04:17,145 [INFO] pipeline.cvm:   DFP bpp 2022: 84 linhas
2026-04-16 02:04:17,522 [INFO] pipeline.cvm:   DFP dfc_mi 2022: 108 linhas
2026-04-16 02:04:17,557 [WARNING] pipeline.cvm:   Empresa 1023 não encontrada em dfc_md 2022
2026-04-16 02:04:17,558 [INFO] pipeline.cvm: 
==================================================
2026-04-16 02:04:17,558 [INFO] pipeline.cvm: Baixando DFP 2023...
2026-04-16 02:04:17,796 [INFO] pipeline.cvm:   DFP dre 2023: 74 linhas
2026-04-16 02:04:18,213 [INFO] pipeline.cvm:   DFP bpa 2023: 82 linhas
2026-04-16 02:04:18,959 [INFO] pipeline.cvm:   DFP bpp 2023: 84 linhas
2026-04-16 02:04:19,365 [INFO] pipeline.cvm:   DFP dfc_mi 2023: 108 linhas
2026-04-16 02:04:19,400 [WARNING] pipeline.cvm:   Empresa 1023 não encontrada em dfc_md 2023
2026-04-16 02:04:19,400 [INFO] pipeline.cvm: 
==================================================
2026-04-16 02:04:19,400 [INFO] pipeline.cvm: Baixando DFP 2024...
2026-04-16 02:04:19,632 [INFO] pipeline.cvm:   DFP dre 2024: 74 linhas
2026-04-16 02:04:20,035 [INFO] pipeline.cvm:   DFP bpa 2024: 82 linhas
2026-04-16 02:04:20,753 [INFO] pipeline.cvm:   DFP bpp 2024: 82 linhas
2026-04-16 02:04:21,137 [INFO] pipeline.cvm:   DFP dfc_mi 2024: 108 linhas
2026-04-16 02:04:21,168 [WARNING] pipeline.cvm:   Empresa 1023 não encontrada em dfc_md 2024
2026-04-16 02:04:21,169 [INFO] pipeline: 
[4/6] Normalizando dados...
2026-04-16 02:04:21,906 [INFO] pipeline:   DRE normalizada:
2026-04-16 02:04:21,906 [INFO] pipeline:     margem_financeira_bruta: 2019: 33,851 | 2020: 55,428 | 2021: 59,674 | 2022: 74,347 | 2023: 88,749 | 2024: 104,514
2026-04-16 02:04:21,906 [INFO] pipeline:     lucro_liquido: 2019: 16,397 | 2020: 11,852 | 2021: 18,344 | 2022: 27,630 | 2023: 29,861 | 2024: 26,359
2026-04-16 02:04:21,906 [INFO] pipeline: 
[5/6] Calculando projeções...
2026-04-16 02:04:21,906 [INFO] pipeline:   Premissas por banco aplicadas: NIM=6.0% | Payout=40% | g=5.5%
2026-04-16 02:04:21,907 [INFO] pipeline.projecoes: 
=== Rodando projeções ===
2026-04-16 02:04:21,908 [INFO] pipeline.projecoes:   NIM ~ Selic: slope=0.1285, intercept=0.0287
2026-04-16 02:04:21,913 [INFO] pipeline.projecoes:   Margem op./MFB histórica (median 5a): 40.20%
2026-04-16 02:04:21,914 [INFO] pipeline.projecoes: Projeções concluídas. Resumo:
2026-04-16 02:04:21,915 [INFO] pipeline.projecoes:    Ano     Carteira        MFB      Lucro       FCFE
2026-04-16 02:04:21,915 [INFO] pipeline.projecoes:   2025    1,102,196    116,128     38,382     15,353
2026-04-16 02:04:21,915 [INFO] pipeline.projecoes:   2026    1,190,372    124,305     41,084     16,434
2026-04-16 02:04:21,915 [INFO] pipeline.projecoes:   2027    1,273,698    134,475     44,445     17,778
2026-04-16 02:04:21,915 [INFO] pipeline.projecoes:   2028    1,362,857    145,459     48,076     19,230
2026-04-16 02:04:21,915 [INFO] pipeline.projecoes:   2029    1,458,257    157,735     52,133     20,853
2026-04-16 02:04:21,915 [INFO] pipeline: 
[6/6] Calculando valuation...
2026-04-16 02:04:21,915 [INFO] pipeline.valuation: 
==================================================
2026-04-16 02:04:21,915 [INFO] pipeline.valuation: VALUATION COMPLETO — BBDC4
2026-04-16 02:04:21,915 [INFO] pipeline.valuation:   VP FCFE (10a):     R$      117,857 MM
2026-04-16 02:04:21,915 [INFO] pipeline.valuation:   Valor Perp. (VP):  R$      239,568 MM
2026-04-16 02:04:21,916 [INFO] pipeline.valuation:   VALOR DO EQUITY:   R$      357,425 MM
2026-04-16 02:04:21,916 [INFO] pipeline.valuation:   Preço Justo ON:    R$    62.38
2026-04-16 02:04:21,916 [INFO] pipeline.valuation:   Preço Justo PN:    R$    62.38
2026-04-16 02:04:21,916 [INFO] pipeline.valuation:   Cotação ON:        R$    24.40
2026-04-16 02:04:21,916 [INFO] pipeline.valuation:   Upside ON:              155.7%
2026-04-16 02:04:21,916 [INFO] pipeline.valuation:   TIR (ON):                17.5%
2026-04-16 02:04:21,916 [INFO] pipeline.valuation:   Preço Teto ON:     R$    62.38
2026-04-16 02:04:21,917 [INFO] pipeline.excel: 
============================================================
2026-04-16 02:04:21,917 [INFO] pipeline.excel: Escrevendo template: Valuation_BBAS3_Banco do Brasil_20260416.xlsx
2026-04-16 02:04:21,980 [INFO] pipeline.excel:   → Dashboard
2026-04-16 02:04:21,981 [INFO] pipeline.excel:   → Ke
2026-04-16 02:04:21,987 [INFO] pipeline.excel:   → Balanço Patrimonial
2026-04-16 02:04:22,004 [INFO] pipeline.excel:   → DRE Recorrente
2026-04-16 02:04:22,043 [INFO] pipeline.excel:   → DRE + DCF
2026-04-16 02:04:22,054 [INFO] pipeline.excel:   → Projeções NIM
2026-04-16 02:04:22,076 [INFO] pipeline.excel:   → Painel de Índices
2026-04-16 02:04:22,180 [INFO] pipeline.excel: 
Arquivo salvo: C:\Users\55819\Downloads\pipeline_banco_completo\pipeline_banco\outputs\Valuation_BBAS3_Banco do Brasil_20260416.xlsx
2026-04-16 02:04:22,181 [INFO] pipeline: 
======================================================================
2026-04-16 02:04:22,181 [INFO] pipeline: RESUMO DO VALUATION
2026-04-16 02:04:22,181 [INFO] pipeline: ======================================================================
2026-04-16 02:04:22,181 [INFO] pipeline:   Empresa:           Banco do Brasil (BBAS3)
2026-04-16 02:04:22,181 [INFO] pipeline:   Cotação ON:        R$ 24.40
2026-04-16 02:04:22,181 [INFO] pipeline:   Preço Justo ON:    R$ 62.38
2026-04-16 02:04:22,181 [INFO] pipeline:   Upside ON:            155.7%
2026-04-16 02:04:22,181 [INFO] pipeline:   TIR:                  17.5%
2026-04-16 02:04:22,181 [INFO] pipeline:   Preço Teto ON:     R$ 62.38
2026-04-16 02:04:22,182 [INFO] pipeline: 
  Arquivo gerado:    C:\Users\55819\Downloads\pipeline_banco_completo\pipeline_banco\outputs\Valuation_BBAS3_Banco do Brasil_20260416.xlsx
2026-04-16 02:04:22,182 [INFO] pipeline: ======================================================================
2026-04-16 02:04:22,184 [INFO] pipeline: ✓ BBAS3: arquivo gerado → C:\Users\55819\Downloads\pipeline_banco_completo\pipeline_banco\outputs\Valuation_BBAS3_Banco do Brasil_20260416.xlsx
2026-04-16 02:04:22,185 [INFO] pipeline: 
──────────────────────────────────────────────────────────────────────
2026-04-16 02:04:22,185 [INFO] pipeline: Processando: ITUB4 (Itaú Unibanco)
2026-04-16 02:04:22,185 [INFO] pipeline: ──────────────────────────────────────────────────────────────────────
2026-04-16 02:04:22,185 [INFO] pipeline: ======================================================================
2026-04-16 02:04:22,185 [INFO] pipeline: PIPELINE DE VALUATION BANCÁRIO — ITUB4 — Itaú Unibanco
2026-04-16 02:04:22,185 [INFO] pipeline: Início: 2026-04-16 02:04:22
2026-04-16 02:04:22,185 [INFO] pipeline: ======================================================================
2026-04-16 02:04:22,185 [INFO] pipeline:   Banco cadastrado: Itaú Unibanco | tipo: ON_PN
2026-04-16 02:04:22,185 [INFO] pipeline: 
[1/6] Coletando dados de mercado...
2026-04-16 02:04:22,186 [INFO] pipeline:   Buscando cotação via yfinance...
2026-04-16 02:04:22,186 [INFO] pipeline.mercado: Buscando cotação atual: ITUB4.SA
2026-04-16 02:04:23,413 [INFO] pipeline.mercado: Buscando cotação atual: ITUB3.SA
2026-04-16 02:04:23,989 [INFO] pipeline:   Cotação ON: R$ 46.75  |  Cotação PN: R$ 47.04
2026-04-16 02:04:23,989 [INFO] pipeline:   Ações (fonte: bancos.py): ON=5,510,000 mil | PN=5,490,000 mil
2026-04-16 02:04:23,989 [INFO] pipeline.mercado: Calculando beta: ITUB4 (252 dias úteis)
2026-04-16 02:04:23,990 [INFO] pipeline.mercado: Baixando preços: ITUB4.SA (2019-01-01 → 2026-04-16)
2026-04-16 02:04:24,652 [INFO] pipeline.mercado:   1813 dias de preços carregados
2026-04-16 02:04:24,658 [INFO] pipeline.mercado:   Beta estatístico: 1.1640 | R²: 0.679 | n=251
2026-04-16 02:04:24,661 [INFO] pipeline:   Beta estatístico: 1.164 | Beta utilizado: 0.850
2026-04-16 02:04:24,662 [INFO] pipeline: 
[2/6] Coletando dados macroeconômicos (BCB)...
2026-04-16 02:04:24,971 [WARNING] pipeline.macro: Não foi possível obter Focus Selic: 400 Client Error: Bad Request for url: https://olinda.bcb.gov.br/olinda/servico/Expectativas/versao/v1/odata/ExpectativasMercadoAnuais?%24filter=Indicador%20eq%20'Selic'&%24top=100&%24format=json&%24select=Indicador,Data,Ano,Mediana
2026-04-16 02:04:25,246 [WARNING] pipeline.macro: Não foi possível obter Focus IPCA: 400 Client Error: Bad Request for url: https://olinda.bcb.gov.br/olinda/servico/Expectativas/versao/v1/odata/ExpectativasMercadoAnuais?%24filter=Indicador%20eq%20'IPCA'&%24top=100&%24format=json&%24select=Indicador,Data,Ano,Mediana
2026-04-16 02:04:25,247 [INFO] pipeline.macro: 
=== Coletando dados macroeconômicos ===
2026-04-16 02:04:25,248 [INFO] pipeline.macro: Baixando série BCB 432...
2026-04-16 02:04:25,525 [ERROR] pipeline.macro: Erro ao baixar série BCB 432: 406 Client Error: Not Acceptable for url: https://api.bcb.gov.br/dados/serie/bcdata.sgs.432/dados?formato=json&dataInicial=01%2F01%2F2010&dataFinal=16%2F04%2F2026
2026-04-16 02:04:25,525 [WARNING] pipeline.macro: Série Selic meta sem DatetimeIndex — usando fallback histórico
2026-04-16 02:04:25,525 [INFO] pipeline.macro: Baixando série BCB 12...
2026-04-16 02:04:25,643 [ERROR] pipeline.macro: Erro ao baixar série BCB 12: 406 Client Error: Not Acceptable for url: https://api.bcb.gov.br/dados/serie/bcdata.sgs.12/dados?formato=json&dataInicial=01%2F01%2F2010&dataFinal=16%2F04%2F2026
2026-04-16 02:04:25,643 [WARNING] pipeline.macro: Série DI sem DatetimeIndex — usando fallback histórico
2026-04-16 02:04:25,647 [WARNING] pipeline.macro: IPCA calculado fora do intervalo plausível (55.3%) para 2019 — usando fallback
2026-04-16 02:04:25,647 [WARNING] pipeline.macro: IPCA calculado fora do intervalo plausível (46.1%) para 2020 — usando fallback
2026-04-16 02:04:25,648 [WARNING] pipeline.macro: IPCA calculado fora do intervalo plausível (159.3%) para 2021 — usando fallback
2026-04-16 02:04:25,648 [WARNING] pipeline.macro: IPCA calculado fora do intervalo plausível (191.2%) para 2022 — usando fallback
2026-04-16 02:04:25,648 [WARNING] pipeline.macro: IPCA calculado fora do intervalo plausível (71.5%) para 2023 — usando fallback
2026-04-16 02:04:25,649 [WARNING] pipeline.macro: IPCA calculado fora do intervalo plausível (67.0%) para 2024 — usando fallback
2026-04-16 02:04:25,649 [INFO] pipeline.macro: Baixando série BCB 258...
2026-04-16 02:04:25,753 [ERROR] pipeline.macro: Erro ao baixar série BCB 258: 406 Client Error: Not Acceptable for url: https://api.bcb.gov.br/dados/serie/bcdata.sgs.258/dados?formato=json&dataInicial=01%2F01%2F2010&dataFinal=16%2F04%2F2026
2026-04-16 02:04:25,753 [WARNING] pipeline.macro: Série TJLP sem DatetimeIndex — usando fallback histórico
2026-04-16 02:04:25,760 [WARNING] pipeline.macro: IPCA calculado fora do intervalo plausível (55.3%) para 2019 — usando fallback
2026-04-16 02:04:25,760 [WARNING] pipeline.macro: IPCA calculado fora do intervalo plausível (46.1%) para 2020 — usando fallback
2026-04-16 02:04:25,761 [WARNING] pipeline.macro: IPCA calculado fora do intervalo plausível (159.3%) para 2021 — usando fallback
2026-04-16 02:04:25,761 [WARNING] pipeline.macro: IPCA calculado fora do intervalo plausível (191.2%) para 2022 — usando fallback
2026-04-16 02:04:25,761 [WARNING] pipeline.macro: IPCA calculado fora do intervalo plausível (71.5%) para 2023 — usando fallback
2026-04-16 02:04:25,761 [WARNING] pipeline.macro: IPCA calculado fora do intervalo plausível (67.0%) para 2024 — usando fallback
2026-04-16 02:04:25,761 [INFO] pipeline.macro: 
RESUMO MACRO HISTÓRICO:
2026-04-16 02:04:25,761 [INFO] pipeline.macro:   selic_meta     : 2020: 2.00% | 2021: 9.25% | 2022: 13.75% | 2023: 11.75% | 2024: 11.75%
2026-04-16 02:04:25,762 [INFO] pipeline.macro:   selic_efet     : 2020: 2.28% | 2021: 4.48% | 2022: 12.33% | 2023: 13.15% | 2024: 10.73%
2026-04-16 02:04:25,762 [INFO] pipeline.macro:   ipca           : 2020: 4.52% | 2021: 10.06% | 2022: 5.62% | 2023: 4.62% | 2024: 4.83%
2026-04-16 02:04:25,762 [INFO] pipeline.macro:   tjlp           : 2020: 5.25% | 2021: 5.25% | 2022: 6.25% | 2023: 7.00% | 2024: 7.00%
2026-04-16 02:04:25,762 [INFO] pipeline.macro:   cds            : 2020: 0.44% | 2021: 0.73% | 2022: 1.26% | 2023: 0.84% | 2024: 0.81%
2026-04-16 02:04:25,762 [INFO] pipeline.macro:   inflacao_impl  : 2020: 4.52% | 2021: 10.06% | 2022: 5.62% | 2023: 4.62% | 2024: 4.83%
2026-04-16 02:04:25,762 [INFO] pipeline: 
[3/6] Baixando demonstrações financeiras (CVM)...
2026-04-16 02:04:25,762 [INFO] pipeline.cvm: 
==================================================
2026-04-16 02:04:25,762 [INFO] pipeline.cvm: Baixando DFP 2019...
2026-04-16 02:04:25,947 [INFO] pipeline.cvm:   DFP dre 2019: 84 linhas
2026-04-16 02:04:26,259 [INFO] pipeline.cvm:   DFP bpa 2019: 74 linhas
2026-04-16 02:04:26,811 [INFO] pipeline.cvm:   DFP bpp 2019: 104 linhas
2026-04-16 02:04:27,101 [INFO] pipeline.cvm:   DFP dfc_mi 2019: 132 linhas
2026-04-16 02:04:27,119 [WARNING] pipeline.cvm:   Empresa 19348 não encontrada em dfc_md 2019
2026-04-16 02:04:27,119 [INFO] pipeline.cvm: 
==================================================
2026-04-16 02:04:27,120 [INFO] pipeline.cvm: Baixando DFP 2020...
2026-04-16 02:04:27,347 [INFO] pipeline.cvm:   DFP dre 2020: 84 linhas
2026-04-16 02:04:27,744 [INFO] pipeline.cvm:   DFP bpa 2020: 76 linhas
2026-04-16 02:04:28,443 [INFO] pipeline.cvm:   DFP bpp 2020: 106 linhas
2026-04-16 02:04:28,789 [INFO] pipeline.cvm:   DFP dfc_mi 2020: 132 linhas
2026-04-16 02:04:28,813 [WARNING] pipeline.cvm:   Empresa 19348 não encontrada em dfc_md 2020
2026-04-16 02:04:28,813 [INFO] pipeline.cvm: 
==================================================
2026-04-16 02:04:28,814 [INFO] pipeline.cvm: Baixando DFP 2021...
2026-04-16 02:04:29,037 [INFO] pipeline.cvm:   DFP dre 2021: 84 linhas
2026-04-16 02:04:29,423 [INFO] pipeline.cvm:   DFP bpa 2021: 80 linhas
2026-04-16 02:04:30,136 [INFO] pipeline.cvm:   DFP bpp 2021: 106 linhas
2026-04-16 02:04:30,499 [INFO] pipeline.cvm:   DFP dfc_mi 2021: 134 linhas
2026-04-16 02:04:30,532 [WARNING] pipeline.cvm:   Empresa 19348 não encontrada em dfc_md 2021
2026-04-16 02:04:30,532 [INFO] pipeline.cvm: 
==================================================
2026-04-16 02:04:30,533 [INFO] pipeline.cvm: Baixando DFP 2022...
2026-04-16 02:04:30,767 [INFO] pipeline.cvm:   DFP dre 2022: 82 linhas
2026-04-16 02:04:31,166 [INFO] pipeline.cvm:   DFP bpa 2022: 80 linhas
2026-04-16 02:04:31,877 [INFO] pipeline.cvm:   DFP bpp 2022: 106 linhas
2026-04-16 02:04:32,264 [INFO] pipeline.cvm:   DFP dfc_mi 2022: 144 linhas
2026-04-16 02:04:32,298 [WARNING] pipeline.cvm:   Empresa 19348 não encontrada em dfc_md 2022
2026-04-16 02:04:32,298 [INFO] pipeline.cvm: 
==================================================
2026-04-16 02:04:32,299 [INFO] pipeline.cvm: Baixando DFP 2023...
2026-04-16 02:04:32,534 [INFO] pipeline.cvm:   DFP dre 2023: 82 linhas
2026-04-16 02:04:32,949 [INFO] pipeline.cvm:   DFP bpa 2023: 82 linhas
2026-04-16 02:04:33,699 [INFO] pipeline.cvm:   DFP bpp 2023: 106 linhas
2026-04-16 02:04:34,089 [INFO] pipeline.cvm:   DFP dfc_mi 2023: 146 linhas
2026-04-16 02:04:34,124 [WARNING] pipeline.cvm:   Empresa 19348 não encontrada em dfc_md 2023
2026-04-16 02:04:34,124 [INFO] pipeline.cvm: 
==================================================
2026-04-16 02:04:34,124 [INFO] pipeline.cvm: Baixando DFP 2024...
2026-04-16 02:04:34,346 [INFO] pipeline.cvm:   DFP dre 2024: 82 linhas
2026-04-16 02:04:34,750 [INFO] pipeline.cvm:   DFP bpa 2024: 82 linhas
2026-04-16 02:04:35,504 [INFO] pipeline.cvm:   DFP bpp 2024: 106 linhas
2026-04-16 02:04:35,887 [INFO] pipeline.cvm:   DFP dfc_mi 2024: 146 linhas
2026-04-16 02:04:35,918 [WARNING] pipeline.cvm:   Empresa 19348 não encontrada em dfc_md 2024
2026-04-16 02:04:35,919 [INFO] pipeline: 
[4/6] Normalizando dados...
2026-04-16 02:04:36,720 [INFO] pipeline:   DRE normalizada:
2026-04-16 02:04:36,720 [INFO] pipeline:     margem_financeira_bruta: 2019: 117,079 | 2020: 100,199 | 2021: 126,374 | 2022: 115,570 | 2023: 124,526 | 2024: 135,739
2026-04-16 02:04:36,721 [INFO] pipeline:     lucro_liquido: 2019: 27,113 | 2020: 18,896 | 2021: 26,760 | 2022: 29,702 | 2023: 33,105 | 2024: 41,085
2026-04-16 02:04:36,721 [INFO] pipeline: 
[5/6] Calculando projeções...
2026-04-16 02:04:36,721 [INFO] pipeline:   Premissas por banco aplicadas: NIM=6.5% | Payout=50% | g=5.5%
2026-04-16 02:04:36,721 [INFO] pipeline.projecoes: 
=== Rodando projeções ===
2026-04-16 02:04:36,724 [INFO] pipeline.projecoes:   NIM ~ Selic: slope=-0.1129, intercept=0.0696
2026-04-16 02:04:36,727 [INFO] pipeline.projecoes:   Margem op./MFB histórica (median 5a): 32.48%
2026-04-16 02:04:36,729 [INFO] pipeline.projecoes: Projeções concluídas. Resumo:
2026-04-16 02:04:36,729 [INFO] pipeline.projecoes:    Ano     Carteira        MFB      Lucro       FCFE
2026-04-16 02:04:36,729 [INFO] pipeline.projecoes:   2025            0          0          0          0
2026-04-16 02:04:36,729 [INFO] pipeline.projecoes:   2026            0          0          0          0
2026-04-16 02:04:36,729 [INFO] pipeline.projecoes:   2027            0          0          0          0
2026-04-16 02:04:36,729 [INFO] pipeline.projecoes:   2028            0          0          0          0
2026-04-16 02:04:36,730 [INFO] pipeline.projecoes:   2029            0          0          0          0
2026-04-16 02:04:36,730 [INFO] pipeline: 
[6/6] Calculando valuation...
2026-04-16 02:04:36,730 [WARNING] pipeline.valuation: TIR < g (5.5%) — cotação acima do valor intrínseco (DCF)
2026-04-16 02:04:36,730 [WARNING] pipeline.valuation: TIR < g (5.5%) — cotação acima do valor intrínseco (DCF)
2026-04-16 02:04:36,730 [INFO] pipeline.valuation: 
==================================================
2026-04-16 02:04:36,730 [INFO] pipeline.valuation: VALUATION COMPLETO — BBDC4
2026-04-16 02:04:36,730 [INFO] pipeline.valuation:   VP FCFE (10a):     R$            0 MM
2026-04-16 02:04:36,730 [INFO] pipeline.valuation:   Valor Perp. (VP):  R$            0 MM
2026-04-16 02:04:36,731 [INFO] pipeline.valuation:   VALOR DO EQUITY:   R$            0 MM
2026-04-16 02:04:36,731 [INFO] pipeline.valuation:   Preço Justo ON:    R$     0.00
2026-04-16 02:04:36,731 [INFO] pipeline.valuation:   Preço Justo PN:    R$     0.00
2026-04-16 02:04:36,731 [INFO] pipeline.valuation:   Cotação ON:        R$    46.75
2026-04-16 02:04:36,731 [INFO] pipeline.valuation:   Upside ON:             -100.0%
2026-04-16 02:04:36,731 [INFO] pipeline.valuation:   TIR (ON):                 6.0%
2026-04-16 02:04:36,731 [INFO] pipeline.valuation:   Preço Teto ON:     R$     0.00
2026-04-16 02:04:36,731 [WARNING] pipeline: 
[!] AVISOS DE VALIDACAO:
2026-04-16 02:04:36,731 [WARNING] pipeline:   - FCFE projetado é zero em todos os anos — verificar dados históricos
2026-04-16 02:04:36,731 [WARNING] pipeline:   - Valor do Equity negativo ou zero: R$ 0 MM
2026-04-16 02:04:36,731 [WARNING] pipeline:   - Preço Justo ON inválido (≤ 0)
2026-04-16 02:04:36,732 [INFO] pipeline.excel: 
============================================================
2026-04-16 02:04:36,732 [INFO] pipeline.excel: Escrevendo template: Valuation_ITUB4_Itaú Unibanco_20260416.xlsx
2026-04-16 02:04:36,823 [INFO] pipeline.excel:   → Dashboard
2026-04-16 02:04:36,823 [INFO] pipeline.excel:   → Ke
2026-04-16 02:04:36,829 [INFO] pipeline.excel:   → Balanço Patrimonial
2026-04-16 02:04:36,844 [INFO] pipeline.excel:   → DRE Recorrente
2026-04-16 02:04:36,878 [INFO] pipeline.excel:   → DRE + DCF
2026-04-16 02:04:36,888 [INFO] pipeline.excel:   → Projeções NIM
2026-04-16 02:04:36,906 [INFO] pipeline.excel:   → Painel de Índices
2026-04-16 02:04:37,001 [INFO] pipeline.excel: 
Arquivo salvo: C:\Users\55819\Downloads\pipeline_banco_completo\pipeline_banco\outputs\Valuation_ITUB4_Itaú Unibanco_20260416.xlsx
2026-04-16 02:04:37,001 [INFO] pipeline: 
======================================================================
2026-04-16 02:04:37,001 [INFO] pipeline: RESUMO DO VALUATION
2026-04-16 02:04:37,001 [INFO] pipeline: ======================================================================
2026-04-16 02:04:37,001 [INFO] pipeline:   Empresa:           Itaú Unibanco (ITUB4)
2026-04-16 02:04:37,001 [INFO] pipeline:   Cotação ON:        R$ 46.75
2026-04-16 02:04:37,001 [INFO] pipeline:   Preço Justo ON:    R$ 0.00
2026-04-16 02:04:37,001 [INFO] pipeline:   Upside ON:            -100.0%
2026-04-16 02:04:37,002 [INFO] pipeline:   TIR:                  6.0%
2026-04-16 02:04:37,002 [INFO] pipeline:   Preço Teto ON:     R$ 0.00
2026-04-16 02:04:37,002 [INFO] pipeline: 
  [!] 3 aviso(s) de validacao — verifique os logs
2026-04-16 02:04:37,002 [INFO] pipeline: 
  Arquivo gerado:    C:\Users\55819\Downloads\pipeline_banco_completo\pipeline_banco\outputs\Valuation_ITUB4_Itaú Unibanco_20260416.xlsx
2026-04-16 02:04:37,002 [INFO] pipeline: ======================================================================
2026-04-16 02:04:37,004 [INFO] pipeline: ✓ ITUB4: arquivo gerado → C:\Users\55819\Downloads\pipeline_banco_completo\pipeline_banco\outputs\Valuation_ITUB4_Itaú Unibanco_20260416.xlsx
2026-04-16 02:04:37,004 [INFO] pipeline: 
──────────────────────────────────────────────────────────────────────
2026-04-16 02:04:37,004 [INFO] pipeline: Processando: SANB11 (Santander)
2026-04-16 02:04:37,004 [INFO] pipeline: ──────────────────────────────────────────────────────────────────────
2026-04-16 02:04:37,004 [INFO] pipeline: ======================================================================
2026-04-16 02:04:37,004 [INFO] pipeline: PIPELINE DE VALUATION BANCÁRIO — SANB11 — Santander
2026-04-16 02:04:37,004 [INFO] pipeline: Início: 2026-04-16 02:04:37
2026-04-16 02:04:37,004 [INFO] pipeline: ======================================================================
2026-04-16 02:04:37,004 [INFO] pipeline:   Banco cadastrado: Santander Brasil | tipo: UNITS
2026-04-16 02:04:37,004 [INFO] pipeline: 
[1/6] Coletando dados de mercado...
2026-04-16 02:04:37,005 [INFO] pipeline:   Buscando cotação via yfinance...
2026-04-16 02:04:37,005 [INFO] pipeline.mercado: Buscando cotação atual: SANB11.SA
2026-04-16 02:04:38,247 [INFO] pipeline:   Cotação ON: R$ 31.68  |  Cotação PN: R$ 0.00
2026-04-16 02:04:38,247 [INFO] pipeline:   Ações (fonte: bancos.py): ON=3,750,000 mil | PN=0 mil
2026-04-16 02:04:38,247 [INFO] pipeline.mercado: Calculando beta: SANB11 (252 dias úteis)
2026-04-16 02:04:38,248 [INFO] pipeline.mercado: Baixando preços: SANB11.SA (2019-01-01 → 2026-04-16)
2026-04-16 02:04:38,810 [INFO] pipeline.mercado:   1813 dias de preços carregados
2026-04-16 02:04:38,816 [INFO] pipeline.mercado:   Beta estatístico: 1.2578 | R²: 0.530 | n=251
2026-04-16 02:04:38,818 [INFO] pipeline:   Beta estatístico: 1.258 | Beta utilizado: 0.850
2026-04-16 02:04:38,818 [INFO] pipeline: 
[2/6] Coletando dados macroeconômicos (BCB)...
2026-04-16 02:04:39,108 [WARNING] pipeline.macro: Não foi possível obter Focus Selic: 400 Client Error: Bad Request for url: https://olinda.bcb.gov.br/olinda/servico/Expectativas/versao/v1/odata/ExpectativasMercadoAnuais?%24filter=Indicador%20eq%20'Selic'&%24top=100&%24format=json&%24select=Indicador,Data,Ano,Mediana
2026-04-16 02:04:39,380 [WARNING] pipeline.macro: Não foi possível obter Focus IPCA: 400 Client Error: Bad Request for url: https://olinda.bcb.gov.br/olinda/servico/Expectativas/versao/v1/odata/ExpectativasMercadoAnuais?%24filter=Indicador%20eq%20'IPCA'&%24top=100&%24format=json&%24select=Indicador,Data,Ano,Mediana
2026-04-16 02:04:39,381 [INFO] pipeline.macro: 
=== Coletando dados macroeconômicos ===
2026-04-16 02:04:39,381 [INFO] pipeline.macro: Baixando série BCB 432...
2026-04-16 02:04:39,672 [ERROR] pipeline.macro: Erro ao baixar série BCB 432: 406 Client Error: Not Acceptable for url: https://api.bcb.gov.br/dados/serie/bcdata.sgs.432/dados?formato=json&dataInicial=01%2F01%2F2010&dataFinal=16%2F04%2F2026
2026-04-16 02:04:39,673 [WARNING] pipeline.macro: Série Selic meta sem DatetimeIndex — usando fallback histórico
2026-04-16 02:04:39,674 [INFO] pipeline.macro: Baixando série BCB 12...
2026-04-16 02:04:39,777 [ERROR] pipeline.macro: Erro ao baixar série BCB 12: 406 Client Error: Not Acceptable for url: https://api.bcb.gov.br/dados/serie/bcdata.sgs.12/dados?formato=json&dataInicial=01%2F01%2F2010&dataFinal=16%2F04%2F2026
2026-04-16 02:04:39,777 [WARNING] pipeline.macro: Série DI sem DatetimeIndex — usando fallback histórico
2026-04-16 02:04:39,781 [WARNING] pipeline.macro: IPCA calculado fora do intervalo plausível (55.3%) para 2019 — usando fallback
2026-04-16 02:04:39,781 [WARNING] pipeline.macro: IPCA calculado fora do intervalo plausível (46.1%) para 2020 — usando fallback
2026-04-16 02:04:39,781 [WARNING] pipeline.macro: IPCA calculado fora do intervalo plausível (159.3%) para 2021 — usando fallback
2026-04-16 02:04:39,781 [WARNING] pipeline.macro: IPCA calculado fora do intervalo plausível (191.2%) para 2022 — usando fallback
2026-04-16 02:04:39,782 [WARNING] pipeline.macro: IPCA calculado fora do intervalo plausível (71.5%) para 2023 — usando fallback
2026-04-16 02:04:39,782 [WARNING] pipeline.macro: IPCA calculado fora do intervalo plausível (67.0%) para 2024 — usando fallback
2026-04-16 02:04:39,782 [INFO] pipeline.macro: Baixando série BCB 258...
2026-04-16 02:04:39,888 [ERROR] pipeline.macro: Erro ao baixar série BCB 258: 406 Client Error: Not Acceptable for url: https://api.bcb.gov.br/dados/serie/bcdata.sgs.258/dados?formato=json&dataInicial=01%2F01%2F2010&dataFinal=16%2F04%2F2026
2026-04-16 02:04:39,889 [WARNING] pipeline.macro: Série TJLP sem DatetimeIndex — usando fallback histórico
2026-04-16 02:04:39,896 [WARNING] pipeline.macro: IPCA calculado fora do intervalo plausível (55.3%) para 2019 — usando fallback
2026-04-16 02:04:39,897 [WARNING] pipeline.macro: IPCA calculado fora do intervalo plausível (46.1%) para 2020 — usando fallback
2026-04-16 02:04:39,897 [WARNING] pipeline.macro: IPCA calculado fora do intervalo plausível (159.3%) para 2021 — usando fallback
2026-04-16 02:04:39,898 [WARNING] pipeline.macro: IPCA calculado fora do intervalo plausível (191.2%) para 2022 — usando fallback
2026-04-16 02:04:39,898 [WARNING] pipeline.macro: IPCA calculado fora do intervalo plausível (71.5%) para 2023 — usando fallback
2026-04-16 02:04:39,898 [WARNING] pipeline.macro: IPCA calculado fora do intervalo plausível (67.0%) para 2024 — usando fallback
2026-04-16 02:04:39,898 [INFO] pipeline.macro: 
RESUMO MACRO HISTÓRICO:
2026-04-16 02:04:39,898 [INFO] pipeline.macro:   selic_meta     : 2020: 2.00% | 2021: 9.25% | 2022: 13.75% | 2023: 11.75% | 2024: 11.75%
2026-04-16 02:04:39,898 [INFO] pipeline.macro:   selic_efet     : 2020: 2.28% | 2021: 4.48% | 2022: 12.33% | 2023: 13.15% | 2024: 10.73%
2026-04-16 02:04:39,898 [INFO] pipeline.macro:   ipca           : 2020: 4.52% | 2021: 10.06% | 2022: 5.62% | 2023: 4.62% | 2024: 4.83%
2026-04-16 02:04:39,898 [INFO] pipeline.macro:   tjlp           : 2020: 5.25% | 2021: 5.25% | 2022: 6.25% | 2023: 7.00% | 2024: 7.00%
2026-04-16 02:04:39,899 [INFO] pipeline.macro:   cds            : 2020: 0.44% | 2021: 0.73% | 2022: 1.26% | 2023: 0.84% | 2024: 0.81%
2026-04-16 02:04:39,899 [INFO] pipeline.macro:   inflacao_impl  : 2020: 4.52% | 2021: 10.06% | 2022: 5.62% | 2023: 4.62% | 2024: 4.83%
2026-04-16 02:04:39,899 [INFO] pipeline: 
[3/6] Baixando demonstrações financeiras (CVM)...
2026-04-16 02:04:39,899 [INFO] pipeline.cvm: 
==================================================
2026-04-16 02:04:39,899 [INFO] pipeline.cvm: Baixando DFP 2019...
2026-04-16 02:04:40,086 [INFO] pipeline.cvm:   DFP dre 2019: 78 linhas
2026-04-16 02:04:40,400 [INFO] pipeline.cvm:   DFP bpa 2019: 52 linhas
2026-04-16 02:04:40,949 [INFO] pipeline.cvm:   DFP bpp 2019: 68 linhas
2026-04-16 02:04:41,239 [INFO] pipeline.cvm:   DFP dfc_mi 2019: 122 linhas
2026-04-16 02:04:41,257 [WARNING] pipeline.cvm:   Empresa 20532 não encontrada em dfc_md 2019
2026-04-16 02:04:41,258 [INFO] pipeline.cvm: 
==================================================
2026-04-16 02:04:41,258 [INFO] pipeline.cvm: Baixando DFP 2020...
2026-04-16 02:04:41,474 [INFO] pipeline.cvm:   DFP dre 2020: 92 linhas
2026-04-16 02:04:41,844 [INFO] pipeline.cvm:   DFP bpa 2020: 86 linhas
2026-04-16 02:04:42,489 [INFO] pipeline.cvm:   DFP bpp 2020: 76 linhas
2026-04-16 02:04:42,822 [INFO] pipeline.cvm:   DFP dfc_mi 2020: 100 linhas
2026-04-16 02:04:42,845 [WARNING] pipeline.cvm:   Empresa 20532 não encontrada em dfc_md 2020
2026-04-16 02:04:42,845 [INFO] pipeline.cvm: 
==================================================
2026-04-16 02:04:42,845 [INFO] pipeline.cvm: Baixando DFP 2021...
2026-04-16 02:04:43,065 [INFO] pipeline.cvm:   DFP dre 2021: 78 linhas
2026-04-16 02:04:43,453 [INFO] pipeline.cvm:   DFP bpa 2021: 82 linhas
2026-04-16 02:04:44,191 [INFO] pipeline.cvm:   DFP bpp 2021: 76 linhas
2026-04-16 02:04:44,543 [INFO] pipeline.cvm:   DFP dfc_mi 2021: 24 linhas
2026-04-16 02:04:44,574 [WARNING] pipeline.cvm:   Empresa 20532 não encontrada em dfc_md 2021
2026-04-16 02:04:44,574 [INFO] pipeline.cvm: 
==================================================
2026-04-16 02:04:44,574 [INFO] pipeline.cvm: Baixando DFP 2022...
2026-04-16 02:04:44,805 [INFO] pipeline.cvm:   DFP dre 2022: 80 linhas
2026-04-16 02:04:45,206 [INFO] pipeline.cvm:   DFP bpa 2022: 82 linhas
2026-04-16 02:04:45,924 [INFO] pipeline.cvm:   DFP bpp 2022: 76 linhas
2026-04-16 02:04:46,301 [WARNING] pipeline.cvm:   Empresa 20532 não encontrada em dfc_mi 2022
2026-04-16 02:04:46,333 [INFO] pipeline.cvm:   DFP dfc_md 2022: 20 linhas
2026-04-16 02:04:46,335 [INFO] pipeline.cvm: 
==================================================
2026-04-16 02:04:46,335 [INFO] pipeline.cvm: Baixando DFP 2023...
2026-04-16 02:04:46,567 [INFO] pipeline.cvm:   DFP dre 2023: 80 linhas
2026-04-16 02:04:46,978 [INFO] pipeline.cvm:   DFP bpa 2023: 82 linhas
2026-04-16 02:04:47,706 [INFO] pipeline.cvm:   DFP bpp 2023: 76 linhas
2026-04-16 02:04:48,101 [WARNING] pipeline.cvm:   Empresa 20532 não encontrada em dfc_mi 2023
2026-04-16 02:04:48,132 [INFO] pipeline.cvm:   DFP dfc_md 2023: 20 linhas
2026-04-16 02:04:48,132 [INFO] pipeline.cvm: 
==================================================
2026-04-16 02:04:48,132 [INFO] pipeline.cvm: Baixando DFP 2024...
2026-04-16 02:04:48,352 [INFO] pipeline.cvm:   DFP dre 2024: 80 linhas
2026-04-16 02:04:48,753 [INFO] pipeline.cvm:   DFP bpa 2024: 82 linhas
2026-04-16 02:04:49,448 [INFO] pipeline.cvm:   DFP bpp 2024: 76 linhas
2026-04-16 02:04:49,824 [WARNING] pipeline.cvm:   Empresa 20532 não encontrada em dfc_mi 2024
2026-04-16 02:04:49,858 [INFO] pipeline.cvm:   DFP dfc_md 2024: 20 linhas
2026-04-16 02:04:49,858 [INFO] pipeline: 
[4/6] Normalizando dados...
2026-04-16 02:04:50,630 [INFO] pipeline:   DRE normalizada:
2026-04-16 02:04:50,630 [INFO] pipeline:     margem_financeira_bruta: 2019: 44,321 | 2020: 44,443 | 2021: 51,318 | 2022: 47,503 | 2023: 46,884 | 2024: 56,679
2026-04-16 02:04:50,631 [INFO] pipeline:     lucro_liquido: 2019: 16,407 | 2020: 26,837 | 2021: 15,528 | 2022: 14,287 | 2023: 9,449 | 2024: 13,366
2026-04-16 02:04:50,631 [INFO] pipeline: 
[5/6] Calculando projeções...
2026-04-16 02:04:50,631 [INFO] pipeline:   Premissas por banco aplicadas: NIM=6.0% | Payout=80% | g=5.0%
2026-04-16 02:04:50,631 [INFO] pipeline.projecoes: 
=== Rodando projeções ===
2026-04-16 02:04:50,635 [INFO] pipeline.projecoes:   NIM ~ Selic: slope=-0.0975, intercept=0.0647
2026-04-16 02:04:50,638 [INFO] pipeline.projecoes:   Margem op./MFB histórica (median 5a): 33.86%
2026-04-16 02:04:50,640 [INFO] pipeline.projecoes: Projeções concluídas. Resumo:
2026-04-16 02:04:50,640 [INFO] pipeline.projecoes:    Ano     Carteira        MFB      Lucro       FCFE
2026-04-16 02:04:50,640 [INFO] pipeline.projecoes:   2025      642,358     66,156     16,033     12,826
2026-04-16 02:04:50,640 [INFO] pipeline.projecoes:   2026      693,747     73,658     17,851     14,280
2026-04-16 02:04:50,640 [INFO] pipeline.projecoes:   2027      742,309     80,133     19,420     15,536
2026-04-16 02:04:50,640 [INFO] pipeline.projecoes:   2028      794,271     87,139     21,118     16,894
2026-04-16 02:04:50,641 [INFO] pipeline.projecoes:   2029      849,870     94,584     22,922     18,338
2026-04-16 02:04:50,641 [INFO] pipeline: 
[6/6] Calculando valuation...
2026-04-16 02:04:50,641 [INFO] pipeline.valuation: 
==================================================
2026-04-16 02:04:50,641 [INFO] pipeline.valuation: VALUATION COMPLETO — BBDC4
2026-04-16 02:04:50,641 [INFO] pipeline.valuation:   VP FCFE (10a):     R$      100,019 MM
2026-04-16 02:04:50,641 [INFO] pipeline.valuation:   Valor Perp. (VP):  R$      158,636 MM
2026-04-16 02:04:50,641 [INFO] pipeline.valuation:   VALOR DO EQUITY:   R$      258,655 MM
2026-04-16 02:04:50,641 [INFO] pipeline.valuation:   Preço Justo ON:    R$    68.97
2026-04-16 02:04:50,641 [INFO] pipeline.valuation:   Preço Justo PN:    R$    68.97
2026-04-16 02:04:50,641 [INFO] pipeline.valuation:   Cotação ON:        R$    31.68
2026-04-16 02:04:50,641 [INFO] pipeline.valuation:   Upside ON:              117.7%
2026-04-16 02:04:50,642 [INFO] pipeline.valuation:   TIR (ON):                17.7%
2026-04-16 02:04:50,642 [INFO] pipeline.valuation:   Preço Teto ON:     R$    68.97
2026-04-16 02:04:50,642 [INFO] pipeline.excel: 
============================================================
2026-04-16 02:04:50,642 [INFO] pipeline.excel: Escrevendo template: Valuation_SANB11_Santander_20260416.xlsx
2026-04-16 02:04:50,704 [INFO] pipeline.excel:   → Dashboard
2026-04-16 02:04:50,705 [INFO] pipeline.excel:   → Ke
2026-04-16 02:04:50,711 [INFO] pipeline.excel:   → Balanço Patrimonial
2026-04-16 02:04:50,726 [INFO] pipeline.excel:   → DRE Recorrente
2026-04-16 02:04:50,758 [INFO] pipeline.excel:   → DRE + DCF
2026-04-16 02:04:50,768 [INFO] pipeline.excel:   → Projeções NIM
2026-04-16 02:04:50,787 [INFO] pipeline.excel:   → Painel de Índices
2026-04-16 02:04:50,886 [INFO] pipeline.excel: 
Arquivo salvo: C:\Users\55819\Downloads\pipeline_banco_completo\pipeline_banco\outputs\Valuation_SANB11_Santander_20260416.xlsx
2026-04-16 02:04:50,886 [INFO] pipeline: 
======================================================================
2026-04-16 02:04:50,886 [INFO] pipeline: RESUMO DO VALUATION
2026-04-16 02:04:50,887 [INFO] pipeline: ======================================================================
2026-04-16 02:04:50,887 [INFO] pipeline:   Empresa:           Santander (SANB11)
2026-04-16 02:04:50,887 [INFO] pipeline:   Cotação ON:        R$ 31.68
2026-04-16 02:04:50,887 [INFO] pipeline:   Preço Justo ON:    R$ 68.97
2026-04-16 02:04:50,887 [INFO] pipeline:   Upside ON:            117.7%
2026-04-16 02:04:50,887 [INFO] pipeline:   TIR:                  17.7%
2026-04-16 02:04:50,887 [INFO] pipeline:   Preço Teto ON:     R$ 68.97
2026-04-16 02:04:50,887 [INFO] pipeline: 
  Arquivo gerado:    C:\Users\55819\Downloads\pipeline_banco_completo\pipeline_banco\outputs\Valuation_SANB11_Santander_20260416.xlsx
2026-04-16 02:04:50,887 [INFO] pipeline: ======================================================================
2026-04-16 02:04:50,889 [INFO] pipeline: ✓ SANB11: arquivo gerado → C:\Users\55819\Downloads\pipeline_banco_completo\pipeline_banco\outputs\Valuation_SANB11_Santander_20260416.xlsx
2026-04-16 02:04:50,890 [INFO] pipeline: 
──────────────────────────────────────────────────────────────────────
2026-04-16 02:04:50,890 [INFO] pipeline: Processando: BPAC11 (BTG Pactual)
2026-04-16 02:04:50,890 [INFO] pipeline: ──────────────────────────────────────────────────────────────────────
2026-04-16 02:04:50,890 [INFO] pipeline: ======================================================================
2026-04-16 02:04:50,890 [INFO] pipeline: PIPELINE DE VALUATION BANCÁRIO — BPAC11 — BTG Pactual
2026-04-16 02:04:50,890 [INFO] pipeline: Início: 2026-04-16 02:04:50
2026-04-16 02:04:50,890 [INFO] pipeline: ======================================================================
2026-04-16 02:04:50,890 [INFO] pipeline:   Banco cadastrado: BTG Pactual | tipo: UNITS
2026-04-16 02:04:50,890 [INFO] pipeline: 
[1/6] Coletando dados de mercado...
2026-04-16 02:04:50,891 [INFO] pipeline:   Buscando cotação via yfinance...
2026-04-16 02:04:50,891 [INFO] pipeline.mercado: Buscando cotação atual: BPAC11.SA
2026-04-16 02:04:52,151 [INFO] pipeline:   Cotação ON: R$ 64.33  |  Cotação PN: R$ 0.00
2026-04-16 02:04:52,151 [INFO] pipeline:   Ações (fonte: bancos.py): ON=3,890,000 mil | PN=0 mil
2026-04-16 02:04:52,151 [INFO] pipeline.mercado: Calculando beta: BPAC11 (252 dias úteis)
2026-04-16 02:04:52,152 [INFO] pipeline.mercado: Baixando preços: BPAC11.SA (2019-01-01 → 2026-04-16)
2026-04-16 02:04:52,781 [INFO] pipeline.mercado:   1813 dias de preços carregados
2026-04-16 02:04:52,787 [INFO] pipeline.mercado:   Beta estatístico: 1.5516 | R²: 0.587 | n=251
2026-04-16 02:04:52,789 [INFO] pipeline:   Beta estatístico: 1.552 | Beta utilizado: 0.850
2026-04-16 02:04:52,789 [INFO] pipeline: 
[2/6] Coletando dados macroeconômicos (BCB)...
2026-04-16 02:04:53,071 [WARNING] pipeline.macro: Não foi possível obter Focus Selic: 400 Client Error: Bad Request for url: https://olinda.bcb.gov.br/olinda/servico/Expectativas/versao/v1/odata/ExpectativasMercadoAnuais?%24filter=Indicador%20eq%20'Selic'&%24top=100&%24format=json&%24select=Indicador,Data,Ano,Mediana
2026-04-16 02:04:53,345 [WARNING] pipeline.macro: Não foi possível obter Focus IPCA: 400 Client Error: Bad Request for url: https://olinda.bcb.gov.br/olinda/servico/Expectativas/versao/v1/odata/ExpectativasMercadoAnuais?%24filter=Indicador%20eq%20'IPCA'&%24top=100&%24format=json&%24select=Indicador,Data,Ano,Mediana
2026-04-16 02:04:53,346 [INFO] pipeline.macro: 
=== Coletando dados macroeconômicos ===
2026-04-16 02:04:53,346 [INFO] pipeline.macro: Baixando série BCB 432...
2026-04-16 02:04:53,620 [ERROR] pipeline.macro: Erro ao baixar série BCB 432: 406 Client Error: Not Acceptable for url: https://api.bcb.gov.br/dados/serie/bcdata.sgs.432/dados?formato=json&dataInicial=01%2F01%2F2010&dataFinal=16%2F04%2F2026
2026-04-16 02:04:53,620 [WARNING] pipeline.macro: Série Selic meta sem DatetimeIndex — usando fallback histórico
2026-04-16 02:04:53,620 [INFO] pipeline.macro: Baixando série BCB 12...
2026-04-16 02:04:53,717 [ERROR] pipeline.macro: Erro ao baixar série BCB 12: 406 Client Error: Not Acceptable for url: https://api.bcb.gov.br/dados/serie/bcdata.sgs.12/dados?formato=json&dataInicial=01%2F01%2F2010&dataFinal=16%2F04%2F2026
2026-04-16 02:04:53,718 [WARNING] pipeline.macro: Série DI sem DatetimeIndex — usando fallback histórico
2026-04-16 02:04:53,721 [WARNING] pipeline.macro: IPCA calculado fora do intervalo plausível (55.3%) para 2019 — usando fallback
2026-04-16 02:04:53,721 [WARNING] pipeline.macro: IPCA calculado fora do intervalo plausível (46.1%) para 2020 — usando fallback
2026-04-16 02:04:53,721 [WARNING] pipeline.macro: IPCA calculado fora do intervalo plausível (159.3%) para 2021 — usando fallback
2026-04-16 02:04:53,722 [WARNING] pipeline.macro: IPCA calculado fora do intervalo plausível (191.2%) para 2022 — usando fallback
2026-04-16 02:04:53,722 [WARNING] pipeline.macro: IPCA calculado fora do intervalo plausível (71.5%) para 2023 — usando fallback
2026-04-16 02:04:53,723 [WARNING] pipeline.macro: IPCA calculado fora do intervalo plausível (67.0%) para 2024 — usando fallback
2026-04-16 02:04:53,723 [INFO] pipeline.macro: Baixando série BCB 258...
2026-04-16 02:04:53,823 [ERROR] pipeline.macro: Erro ao baixar série BCB 258: 406 Client Error: Not Acceptable for url: https://api.bcb.gov.br/dados/serie/bcdata.sgs.258/dados?formato=json&dataInicial=01%2F01%2F2010&dataFinal=16%2F04%2F2026
2026-04-16 02:04:53,823 [WARNING] pipeline.macro: Série TJLP sem DatetimeIndex — usando fallback histórico
2026-04-16 02:04:53,831 [WARNING] pipeline.macro: IPCA calculado fora do intervalo plausível (55.3%) para 2019 — usando fallback
2026-04-16 02:04:53,831 [WARNING] pipeline.macro: IPCA calculado fora do intervalo plausível (46.1%) para 2020 — usando fallback
2026-04-16 02:04:53,832 [WARNING] pipeline.macro: IPCA calculado fora do intervalo plausível (159.3%) para 2021 — usando fallback
2026-04-16 02:04:53,832 [WARNING] pipeline.macro: IPCA calculado fora do intervalo plausível (191.2%) para 2022 — usando fallback
2026-04-16 02:04:53,832 [WARNING] pipeline.macro: IPCA calculado fora do intervalo plausível (71.5%) para 2023 — usando fallback
2026-04-16 02:04:53,832 [WARNING] pipeline.macro: IPCA calculado fora do intervalo plausível (67.0%) para 2024 — usando fallback
2026-04-16 02:04:53,833 [INFO] pipeline.macro: 
RESUMO MACRO HISTÓRICO:
2026-04-16 02:04:53,833 [INFO] pipeline.macro:   selic_meta     : 2020: 2.00% | 2021: 9.25% | 2022: 13.75% | 2023: 11.75% | 2024: 11.75%
2026-04-16 02:04:53,833 [INFO] pipeline.macro:   selic_efet     : 2020: 2.28% | 2021: 4.48% | 2022: 12.33% | 2023: 13.15% | 2024: 10.73%
2026-04-16 02:04:53,833 [INFO] pipeline.macro:   ipca           : 2020: 4.52% | 2021: 10.06% | 2022: 5.62% | 2023: 4.62% | 2024: 4.83%
2026-04-16 02:04:53,833 [INFO] pipeline.macro:   tjlp           : 2020: 5.25% | 2021: 5.25% | 2022: 6.25% | 2023: 7.00% | 2024: 7.00%
2026-04-16 02:04:53,833 [INFO] pipeline.macro:   cds            : 2020: 0.44% | 2021: 0.73% | 2022: 1.26% | 2023: 0.84% | 2024: 0.81%
2026-04-16 02:04:53,833 [INFO] pipeline.macro:   inflacao_impl  : 2020: 4.52% | 2021: 10.06% | 2022: 5.62% | 2023: 4.62% | 2024: 4.83%
2026-04-16 02:04:53,834 [INFO] pipeline: 
[3/6] Baixando demonstrações financeiras (CVM)...
2026-04-16 02:04:53,834 [INFO] pipeline.cvm: 
==================================================
2026-04-16 02:04:53,834 [INFO] pipeline.cvm: Baixando DFP 2019...
2026-04-16 02:04:54,053 [INFO] pipeline.cvm:   DFP dre 2019: 88 linhas
2026-04-16 02:04:54,367 [INFO] pipeline.cvm:   DFP bpa 2019: 128 linhas
2026-04-16 02:04:54,957 [INFO] pipeline.cvm:   DFP bpp 2019: 220 linhas
2026-04-16 02:04:55,267 [INFO] pipeline.cvm:   DFP dfc_mi 2019: 108 linhas
2026-04-16 02:04:55,288 [WARNING] pipeline.cvm:   Empresa 21610 não encontrada em dfc_md 2019
2026-04-16 02:04:55,289 [INFO] pipeline.cvm: 
==================================================
2026-04-16 02:04:55,289 [INFO] pipeline.cvm: Baixando DFP 2020...
2026-04-16 02:04:55,530 [INFO] pipeline.cvm:   DFP dre 2020: 90 linhas
2026-04-16 02:04:55,934 [INFO] pipeline.cvm:   DFP bpa 2020: 128 linhas
2026-04-16 02:04:56,572 [INFO] pipeline.cvm:   DFP bpp 2020: 220 linhas
2026-04-16 02:04:56,911 [INFO] pipeline.cvm:   DFP dfc_mi 2020: 112 linhas
2026-04-16 02:04:56,933 [WARNING] pipeline.cvm:   Empresa 21610 não encontrada em dfc_md 2020
2026-04-16 02:04:56,933 [INFO] pipeline.cvm: 
==================================================
2026-04-16 02:04:56,933 [INFO] pipeline.cvm: Baixando DFP 2021...
2026-04-16 02:04:57,153 [INFO] pipeline.cvm:   DFP dre 2021: 90 linhas
2026-04-16 02:04:57,532 [INFO] pipeline.cvm:   DFP bpa 2021: 128 linhas
2026-04-16 02:04:58,212 [INFO] pipeline.cvm:   DFP bpp 2021: 222 linhas
2026-04-16 02:04:58,558 [INFO] pipeline.cvm:   DFP dfc_mi 2021: 106 linhas
2026-04-16 02:04:58,590 [WARNING] pipeline.cvm:   Empresa 21610 não encontrada em dfc_md 2021
2026-04-16 02:04:58,591 [INFO] pipeline.cvm: 
==================================================
2026-04-16 02:04:58,592 [INFO] pipeline.cvm: Baixando DFP 2022...
2026-04-16 02:04:58,829 [INFO] pipeline.cvm:   DFP dre 2022: 90 linhas
2026-04-16 02:04:59,234 [INFO] pipeline.cvm:   DFP bpa 2022: 128 linhas
2026-04-16 02:04:59,962 [INFO] pipeline.cvm:   DFP bpp 2022: 222 linhas
2026-04-16 02:05:00,353 [INFO] pipeline.cvm:   DFP dfc_mi 2022: 104 linhas
2026-04-16 02:05:00,387 [WARNING] pipeline.cvm:   Empresa 21610 não encontrada em dfc_md 2022
2026-04-16 02:05:00,387 [INFO] pipeline.cvm: 
==================================================
2026-04-16 02:05:00,387 [INFO] pipeline.cvm: Baixando DFP 2023...
2026-04-16 02:05:00,618 [INFO] pipeline.cvm:   DFP dre 2023: 90 linhas
2026-04-16 02:05:01,033 [INFO] pipeline.cvm:   DFP bpa 2023: 128 linhas
2026-04-16 02:05:01,756 [INFO] pipeline.cvm:   DFP bpp 2023: 222 linhas
2026-04-16 02:05:02,167 [INFO] pipeline.cvm:   DFP dfc_mi 2023: 108 linhas
2026-04-16 02:05:02,204 [WARNING] pipeline.cvm:   Empresa 21610 não encontrada em dfc_md 2023
2026-04-16 02:05:02,205 [INFO] pipeline.cvm: 
==================================================
2026-04-16 02:05:02,205 [INFO] pipeline.cvm: Baixando DFP 2024...
2026-04-16 02:05:02,455 [INFO] pipeline.cvm:   DFP dre 2024: 90 linhas
2026-04-16 02:05:02,893 [INFO] pipeline.cvm:   DFP bpa 2024: 128 linhas
2026-04-16 02:05:03,665 [INFO] pipeline.cvm:   DFP bpp 2024: 222 linhas
2026-04-16 02:05:04,082 [INFO] pipeline.cvm:   DFP dfc_mi 2024: 114 linhas
2026-04-16 02:05:04,113 [WARNING] pipeline.cvm:   Empresa 21610 não encontrada em dfc_md 2024
2026-04-16 02:05:04,114 [INFO] pipeline: 
[4/6] Normalizando dados...
2026-04-16 02:05:05,239 [INFO] pipeline:   DRE normalizada:
2026-04-16 02:05:05,239 [INFO] pipeline:     margem_financeira_bruta: 2019: 5,908 | 2020: 8,383 | 2021: 9,248 | 2022: 9,092 | 2023: 8,930 | 2024: 9,513
2026-04-16 02:05:05,239 [INFO] pipeline:     lucro_liquido: 2019: 2,714 | 2020: 4,152 | 2021: 4,717 | 2022: 4,226 | 2023: 4,132 | 2024: 4,577
2026-04-16 02:05:05,239 [INFO] pipeline: 
[5/6] Calculando projeções...
2026-04-16 02:05:05,239 [INFO] pipeline:   Premissas por banco aplicadas: NIM=3.0% | Payout=30% | g=6.0%
2026-04-16 02:05:05,240 [INFO] pipeline.projecoes: 
=== Rodando projeções ===
2026-04-16 02:05:05,241 [INFO] pipeline.projecoes:   NIM ~ Selic: slope=0.0271, intercept=0.1411
2026-04-16 02:05:05,247 [INFO] pipeline.projecoes:   Margem op./MFB histórica (median 5a): 45.00%
2026-04-16 02:05:05,249 [INFO] pipeline.projecoes: Projeções concluídas. Resumo:
2026-04-16 02:05:05,249 [INFO] pipeline.projecoes:    Ano     Carteira        MFB      Lucro       FCFE
2026-04-16 02:05:05,249 [INFO] pipeline.projecoes:   2025            0          0          0          0
2026-04-16 02:05:05,250 [INFO] pipeline.projecoes:   2026            0          0          0          0
2026-04-16 02:05:05,250 [INFO] pipeline.projecoes:   2027            0          0          0          0
2026-04-16 02:05:05,250 [INFO] pipeline.projecoes:   2028            0          0          0          0
2026-04-16 02:05:05,250 [INFO] pipeline.projecoes:   2029            0          0          0          0
2026-04-16 02:05:05,250 [INFO] pipeline: 
[6/6] Calculando valuation...
2026-04-16 02:05:05,250 [WARNING] pipeline.valuation: TIR < g (6.0%) — cotação acima do valor intrínseco (DCF)
2026-04-16 02:05:05,251 [WARNING] pipeline.valuation: TIR < g (6.0%) — cotação acima do valor intrínseco (DCF)
2026-04-16 02:05:05,251 [INFO] pipeline.valuation: 
==================================================
2026-04-16 02:05:05,251 [INFO] pipeline.valuation: VALUATION COMPLETO — BBDC4
2026-04-16 02:05:05,251 [INFO] pipeline.valuation:   VP FCFE (10a):     R$            0 MM
2026-04-16 02:05:05,251 [INFO] pipeline.valuation:   Valor Perp. (VP):  R$            0 MM
2026-04-16 02:05:05,252 [INFO] pipeline.valuation:   VALOR DO EQUITY:   R$            0 MM
2026-04-16 02:05:05,252 [INFO] pipeline.valuation:   Preço Justo ON:    R$     0.00
2026-04-16 02:05:05,252 [INFO] pipeline.valuation:   Preço Justo PN:    R$     0.00
2026-04-16 02:05:05,252 [INFO] pipeline.valuation:   Cotação ON:        R$    64.33
2026-04-16 02:05:05,252 [INFO] pipeline.valuation:   Upside ON:             -100.0%
2026-04-16 02:05:05,252 [INFO] pipeline.valuation:   TIR (ON):                 6.5%
2026-04-16 02:05:05,252 [INFO] pipeline.valuation:   Preço Teto ON:     R$     0.00
2026-04-16 02:05:05,253 [WARNING] pipeline: 
[!] AVISOS DE VALIDACAO:
2026-04-16 02:05:05,253 [WARNING] pipeline:   - FCFE projetado é zero em todos os anos — verificar dados históricos
2026-04-16 02:05:05,253 [WARNING] pipeline:   - Valor do Equity negativo ou zero: R$ 0 MM
2026-04-16 02:05:05,253 [WARNING] pipeline:   - Preço Justo ON inválido (≤ 0)
2026-04-16 02:05:05,254 [INFO] pipeline.excel: 
============================================================
2026-04-16 02:05:05,254 [INFO] pipeline.excel: Escrevendo template: Valuation_BPAC11_BTG Pactual_20260416.xlsx
2026-04-16 02:05:05,327 [INFO] pipeline.excel:   → Dashboard
2026-04-16 02:05:05,328 [INFO] pipeline.excel:   → Ke
2026-04-16 02:05:05,334 [INFO] pipeline.excel:   → Balanço Patrimonial
2026-04-16 02:05:05,353 [INFO] pipeline.excel:   → DRE Recorrente
2026-04-16 02:05:05,392 [INFO] pipeline.excel:   → DRE + DCF
2026-04-16 02:05:05,402 [INFO] pipeline.excel:   → Projeções NIM
2026-04-16 02:05:05,422 [INFO] pipeline.excel:   → Painel de Índices
2026-04-16 02:05:05,530 [INFO] pipeline.excel: 
Arquivo salvo: C:\Users\55819\Downloads\pipeline_banco_completo\pipeline_banco\outputs\Valuation_BPAC11_BTG Pactual_20260416.xlsx
2026-04-16 02:05:05,531 [INFO] pipeline: 
======================================================================
2026-04-16 02:05:05,531 [INFO] pipeline: RESUMO DO VALUATION
2026-04-16 02:05:05,531 [INFO] pipeline: ======================================================================
2026-04-16 02:05:05,531 [INFO] pipeline:   Empresa:           BTG Pactual (BPAC11)
2026-04-16 02:05:05,531 [INFO] pipeline:   Cotação ON:        R$ 64.33
2026-04-16 02:05:05,531 [INFO] pipeline:   Preço Justo ON:    R$ 0.00
2026-04-16 02:05:05,531 [INFO] pipeline:   Upside ON:            -100.0%
2026-04-16 02:05:05,531 [INFO] pipeline:   TIR:                  6.5%
2026-04-16 02:05:05,531 [INFO] pipeline:   Preço Teto ON:     R$ 0.00
2026-04-16 02:05:05,531 [INFO] pipeline: 
  [!] 3 aviso(s) de validacao — verifique os logs
2026-04-16 02:05:05,531 [INFO] pipeline: 
  Arquivo gerado:    C:\Users\55819\Downloads\pipeline_banco_completo\pipeline_banco\outputs\Valuation_BPAC11_BTG Pactual_20260416.xlsx
2026-04-16 02:05:05,531 [INFO] pipeline: ======================================================================
2026-04-16 02:05:05,534 [INFO] pipeline: ✓ BPAC11: arquivo gerado → C:\Users\55819\Downloads\pipeline_banco_completo\pipeline_banco\outputs\Valuation_BPAC11_BTG Pactual_20260416.xlsx
2026-04-16 02:05:05,534 [INFO] pipeline: 
======================================================================
2026-04-16 02:05:05,534 [INFO] pipeline: RESUMO DO BATCH
2026-04-16 02:05:05,534 [INFO] pipeline: ======================================================================
2026-04-16 02:05:05,534 [INFO] pipeline:   Total:     5
2026-04-16 02:05:05,535 [INFO] pipeline:   Sucesso:   5
2026-04-16 02:05:05,535 [INFO] pipeline:   Erros:     0
2026-04-16 02:05:05,535 [INFO] pipeline: 
2026-04-16 02:05:05,537 [INFO] pipeline:   Ticker       Cotação ON  Preço Justo ON   Upside      TIR
2026-04-16 02:05:05,537 [INFO] pipeline:   ────────── ──────────── ─────────────── ──────── ────────
2026-04-16 02:05:05,537 [INFO] pipeline:   BBDC4        R$   17.99     R$   19.83       10.2%      10.4%
2026-04-16 02:05:05,537 [INFO] pipeline:   BBAS3        R$   24.40     R$   62.38      155.7%      17.5%
2026-04-16 02:05:05,537 [INFO] pipeline:   ITUB4        R$   46.75     R$    0.00     -100.0%       6.0%
2026-04-16 02:05:05,537 [INFO] pipeline:   SANB11       R$   31.68     R$   68.97      117.7%      17.7%
2026-04-16 02:05:05,537 [INFO] pipeline:   BPAC11       R$   64.33     R$    0.00     -100.0%       6.5%
2026-04-16 02:05:05,537 [INFO] pipeline: ======================================================================
