2026-04-15 09:31:36,379 [INFO] pipeline: ======================================================================
2026-04-15 09:31:36,380 [INFO] pipeline: PIPELINE DE VALUATION BANCÁRIO — BBDC4 — Bradesco
2026-04-15 09:31:36,380 [INFO] pipeline: Início: 2026-04-15 09:31:36
2026-04-15 09:31:36,380 [INFO] pipeline: ======================================================================
2026-04-15 09:31:36,380 [INFO] pipeline: 
[1/6] Coletando dados de mercado...
2026-04-15 09:31:36,860 [INFO] pipeline:   Buscando cotação via yfinance...
2026-04-15 09:31:36,860 [INFO] pipeline.mercado: Buscando cotação atual: BBDC4.SA
2026-04-15 09:31:38,664 [INFO] pipeline:   Cotação atual: R$ 20.78
2026-04-15 09:31:38,926 [INFO] pipeline.mercado: Calculando beta: BBDC4 (252 dias úteis)
2026-04-15 09:31:39,031 [INFO] pipeline.mercado:   Beta estatístico: 1.3159 | R²: 0.541 | n=251
2026-04-15 09:31:39,034 [INFO] pipeline:   Beta estatístico: 1.316 | Beta utilizado: 0.850
2026-04-15 09:31:39,034 [INFO] pipeline: 
[2/6] Coletando dados macroeconômicos (BCB)...
2026-04-15 09:31:39,333 [WARNING] pipeline.macro: Não foi possível obter Focus Selic: 400 Client Error: Bad Request for url: https://olinda.bcb.gov.br/olinda/servico/Expectativas/versao/v1/odata/ExpectativasMercadoAnuais?%24filter=Indicador%20eq%20'Selic'&%24top=100&%24format=json&%24select=Indicador,Data,Ano,Mediana
2026-04-15 09:31:39,614 [WARNING] pipeline.macro: Não foi possível obter Focus IPCA: 400 Client Error: Bad Request for url: https://olinda.bcb.gov.br/olinda/servico/Expectativas/versao/v1/odata/ExpectativasMercadoAnuais?%24filter=Indicador%20eq%20'IPCA'&%24top=100&%24format=json&%24select=Indicador,Data,Ano,Mediana
2026-04-15 09:31:39,615 [INFO] pipeline.macro: 
=== Coletando dados macroeconômicos ===
2026-04-15 09:31:39,616 [INFO] pipeline.macro: Baixando série BCB 432...
2026-04-15 09:31:39,905 [ERROR] pipeline.macro: Erro ao baixar série BCB 432: 406 Client Error: Not Acceptable for url: https://api.bcb.gov.br/dados/serie/bcdata.sgs.432/dados?formato=json&dataInicial=01%2F01%2F2010&dataFinal=15%2F04%2F2026
2026-04-15 09:31:39,905 [WARNING] pipeline.macro: Série Selic meta sem DatetimeIndex — usando fallback histórico
2026-04-15 09:31:39,905 [INFO] pipeline.macro: Baixando série BCB 12...
2026-04-15 09:31:40,016 [ERROR] pipeline.macro: Erro ao baixar série BCB 12: 406 Client Error: Not Acceptable for url: https://api.bcb.gov.br/dados/serie/bcdata.sgs.12/dados?formato=json&dataInicial=01%2F01%2F2010&dataFinal=15%2F04%2F2026
2026-04-15 09:31:40,016 [WARNING] pipeline.macro: Série DI sem DatetimeIndex — usando fallback histórico
2026-04-15 09:31:40,020 [WARNING] pipeline.macro: IPCA calculado fora do intervalo plausível (55.3%) para 2019 — usando fallback
2026-04-15 09:31:40,020 [WARNING] pipeline.macro: IPCA calculado fora do intervalo plausível (46.1%) para 2020 — usando fallback
2026-04-15 09:31:40,020 [WARNING] pipeline.macro: IPCA calculado fora do intervalo plausível (159.3%) para 2021 — usando fallback
2026-04-15 09:31:40,020 [WARNING] pipeline.macro: IPCA calculado fora do intervalo plausível (191.2%) para 2022 — usando fallback
2026-04-15 09:31:40,021 [WARNING] pipeline.macro: IPCA calculado fora do intervalo plausível (71.5%) para 2023 — usando fallback
2026-04-15 09:31:40,021 [WARNING] pipeline.macro: IPCA calculado fora do intervalo plausível (67.0%) para 2024 — usando fallback
2026-04-15 09:31:40,021 [INFO] pipeline.macro: Baixando série BCB 258...
2026-04-15 09:31:40,121 [ERROR] pipeline.macro: Erro ao baixar série BCB 258: 406 Client Error: Not Acceptable for url: https://api.bcb.gov.br/dados/serie/bcdata.sgs.258/dados?formato=json&dataInicial=01%2F01%2F2010&dataFinal=15%2F04%2F2026
2026-04-15 09:31:40,121 [WARNING] pipeline.macro: Série TJLP sem DatetimeIndex — usando fallback histórico
2026-04-15 09:31:40,129 [WARNING] pipeline.macro: IPCA calculado fora do intervalo plausível (55.3%) para 2019 — usando fallback
2026-04-15 09:31:40,130 [WARNING] pipeline.macro: IPCA calculado fora do intervalo plausível (46.1%) para 2020 — usando fallback
2026-04-15 09:31:40,130 [WARNING] pipeline.macro: IPCA calculado fora do intervalo plausível (159.3%) para 2021 — usando fallback
2026-04-15 09:31:40,131 [WARNING] pipeline.macro: IPCA calculado fora do intervalo plausível (191.2%) para 2022 — usando fallback
2026-04-15 09:31:40,131 [WARNING] pipeline.macro: IPCA calculado fora do intervalo plausível (71.5%) para 2023 — usando fallback
2026-04-15 09:31:40,131 [WARNING] pipeline.macro: IPCA calculado fora do intervalo plausível (67.0%) para 2024 — usando fallback
2026-04-15 09:31:40,131 [INFO] pipeline.macro: 
RESUMO MACRO HISTÓRICO:
2026-04-15 09:31:40,131 [INFO] pipeline.macro:   selic_meta     : 2020: 2.00% | 2021: 9.25% | 2022: 13.75% | 2023: 11.75% | 2024: 11.75%
2026-04-15 09:31:40,131 [INFO] pipeline.macro:   selic_efet     : 2020: 2.28% | 2021: 4.48% | 2022: 12.33% | 2023: 13.15% | 2024: 10.73%
2026-04-15 09:31:40,132 [INFO] pipeline.macro:   ipca           : 2020: 4.52% | 2021: 10.06% | 2022: 5.62% | 2023: 4.62% | 2024: 4.83%
2026-04-15 09:31:40,132 [INFO] pipeline.macro:   tjlp           : 2020: 5.25% | 2021: 5.25% | 2022: 6.25% | 2023: 7.00% | 2024: 7.00%
2026-04-15 09:31:40,132 [INFO] pipeline.macro:   cds            : 2020: 0.44% | 2021: 0.73% | 2022: 1.26% | 2023: 0.84% | 2024: 0.81%
2026-04-15 09:31:40,132 [INFO] pipeline.macro:   inflacao_impl  : 2020: 4.52% | 2021: 10.06% | 2022: 5.62% | 2023: 4.62% | 2024: 4.83%
2026-04-15 09:31:40,132 [INFO] pipeline: 
[3/6] Baixando demonstrações financeiras (CVM)...
2026-04-15 09:31:40,133 [INFO] pipeline.cvm: 
==================================================
2026-04-15 09:31:40,133 [INFO] pipeline.cvm: Baixando DFP 2019...
2026-04-15 09:31:40,133 [INFO] pipeline.cvm: Baixando: https://dados.cvm.gov.br/dados/CIA_ABERTA/DOC/DFP/DADOS/dfp_cia_aberta_2019.zip
2026-04-15 09:31:43,416 [INFO] pipeline.cvm:   DFP dre 2019: 88 linhas
2026-04-15 09:31:43,416 [INFO] pipeline.cvm: Baixando: https://dados.cvm.gov.br/dados/CIA_ABERTA/DOC/DFP/DADOS/dfp_cia_aberta_2019.zip
2026-04-15 09:31:47,356 [INFO] pipeline.cvm:   DFP bpa 2019: 68 linhas
2026-04-15 09:31:47,356 [INFO] pipeline.cvm: Baixando: https://dados.cvm.gov.br/dados/CIA_ABERTA/DOC/DFP/DADOS/dfp_cia_aberta_2019.zip
2026-04-15 09:31:52,011 [INFO] pipeline.cvm:   DFP bpp 2019: 100 linhas
2026-04-15 09:31:52,011 [INFO] pipeline.cvm: Baixando: https://dados.cvm.gov.br/dados/CIA_ABERTA/DOC/DFP/DADOS/dfp_cia_aberta_2019.zip
2026-04-15 09:31:55,803 [INFO] pipeline.cvm:   DFP dfc_mi 2019: 146 linhas
2026-04-15 09:31:55,803 [INFO] pipeline.cvm: Baixando: https://dados.cvm.gov.br/dados/CIA_ABERTA/DOC/DFP/DADOS/dfp_cia_aberta_2019.zip
2026-04-15 09:31:58,236 [WARNING] pipeline.cvm:   Empresa 906 não encontrada em dfc_md 2019
2026-04-15 09:31:58,236 [INFO] pipeline.cvm: 
==================================================
2026-04-15 09:31:58,236 [INFO] pipeline.cvm: Baixando DFP 2020...
2026-04-15 09:31:58,236 [INFO] pipeline.cvm: Baixando: https://dados.cvm.gov.br/dados/CIA_ABERTA/DOC/DFP/DADOS/dfp_cia_aberta_2020.zip
2026-04-15 09:32:01,944 [INFO] pipeline.cvm:   DFP dre 2020: 82 linhas
2026-04-15 09:32:01,945 [INFO] pipeline.cvm: Baixando: https://dados.cvm.gov.br/dados/CIA_ABERTA/DOC/DFP/DADOS/dfp_cia_aberta_2020.zip
2026-04-15 09:32:07,121 [INFO] pipeline.cvm:   DFP bpa 2020: 82 linhas
2026-04-15 09:32:07,122 [INFO] pipeline.cvm: Baixando: https://dados.cvm.gov.br/dados/CIA_ABERTA/DOC/DFP/DADOS/dfp_cia_aberta_2020.zip
2026-04-15 09:32:13,074 [INFO] pipeline.cvm:   DFP bpp 2020: 96 linhas
2026-04-15 09:32:13,074 [INFO] pipeline.cvm: Baixando: https://dados.cvm.gov.br/dados/CIA_ABERTA/DOC/DFP/DADOS/dfp_cia_aberta_2020.zip
2026-04-15 09:32:17,495 [INFO] pipeline.cvm:   DFP dfc_mi 2020: 94 linhas
2026-04-15 09:32:17,496 [INFO] pipeline.cvm: Baixando: https://dados.cvm.gov.br/dados/CIA_ABERTA/DOC/DFP/DADOS/dfp_cia_aberta_2020.zip
2026-04-15 09:32:19,889 [WARNING] pipeline.cvm:   Empresa 906 não encontrada em dfc_md 2020
2026-04-15 09:32:19,889 [INFO] pipeline.cvm: 
==================================================
2026-04-15 09:32:19,889 [INFO] pipeline.cvm: Baixando DFP 2021...
2026-04-15 09:32:19,889 [INFO] pipeline.cvm: Baixando: https://dados.cvm.gov.br/dados/CIA_ABERTA/DOC/DFP/DADOS/dfp_cia_aberta_2021.zip
2026-04-15 09:32:22,947 [INFO] pipeline.cvm:   DFP dre 2021: 82 linhas
2026-04-15 09:32:22,947 [INFO] pipeline.cvm: Baixando: https://dados.cvm.gov.br/dados/CIA_ABERTA/DOC/DFP/DADOS/dfp_cia_aberta_2021.zip
2026-04-15 09:32:26,676 [INFO] pipeline.cvm:   DFP bpa 2021: 82 linhas
2026-04-15 09:32:26,676 [INFO] pipeline.cvm: Baixando: https://dados.cvm.gov.br/dados/CIA_ABERTA/DOC/DFP/DADOS/dfp_cia_aberta_2021.zip
2026-04-15 09:32:31,549 [INFO] pipeline.cvm:   DFP bpp 2021: 86 linhas
2026-04-15 09:32:31,549 [INFO] pipeline.cvm: Baixando: https://dados.cvm.gov.br/dados/CIA_ABERTA/DOC/DFP/DADOS/dfp_cia_aberta_2021.zip
2026-04-15 09:32:35,338 [WARNING] pipeline.cvm:   Empresa 906 não encontrada em dfc_mi 2021
2026-04-15 09:32:35,339 [INFO] pipeline.cvm: Baixando: https://dados.cvm.gov.br/dados/CIA_ABERTA/DOC/DFP/DADOS/dfp_cia_aberta_2021.zip
2026-04-15 09:32:37,718 [INFO] pipeline.cvm:   DFP dfc_md 2021: 64 linhas
2026-04-15 09:32:37,719 [INFO] pipeline.cvm: 
==================================================
2026-04-15 09:32:37,719 [INFO] pipeline.cvm: Baixando DFP 2022...
2026-04-15 09:32:37,719 [INFO] pipeline.cvm: Baixando: https://dados.cvm.gov.br/dados/CIA_ABERTA/DOC/DFP/DADOS/dfp_cia_aberta_2022.zip
2026-04-15 09:32:41,785 [INFO] pipeline.cvm:   DFP dre 2022: 82 linhas
2026-04-15 09:32:41,785 [INFO] pipeline.cvm: Baixando: https://dados.cvm.gov.br/dados/CIA_ABERTA/DOC/DFP/DADOS/dfp_cia_aberta_2022.zip
2026-04-15 09:32:46,079 [INFO] pipeline.cvm:   DFP bpa 2022: 82 linhas
2026-04-15 09:32:46,079 [INFO] pipeline.cvm: Baixando: https://dados.cvm.gov.br/dados/CIA_ABERTA/DOC/DFP/DADOS/dfp_cia_aberta_2022.zip
2026-04-15 09:32:52,164 [INFO] pipeline.cvm:   DFP bpp 2022: 86 linhas
2026-04-15 09:32:52,165 [INFO] pipeline.cvm: Baixando: https://dados.cvm.gov.br/dados/CIA_ABERTA/DOC/DFP/DADOS/dfp_cia_aberta_2022.zip
2026-04-15 09:32:57,699 [INFO] pipeline.cvm:   DFP dfc_mi 2022: 96 linhas
2026-04-15 09:32:57,699 [INFO] pipeline.cvm: Baixando: https://dados.cvm.gov.br/dados/CIA_ABERTA/DOC/DFP/DADOS/dfp_cia_aberta_2022.zip
2026-04-15 09:33:00,359 [WARNING] pipeline.cvm:   Empresa 906 não encontrada em dfc_md 2022
2026-04-15 09:33:00,360 [INFO] pipeline.cvm: 
==================================================
2026-04-15 09:33:00,360 [INFO] pipeline.cvm: Baixando DFP 2023...
2026-04-15 09:33:00,360 [INFO] pipeline.cvm: Baixando: https://dados.cvm.gov.br/dados/CIA_ABERTA/DOC/DFP/DADOS/dfp_cia_aberta_2023.zip
2026-04-15 09:33:03,965 [INFO] pipeline.cvm:   DFP dre 2023: 82 linhas
2026-04-15 09:33:03,965 [INFO] pipeline.cvm: Baixando: https://dados.cvm.gov.br/dados/CIA_ABERTA/DOC/DFP/DADOS/dfp_cia_aberta_2023.zip
2026-04-15 09:33:09,921 [INFO] pipeline.cvm:   DFP bpa 2023: 82 linhas
2026-04-15 09:33:09,922 [INFO] pipeline.cvm: Baixando: https://dados.cvm.gov.br/dados/CIA_ABERTA/DOC/DFP/DADOS/dfp_cia_aberta_2023.zip
2026-04-15 09:33:17,495 [INFO] pipeline.cvm:   DFP bpp 2023: 86 linhas
2026-04-15 09:33:17,495 [INFO] pipeline.cvm: Baixando: https://dados.cvm.gov.br/dados/CIA_ABERTA/DOC/DFP/DADOS/dfp_cia_aberta_2023.zip
2026-04-15 09:33:23,292 [INFO] pipeline.cvm:   DFP dfc_mi 2023: 96 linhas
2026-04-15 09:33:23,293 [INFO] pipeline.cvm: Baixando: https://dados.cvm.gov.br/dados/CIA_ABERTA/DOC/DFP/DADOS/dfp_cia_aberta_2023.zip
2026-04-15 09:33:26,026 [WARNING] pipeline.cvm:   Empresa 906 não encontrada em dfc_md 2023
2026-04-15 09:33:26,026 [INFO] pipeline.cvm: 
==================================================
2026-04-15 09:33:26,026 [INFO] pipeline.cvm: Baixando DFP 2024...
2026-04-15 09:33:26,027 [INFO] pipeline.cvm: Baixando: https://dados.cvm.gov.br/dados/CIA_ABERTA/DOC/DFP/DADOS/dfp_cia_aberta_2024.zip
2026-04-15 09:33:29,658 [INFO] pipeline.cvm:   DFP dre 2024: 82 linhas
2026-04-15 09:33:29,658 [INFO] pipeline.cvm: Baixando: https://dados.cvm.gov.br/dados/CIA_ABERTA/DOC/DFP/DADOS/dfp_cia_aberta_2024.zip
2026-04-15 09:33:47,428 [INFO] pipeline.cvm:   DFP bpa 2024: 82 linhas
2026-04-15 09:33:47,429 [INFO] pipeline.cvm: Baixando: https://dados.cvm.gov.br/dados/CIA_ABERTA/DOC/DFP/DADOS/dfp_cia_aberta_2024.zip
2026-04-15 09:33:56,235 [INFO] pipeline.cvm:   DFP bpp 2024: 86 linhas
2026-04-15 09:33:56,235 [INFO] pipeline.cvm: Baixando: https://dados.cvm.gov.br/dados/CIA_ABERTA/DOC/DFP/DADOS/dfp_cia_aberta_2024.zip
2026-04-15 09:34:05,709 [INFO] pipeline.cvm:   DFP dfc_mi 2024: 96 linhas
2026-04-15 09:34:05,709 [INFO] pipeline.cvm: Baixando: https://dados.cvm.gov.br/dados/CIA_ABERTA/DOC/DFP/DADOS/dfp_cia_aberta_2024.zip
2026-04-15 09:34:09,700 [WARNING] pipeline.cvm:   Empresa 906 não encontrada em dfc_md 2024
2026-04-15 09:34:09,701 [INFO] pipeline: 
[4/6] Normalizando dados...
2026-04-15 09:34:11,772 [INFO] pipeline:   DRE normalizada:
2026-04-15 09:34:11,774 [INFO] pipeline:     margem_financeira_bruta: 2019: 65,688 | 2020: 49,853 | 2021: 70,322 | 2022: 74,602 | 2023: 68,082 | 2024: 68,941
2026-04-15 09:34:11,775 [INFO] pipeline:     lucro_liquido: 2019: 21,023 | 2020: 15,837 | 2021: 23,172 | 2022: 20,984 | 2023: 14,251 | 2024: 17,253
2026-04-15 09:34:11,775 [INFO] pipeline: 
[5/6] Calculando projeções...
2026-04-15 09:34:11,791 [INFO] pipeline.projecoes: 
=== Rodando projeções ===
2026-04-15 09:34:11,798 [INFO] pipeline.projecoes:   NIM ~ Selic: slope=-0.2100, intercept=0.0654
2026-04-15 09:34:11,818 [INFO] pipeline.projecoes:   Margem op./MFB histórica (median 5a): 24.51%
2026-04-15 09:34:11,825 [INFO] pipeline.projecoes: Projeções concluídas. Resumo:
2026-04-15 09:34:11,825 [INFO] pipeline.projecoes:    Ano     Carteira        MFB      Lucro       FCFE
2026-04-15 09:34:11,826 [INFO] pipeline.projecoes:   2025      771,124     83,269     14,528      6,538
2026-04-15 09:34:11,826 [INFO] pipeline.projecoes:   2026      832,814     97,976     17,094      7,692
2026-04-15 09:34:11,826 [INFO] pipeline.projecoes:   2027      891,111    109,458     19,097      8,594
2026-04-15 09:34:11,826 [INFO] pipeline.projecoes:   2028      953,489    122,040     21,292      9,581
2026-04-15 09:34:11,826 [INFO] pipeline.projecoes:   2029    1,020,233    135,233     23,594     10,617
2026-04-15 09:34:11,830 [INFO] pipeline: 
[6/6] Calculando valuation...
2026-04-15 09:34:11,831 [INFO] pipeline.valuation:   TIR calculada: 99.0000%
2026-04-15 09:34:11,832 [INFO] pipeline.valuation:   TIR calculada: 99.0000%
2026-04-15 09:34:11,832 [INFO] pipeline.valuation: 
==================================================
2026-04-15 09:34:11,832 [INFO] pipeline.valuation: VALUATION COMPLETO — BBDC4
2026-04-15 09:34:11,832 [INFO] pipeline.valuation:   VP FCFE (10a):     R$       59,663 MM
2026-04-15 09:34:11,832 [INFO] pipeline.valuation:   Valor Perp. (VP):  R$      223,597 MM
2026-04-15 09:34:11,832 [INFO] pipeline.valuation:   VALOR DO EQUITY:   R$      283,260 MM
2026-04-15 09:34:11,832 [INFO] pipeline.valuation:   Preço Justo ON:    R$    53.67
2026-04-15 09:34:11,833 [INFO] pipeline.valuation:   Preço Justo PN:    R$    59.04
2026-04-15 09:34:11,833 [INFO] pipeline.valuation:   Cotação ON:        R$    20.78
2026-04-15 09:34:11,833 [INFO] pipeline.valuation:   Upside ON:              158.3%
2026-04-15 09:34:11,833 [INFO] pipeline.valuation:   TIR (ON):                99.0%
2026-04-15 09:34:11,833 [INFO] pipeline.valuation:   Preço Teto ON:     R$    53.67
2026-04-15 09:34:12,771 [INFO] pipeline.excel: 
============================================================
2026-04-15 09:34:12,772 [INFO] pipeline.excel: Escrevendo template: Valuation_BBDC4_Bradesco_20260415.xlsx
2026-04-15 09:34:12,963 [INFO] pipeline.excel:   → Dashboard
2026-04-15 09:34:12,965 [INFO] pipeline.excel:   → Ke
2026-04-15 09:34:12,981 [INFO] pipeline.excel:   → Balanço Patrimonial
2026-04-15 09:34:13,022 [INFO] pipeline.excel:   → DRE Recorrente
2026-04-15 09:34:13,098 [INFO] pipeline.excel:   → DRE + DCF
2026-04-15 09:34:13,118 [INFO] pipeline.excel:   → Projeções NIM
2026-04-15 09:34:13,161 [INFO] pipeline.excel:   → Painel de Índices
2026-04-15 09:34:13,428 [INFO] pipeline.excel: 
Arquivo salvo: C:\Users\55819\Downloads\pipeline_banco_completo\pipeline_banco\outputs\Valuation_BBDC4_Bradesco_20260415.xlsx
2026-04-15 09:34:13,429 [INFO] pipeline: 
======================================================================
2026-04-15 09:34:13,429 [INFO] pipeline: RESUMO DO VALUATION
2026-04-15 09:34:13,429 [INFO] pipeline: ======================================================================
2026-04-15 09:34:13,429 [INFO] pipeline:   Empresa:           Bradesco (BBDC4)
2026-04-15 09:34:13,429 [INFO] pipeline:   Cotação ON:        R$ 20.78
2026-04-15 09:34:13,429 [INFO] pipeline:   Preço Justo ON:    R$ 53.67
2026-04-15 09:34:13,429 [INFO] pipeline:   Upside ON:            158.3%
2026-04-15 09:34:13,429 [INFO] pipeline:   TIR:                  99.0%
2026-04-15 09:34:13,429 [INFO] pipeline:   Preço Teto ON:     R$ 53.67
2026-04-15 09:34:13,429 [INFO] pipeline: 
  Arquivo gerado:    C:\Users\55819\Downloads\pipeline_banco_completo\pipeline_banco\outputs\Valuation_BBDC4_Bradesco_20260415.xlsx
2026-04-15 09:34:13,429 [INFO] pipeline: ======================================================================
